26-04-07 21:30:49.557 :   task: train
  gpu_ids: [0]
  log_path: ./log
  model_save: ./model_save_enhanced
  pretained_path:[
    index: False
    path: ./model_save_enhanced/model_best.pth
  ]
  batch_size: 4
  nc: [16, 1]
  patch_size: [128, 128]
  stride_size: [16, 16]
  atoms: 50
  d_size: 3
  max_epoch: 1000
  stage: 3
  lr: 0.0001
  loss_function_index: 1
  n_channels: 1
  use_texture_loss: True
  texture_loss_weight: 0.1
  use_gabor: True
  use_periodic: True
  train:[
    sigma: [15, 50]
    dataroot_H: ./dataset/gray_train_all
    H_size: 128
    n_channels: 1
  ]
  valid:[
    sigma: [15, 25, 50]
    dataroot_H: ./dataset/gray_test
    n_channels: 1
  ]
  opt_path: ./options/train_options.json
  is_train: True
  scale: 1

26-04-07 21:30:49.566 : 训练集大小: 1120
26-04-07 21:30:49.566 : 验证集数量: 720 (每个 sigma 一个 Dataset)
26-04-07 21:30:50.610 : Number of parameter: 3.27M
26-04-07 21:30:50.610 : start training...
26-04-07 21:33:42.441 : epoch:[1/1000], 平均loss: 0.1101, 纹理loss: 0.0937
26-04-07 21:36:35.294 : epoch:[2/1000], 平均loss: 0.0472, 纹理loss: 0.0551
26-04-07 21:39:25.603 : epoch:[3/1000], 平均loss: 0.0446, 纹理loss: 0.0527
26-04-07 21:42:17.548 : epoch:[4/1000], 平均loss: 0.0417, 纹理loss: 0.0495
26-04-07 21:45:10.364 : epoch:[5/1000], 平均loss: 0.0398, 纹理loss: 0.0474
26-04-07 21:48:01.719 : epoch:[6/1000], 平均loss: 0.0386, 纹理loss: 0.0460
26-04-07 21:50:52.890 : epoch:[7/1000], 平均loss: 0.0386, 纹理loss: 0.0462
26-04-07 21:53:44.481 : epoch:[8/1000], 平均loss: 0.0372, 纹理loss: 0.0447
26-04-07 21:56:36.259 : epoch:[9/1000], 平均loss: 0.0363, 纹理loss: 0.0437
26-04-07 21:59:28.689 : epoch:[10/1000], 平均loss: 0.0350, 纹理loss: 0.0423
26-04-07 22:03:29.991 : [epoch 10 PSNR: 29.3718 Best: 29.3718]
26-04-07 22:06:22.701 : epoch:[11/1000], 平均loss: 0.0352, 纹理loss: 0.0427
26-04-07 22:09:14.764 : epoch:[12/1000], 平均loss: 0.0342, 纹理loss: 0.0415
26-04-07 22:12:08.107 : epoch:[13/1000], 平均loss: 0.0340, 纹理loss: 0.0412
26-04-07 22:14:58.694 : epoch:[14/1000], 平均loss: 0.0336, 纹理loss: 0.0408
26-04-07 22:17:49.392 : epoch:[15/1000], 平均loss: 0.0331, 纹理loss: 0.0401
26-04-07 22:20:41.117 : epoch:[16/1000], 平均loss: 0.0329, 纹理loss: 0.0399
26-04-07 22:23:32.619 : epoch:[17/1000], 平均loss: 0.0326, 纹理loss: 0.0396
26-04-07 22:26:24.477 : epoch:[18/1000], 平均loss: 0.0326, 纹理loss: 0.0396
26-04-07 22:29:16.907 : epoch:[19/1000], 平均loss: 0.0319, 纹理loss: 0.0388
26-04-07 22:32:08.951 : epoch:[20/1000], 平均loss: 0.0317, 纹理loss: 0.0386
26-04-07 22:36:10.781 : [epoch 20 PSNR: 30.0137 Best: 30.0137]
26-04-07 22:39:01.784 : epoch:[21/1000], 平均loss: 0.0317, 纹理loss: 0.0386
26-04-07 22:41:57.665 : epoch:[22/1000], 平均loss: 0.0312, 纹理loss: 0.0379
26-04-07 22:44:51.137 : epoch:[23/1000], 平均loss: 0.0315, 纹理loss: 0.0382
26-04-07 22:47:44.045 : epoch:[24/1000], 平均loss: 0.0307, 纹理loss: 0.0374
26-04-07 22:50:34.579 : epoch:[25/1000], 平均loss: 0.0311, 纹理loss: 0.0378
26-04-07 22:53:26.826 : epoch:[26/1000], 平均loss: 0.0308, 纹理loss: 0.0375
26-04-07 22:56:16.316 : epoch:[27/1000], 平均loss: 0.0313, 纹理loss: 0.0380
26-04-07 22:59:09.096 : epoch:[28/1000], 平均loss: 0.0303, 纹理loss: 0.0369
26-04-07 23:02:01.206 : epoch:[29/1000], 平均loss: 0.0307, 纹理loss: 0.0374
26-04-07 23:04:52.813 : epoch:[30/1000], 平均loss: 0.0304, 纹理loss: 0.0370
26-04-07 23:08:54.229 : [epoch 30 PSNR: 30.3954 Best: 30.3954]
26-04-07 23:11:49.468 : epoch:[31/1000], 平均loss: 0.0303, 纹理loss: 0.0369
26-04-07 23:14:44.186 : epoch:[32/1000], 平均loss: 0.0306, 纹理loss: 0.0373
26-04-07 23:17:36.861 : epoch:[33/1000], 平均loss: 0.0306, 纹理loss: 0.0373
26-04-07 23:20:29.690 : epoch:[34/1000], 平均loss: 0.0302, 纹理loss: 0.0367
26-04-07 23:23:21.335 : epoch:[35/1000], 平均loss: 0.0306, 纹理loss: 0.0373
26-04-07 23:26:13.775 : epoch:[36/1000], 平均loss: 0.0299, 纹理loss: 0.0364
26-04-07 23:29:05.640 : epoch:[37/1000], 平均loss: 0.0299, 纹理loss: 0.0364
26-04-07 23:31:58.817 : epoch:[38/1000], 平均loss: 0.0301, 纹理loss: 0.0366
26-04-07 23:34:50.917 : epoch:[39/1000], 平均loss: 0.0297, 纹理loss: 0.0361
26-04-07 23:37:43.143 : epoch:[40/1000], 平均loss: 0.0300, 纹理loss: 0.0365
26-04-07 23:41:44.353 : [epoch 40 PSNR: 30.5264 Best: 30.5264]
26-04-07 23:44:36.545 : epoch:[41/1000], 平均loss: 0.0299, 纹理loss: 0.0363
26-04-07 23:47:28.522 : epoch:[42/1000], 平均loss: 0.0299, 纹理loss: 0.0364
26-04-07 23:50:21.662 : epoch:[43/1000], 平均loss: 0.0297, 纹理loss: 0.0362
26-04-07 23:53:13.708 : epoch:[44/1000], 平均loss: 0.0298, 纹理loss: 0.0363
26-04-07 23:56:05.780 : epoch:[45/1000], 平均loss: 0.0298, 纹理loss: 0.0362
26-04-07 23:58:57.190 : epoch:[46/1000], 平均loss: 0.0298, 纹理loss: 0.0364
26-04-08 00:01:50.186 : epoch:[47/1000], 平均loss: 0.0294, 纹理loss: 0.0358
26-04-08 00:04:42.306 : epoch:[48/1000], 平均loss: 0.0298, 纹理loss: 0.0362
26-04-08 00:07:34.629 : epoch:[49/1000], 平均loss: 0.0296, 纹理loss: 0.0360
26-04-08 00:10:26.881 : epoch:[50/1000], 平均loss: 0.0296, 纹理loss: 0.0361
26-04-08 00:14:29.390 : [epoch 50 PSNR: 30.6159 Best: 30.6159]
26-04-08 00:17:21.193 : epoch:[51/1000], 平均loss: 0.0296, 纹理loss: 0.0360
26-04-08 00:20:13.280 : epoch:[52/1000], 平均loss: 0.0292, 纹理loss: 0.0356
26-04-08 00:23:05.460 : epoch:[53/1000], 平均loss: 0.0299, 纹理loss: 0.0364
26-04-08 00:25:57.929 : epoch:[54/1000], 平均loss: 0.0296, 纹理loss: 0.0361
26-04-08 00:28:49.879 : epoch:[55/1000], 平均loss: 0.0295, 纹理loss: 0.0359
26-04-08 00:31:41.506 : epoch:[56/1000], 平均loss: 0.0294, 纹理loss: 0.0359
26-04-08 00:34:33.955 : epoch:[57/1000], 平均loss: 0.0292, 纹理loss: 0.0355
26-04-08 00:37:25.834 : epoch:[58/1000], 平均loss: 0.0292, 纹理loss: 0.0356
26-04-08 00:40:17.166 : epoch:[59/1000], 平均loss: 0.0294, 纹理loss: 0.0359
26-04-08 00:43:07.276 : epoch:[60/1000], 平均loss: 0.0293, 纹理loss: 0.0357
26-04-08 00:47:08.900 : [epoch 60 PSNR: 30.6686 Best: 30.6686]
26-04-08 00:50:01.596 : epoch:[61/1000], 平均loss: 0.0293, 纹理loss: 0.0357
26-04-08 00:52:54.025 : epoch:[62/1000], 平均loss: 0.0292, 纹理loss: 0.0355
26-04-08 00:55:46.706 : epoch:[63/1000], 平均loss: 0.0293, 纹理loss: 0.0357
26-04-08 00:58:37.533 : epoch:[64/1000], 平均loss: 0.0295, 纹理loss: 0.0359
26-04-08 01:01:30.234 : epoch:[65/1000], 平均loss: 0.0294, 纹理loss: 0.0358
26-04-08 01:04:22.891 : epoch:[66/1000], 平均loss: 0.0291, 纹理loss: 0.0355
26-04-08 01:07:15.691 : epoch:[67/1000], 平均loss: 0.0289, 纹理loss: 0.0352
26-04-08 01:10:08.811 : epoch:[68/1000], 平均loss: 0.0292, 纹理loss: 0.0355
26-04-08 01:13:02.042 : epoch:[69/1000], 平均loss: 0.0293, 纹理loss: 0.0357
26-04-08 01:15:53.464 : epoch:[70/1000], 平均loss: 0.0294, 纹理loss: 0.0358
26-04-08 01:19:54.981 : [epoch 70 PSNR: 30.6395 Best: 30.6686]
26-04-08 01:22:47.080 : epoch:[71/1000], 平均loss: 0.0291, 纹理loss: 0.0355
26-04-08 01:25:37.785 : epoch:[72/1000], 平均loss: 0.0293, 纹理loss: 0.0357
26-04-08 01:28:30.562 : epoch:[73/1000], 平均loss: 0.0293, 纹理loss: 0.0357
26-04-08 01:31:23.834 : epoch:[74/1000], 平均loss: 0.0293, 纹理loss: 0.0358
26-04-08 01:34:16.314 : epoch:[75/1000], 平均loss: 0.0287, 纹理loss: 0.0350
26-04-08 01:37:08.705 : epoch:[76/1000], 平均loss: 0.0292, 纹理loss: 0.0355
26-04-08 01:40:00.698 : epoch:[77/1000], 平均loss: 0.0291, 纹理loss: 0.0354
26-04-08 01:42:53.778 : epoch:[78/1000], 平均loss: 0.0290, 纹理loss: 0.0354
26-04-08 01:45:47.095 : epoch:[79/1000], 平均loss: 0.0289, 纹理loss: 0.0352
26-04-08 01:48:39.364 : epoch:[80/1000], 平均loss: 0.0290, 纹理loss: 0.0353
26-04-08 01:52:41.252 : [epoch 80 PSNR: 30.7079 Best: 30.7079]
26-04-08 01:55:34.078 : epoch:[81/1000], 平均loss: 0.0288, 纹理loss: 0.0351
26-04-08 01:58:27.315 : epoch:[82/1000], 平均loss: 0.0291, 纹理loss: 0.0355
26-04-08 02:01:19.929 : epoch:[83/1000], 平均loss: 0.0289, 纹理loss: 0.0352
26-04-08 02:04:11.838 : epoch:[84/1000], 平均loss: 0.0289, 纹理loss: 0.0353
26-04-08 02:07:03.942 : epoch:[85/1000], 平均loss: 0.0289, 纹理loss: 0.0353
26-04-08 02:09:56.200 : epoch:[86/1000], 平均loss: 0.0286, 纹理loss: 0.0348
26-04-08 02:12:48.148 : epoch:[87/1000], 平均loss: 0.0290, 纹理loss: 0.0354
26-04-08 02:15:40.717 : epoch:[88/1000], 平均loss: 0.0288, 纹理loss: 0.0351
26-04-08 02:18:33.538 : epoch:[89/1000], 平均loss: 0.0290, 纹理loss: 0.0353
26-04-08 02:21:25.134 : epoch:[90/1000], 平均loss: 0.0290, 纹理loss: 0.0353
26-04-08 02:25:26.557 : [epoch 90 PSNR: 30.6893 Best: 30.7079]
26-04-08 02:28:19.499 : epoch:[91/1000], 平均loss: 0.0287, 纹理loss: 0.0350
26-04-08 02:31:11.359 : epoch:[92/1000], 平均loss: 0.0289, 纹理loss: 0.0352
26-04-08 02:34:04.213 : epoch:[93/1000], 平均loss: 0.0288, 纹理loss: 0.0351
26-04-08 02:36:56.722 : epoch:[94/1000], 平均loss: 0.0289, 纹理loss: 0.0352
26-04-08 02:39:49.035 : epoch:[95/1000], 平均loss: 0.0291, 纹理loss: 0.0354
26-04-08 02:42:41.457 : epoch:[96/1000], 平均loss: 0.0289, 纹理loss: 0.0353
26-04-08 02:45:32.760 : epoch:[97/1000], 平均loss: 0.0288, 纹理loss: 0.0351
26-04-08 02:48:24.479 : epoch:[98/1000], 平均loss: 0.0289, 纹理loss: 0.0352
26-04-08 02:51:16.083 : epoch:[99/1000], 平均loss: 0.0292, 纹理loss: 0.0356
26-04-08 02:54:07.574 : epoch:[100/1000], 平均loss: 0.0288, 纹理loss: 0.0351
26-04-08 02:58:08.826 : [epoch 100 PSNR: 30.7260 Best: 30.7260]
26-04-08 03:01:01.722 : epoch:[101/1000], 平均loss: 0.0288, 纹理loss: 0.0351
26-04-08 03:03:54.846 : epoch:[102/1000], 平均loss: 0.0290, 纹理loss: 0.0353
26-04-08 03:06:47.689 : epoch:[103/1000], 平均loss: 0.0288, 纹理loss: 0.0351
26-04-08 03:09:40.908 : epoch:[104/1000], 平均loss: 0.0287, 纹理loss: 0.0350
26-04-08 03:12:34.096 : epoch:[105/1000], 平均loss: 0.0286, 纹理loss: 0.0349
26-04-08 03:15:24.647 : epoch:[106/1000], 平均loss: 0.0286, 纹理loss: 0.0349
26-04-08 03:18:16.699 : epoch:[107/1000], 平均loss: 0.0290, 纹理loss: 0.0353
26-04-08 03:21:08.421 : epoch:[108/1000], 平均loss: 0.0288, 纹理loss: 0.0351
26-04-08 03:24:01.594 : epoch:[109/1000], 平均loss: 0.0288, 纹理loss: 0.0350
26-04-08 03:26:53.616 : epoch:[110/1000], 平均loss: 0.0290, 纹理loss: 0.0353
26-04-08 03:30:55.348 : [epoch 110 PSNR: 30.7188 Best: 30.7260]
26-04-08 03:33:47.302 : epoch:[111/1000], 平均loss: 0.0290, 纹理loss: 0.0354
26-04-08 03:36:40.314 : epoch:[112/1000], 平均loss: 0.0285, 纹理loss: 0.0347
26-04-08 03:39:32.655 : epoch:[113/1000], 平均loss: 0.0287, 纹理loss: 0.0349
26-04-08 03:42:23.278 : epoch:[114/1000], 平均loss: 0.0288, 纹理loss: 0.0351
26-04-08 03:45:15.143 : epoch:[115/1000], 平均loss: 0.0288, 纹理loss: 0.0351
26-04-08 03:48:08.003 : epoch:[116/1000], 平均loss: 0.0289, 纹理loss: 0.0352
26-04-08 03:51:01.012 : epoch:[117/1000], 平均loss: 0.0288, 纹理loss: 0.0350
26-04-08 03:53:53.644 : epoch:[118/1000], 平均loss: 0.0289, 纹理loss: 0.0353
26-04-08 03:56:44.009 : epoch:[119/1000], 平均loss: 0.0287, 纹理loss: 0.0350
26-04-08 03:59:36.152 : epoch:[120/1000], 平均loss: 0.0287, 纹理loss: 0.0350
26-04-08 04:03:37.873 : [epoch 120 PSNR: 30.7698 Best: 30.7698]
26-04-08 04:06:29.896 : epoch:[121/1000], 平均loss: 0.0287, 纹理loss: 0.0349
26-04-08 04:09:22.084 : epoch:[122/1000], 平均loss: 0.0286, 纹理loss: 0.0348
26-04-08 04:12:14.908 : epoch:[123/1000], 平均loss: 0.0286, 纹理loss: 0.0348
26-04-08 04:15:07.569 : epoch:[124/1000], 平均loss: 0.0285, 纹理loss: 0.0348
26-04-08 04:17:59.513 : epoch:[125/1000], 平均loss: 0.0285, 纹理loss: 0.0347
26-04-08 04:20:51.260 : epoch:[126/1000], 平均loss: 0.0288, 纹理loss: 0.0351
26-04-08 04:23:41.761 : epoch:[127/1000], 平均loss: 0.0285, 纹理loss: 0.0348
26-04-08 04:26:33.665 : epoch:[128/1000], 平均loss: 0.0287, 纹理loss: 0.0349
26-04-08 04:29:24.938 : epoch:[129/1000], 平均loss: 0.0288, 纹理loss: 0.0351
26-04-08 04:32:17.466 : epoch:[130/1000], 平均loss: 0.0286, 纹理loss: 0.0349
26-04-08 04:36:18.959 : [epoch 130 PSNR: 30.7674 Best: 30.7698]
26-04-08 04:39:09.752 : epoch:[131/1000], 平均loss: 0.0287, 纹理loss: 0.0350
26-04-08 04:42:01.361 : epoch:[132/1000], 平均loss: 0.0289, 纹理loss: 0.0352
26-04-08 04:44:53.983 : epoch:[133/1000], 平均loss: 0.0283, 纹理loss: 0.0345
26-04-08 04:47:46.112 : epoch:[134/1000], 平均loss: 0.0286, 纹理loss: 0.0349
26-04-08 04:50:37.690 : epoch:[135/1000], 平均loss: 0.0287, 纹理loss: 0.0350
26-04-08 04:53:30.307 : epoch:[136/1000], 平均loss: 0.0286, 纹理loss: 0.0348
26-04-08 04:56:23.152 : epoch:[137/1000], 平均loss: 0.0286, 纹理loss: 0.0348
26-04-08 04:59:15.120 : epoch:[138/1000], 平均loss: 0.0285, 纹理loss: 0.0347
26-04-08 05:02:06.804 : epoch:[139/1000], 平均loss: 0.0286, 纹理loss: 0.0349
26-04-08 05:04:58.290 : epoch:[140/1000], 平均loss: 0.0286, 纹理loss: 0.0348
26-04-08 05:08:59.775 : [epoch 140 PSNR: 30.7928 Best: 30.7928]
26-04-08 05:11:50.585 : epoch:[141/1000], 平均loss: 0.0284, 纹理loss: 0.0345
26-04-08 05:14:42.290 : epoch:[142/1000], 平均loss: 0.0289, 纹理loss: 0.0352
26-04-08 05:17:34.120 : epoch:[143/1000], 平均loss: 0.0291, 纹理loss: 0.0354
26-04-08 05:20:26.276 : epoch:[144/1000], 平均loss: 0.0286, 纹理loss: 0.0348
26-04-08 05:23:18.742 : epoch:[145/1000], 平均loss: 0.0285, 纹理loss: 0.0347
26-04-08 05:26:11.303 : epoch:[146/1000], 平均loss: 0.0288, 纹理loss: 0.0350
26-04-08 05:29:03.912 : epoch:[147/1000], 平均loss: 0.0286, 纹理loss: 0.0348
26-04-08 05:31:56.596 : epoch:[148/1000], 平均loss: 0.0288, 纹理loss: 0.0351
26-04-08 05:34:48.992 : epoch:[149/1000], 平均loss: 0.0285, 纹理loss: 0.0347
26-04-08 05:37:40.971 : epoch:[150/1000], 平均loss: 0.0286, 纹理loss: 0.0348
26-04-08 05:41:42.954 : [epoch 150 PSNR: 30.7713 Best: 30.7928]
26-04-08 05:44:35.008 : epoch:[151/1000], 平均loss: 0.0286, 纹理loss: 0.0348
26-04-08 05:47:27.894 : epoch:[152/1000], 平均loss: 0.0287, 纹理loss: 0.0350
26-04-08 05:50:20.925 : epoch:[153/1000], 平均loss: 0.0287, 纹理loss: 0.0350
26-04-08 05:53:13.666 : epoch:[154/1000], 平均loss: 0.0286, 纹理loss: 0.0348
26-04-08 05:56:07.266 : epoch:[155/1000], 平均loss: 0.0287, 纹理loss: 0.0349
26-04-08 05:58:59.063 : epoch:[156/1000], 平均loss: 0.0284, 纹理loss: 0.0346
26-04-08 06:01:50.186 : epoch:[157/1000], 平均loss: 0.0287, 纹理loss: 0.0350
26-04-08 06:04:41.950 : epoch:[158/1000], 平均loss: 0.0286, 纹理loss: 0.0349
26-04-08 06:07:32.057 : epoch:[159/1000], 平均loss: 0.0287, 纹理loss: 0.0349
26-04-08 06:10:22.625 : epoch:[160/1000], 平均loss: 0.0289, 纹理loss: 0.0352
26-04-08 06:14:24.270 : [epoch 160 PSNR: 30.7767 Best: 30.7928]
26-04-08 06:17:16.954 : epoch:[161/1000], 平均loss: 0.0287, 纹理loss: 0.0349
26-04-08 06:20:09.147 : epoch:[162/1000], 平均loss: 0.0286, 纹理loss: 0.0348
26-04-08 06:23:01.127 : epoch:[163/1000], 平均loss: 0.0283, 纹理loss: 0.0345
26-04-08 06:25:53.098 : epoch:[164/1000], 平均loss: 0.0286, 纹理loss: 0.0349
26-04-08 06:28:45.580 : epoch:[165/1000], 平均loss: 0.0285, 纹理loss: 0.0346
26-04-08 06:31:38.551 : epoch:[166/1000], 平均loss: 0.0286, 纹理loss: 0.0348
26-04-08 06:34:30.364 : epoch:[167/1000], 平均loss: 0.0285, 纹理loss: 0.0348
26-04-08 06:37:21.887 : epoch:[168/1000], 平均loss: 0.0284, 纹理loss: 0.0346
26-04-08 06:40:13.572 : epoch:[169/1000], 平均loss: 0.0285, 纹理loss: 0.0347
26-04-08 06:43:05.377 : epoch:[170/1000], 平均loss: 0.0285, 纹理loss: 0.0347
26-04-08 06:47:07.181 : [epoch 170 PSNR: 30.7384 Best: 30.7928]
26-04-08 06:50:00.060 : epoch:[171/1000], 平均loss: 0.0286, 纹理loss: 0.0348
26-04-08 06:52:51.673 : epoch:[172/1000], 平均loss: 0.0287, 纹理loss: 0.0350
26-04-08 06:55:42.207 : epoch:[173/1000], 平均loss: 0.0285, 纹理loss: 0.0347
26-04-08 06:58:33.633 : epoch:[174/1000], 平均loss: 0.0285, 纹理loss: 0.0347
26-04-08 07:01:24.902 : epoch:[175/1000], 平均loss: 0.0285, 纹理loss: 0.0348
26-04-08 07:04:16.547 : epoch:[176/1000], 平均loss: 0.0282, 纹理loss: 0.0343
26-04-08 07:07:08.213 : epoch:[177/1000], 平均loss: 0.0286, 纹理loss: 0.0348
26-04-08 07:10:00.098 : epoch:[178/1000], 平均loss: 0.0286, 纹理loss: 0.0349
26-04-08 07:12:52.836 : epoch:[179/1000], 平均loss: 0.0283, 纹理loss: 0.0345
26-04-08 07:15:45.625 : epoch:[180/1000], 平均loss: 0.0283, 纹理loss: 0.0344
26-04-08 07:19:47.188 : [epoch 180 PSNR: 30.7865 Best: 30.7928]
26-04-08 07:22:40.248 : epoch:[181/1000], 平均loss: 0.0282, 纹理loss: 0.0344
26-04-08 07:25:33.206 : epoch:[182/1000], 平均loss: 0.0283, 纹理loss: 0.0344
26-04-08 07:28:25.145 : epoch:[183/1000], 平均loss: 0.0284, 纹理loss: 0.0346
26-04-08 07:31:18.146 : epoch:[184/1000], 平均loss: 0.0283, 纹理loss: 0.0344
26-04-08 07:34:11.557 : epoch:[185/1000], 平均loss: 0.0287, 纹理loss: 0.0349
26-04-08 07:37:04.511 : epoch:[186/1000], 平均loss: 0.0282, 纹理loss: 0.0344
26-04-08 07:39:56.539 : epoch:[187/1000], 平均loss: 0.0284, 纹理loss: 0.0346
26-04-08 07:42:48.950 : epoch:[188/1000], 平均loss: 0.0284, 纹理loss: 0.0346
26-04-08 07:45:40.906 : epoch:[189/1000], 平均loss: 0.0287, 纹理loss: 0.0350
26-04-08 07:48:32.430 : epoch:[190/1000], 平均loss: 0.0284, 纹理loss: 0.0346
26-04-08 07:52:34.211 : [epoch 190 PSNR: 30.8090 Best: 30.8090]
26-04-08 07:55:25.831 : epoch:[191/1000], 平均loss: 0.0284, 纹理loss: 0.0345
26-04-08 07:58:17.928 : epoch:[192/1000], 平均loss: 0.0284, 纹理loss: 0.0346
26-04-08 08:01:10.591 : epoch:[193/1000], 平均loss: 0.0284, 纹理loss: 0.0347
26-04-08 08:04:02.914 : epoch:[194/1000], 平均loss: 0.0283, 纹理loss: 0.0345
26-04-08 08:06:55.903 : epoch:[195/1000], 平均loss: 0.0285, 纹理loss: 0.0347
26-04-08 08:09:48.871 : epoch:[196/1000], 平均loss: 0.0284, 纹理loss: 0.0346
26-04-08 08:12:42.394 : epoch:[197/1000], 平均loss: 0.0283, 纹理loss: 0.0345
26-04-08 08:15:34.254 : epoch:[198/1000], 平均loss: 0.0283, 纹理loss: 0.0345
26-04-08 08:18:25.888 : epoch:[199/1000], 平均loss: 0.0286, 纹理loss: 0.0349
26-04-08 08:21:17.735 : epoch:[200/1000], 平均loss: 0.0284, 纹理loss: 0.0346
26-04-08 08:25:18.988 : [epoch 200 PSNR: 30.7704 Best: 30.8090]
26-04-08 08:28:11.111 : epoch:[201/1000], 平均loss: 0.0283, 纹理loss: 0.0344
26-04-08 08:31:03.384 : epoch:[202/1000], 平均loss: 0.0284, 纹理loss: 0.0346
26-04-08 08:33:56.509 : epoch:[203/1000], 平均loss: 0.0283, 纹理loss: 0.0345
26-04-08 08:36:48.435 : epoch:[204/1000], 平均loss: 0.0283, 纹理loss: 0.0345
26-04-08 08:39:41.590 : epoch:[205/1000], 平均loss: 0.0282, 纹理loss: 0.0344
26-04-08 08:42:37.062 : epoch:[206/1000], 平均loss: 0.0288, 纹理loss: 0.0351
26-04-08 08:45:29.012 : epoch:[207/1000], 平均loss: 0.0288, 纹理loss: 0.0351
26-04-08 08:48:21.181 : epoch:[208/1000], 平均loss: 0.0284, 纹理loss: 0.0346
26-04-08 08:51:13.484 : epoch:[209/1000], 平均loss: 0.0286, 纹理loss: 0.0349
26-04-08 08:54:06.223 : epoch:[210/1000], 平均loss: 0.0288, 纹理loss: 0.0351
26-04-08 08:58:07.930 : [epoch 210 PSNR: 30.7855 Best: 30.8090]
26-04-08 09:00:59.917 : epoch:[211/1000], 平均loss: 0.0286, 纹理loss: 0.0348
26-04-08 09:03:51.514 : epoch:[212/1000], 平均loss: 0.0285, 纹理loss: 0.0347
26-04-08 09:06:42.613 : epoch:[213/1000], 平均loss: 0.0286, 纹理loss: 0.0349
26-04-08 09:09:34.332 : epoch:[214/1000], 平均loss: 0.0287, 纹理loss: 0.0350
26-04-08 09:12:26.214 : epoch:[215/1000], 平均loss: 0.0284, 纹理loss: 0.0347
26-04-08 09:15:19.234 : epoch:[216/1000], 平均loss: 0.0283, 纹理loss: 0.0344
26-04-08 09:18:11.979 : epoch:[217/1000], 平均loss: 0.0285, 纹理loss: 0.0347
26-04-08 09:21:04.044 : epoch:[218/1000], 平均loss: 0.0285, 纹理loss: 0.0346
26-04-08 09:23:56.468 : epoch:[219/1000], 平均loss: 0.0285, 纹理loss: 0.0347
26-04-08 09:26:48.236 : epoch:[220/1000], 平均loss: 0.0284, 纹理loss: 0.0346
26-04-08 09:30:49.946 : [epoch 220 PSNR: 30.7901 Best: 30.8090]
26-04-08 09:33:42.042 : epoch:[221/1000], 平均loss: 0.0282, 纹理loss: 0.0344
26-04-08 09:36:33.819 : epoch:[222/1000], 平均loss: 0.0282, 纹理loss: 0.0343
26-04-08 09:39:24.330 : epoch:[223/1000], 平均loss: 0.0280, 纹理loss: 0.0341
26-04-08 09:42:16.578 : epoch:[224/1000], 平均loss: 0.0284, 纹理loss: 0.0346
26-04-08 09:45:08.724 : epoch:[225/1000], 平均loss: 0.0285, 纹理loss: 0.0347
26-04-08 09:47:59.201 : epoch:[226/1000], 平均loss: 0.0283, 纹理loss: 0.0345
26-04-08 09:50:49.296 : epoch:[227/1000], 平均loss: 0.0287, 纹理loss: 0.0350
26-04-08 09:53:39.867 : epoch:[228/1000], 平均loss: 0.0283, 纹理loss: 0.0345
26-04-08 09:56:31.159 : epoch:[229/1000], 平均loss: 0.0284, 纹理loss: 0.0346
26-04-08 09:59:23.765 : epoch:[230/1000], 平均loss: 0.0284, 纹理loss: 0.0346
26-04-08 10:03:25.222 : [epoch 230 PSNR: 30.8120 Best: 30.8120]
26-04-08 10:06:17.282 : epoch:[231/1000], 平均loss: 0.0284, 纹理loss: 0.0346
26-04-08 10:09:08.813 : epoch:[232/1000], 平均loss: 0.0286, 纹理loss: 0.0348
26-04-08 10:12:00.459 : epoch:[233/1000], 平均loss: 0.0280, 纹理loss: 0.0341
26-04-08 10:14:51.023 : epoch:[234/1000], 平均loss: 0.0285, 纹理loss: 0.0347
26-04-08 10:17:42.013 : epoch:[235/1000], 平均loss: 0.0284, 纹理loss: 0.0346
26-04-08 10:20:33.428 : epoch:[236/1000], 平均loss: 0.0283, 纹理loss: 0.0345
26-04-08 10:23:24.853 : epoch:[237/1000], 平均loss: 0.0286, 纹理loss: 0.0348
26-04-08 10:26:18.034 : epoch:[238/1000], 平均loss: 0.0287, 纹理loss: 0.0350
26-04-08 10:29:09.271 : epoch:[239/1000], 平均loss: 0.0283, 纹理loss: 0.0345
26-04-08 10:32:00.384 : epoch:[240/1000], 平均loss: 0.0283, 纹理loss: 0.0345
26-04-08 10:36:01.854 : [epoch 240 PSNR: 30.8049 Best: 30.8120]
26-04-08 10:38:53.925 : epoch:[241/1000], 平均loss: 0.0284, 纹理loss: 0.0346
26-04-08 10:41:45.945 : epoch:[242/1000], 平均loss: 0.0283, 纹理loss: 0.0344
26-04-08 10:44:38.448 : epoch:[243/1000], 平均loss: 0.0283, 纹理loss: 0.0345
26-04-08 10:47:30.647 : epoch:[244/1000], 平均loss: 0.0283, 纹理loss: 0.0345
26-04-08 10:50:22.886 : epoch:[245/1000], 平均loss: 0.0283, 纹理loss: 0.0345
26-04-08 10:53:14.898 : epoch:[246/1000], 平均loss: 0.0286, 纹理loss: 0.0348
26-04-08 10:56:07.138 : epoch:[247/1000], 平均loss: 0.0284, 纹理loss: 0.0347
26-04-08 10:58:58.046 : epoch:[248/1000], 平均loss: 0.0281, 纹理loss: 0.0343
26-04-08 11:01:50.355 : epoch:[249/1000], 平均loss: 0.0285, 纹理loss: 0.0347
26-04-08 11:04:40.768 : epoch:[250/1000], 平均loss: 0.0285, 纹理loss: 0.0347
26-04-08 11:08:42.403 : [epoch 250 PSNR: 30.8371 Best: 30.8371]
26-04-08 11:11:35.026 : epoch:[251/1000], 平均loss: 0.0282, 纹理loss: 0.0343
26-04-08 11:14:27.694 : epoch:[252/1000], 平均loss: 0.0283, 纹理loss: 0.0346
26-04-08 11:17:20.297 : epoch:[253/1000], 平均loss: 0.0284, 纹理loss: 0.0346
26-04-08 11:20:12.783 : epoch:[254/1000], 平均loss: 0.0284, 纹理loss: 0.0347
26-04-08 11:23:05.551 : epoch:[255/1000], 平均loss: 0.0285, 纹理loss: 0.0347
26-04-08 11:25:58.596 : epoch:[256/1000], 平均loss: 0.0286, 纹理loss: 0.0349
26-04-08 11:28:51.387 : epoch:[257/1000], 平均loss: 0.0284, 纹理loss: 0.0346
26-04-08 11:31:43.868 : epoch:[258/1000], 平均loss: 0.0281, 纹理loss: 0.0342
26-04-08 11:34:36.016 : epoch:[259/1000], 平均loss: 0.0283, 纹理loss: 0.0345
26-04-08 11:37:28.507 : epoch:[260/1000], 平均loss: 0.0286, 纹理loss: 0.0349
26-04-08 11:41:30.114 : [epoch 260 PSNR: 30.8056 Best: 30.8371]
26-04-08 11:44:22.890 : epoch:[261/1000], 平均loss: 0.0284, 纹理loss: 0.0346
26-04-08 11:47:14.980 : epoch:[262/1000], 平均loss: 0.0285, 纹理loss: 0.0347
26-04-08 11:50:06.404 : epoch:[263/1000], 平均loss: 0.0286, 纹理loss: 0.0348
26-04-08 11:52:57.117 : epoch:[264/1000], 平均loss: 0.0282, 纹理loss: 0.0344
26-04-08 11:55:47.810 : epoch:[265/1000], 平均loss: 0.0286, 纹理loss: 0.0348
26-04-08 11:58:38.533 : epoch:[266/1000], 平均loss: 0.0285, 纹理loss: 0.0348
26-04-08 12:01:30.938 : epoch:[267/1000], 平均loss: 0.0284, 纹理loss: 0.0345
26-04-08 12:04:22.341 : epoch:[268/1000], 平均loss: 0.0284, 纹理loss: 0.0346
26-04-08 12:07:12.786 : epoch:[269/1000], 平均loss: 0.0284, 纹理loss: 0.0346
26-04-08 12:10:04.742 : epoch:[270/1000], 平均loss: 0.0281, 纹理loss: 0.0343
26-04-08 12:14:06.264 : [epoch 270 PSNR: 30.8078 Best: 30.8371]
26-04-08 12:16:58.483 : epoch:[271/1000], 平均loss: 0.0284, 纹理loss: 0.0346
26-04-08 12:19:50.432 : epoch:[272/1000], 平均loss: 0.0283, 纹理loss: 0.0345
26-04-08 12:22:42.474 : epoch:[273/1000], 平均loss: 0.0285, 纹理loss: 0.0348
26-04-08 12:25:34.523 : epoch:[274/1000], 平均loss: 0.0285, 纹理loss: 0.0347
26-04-08 12:28:25.671 : epoch:[275/1000], 平均loss: 0.0287, 纹理loss: 0.0350
26-04-08 12:31:17.282 : epoch:[276/1000], 平均loss: 0.0284, 纹理loss: 0.0346
26-04-08 12:34:09.555 : epoch:[277/1000], 平均loss: 0.0285, 纹理loss: 0.0347
26-04-08 12:37:01.451 : epoch:[278/1000], 平均loss: 0.0287, 纹理loss: 0.0350
26-04-08 12:39:53.385 : epoch:[279/1000], 平均loss: 0.0283, 纹理loss: 0.0345
26-04-08 12:42:45.093 : epoch:[280/1000], 平均loss: 0.0285, 纹理loss: 0.0348
26-04-08 12:46:47.278 : [epoch 280 PSNR: 30.8334 Best: 30.8371]
26-04-08 12:49:40.551 : epoch:[281/1000], 平均loss: 0.0283, 纹理loss: 0.0345
26-04-08 12:52:33.719 : epoch:[282/1000], 平均loss: 0.0286, 纹理loss: 0.0348
26-04-08 12:55:26.657 : epoch:[283/1000], 平均loss: 0.0283, 纹理loss: 0.0344
26-04-08 12:58:19.371 : epoch:[284/1000], 平均loss: 0.0282, 纹理loss: 0.0344
26-04-08 13:01:11.434 : epoch:[285/1000], 平均loss: 0.0284, 纹理loss: 0.0346
26-04-08 13:04:03.585 : epoch:[286/1000], 平均loss: 0.0281, 纹理loss: 0.0342
26-04-08 13:06:55.011 : epoch:[287/1000], 平均loss: 0.0283, 纹理loss: 0.0345
26-04-08 13:09:47.092 : epoch:[288/1000], 平均loss: 0.0284, 纹理loss: 0.0346
26-04-08 13:12:39.850 : epoch:[289/1000], 平均loss: 0.0283, 纹理loss: 0.0346
26-04-08 13:15:32.901 : epoch:[290/1000], 平均loss: 0.0285, 纹理loss: 0.0347
26-04-08 13:19:34.412 : [epoch 290 PSNR: 30.8279 Best: 30.8371]
26-04-08 13:22:27.656 : epoch:[291/1000], 平均loss: 0.0285, 纹理loss: 0.0348
26-04-08 13:25:19.860 : epoch:[292/1000], 平均loss: 0.0284, 纹理loss: 0.0346
26-04-08 13:28:11.250 : epoch:[293/1000], 平均loss: 0.0283, 纹理loss: 0.0345
26-04-08 13:31:04.623 : epoch:[294/1000], 平均loss: 0.0283, 纹理loss: 0.0345
26-04-08 13:33:55.619 : epoch:[295/1000], 平均loss: 0.0283, 纹理loss: 0.0345
26-04-08 13:36:47.593 : epoch:[296/1000], 平均loss: 0.0285, 纹理loss: 0.0347
26-04-08 13:39:39.607 : epoch:[297/1000], 平均loss: 0.0286, 纹理loss: 0.0348
26-04-08 13:42:32.145 : epoch:[298/1000], 平均loss: 0.0285, 纹理loss: 0.0347
26-04-08 13:45:24.088 : epoch:[299/1000], 平均loss: 0.0285, 纹理loss: 0.0348
26-04-08 13:48:15.972 : epoch:[300/1000], 平均loss: 0.0282, 纹理loss: 0.0343
26-04-08 13:52:17.073 : [epoch 300 PSNR: 30.8436 Best: 30.8436]
26-04-08 13:55:09.087 : epoch:[301/1000], 平均loss: 0.0285, 纹理loss: 0.0347
26-04-08 13:58:00.854 : epoch:[302/1000], 平均loss: 0.0285, 纹理loss: 0.0348
26-04-08 14:00:53.524 : epoch:[303/1000], 平均loss: 0.0283, 纹理loss: 0.0345
26-04-08 14:03:45.805 : epoch:[304/1000], 平均loss: 0.0284, 纹理loss: 0.0347
26-04-08 14:06:35.818 : epoch:[305/1000], 平均loss: 0.0282, 纹理loss: 0.0344
26-04-08 14:09:25.780 : epoch:[306/1000], 平均loss: 0.0283, 纹理loss: 0.0345
26-04-08 14:12:16.670 : epoch:[307/1000], 平均loss: 0.0283, 纹理loss: 0.0345
26-04-08 14:15:08.651 : epoch:[308/1000], 平均loss: 0.0284, 纹理loss: 0.0346
26-04-08 14:18:01.806 : epoch:[309/1000], 平均loss: 0.0281, 纹理loss: 0.0342
26-04-08 14:20:54.471 : epoch:[310/1000], 平均loss: 0.0283, 纹理loss: 0.0345
26-04-08 14:24:55.689 : [epoch 310 PSNR: 30.8154 Best: 30.8436]
26-04-08 14:27:47.938 : epoch:[311/1000], 平均loss: 0.0285, 纹理loss: 0.0347
26-04-08 14:30:40.869 : epoch:[312/1000], 平均loss: 0.0286, 纹理loss: 0.0349
26-04-08 14:33:32.862 : epoch:[313/1000], 平均loss: 0.0282, 纹理loss: 0.0344
26-04-08 14:36:25.710 : epoch:[314/1000], 平均loss: 0.0282, 纹理loss: 0.0343
26-04-08 14:39:18.915 : epoch:[315/1000], 平均loss: 0.0284, 纹理loss: 0.0346
26-04-08 14:42:12.374 : epoch:[316/1000], 平均loss: 0.0284, 纹理loss: 0.0346
26-04-08 14:45:05.226 : epoch:[317/1000], 平均loss: 0.0284, 纹理loss: 0.0346
26-04-08 14:47:56.725 : epoch:[318/1000], 平均loss: 0.0282, 纹理loss: 0.0344
26-04-08 14:50:48.001 : epoch:[319/1000], 平均loss: 0.0283, 纹理loss: 0.0345
26-04-08 14:53:39.832 : epoch:[320/1000], 平均loss: 0.0285, 纹理loss: 0.0347
26-04-08 14:57:41.206 : [epoch 320 PSNR: 30.8379 Best: 30.8436]
26-04-08 15:00:34.585 : epoch:[321/1000], 平均loss: 0.0284, 纹理loss: 0.0346
26-04-08 15:03:26.772 : epoch:[322/1000], 平均loss: 0.0285, 纹理loss: 0.0347
26-04-08 15:06:19.185 : epoch:[323/1000], 平均loss: 0.0283, 纹理loss: 0.0345
26-04-08 15:09:11.356 : epoch:[324/1000], 平均loss: 0.0283, 纹理loss: 0.0345
26-04-08 15:12:03.764 : epoch:[325/1000], 平均loss: 0.0285, 纹理loss: 0.0347
26-04-08 15:14:56.423 : epoch:[326/1000], 平均loss: 0.0284, 纹理loss: 0.0346
26-04-08 15:17:49.521 : epoch:[327/1000], 平均loss: 0.0282, 纹理loss: 0.0344
26-04-08 15:20:42.020 : epoch:[328/1000], 平均loss: 0.0286, 纹理loss: 0.0348
26-04-08 15:23:33.998 : epoch:[329/1000], 平均loss: 0.0284, 纹理loss: 0.0346
26-04-08 15:26:24.851 : epoch:[330/1000], 平均loss: 0.0284, 纹理loss: 0.0346
26-04-08 15:30:26.364 : [epoch 330 PSNR: 30.7105 Best: 30.8436]
26-04-08 15:33:18.896 : epoch:[331/1000], 平均loss: 0.0282, 纹理loss: 0.0343
26-04-08 15:36:10.440 : epoch:[332/1000], 平均loss: 0.0284, 纹理loss: 0.0346
26-04-08 15:39:01.569 : epoch:[333/1000], 平均loss: 0.0282, 纹理loss: 0.0344
26-04-08 15:41:53.641 : epoch:[334/1000], 平均loss: 0.0283, 纹理loss: 0.0344
26-04-08 15:44:46.937 : epoch:[335/1000], 平均loss: 0.0282, 纹理loss: 0.0343
26-04-08 15:47:39.941 : epoch:[336/1000], 平均loss: 0.0283, 纹理loss: 0.0345
26-04-08 15:50:32.741 : epoch:[337/1000], 平均loss: 0.0284, 纹理loss: 0.0346
26-04-08 15:53:25.554 : epoch:[338/1000], 平均loss: 0.0285, 纹理loss: 0.0347
26-04-08 15:56:18.564 : epoch:[339/1000], 平均loss: 0.0282, 纹理loss: 0.0344
26-04-08 15:59:10.707 : epoch:[340/1000], 平均loss: 0.0286, 纹理loss: 0.0348
26-04-08 16:03:12.074 : [epoch 340 PSNR: 30.7636 Best: 30.8436]
26-04-08 16:06:03.346 : epoch:[341/1000], 平均loss: 0.0286, 纹理loss: 0.0348
26-04-08 16:08:55.819 : epoch:[342/1000], 平均loss: 0.0282, 纹理loss: 0.0343
26-04-08 16:11:47.642 : epoch:[343/1000], 平均loss: 0.0283, 纹理loss: 0.0345
26-04-08 16:14:38.908 : epoch:[344/1000], 平均loss: 0.0286, 纹理loss: 0.0349
26-04-08 16:17:28.901 : epoch:[345/1000], 平均loss: 0.0284, 纹理loss: 0.0346
26-04-08 16:20:20.884 : epoch:[346/1000], 平均loss: 0.0286, 纹理loss: 0.0348
26-04-08 16:23:12.904 : epoch:[347/1000], 平均loss: 0.0284, 纹理loss: 0.0346
26-04-08 16:26:05.426 : epoch:[348/1000], 平均loss: 0.0281, 纹理loss: 0.0343
26-04-08 16:28:57.610 : epoch:[349/1000], 平均loss: 0.0285, 纹理loss: 0.0347
26-04-08 16:31:48.273 : epoch:[350/1000], 平均loss: 0.0286, 纹理loss: 0.0348
26-04-08 16:35:49.826 : [epoch 350 PSNR: 30.8056 Best: 30.8436]
26-04-08 16:38:44.106 : epoch:[351/1000], 平均loss: 0.0285, 纹理loss: 0.0347
26-04-08 16:41:40.956 : epoch:[352/1000], 平均loss: 0.0283, 纹理loss: 0.0345
26-04-08 16:44:33.133 : epoch:[353/1000], 平均loss: 0.0284, 纹理loss: 0.0346
26-04-08 16:47:25.709 : epoch:[354/1000], 平均loss: 0.0284, 纹理loss: 0.0346
26-04-08 16:50:18.966 : epoch:[355/1000], 平均loss: 0.0285, 纹理loss: 0.0348
26-04-08 16:53:11.359 : epoch:[356/1000], 平均loss: 0.0285, 纹理loss: 0.0348
26-04-08 16:56:02.711 : epoch:[357/1000], 平均loss: 0.0284, 纹理loss: 0.0346
26-04-08 16:58:54.887 : epoch:[358/1000], 平均loss: 0.0285, 纹理loss: 0.0348
26-04-08 17:01:46.978 : epoch:[359/1000], 平均loss: 0.0283, 纹理loss: 0.0345
26-04-08 17:04:39.292 : epoch:[360/1000], 平均loss: 0.0285, 纹理loss: 0.0348
26-04-08 17:08:40.548 : [epoch 360 PSNR: 30.8454 Best: 30.8454]
26-04-08 17:11:33.421 : epoch:[361/1000], 平均loss: 0.0283, 纹理loss: 0.0345
26-04-08 17:14:26.511 : epoch:[362/1000], 平均loss: 0.0285, 纹理loss: 0.0347
26-04-08 17:17:17.668 : epoch:[363/1000], 平均loss: 0.0284, 纹理loss: 0.0347
26-04-08 17:20:09.501 : epoch:[364/1000], 平均loss: 0.0284, 纹理loss: 0.0346
26-04-08 17:23:01.681 : epoch:[365/1000], 平均loss: 0.0284, 纹理loss: 0.0346
26-04-08 17:25:53.800 : epoch:[366/1000], 平均loss: 0.0283, 纹理loss: 0.0345
26-04-08 17:28:46.454 : epoch:[367/1000], 平均loss: 0.0284, 纹理loss: 0.0346
26-04-08 17:31:42.955 : epoch:[368/1000], 平均loss: 0.0284, 纹理loss: 0.0346
26-04-08 17:34:36.345 : epoch:[369/1000], 平均loss: 0.0283, 纹理loss: 0.0345
26-04-08 17:37:29.411 : epoch:[370/1000], 平均loss: 0.0284, 纹理loss: 0.0346
26-04-08 17:41:30.520 : [epoch 370 PSNR: 30.7740 Best: 30.8454]
26-04-08 17:44:21.339 : epoch:[371/1000], 平均loss: 0.0282, 纹理loss: 0.0344
26-04-08 17:47:11.735 : epoch:[372/1000], 平均loss: 0.0286, 纹理loss: 0.0348
26-04-08 17:50:02.291 : epoch:[373/1000], 平均loss: 0.0284, 纹理loss: 0.0346
26-04-08 17:52:54.411 : epoch:[374/1000], 平均loss: 0.0283, 纹理loss: 0.0344
26-04-08 17:55:45.261 : epoch:[375/1000], 平均loss: 0.0283, 纹理loss: 0.0345
26-04-08 17:58:37.247 : epoch:[376/1000], 平均loss: 0.0283, 纹理loss: 0.0345
26-04-08 18:01:30.446 : epoch:[377/1000], 平均loss: 0.0281, 纹理loss: 0.0343
26-04-08 18:04:22.484 : epoch:[378/1000], 平均loss: 0.0285, 纹理loss: 0.0347
26-04-08 18:07:14.811 : epoch:[379/1000], 平均loss: 0.0284, 纹理loss: 0.0347
26-04-08 18:10:08.101 : epoch:[380/1000], 平均loss: 0.0284, 纹理loss: 0.0346
26-04-08 18:14:10.005 : [epoch 380 PSNR: 30.7727 Best: 30.8454]
26-04-08 18:17:10.565 : epoch:[381/1000], 平均loss: 0.0284, 纹理loss: 0.0346
26-04-08 18:20:07.380 : epoch:[382/1000], 平均loss: 0.0281, 纹理loss: 0.0342
26-04-08 18:22:59.246 : epoch:[383/1000], 平均loss: 0.0281, 纹理loss: 0.0342
26-04-08 18:25:49.313 : epoch:[384/1000], 平均loss: 0.0286, 纹理loss: 0.0348
26-04-08 18:28:40.428 : epoch:[385/1000], 平均loss: 0.0283, 纹理loss: 0.0345
26-04-08 18:31:32.055 : epoch:[386/1000], 平均loss: 0.0285, 纹理loss: 0.0348
26-04-08 18:34:24.882 : epoch:[387/1000], 平均loss: 0.0284, 纹理loss: 0.0345
26-04-08 18:37:17.440 : epoch:[388/1000], 平均loss: 0.0281, 纹理loss: 0.0343
26-04-08 18:40:10.560 : epoch:[389/1000], 平均loss: 0.0284, 纹理loss: 0.0345
26-04-08 18:43:03.343 : epoch:[390/1000], 平均loss: 0.0286, 纹理loss: 0.0349
26-04-08 18:47:04.641 : [epoch 390 PSNR: 30.7919 Best: 30.8454]
26-04-08 18:49:56.984 : epoch:[391/1000], 平均loss: 0.0285, 纹理loss: 0.0347
26-04-08 18:52:49.807 : epoch:[392/1000], 平均loss: 0.0283, 纹理loss: 0.0346
26-04-08 18:55:42.325 : epoch:[393/1000], 平均loss: 0.0287, 纹理loss: 0.0349
26-04-08 18:58:34.171 : epoch:[394/1000], 平均loss: 0.0283, 纹理loss: 0.0344
26-04-08 19:01:24.330 : epoch:[395/1000], 平均loss: 0.0286, 纹理loss: 0.0349
26-04-08 19:04:15.977 : epoch:[396/1000], 平均loss: 0.0283, 纹理loss: 0.0345
26-04-08 19:07:07.760 : epoch:[397/1000], 平均loss: 0.0283, 纹理loss: 0.0345
26-04-08 19:09:58.967 : epoch:[398/1000], 平均loss: 0.0282, 纹理loss: 0.0343
26-04-08 19:12:51.560 : epoch:[399/1000], 平均loss: 0.0281, 纹理loss: 0.0342
26-04-08 19:15:44.415 : epoch:[400/1000], 平均loss: 0.0283, 纹理loss: 0.0345
26-04-08 19:19:45.820 : [epoch 400 PSNR: 30.7805 Best: 30.8454]
26-04-08 19:22:38.604 : epoch:[401/1000], 平均loss: 0.0283, 纹理loss: 0.0346
26-04-08 19:25:30.493 : epoch:[402/1000], 平均loss: 0.0285, 纹理loss: 0.0348
26-04-08 19:28:23.711 : epoch:[403/1000], 平均loss: 0.0284, 纹理loss: 0.0346
26-04-08 19:31:15.757 : epoch:[404/1000], 平均loss: 0.0285, 纹理loss: 0.0347
26-04-08 19:34:06.298 : epoch:[405/1000], 平均loss: 0.0284, 纹理loss: 0.0346
26-04-08 19:36:56.789 : epoch:[406/1000], 平均loss: 0.0286, 纹理loss: 0.0349
26-04-08 19:39:48.810 : epoch:[407/1000], 平均loss: 0.0286, 纹理loss: 0.0349
26-04-08 19:42:40.676 : epoch:[408/1000], 平均loss: 0.0287, 纹理loss: 0.0350
26-04-08 19:45:34.037 : epoch:[409/1000], 平均loss: 0.0284, 纹理loss: 0.0347
26-04-08 19:48:25.480 : epoch:[410/1000], 平均loss: 0.0285, 纹理loss: 0.0348
26-04-08 19:52:26.721 : [epoch 410 PSNR: 30.8098 Best: 30.8454]
26-04-08 19:55:24.978 : epoch:[411/1000], 平均loss: 0.0283, 纹理loss: 0.0345
26-04-08 19:58:21.992 : epoch:[412/1000], 平均loss: 0.0284, 纹理loss: 0.0346
26-04-08 20:01:16.243 : epoch:[413/1000], 平均loss: 0.0286, 纹理loss: 0.0349
26-04-08 20:04:10.279 : epoch:[414/1000], 平均loss: 0.0282, 纹理loss: 0.0344
26-04-08 20:07:04.321 : epoch:[415/1000], 平均loss: 0.0289, 纹理loss: 0.0351
26-04-08 20:09:59.799 : epoch:[416/1000], 平均loss: 0.0286, 纹理loss: 0.0349
26-04-08 20:12:51.152 : epoch:[417/1000], 平均loss: 0.0284, 纹理loss: 0.0346
26-04-08 20:15:43.566 : epoch:[418/1000], 平均loss: 0.0285, 纹理loss: 0.0348
26-04-08 20:18:34.924 : epoch:[419/1000], 平均loss: 0.0284, 纹理loss: 0.0346
26-04-08 20:21:26.526 : epoch:[420/1000], 平均loss: 0.0283, 纹理loss: 0.0345
26-04-08 20:25:27.842 : [epoch 420 PSNR: 30.8146 Best: 30.8454]
26-04-08 20:28:27.001 : epoch:[421/1000], 平均loss: 0.0284, 纹理loss: 0.0346
26-04-08 20:31:24.711 : epoch:[422/1000], 平均loss: 0.0285, 纹理loss: 0.0348
26-04-08 20:34:18.105 : epoch:[423/1000], 平均loss: 0.0283, 纹理loss: 0.0344
26-04-08 20:37:11.443 : epoch:[424/1000], 平均loss: 0.0281, 纹理loss: 0.0343
26-04-08 20:40:04.659 : epoch:[425/1000], 平均loss: 0.0284, 纹理loss: 0.0346
26-04-08 20:42:57.179 : epoch:[426/1000], 平均loss: 0.0283, 纹理loss: 0.0344
26-04-08 20:45:49.547 : epoch:[427/1000], 平均loss: 0.0282, 纹理loss: 0.0344
26-04-08 20:48:41.648 : epoch:[428/1000], 平均loss: 0.0283, 纹理loss: 0.0345
26-04-08 20:51:33.906 : epoch:[429/1000], 平均loss: 0.0281, 纹理loss: 0.0343
26-04-08 20:54:26.351 : epoch:[430/1000], 平均loss: 0.0285, 纹理loss: 0.0348
26-04-08 20:58:27.630 : [epoch 430 PSNR: 30.8313 Best: 30.8454]
26-04-08 21:01:20.241 : epoch:[431/1000], 平均loss: 0.0285, 纹理loss: 0.0347
26-04-08 21:04:13.640 : epoch:[432/1000], 平均loss: 0.0285, 纹理loss: 0.0347
26-04-08 21:07:06.819 : epoch:[433/1000], 平均loss: 0.0284, 纹理loss: 0.0346
26-04-08 21:10:00.006 : epoch:[434/1000], 平均loss: 0.0284, 纹理loss: 0.0347
26-04-08 21:12:53.107 : epoch:[435/1000], 平均loss: 0.0285, 纹理loss: 0.0347
26-04-08 21:15:45.391 : epoch:[436/1000], 平均loss: 0.0283, 纹理loss: 0.0345
26-04-08 21:18:38.182 : epoch:[437/1000], 平均loss: 0.0283, 纹理loss: 0.0344
26-04-08 21:21:30.640 : epoch:[438/1000], 平均loss: 0.0284, 纹理loss: 0.0346
26-04-08 21:24:23.025 : epoch:[439/1000], 平均loss: 0.0280, 纹理loss: 0.0341
26-04-08 21:27:15.282 : epoch:[440/1000], 平均loss: 0.0284, 纹理loss: 0.0346
26-04-08 21:31:16.244 : [epoch 440 PSNR: 30.8131 Best: 30.8454]
26-04-08 21:34:08.763 : epoch:[441/1000], 平均loss: 0.0285, 纹理loss: 0.0348
26-04-08 21:37:00.737 : epoch:[442/1000], 平均loss: 0.0282, 纹理loss: 0.0344
26-04-08 21:39:53.013 : epoch:[443/1000], 平均loss: 0.0284, 纹理loss: 0.0347
26-04-08 21:42:45.337 : epoch:[444/1000], 平均loss: 0.0281, 纹理loss: 0.0343
26-04-08 21:45:38.001 : epoch:[445/1000], 平均loss: 0.0284, 纹理loss: 0.0347
26-04-08 21:48:31.510 : epoch:[446/1000], 平均loss: 0.0281, 纹理loss: 0.0342
26-04-08 21:51:24.933 : epoch:[447/1000], 平均loss: 0.0286, 纹理loss: 0.0348
26-04-08 21:54:18.301 : epoch:[448/1000], 平均loss: 0.0284, 纹理loss: 0.0347
26-04-08 21:57:10.075 : epoch:[449/1000], 平均loss: 0.0283, 纹理loss: 0.0345
26-04-08 22:00:03.632 : epoch:[450/1000], 平均loss: 0.0283, 纹理loss: 0.0344
26-04-08 22:04:04.916 : [epoch 450 PSNR: 30.8299 Best: 30.8454]
26-04-08 22:06:56.982 : epoch:[451/1000], 平均loss: 0.0284, 纹理loss: 0.0346
26-04-08 22:09:47.449 : epoch:[452/1000], 平均loss: 0.0281, 纹理loss: 0.0343
26-04-08 22:12:37.783 : epoch:[453/1000], 平均loss: 0.0286, 纹理loss: 0.0348
26-04-08 22:15:30.013 : epoch:[454/1000], 平均loss: 0.0285, 纹理loss: 0.0347
26-04-08 22:18:22.161 : epoch:[455/1000], 平均loss: 0.0284, 纹理loss: 0.0346
26-04-08 22:21:14.322 : epoch:[456/1000], 平均loss: 0.0284, 纹理loss: 0.0346
26-04-08 22:24:07.303 : epoch:[457/1000], 平均loss: 0.0283, 纹理loss: 0.0345
26-04-08 22:27:00.735 : epoch:[458/1000], 平均loss: 0.0285, 纹理loss: 0.0347
26-04-08 22:29:53.271 : epoch:[459/1000], 平均loss: 0.0282, 纹理loss: 0.0343
26-04-08 22:32:45.310 : epoch:[460/1000], 平均loss: 0.0285, 纹理loss: 0.0347
26-04-08 22:36:46.784 : [epoch 460 PSNR: 30.8118 Best: 30.8454]
26-04-08 22:36:46.924 : 总训练时间: 25.10小时
