26-04-09 07:41:02.337 :   task: train
  gpu_ids: [0]
  log_path: ./log
  model_save: ./model_save
  pretained_path:[
    index: False
    path: ./model_save/model_best1.pth
  ]
  batch_size: 4
  nc: [16, 1]
  patch_size: [128, 128]
  stride_size: [16, 16]
  atoms: 50
  d_size: 3
  max_epoch: 1000
  stage: 3
  lr: 0.0001
  loss_function_index: 1
  n_channels: 1
  train:[
    sigma: [15, 50]
    dataroot_H: ./dataset/gray_train_all
    H_size: 128
    n_channels: 1
  ]
  valid:[
    sigma: [15, 25, 50]
    dataroot_H: ./dataset/gray_test
    n_channels: 1
  ]
  opt_path: ./options/train_options.json
  is_train: True
  scale: 1

26-04-09 07:41:02.346 : 训练集大小: 1120
26-04-09 07:41:02.346 : 验证集数量: 720 (每个 sigma 一个 Dataset)
26-04-09 07:41:03.483 : Number of parameter: 3.25M
26-04-09 07:41:03.483 : start training...
26-04-09 07:43:22.572 : epoch:[1/1000], 平均loss: 0.0680
26-04-09 07:45:39.535 : epoch:[2/1000], 平均loss: 0.0361
26-04-09 07:47:55.783 : epoch:[3/1000], 平均loss: 0.0333
26-04-09 07:50:17.371 : epoch:[4/1000], 平均loss: 0.0313
26-04-09 07:52:39.388 : epoch:[5/1000], 平均loss: 0.0297
26-04-09 07:55:01.549 : epoch:[6/1000], 平均loss: 0.0294
26-04-09 07:57:23.605 : epoch:[7/1000], 平均loss: 0.0287
26-04-09 07:59:46.197 : epoch:[8/1000], 平均loss: 0.0280
26-04-09 08:02:02.827 : epoch:[9/1000], 平均loss: 0.0278
26-04-09 08:04:19.375 : epoch:[10/1000], 平均loss: 0.0271
26-04-09 08:07:38.450 : [epoch 10 PSNR: 30.3403 Best: 30.3403]
26-04-09 08:09:55.091 : epoch:[11/1000], 平均loss: 0.0269
26-04-09 08:12:11.716 : epoch:[12/1000], 平均loss: 0.0267
26-04-09 08:14:33.814 : epoch:[13/1000], 平均loss: 0.0263
26-04-09 08:16:56.470 : epoch:[14/1000], 平均loss: 0.0264
26-04-09 08:19:13.186 : epoch:[15/1000], 平均loss: 0.0261
26-04-09 08:21:29.933 : epoch:[16/1000], 平均loss: 0.0262
26-04-09 08:23:46.358 : epoch:[17/1000], 平均loss: 0.0262
26-04-09 08:26:08.762 : epoch:[18/1000], 平均loss: 0.0258
26-04-09 08:28:31.187 : epoch:[19/1000], 平均loss: 0.0254
26-04-09 08:30:48.141 : epoch:[20/1000], 平均loss: 0.0257
26-04-09 08:34:06.416 : [epoch 20 PSNR: 30.7565 Best: 30.7565]
26-04-09 08:36:28.651 : epoch:[21/1000], 平均loss: 0.0253
26-04-09 08:38:51.884 : epoch:[22/1000], 平均loss: 0.0251
26-04-09 08:41:15.182 : epoch:[23/1000], 平均loss: 0.0252
26-04-09 08:43:31.720 : epoch:[24/1000], 平均loss: 0.0252
26-04-09 08:45:47.907 : epoch:[25/1000], 平均loss: 0.0250
26-04-09 08:48:04.676 : epoch:[26/1000], 平均loss: 0.0250
26-04-09 08:50:21.363 : epoch:[27/1000], 平均loss: 0.0252
26-04-09 08:52:38.178 : epoch:[28/1000], 平均loss: 0.0249
26-04-09 08:54:54.701 : epoch:[29/1000], 平均loss: 0.0249
26-04-09 08:57:11.116 : epoch:[30/1000], 平均loss: 0.0248
26-04-09 09:00:29.406 : [epoch 30 PSNR: 31.0004 Best: 31.0004]
26-04-09 09:02:51.591 : epoch:[31/1000], 平均loss: 0.0247
26-04-09 09:05:14.292 : epoch:[32/1000], 平均loss: 0.0247
26-04-09 09:07:36.738 : epoch:[33/1000], 平均loss: 0.0247
26-04-09 09:09:59.041 : epoch:[34/1000], 平均loss: 0.0246
26-04-09 09:12:21.989 : epoch:[35/1000], 平均loss: 0.0245
26-04-09 09:14:38.865 : epoch:[36/1000], 平均loss: 0.0245
26-04-09 09:16:55.333 : epoch:[37/1000], 平均loss: 0.0245
26-04-09 09:19:12.267 : epoch:[38/1000], 平均loss: 0.0244
26-04-09 09:21:28.881 : epoch:[39/1000], 平均loss: 0.0244
26-04-09 09:23:46.319 : epoch:[40/1000], 平均loss: 0.0245
26-04-09 09:27:04.572 : [epoch 40 PSNR: 31.1282 Best: 31.1282]
26-04-09 09:29:21.377 : epoch:[41/1000], 平均loss: 0.0242
26-04-09 09:31:37.960 : epoch:[42/1000], 平均loss: 0.0243
26-04-09 09:34:00.185 : epoch:[43/1000], 平均loss: 0.0242
26-04-09 09:36:22.436 : epoch:[44/1000], 平均loss: 0.0242
26-04-09 09:38:44.833 : epoch:[45/1000], 平均loss: 0.0239
26-04-09 09:41:07.724 : epoch:[46/1000], 平均loss: 0.0243
26-04-09 09:43:29.736 : epoch:[47/1000], 平均loss: 0.0241
26-04-09 09:45:52.430 : epoch:[48/1000], 平均loss: 0.0242
26-04-09 09:48:11.909 : epoch:[49/1000], 平均loss: 0.0242
26-04-09 09:50:38.073 : epoch:[50/1000], 平均loss: 0.0240
26-04-09 09:53:55.144 : [epoch 50 PSNR: 31.1887 Best: 31.1887]
26-04-09 09:56:11.834 : epoch:[51/1000], 平均loss: 0.0240
26-04-09 09:58:34.185 : epoch:[52/1000], 平均loss: 0.0239
26-04-09 10:00:56.672 : epoch:[53/1000], 平均loss: 0.0243
26-04-09 10:03:19.255 : epoch:[54/1000], 平均loss: 0.0241
26-04-09 10:05:41.363 : epoch:[55/1000], 平均loss: 0.0242
26-04-09 10:08:03.653 : epoch:[56/1000], 平均loss: 0.0240
26-04-09 10:10:26.232 : epoch:[57/1000], 平均loss: 0.0241
26-04-09 10:12:48.639 : epoch:[58/1000], 平均loss: 0.0240
26-04-09 10:15:04.749 : epoch:[59/1000], 平均loss: 0.0240
26-04-09 10:17:21.359 : epoch:[60/1000], 平均loss: 0.0241
26-04-09 10:20:39.806 : [epoch 60 PSNR: 31.2707 Best: 31.2707]
26-04-09 10:22:56.612 : epoch:[61/1000], 平均loss: 0.0240
26-04-09 10:25:13.289 : epoch:[62/1000], 平均loss: 0.0238
26-04-09 10:27:35.741 : epoch:[63/1000], 平均loss: 0.0238
26-04-09 10:29:58.333 : epoch:[64/1000], 平均loss: 0.0237
26-04-09 10:32:15.192 : epoch:[65/1000], 平均loss: 0.0237
26-04-09 10:34:37.723 : epoch:[66/1000], 平均loss: 0.0240
26-04-09 10:37:00.205 : epoch:[67/1000], 平均loss: 0.0237
26-04-09 10:39:22.704 : epoch:[68/1000], 平均loss: 0.0239
26-04-09 10:41:45.107 : epoch:[69/1000], 平均loss: 0.0238
26-04-09 10:44:01.658 : epoch:[70/1000], 平均loss: 0.0241
26-04-09 10:47:19.878 : [epoch 70 PSNR: 31.2844 Best: 31.2844]
26-04-09 10:49:42.443 : epoch:[71/1000], 平均loss: 0.0239
26-04-09 10:52:04.481 : epoch:[72/1000], 平均loss: 0.0238
26-04-09 10:54:26.814 : epoch:[73/1000], 平均loss: 0.0238
26-04-09 10:56:49.497 : epoch:[74/1000], 平均loss: 0.0239
26-04-09 10:59:05.834 : epoch:[75/1000], 平均loss: 0.0237
26-04-09 11:01:21.961 : epoch:[76/1000], 平均loss: 0.0240
26-04-09 11:03:38.982 : epoch:[77/1000], 平均loss: 0.0236
26-04-09 11:05:55.943 : epoch:[78/1000], 平均loss: 0.0238
26-04-09 11:08:12.655 : epoch:[79/1000], 平均loss: 0.0237
26-04-09 11:10:29.330 : epoch:[80/1000], 平均loss: 0.0238
26-04-09 11:13:46.202 : [epoch 80 PSNR: 31.2895 Best: 31.2895]
26-04-09 11:16:08.998 : epoch:[81/1000], 平均loss: 0.0237
26-04-09 11:18:31.558 : epoch:[82/1000], 平均loss: 0.0238
26-04-09 11:20:53.987 : epoch:[83/1000], 平均loss: 0.0239
26-04-09 11:23:16.556 : epoch:[84/1000], 平均loss: 0.0239
26-04-09 11:25:38.916 : epoch:[85/1000], 平均loss: 0.0238
26-04-09 11:27:55.430 : epoch:[86/1000], 平均loss: 0.0236
26-04-09 11:30:12.162 : epoch:[87/1000], 平均loss: 0.0236
26-04-09 11:32:36.575 : epoch:[88/1000], 平均loss: 0.0237
26-04-09 11:34:58.527 : epoch:[89/1000], 平均loss: 0.0236
26-04-09 11:37:21.171 : epoch:[90/1000], 平均loss: 0.0237
26-04-09 11:40:39.616 : [epoch 90 PSNR: 31.3426 Best: 31.3426]
26-04-09 11:43:02.468 : epoch:[91/1000], 平均loss: 0.0238
26-04-09 11:45:19.235 : epoch:[92/1000], 平均loss: 0.0237
26-04-09 11:47:35.577 : epoch:[93/1000], 平均loss: 0.0237
26-04-09 11:49:52.249 : epoch:[94/1000], 平均loss: 0.0237
26-04-09 11:52:08.954 : epoch:[95/1000], 平均loss: 0.0238
26-04-09 11:54:25.546 : epoch:[96/1000], 平均loss: 0.0238
26-04-09 11:56:42.199 : epoch:[97/1000], 平均loss: 0.0237
26-04-09 11:58:58.369 : epoch:[98/1000], 平均loss: 0.0236
26-04-09 12:01:14.981 : epoch:[99/1000], 平均loss: 0.0233
26-04-09 12:03:36.973 : epoch:[100/1000], 平均loss: 0.0237
26-04-09 12:06:55.207 : [epoch 100 PSNR: 31.3635 Best: 31.3635]
26-04-09 12:09:17.603 : epoch:[101/1000], 平均loss: 0.0236
26-04-09 12:11:39.817 : epoch:[102/1000], 平均loss: 0.0236
26-04-09 12:13:56.296 : epoch:[103/1000], 平均loss: 0.0237
26-04-09 12:16:12.829 : epoch:[104/1000], 平均loss: 0.0236
26-04-09 12:18:29.495 : epoch:[105/1000], 平均loss: 0.0236
26-04-09 12:20:46.079 : epoch:[106/1000], 平均loss: 0.0237
26-04-09 12:23:02.506 : epoch:[107/1000], 平均loss: 0.0236
26-04-09 12:25:18.611 : epoch:[108/1000], 平均loss: 0.0239
26-04-09 12:27:41.056 : epoch:[109/1000], 平均loss: 0.0238
26-04-09 12:30:04.029 : epoch:[110/1000], 平均loss: 0.0235
26-04-09 12:33:21.923 : [epoch 110 PSNR: 31.3707 Best: 31.3707]
26-04-09 12:35:44.592 : epoch:[111/1000], 平均loss: 0.0234
26-04-09 12:38:06.576 : epoch:[112/1000], 平均loss: 0.0235
26-04-09 12:40:28.900 : epoch:[113/1000], 平均loss: 0.0237
26-04-09 12:42:51.240 : epoch:[114/1000], 平均loss: 0.0238
26-04-09 12:45:07.514 : epoch:[115/1000], 平均loss: 0.0237
26-04-09 12:47:23.851 : epoch:[116/1000], 平均loss: 0.0237
26-04-09 12:49:45.942 : epoch:[117/1000], 平均loss: 0.0236
26-04-09 12:52:08.438 : epoch:[118/1000], 平均loss: 0.0236
26-04-09 12:54:30.822 : epoch:[119/1000], 平均loss: 0.0236
26-04-09 12:56:53.302 : epoch:[120/1000], 平均loss: 0.0237
26-04-09 13:00:11.345 : [epoch 120 PSNR: 31.3840 Best: 31.3840]
26-04-09 13:02:28.559 : epoch:[121/1000], 平均loss: 0.0235
26-04-09 13:04:51.208 : epoch:[122/1000], 平均loss: 0.0234
26-04-09 13:07:13.554 : epoch:[123/1000], 平均loss: 0.0237
26-04-09 13:09:35.604 : epoch:[124/1000], 平均loss: 0.0235
26-04-09 13:11:58.012 : epoch:[125/1000], 平均loss: 0.0237
26-04-09 13:14:14.481 : epoch:[126/1000], 平均loss: 0.0236
26-04-09 13:16:30.964 : epoch:[127/1000], 平均loss: 0.0234
26-04-09 13:18:47.072 : epoch:[128/1000], 平均loss: 0.0233
26-04-09 13:21:03.629 : epoch:[129/1000], 平均loss: 0.0235
26-04-09 13:23:20.199 : epoch:[130/1000], 平均loss: 0.0235
26-04-09 13:26:39.128 : [epoch 130 PSNR: 31.3846 Best: 31.3846]
26-04-09 13:28:57.396 : epoch:[131/1000], 平均loss: 0.0235
26-04-09 13:31:20.510 : epoch:[132/1000], 平均loss: 0.0234
26-04-09 13:33:37.096 : epoch:[133/1000], 平均loss: 0.0235
26-04-09 13:35:54.181 : epoch:[134/1000], 平均loss: 0.0236
26-04-09 13:38:16.663 : epoch:[135/1000], 平均loss: 0.0234
26-04-09 13:40:39.455 : epoch:[136/1000], 平均loss: 0.0236
26-04-09 13:43:01.750 : epoch:[137/1000], 平均loss: 0.0237
26-04-09 13:45:19.041 : epoch:[138/1000], 平均loss: 0.0233
26-04-09 13:47:36.106 : epoch:[139/1000], 平均loss: 0.0237
26-04-09 13:49:53.058 : epoch:[140/1000], 平均loss: 0.0236
26-04-09 13:53:09.603 : [epoch 140 PSNR: 31.3914 Best: 31.3914]
26-04-09 13:55:26.252 : epoch:[141/1000], 平均loss: 0.0237
26-04-09 13:57:43.079 : epoch:[142/1000], 平均loss: 0.0237
26-04-09 14:00:05.251 : epoch:[143/1000], 平均loss: 0.0236
26-04-09 14:02:27.720 : epoch:[144/1000], 平均loss: 0.0234
26-04-09 14:04:50.602 : epoch:[145/1000], 平均loss: 0.0235
26-04-09 14:07:12.877 : epoch:[146/1000], 平均loss: 0.0237
26-04-09 14:09:35.574 : epoch:[147/1000], 平均loss: 0.0234
26-04-09 14:11:52.561 : epoch:[148/1000], 平均loss: 0.0236
26-04-09 14:14:15.587 : epoch:[149/1000], 平均loss: 0.0233
26-04-09 14:16:37.709 : epoch:[150/1000], 平均loss: 0.0234
26-04-09 14:19:55.864 : [epoch 150 PSNR: 31.4023 Best: 31.4023]
26-04-09 14:22:19.212 : epoch:[151/1000], 平均loss: 0.0232
26-04-09 14:24:35.701 : epoch:[152/1000], 平均loss: 0.0235
26-04-09 14:26:58.194 : epoch:[153/1000], 平均loss: 0.0237
26-04-09 14:29:17.247 : epoch:[154/1000], 平均loss: 0.0236
26-04-09 14:31:33.946 : epoch:[155/1000], 平均loss: 0.0234
26-04-09 14:33:56.413 : epoch:[156/1000], 平均loss: 0.0235
26-04-09 14:36:19.150 : epoch:[157/1000], 平均loss: 0.0237
26-04-09 14:38:41.279 : epoch:[158/1000], 平均loss: 0.0236
26-04-09 14:41:04.195 : epoch:[159/1000], 平均loss: 0.0234
26-04-09 14:43:21.249 : epoch:[160/1000], 平均loss: 0.0234
26-04-09 14:46:38.936 : [epoch 160 PSNR: 31.4197 Best: 31.4197]
26-04-09 14:49:02.255 : epoch:[161/1000], 平均loss: 0.0235
26-04-09 14:51:24.660 : epoch:[162/1000], 平均loss: 0.0234
26-04-09 14:53:47.376 : epoch:[163/1000], 平均loss: 0.0236
26-04-09 14:56:09.936 : epoch:[164/1000], 平均loss: 0.0235
26-04-09 14:58:26.972 : epoch:[165/1000], 平均loss: 0.0233
26-04-09 15:00:49.339 : epoch:[166/1000], 平均loss: 0.0235
26-04-09 15:03:11.683 : epoch:[167/1000], 平均loss: 0.0234
26-04-09 15:05:34.407 : epoch:[168/1000], 平均loss: 0.0235
26-04-09 15:07:57.115 : epoch:[169/1000], 平均loss: 0.0235
26-04-09 15:10:19.828 : epoch:[170/1000], 平均loss: 0.0234
26-04-09 15:13:38.030 : [epoch 170 PSNR: 31.4129 Best: 31.4197]
26-04-09 15:15:54.940 : epoch:[171/1000], 平均loss: 0.0235
26-04-09 15:18:17.825 : epoch:[172/1000], 平均loss: 0.0235
26-04-09 15:20:40.309 : epoch:[173/1000], 平均loss: 0.0235
26-04-09 15:23:03.138 : epoch:[174/1000], 平均loss: 0.0235
26-04-09 15:25:25.880 : epoch:[175/1000], 平均loss: 0.0233
26-04-09 15:27:42.717 : epoch:[176/1000], 平均loss: 0.0236
26-04-09 15:29:58.950 : epoch:[177/1000], 平均loss: 0.0234
26-04-09 15:32:22.209 : epoch:[178/1000], 平均loss: 0.0237
26-04-09 15:34:44.698 : epoch:[179/1000], 平均loss: 0.0235
26-04-09 15:37:01.345 : epoch:[180/1000], 平均loss: 0.0235
26-04-09 15:40:19.459 : [epoch 180 PSNR: 31.4212 Best: 31.4212]
26-04-09 15:42:35.979 : epoch:[181/1000], 平均loss: 0.0234
26-04-09 15:44:58.331 : epoch:[182/1000], 平均loss: 0.0235
26-04-09 15:47:21.052 : epoch:[183/1000], 平均loss: 0.0235
26-04-09 15:49:43.719 : epoch:[184/1000], 平均loss: 0.0235
26-04-09 15:52:05.785 : epoch:[185/1000], 平均loss: 0.0234
26-04-09 15:54:28.235 : epoch:[186/1000], 平均loss: 0.0234
26-04-09 15:56:50.808 : epoch:[187/1000], 平均loss: 0.0234
26-04-09 15:59:07.753 : epoch:[188/1000], 平均loss: 0.0233
26-04-09 16:01:24.252 : epoch:[189/1000], 平均loss: 0.0236
26-04-09 16:03:41.041 : epoch:[190/1000], 平均loss: 0.0235
26-04-09 16:06:59.839 : [epoch 190 PSNR: 31.4263 Best: 31.4263]
26-04-09 16:09:22.360 : epoch:[191/1000], 平均loss: 0.0235
26-04-09 16:11:44.755 : epoch:[192/1000], 平均loss: 0.0236
26-04-09 16:14:01.552 : epoch:[193/1000], 平均loss: 0.0233
26-04-09 16:16:18.081 : epoch:[194/1000], 平均loss: 0.0233
26-04-09 16:18:34.932 : epoch:[195/1000], 平均loss: 0.0232
26-04-09 16:20:57.379 : epoch:[196/1000], 平均loss: 0.0235
26-04-09 16:23:19.697 : epoch:[197/1000], 平均loss: 0.0232
26-04-09 16:25:41.899 : epoch:[198/1000], 平均loss: 0.0233
26-04-09 16:27:58.601 : epoch:[199/1000], 平均loss: 0.0233
26-04-09 16:30:15.656 : epoch:[200/1000], 平均loss: 0.0236
26-04-09 16:33:33.839 : [epoch 200 PSNR: 31.4262 Best: 31.4263]
26-04-09 16:35:56.382 : epoch:[201/1000], 平均loss: 0.0234
26-04-09 16:38:18.264 : epoch:[202/1000], 平均loss: 0.0234
26-04-09 16:40:42.037 : epoch:[203/1000], 平均loss: 0.0235
26-04-09 16:43:01.595 : epoch:[204/1000], 平均loss: 0.0235
26-04-09 16:45:18.318 : epoch:[205/1000], 平均loss: 0.0233
26-04-09 16:47:40.315 : epoch:[206/1000], 平均loss: 0.0232
26-04-09 16:49:56.975 : epoch:[207/1000], 平均loss: 0.0235
26-04-09 16:52:13.906 : epoch:[208/1000], 平均loss: 0.0234
26-04-09 16:54:30.563 : epoch:[209/1000], 平均loss: 0.0235
26-04-09 16:56:47.187 : epoch:[210/1000], 平均loss: 0.0233
26-04-09 17:00:05.910 : [epoch 210 PSNR: 31.4347 Best: 31.4347]
26-04-09 17:02:28.147 : epoch:[211/1000], 平均loss: 0.0234
26-04-09 17:04:50.414 : epoch:[212/1000], 平均loss: 0.0233
26-04-09 17:07:13.238 : epoch:[213/1000], 平均loss: 0.0233
26-04-09 17:09:35.907 : epoch:[214/1000], 平均loss: 0.0234
26-04-09 17:11:58.021 : epoch:[215/1000], 平均loss: 0.0233
26-04-09 17:14:14.892 : epoch:[216/1000], 平均loss: 0.0234
26-04-09 17:16:31.793 : epoch:[217/1000], 平均loss: 0.0235
26-04-09 17:18:48.654 : epoch:[218/1000], 平均loss: 0.0234
26-04-09 17:21:05.106 : epoch:[219/1000], 平均loss: 0.0234
26-04-09 17:23:21.551 : epoch:[220/1000], 平均loss: 0.0234
26-04-09 17:26:40.160 : [epoch 220 PSNR: 31.4323 Best: 31.4347]
26-04-09 17:28:57.657 : epoch:[221/1000], 平均loss: 0.0233
26-04-09 17:31:18.009 : epoch:[222/1000], 平均loss: 0.0235
26-04-09 17:33:34.535 : epoch:[223/1000], 平均loss: 0.0233
26-04-09 17:35:51.091 : epoch:[224/1000], 平均loss: 0.0235
26-04-09 17:38:07.676 : epoch:[225/1000], 平均loss: 0.0236
26-04-09 17:40:24.380 : epoch:[226/1000], 平均loss: 0.0234
26-04-09 17:42:41.064 : epoch:[227/1000], 平均loss: 0.0233
26-04-09 17:45:03.737 : epoch:[228/1000], 平均loss: 0.0236
26-04-09 17:47:23.401 : epoch:[229/1000], 平均loss: 0.0234
26-04-09 17:49:45.304 : epoch:[230/1000], 平均loss: 0.0232
26-04-09 17:53:03.600 : [epoch 230 PSNR: 31.4341 Best: 31.4347]
26-04-09 17:55:26.495 : epoch:[231/1000], 平均loss: 0.0236
26-04-09 17:57:49.558 : epoch:[232/1000], 平均loss: 0.0235
26-04-09 18:00:06.303 : epoch:[233/1000], 平均loss: 0.0236
26-04-09 18:02:28.255 : epoch:[234/1000], 平均loss: 0.0234
26-04-09 18:04:50.811 : epoch:[235/1000], 平均loss: 0.0233
26-04-09 18:07:13.198 : epoch:[236/1000], 平均loss: 0.0234
26-04-09 18:09:35.698 : epoch:[237/1000], 平均loss: 0.0232
26-04-09 18:11:59.157 : epoch:[238/1000], 平均loss: 0.0234
26-04-09 18:14:16.160 : epoch:[239/1000], 平均loss: 0.0233
26-04-09 18:16:33.133 : epoch:[240/1000], 平均loss: 0.0233
26-04-09 18:19:51.133 : [epoch 240 PSNR: 31.4355 Best: 31.4355]
26-04-09 18:22:08.040 : epoch:[241/1000], 平均loss: 0.0233
26-04-09 18:24:24.627 : epoch:[242/1000], 平均loss: 0.0234
26-04-09 18:26:47.614 : epoch:[243/1000], 平均loss: 0.0235
26-04-09 18:29:04.050 : epoch:[244/1000], 平均loss: 0.0231
26-04-09 18:31:20.565 : epoch:[245/1000], 平均loss: 0.0235
26-04-09 18:33:42.827 : epoch:[246/1000], 平均loss: 0.0236
26-04-09 18:36:05.636 : epoch:[247/1000], 平均loss: 0.0236
26-04-09 18:38:28.096 : epoch:[248/1000], 平均loss: 0.0232
26-04-09 18:40:50.273 : epoch:[249/1000], 平均loss: 0.0233
26-04-09 18:43:12.353 : epoch:[250/1000], 平均loss: 0.0233
26-04-09 18:46:30.462 : [epoch 250 PSNR: 31.4387 Best: 31.4387]
26-04-09 18:48:47.403 : epoch:[251/1000], 平均loss: 0.0234
26-04-09 18:51:03.947 : epoch:[252/1000], 平均loss: 0.0235
26-04-09 18:53:20.564 : epoch:[253/1000], 平均loss: 0.0233
26-04-09 18:55:37.318 : epoch:[254/1000], 平均loss: 0.0236
26-04-09 18:57:53.544 : epoch:[255/1000], 平均loss: 0.0234
26-04-09 19:00:15.702 : epoch:[256/1000], 平均loss: 0.0236
26-04-09 19:02:38.157 : epoch:[257/1000], 平均loss: 0.0235
26-04-09 19:05:01.151 : epoch:[258/1000], 平均loss: 0.0234
26-04-09 19:07:23.520 : epoch:[259/1000], 平均loss: 0.0234
26-04-09 19:09:45.962 : epoch:[260/1000], 平均loss: 0.0235
26-04-09 19:13:03.224 : [epoch 260 PSNR: 31.4368 Best: 31.4387]
26-04-09 19:15:20.378 : epoch:[261/1000], 平均loss: 0.0234
26-04-09 19:17:37.009 : epoch:[262/1000], 平均loss: 0.0233
26-04-09 19:19:53.580 : epoch:[263/1000], 平均loss: 0.0233
26-04-09 19:22:10.167 : epoch:[264/1000], 平均loss: 0.0232
26-04-09 19:24:27.201 : epoch:[265/1000], 平均loss: 0.0236
26-04-09 19:26:50.568 : epoch:[266/1000], 平均loss: 0.0235
26-04-09 19:29:07.663 : epoch:[267/1000], 平均loss: 0.0235
26-04-09 19:31:24.291 : epoch:[268/1000], 平均loss: 0.0234
26-04-09 19:33:41.296 : epoch:[269/1000], 平均loss: 0.0233
26-04-09 19:35:58.443 : epoch:[270/1000], 平均loss: 0.0235
26-04-09 19:39:16.038 : [epoch 270 PSNR: 31.4375 Best: 31.4387]
26-04-09 19:41:33.173 : epoch:[271/1000], 平均loss: 0.0237
26-04-09 19:43:56.003 : epoch:[272/1000], 平均loss: 0.0232
26-04-09 19:46:18.421 : epoch:[273/1000], 平均loss: 0.0235
26-04-09 19:48:41.685 : epoch:[274/1000], 平均loss: 0.0232
26-04-09 19:50:58.778 : epoch:[275/1000], 平均loss: 0.0231
26-04-09 19:53:15.659 : epoch:[276/1000], 平均loss: 0.0233
26-04-09 19:55:32.376 : epoch:[277/1000], 平均loss: 0.0235
26-04-09 19:57:48.562 : epoch:[278/1000], 平均loss: 0.0233
26-04-09 20:00:05.362 : epoch:[279/1000], 平均loss: 0.0235
26-04-09 20:02:22.268 : epoch:[280/1000], 平均loss: 0.0234
26-04-09 20:05:40.656 : [epoch 280 PSNR: 31.4415 Best: 31.4415]
26-04-09 20:08:02.732 : epoch:[281/1000], 平均loss: 0.0235
26-04-09 20:10:15.297 : epoch:[282/1000], 平均loss: 0.0234
26-04-09 20:12:28.535 : epoch:[283/1000], 平均loss: 0.0233
26-04-09 20:14:41.145 : epoch:[284/1000], 平均loss: 0.0232
26-04-09 20:16:51.450 : epoch:[285/1000], 平均loss: 0.0233
26-04-09 20:19:05.585 : epoch:[286/1000], 平均loss: 0.0233
26-04-09 20:21:16.064 : epoch:[287/1000], 平均loss: 0.0233
26-04-09 20:23:24.280 : epoch:[288/1000], 平均loss: 0.0233
26-04-09 20:25:33.951 : epoch:[289/1000], 平均loss: 0.0233
26-04-09 20:27:45.601 : epoch:[290/1000], 平均loss: 0.0232
26-04-09 20:30:58.789 : [epoch 290 PSNR: 31.4403 Best: 31.4415]
26-04-09 20:33:07.736 : epoch:[291/1000], 平均loss: 0.0234
26-04-09 20:35:16.947 : epoch:[292/1000], 平均loss: 0.0233
26-04-09 20:37:27.690 : epoch:[293/1000], 平均loss: 0.0235
26-04-09 20:39:35.636 : epoch:[294/1000], 平均loss: 0.0233
26-04-09 20:41:43.509 : epoch:[295/1000], 平均loss: 0.0235
26-04-09 20:43:54.030 : epoch:[296/1000], 平均loss: 0.0233
26-04-09 20:46:09.927 : epoch:[297/1000], 平均loss: 0.0232
26-04-09 20:48:22.816 : epoch:[298/1000], 平均loss: 0.0235
26-04-09 20:50:36.011 : epoch:[299/1000], 平均loss: 0.0234
26-04-09 20:52:45.178 : epoch:[300/1000], 平均loss: 0.0234
26-04-09 20:56:00.003 : [epoch 300 PSNR: 31.4400 Best: 31.4415]
26-04-09 20:58:09.248 : epoch:[301/1000], 平均loss: 0.0235
26-04-09 21:00:20.667 : epoch:[302/1000], 平均loss: 0.0234
26-04-09 21:02:29.248 : epoch:[303/1000], 平均loss: 0.0234
26-04-09 21:04:38.234 : epoch:[304/1000], 平均loss: 0.0234
26-04-09 21:06:46.984 : epoch:[305/1000], 平均loss: 0.0235
26-04-09 21:08:56.199 : epoch:[306/1000], 平均loss: 0.0236
26-04-09 21:11:05.133 : epoch:[307/1000], 平均loss: 0.0232
26-04-09 21:13:15.260 : epoch:[308/1000], 平均loss: 0.0235
26-04-09 21:15:26.579 : epoch:[309/1000], 平均loss: 0.0233
26-04-09 21:17:37.942 : epoch:[310/1000], 平均loss: 0.0234
26-04-09 21:20:51.764 : [epoch 310 PSNR: 31.4414 Best: 31.4415]
26-04-09 21:23:03.330 : epoch:[311/1000], 平均loss: 0.0233
26-04-09 21:25:14.585 : epoch:[312/1000], 平均loss: 0.0234
26-04-09 21:27:25.271 : epoch:[313/1000], 平均loss: 0.0235
26-04-09 21:29:36.650 : epoch:[314/1000], 平均loss: 0.0234
26-04-09 21:31:45.770 : epoch:[315/1000], 平均loss: 0.0232
26-04-09 21:33:54.762 : epoch:[316/1000], 平均loss: 0.0232
26-04-09 21:36:04.354 : epoch:[317/1000], 平均loss: 0.0235
26-04-09 21:38:12.227 : epoch:[318/1000], 平均loss: 0.0233
26-04-09 21:40:21.690 : epoch:[319/1000], 平均loss: 0.0234
26-04-09 21:42:34.642 : epoch:[320/1000], 平均loss: 0.0232
26-04-09 21:45:48.078 : [epoch 320 PSNR: 31.4410 Best: 31.4415]
26-04-09 21:47:59.257 : epoch:[321/1000], 平均loss: 0.0234
26-04-09 21:50:10.157 : epoch:[322/1000], 平均loss: 0.0236
26-04-09 21:52:21.196 : epoch:[323/1000], 平均loss: 0.0233
26-04-09 21:54:34.846 : epoch:[324/1000], 平均loss: 0.0234
26-04-09 21:56:44.393 : epoch:[325/1000], 平均loss: 0.0234
26-04-09 21:58:55.438 : epoch:[326/1000], 平均loss: 0.0234
26-04-09 22:01:07.163 : epoch:[327/1000], 平均loss: 0.0234
26-04-09 22:03:18.257 : epoch:[328/1000], 平均loss: 0.0234
26-04-09 22:05:29.241 : epoch:[329/1000], 平均loss: 0.0236
26-04-09 22:07:40.284 : epoch:[330/1000], 平均loss: 0.0235
26-04-09 22:10:53.345 : [epoch 330 PSNR: 31.4403 Best: 31.4415]
26-04-09 22:13:03.984 : epoch:[331/1000], 平均loss: 0.0234
26-04-09 22:15:13.468 : epoch:[332/1000], 平均loss: 0.0235
26-04-09 22:17:22.149 : epoch:[333/1000], 平均loss: 0.0232
26-04-09 22:19:31.121 : epoch:[334/1000], 平均loss: 0.0232
26-04-09 22:21:40.467 : epoch:[335/1000], 平均loss: 0.0233
26-04-09 22:23:48.228 : epoch:[336/1000], 平均loss: 0.0232
26-04-09 22:25:58.243 : epoch:[337/1000], 平均loss: 0.0234
26-04-09 22:28:09.065 : epoch:[338/1000], 平均loss: 0.0232
26-04-09 22:30:17.609 : epoch:[339/1000], 平均loss: 0.0233
26-04-09 22:32:27.622 : epoch:[340/1000], 平均loss: 0.0234
26-04-09 22:35:39.420 : [epoch 340 PSNR: 31.4420 Best: 31.4420]
26-04-09 22:37:49.237 : epoch:[341/1000], 平均loss: 0.0233
26-04-09 22:39:59.836 : epoch:[342/1000], 平均loss: 0.0232
26-04-09 22:42:10.150 : epoch:[343/1000], 平均loss: 0.0232
26-04-09 22:44:18.585 : epoch:[344/1000], 平均loss: 0.0236
26-04-09 22:46:26.958 : epoch:[345/1000], 平均loss: 0.0234
26-04-09 22:48:35.979 : epoch:[346/1000], 平均loss: 0.0233
26-04-09 22:50:45.573 : epoch:[347/1000], 平均loss: 0.0232
26-04-09 22:52:55.500 : epoch:[348/1000], 平均loss: 0.0234
26-04-09 22:55:02.837 : epoch:[349/1000], 平均loss: 0.0233
26-04-09 22:57:10.895 : epoch:[350/1000], 平均loss: 0.0235
26-04-09 23:00:22.995 : [epoch 350 PSNR: 31.4402 Best: 31.4420]
26-04-09 23:02:31.370 : epoch:[351/1000], 平均loss: 0.0233
26-04-09 23:04:39.177 : epoch:[352/1000], 平均loss: 0.0231
26-04-09 23:06:46.243 : epoch:[353/1000], 平均loss: 0.0235
26-04-09 23:08:52.523 : epoch:[354/1000], 平均loss: 0.0234
26-04-09 23:11:01.571 : epoch:[355/1000], 平均loss: 0.0235
26-04-09 23:13:11.916 : epoch:[356/1000], 平均loss: 0.0234
26-04-09 23:15:19.824 : epoch:[357/1000], 平均loss: 0.0232
26-04-09 23:17:27.031 : epoch:[358/1000], 平均loss: 0.0235
26-04-09 23:19:34.693 : epoch:[359/1000], 平均loss: 0.0235
26-04-09 23:21:42.036 : epoch:[360/1000], 平均loss: 0.0232
26-04-09 23:24:55.308 : [epoch 360 PSNR: 31.4409 Best: 31.4420]
26-04-09 23:27:05.589 : epoch:[361/1000], 平均loss: 0.0235
26-04-09 23:29:15.216 : epoch:[362/1000], 平均loss: 0.0233
26-04-09 23:31:22.938 : epoch:[363/1000], 平均loss: 0.0234
26-04-09 23:33:30.106 : epoch:[364/1000], 平均loss: 0.0234
26-04-09 23:35:37.602 : epoch:[365/1000], 平均loss: 0.0235
26-04-09 23:37:45.041 : epoch:[366/1000], 平均loss: 0.0236
26-04-09 23:39:52.818 : epoch:[367/1000], 平均loss: 0.0234
26-04-09 23:42:00.419 : epoch:[368/1000], 平均loss: 0.0235
26-04-09 23:44:11.050 : epoch:[369/1000], 平均loss: 0.0235
26-04-09 23:46:21.529 : epoch:[370/1000], 平均loss: 0.0232
26-04-09 23:49:34.237 : [epoch 370 PSNR: 31.4418 Best: 31.4420]
26-04-09 23:51:44.263 : epoch:[371/1000], 平均loss: 0.0232
26-04-09 23:53:54.449 : epoch:[372/1000], 平均loss: 0.0234
26-04-09 23:56:03.391 : epoch:[373/1000], 平均loss: 0.0234
26-04-09 23:58:13.394 : epoch:[374/1000], 平均loss: 0.0235
26-04-10 00:00:25.813 : epoch:[375/1000], 平均loss: 0.0233
26-04-10 00:02:34.595 : epoch:[376/1000], 平均loss: 0.0232
26-04-10 00:04:42.841 : epoch:[377/1000], 平均loss: 0.0236
26-04-10 00:06:51.375 : epoch:[378/1000], 平均loss: 0.0234
26-04-10 00:09:01.260 : epoch:[379/1000], 平均loss: 0.0235
26-04-10 00:11:11.790 : epoch:[380/1000], 平均loss: 0.0233
26-04-10 00:14:25.052 : [epoch 380 PSNR: 31.4418 Best: 31.4420]
26-04-10 00:16:35.098 : epoch:[381/1000], 平均loss: 0.0234
26-04-10 00:18:44.717 : epoch:[382/1000], 平均loss: 0.0234
26-04-10 00:20:55.844 : epoch:[383/1000], 平均loss: 0.0233
26-04-10 00:23:06.490 : epoch:[384/1000], 平均loss: 0.0233
26-04-10 00:25:17.788 : epoch:[385/1000], 平均loss: 0.0235
26-04-10 00:27:25.789 : epoch:[386/1000], 平均loss: 0.0235
26-04-10 00:29:33.422 : epoch:[387/1000], 平均loss: 0.0233
26-04-10 00:31:48.073 : epoch:[388/1000], 平均loss: 0.0232
26-04-10 00:33:59.329 : epoch:[389/1000], 平均loss: 0.0234
26-04-10 00:36:10.002 : epoch:[390/1000], 平均loss: 0.0237
26-04-10 00:39:22.682 : [epoch 390 PSNR: 31.4435 Best: 31.4435]
26-04-10 00:41:32.051 : epoch:[391/1000], 平均loss: 0.0234
26-04-10 00:43:39.397 : epoch:[392/1000], 平均loss: 0.0235
26-04-10 00:45:47.085 : epoch:[393/1000], 平均loss: 0.0235
26-04-10 00:47:57.712 : epoch:[394/1000], 平均loss: 0.0232
26-04-10 00:50:07.872 : epoch:[395/1000], 平均loss: 0.0235
26-04-10 00:52:17.829 : epoch:[396/1000], 平均loss: 0.0235
26-04-10 00:54:26.772 : epoch:[397/1000], 平均loss: 0.0233
26-04-10 00:56:36.981 : epoch:[398/1000], 平均loss: 0.0232
26-04-10 00:58:45.367 : epoch:[399/1000], 平均loss: 0.0235
26-04-10 01:00:55.528 : epoch:[400/1000], 平均loss: 0.0235
26-04-10 01:04:08.068 : [epoch 400 PSNR: 31.4424 Best: 31.4435]
26-04-10 01:06:18.818 : epoch:[401/1000], 平均loss: 0.0235
26-04-10 01:08:29.101 : epoch:[402/1000], 平均loss: 0.0233
26-04-10 01:10:39.233 : epoch:[403/1000], 平均loss: 0.0233
26-04-10 01:12:49.742 : epoch:[404/1000], 平均loss: 0.0234
26-04-10 01:14:57.174 : epoch:[405/1000], 平均loss: 0.0233
26-04-10 01:17:04.808 : epoch:[406/1000], 平均loss: 0.0234
26-04-10 01:19:12.699 : epoch:[407/1000], 平均loss: 0.0233
26-04-10 01:21:21.125 : epoch:[408/1000], 平均loss: 0.0236
26-04-10 01:23:28.742 : epoch:[409/1000], 平均loss: 0.0234
26-04-10 01:25:35.650 : epoch:[410/1000], 平均loss: 0.0234
26-04-10 01:28:47.331 : [epoch 410 PSNR: 31.4434 Best: 31.4435]
26-04-10 01:30:57.930 : epoch:[411/1000], 平均loss: 0.0233
26-04-10 01:33:05.602 : epoch:[412/1000], 平均loss: 0.0233
26-04-10 01:35:13.707 : epoch:[413/1000], 平均loss: 0.0234
26-04-10 01:37:21.868 : epoch:[414/1000], 平均loss: 0.0234
26-04-10 01:39:31.505 : epoch:[415/1000], 平均loss: 0.0235
26-04-10 01:41:41.594 : epoch:[416/1000], 平均loss: 0.0234
26-04-10 01:43:48.907 : epoch:[417/1000], 平均loss: 0.0237
26-04-10 01:45:56.369 : epoch:[418/1000], 平均loss: 0.0234
26-04-10 01:48:04.015 : epoch:[419/1000], 平均loss: 0.0233
26-04-10 01:50:11.982 : epoch:[420/1000], 平均loss: 0.0231
26-04-10 01:53:24.218 : [epoch 420 PSNR: 31.4423 Best: 31.4435]
26-04-10 01:55:31.565 : epoch:[421/1000], 平均loss: 0.0234
26-04-10 01:57:38.623 : epoch:[422/1000], 平均loss: 0.0233
26-04-10 01:59:46.087 : epoch:[423/1000], 平均loss: 0.0234
26-04-10 02:01:55.888 : epoch:[424/1000], 平均loss: 0.0234
26-04-10 02:04:06.060 : epoch:[425/1000], 平均loss: 0.0234
26-04-10 02:06:15.753 : epoch:[426/1000], 平均loss: 0.0234
26-04-10 02:08:25.755 : epoch:[427/1000], 平均loss: 0.0233
26-04-10 02:10:33.420 : epoch:[428/1000], 平均loss: 0.0234
26-04-10 02:12:40.887 : epoch:[429/1000], 平均loss: 0.0234
26-04-10 02:14:49.424 : epoch:[430/1000], 平均loss: 0.0235
26-04-10 02:18:02.275 : [epoch 430 PSNR: 31.4403 Best: 31.4435]
26-04-10 02:20:13.012 : epoch:[431/1000], 平均loss: 0.0233
26-04-10 02:22:22.505 : epoch:[432/1000], 平均loss: 0.0234
26-04-10 02:24:30.365 : epoch:[433/1000], 平均loss: 0.0235
26-04-10 02:26:40.519 : epoch:[434/1000], 平均loss: 0.0233
26-04-10 02:28:47.424 : epoch:[435/1000], 平均loss: 0.0236
26-04-10 02:30:55.197 : epoch:[436/1000], 平均loss: 0.0235
26-04-10 02:33:05.398 : epoch:[437/1000], 平均loss: 0.0235
26-04-10 02:35:15.501 : epoch:[438/1000], 平均loss: 0.0235
26-04-10 02:37:25.247 : epoch:[439/1000], 平均loss: 0.0233
26-04-10 02:39:35.483 : epoch:[440/1000], 平均loss: 0.0232
26-04-10 02:42:46.971 : [epoch 440 PSNR: 31.4433 Best: 31.4435]
26-04-10 02:44:55.014 : epoch:[441/1000], 平均loss: 0.0235
26-04-10 02:47:03.388 : epoch:[442/1000], 平均loss: 0.0235
26-04-10 02:49:10.771 : epoch:[443/1000], 平均loss: 0.0233
26-04-10 02:51:17.831 : epoch:[444/1000], 平均loss: 0.0234
26-04-10 02:53:25.421 : epoch:[445/1000], 平均loss: 0.0234
26-04-10 02:55:31.749 : epoch:[446/1000], 平均loss: 0.0234
26-04-10 02:57:38.657 : epoch:[447/1000], 平均loss: 0.0232
26-04-10 02:59:47.834 : epoch:[448/1000], 平均loss: 0.0234
26-04-10 03:01:58.404 : epoch:[449/1000], 平均loss: 0.0234
26-04-10 03:04:08.117 : epoch:[450/1000], 平均loss: 0.0234
26-04-10 03:07:20.151 : [epoch 450 PSNR: 31.4437 Best: 31.4437]
26-04-10 03:09:30.862 : epoch:[451/1000], 平均loss: 0.0232
26-04-10 03:11:40.582 : epoch:[452/1000], 平均loss: 0.0232
26-04-10 03:13:47.750 : epoch:[453/1000], 平均loss: 0.0234
26-04-10 03:15:55.648 : epoch:[454/1000], 平均loss: 0.0233
26-04-10 03:18:05.532 : epoch:[455/1000], 平均loss: 0.0235
26-04-10 03:20:15.179 : epoch:[456/1000], 平均loss: 0.0235
26-04-10 03:22:24.579 : epoch:[457/1000], 平均loss: 0.0232
26-04-10 03:24:34.611 : epoch:[458/1000], 平均loss: 0.0234
26-04-10 03:26:42.844 : epoch:[459/1000], 平均loss: 0.0233
26-04-10 03:28:52.779 : epoch:[460/1000], 平均loss: 0.0234
26-04-10 03:32:04.980 : [epoch 460 PSNR: 31.4427 Best: 31.4437]
26-04-10 03:34:12.751 : epoch:[461/1000], 平均loss: 0.0233
26-04-10 03:36:23.056 : epoch:[462/1000], 平均loss: 0.0234
26-04-10 03:38:33.058 : epoch:[463/1000], 平均loss: 0.0233
26-04-10 03:40:43.010 : epoch:[464/1000], 平均loss: 0.0233
26-04-10 03:42:52.730 : epoch:[465/1000], 平均loss: 0.0233
26-04-10 03:45:00.984 : epoch:[466/1000], 平均loss: 0.0234
26-04-10 03:47:08.881 : epoch:[467/1000], 平均loss: 0.0233
26-04-10 03:49:16.581 : epoch:[468/1000], 平均loss: 0.0234
26-04-10 03:51:24.602 : epoch:[469/1000], 平均loss: 0.0235
26-04-10 03:53:32.487 : epoch:[470/1000], 平均loss: 0.0233
26-04-10 03:56:45.241 : [epoch 470 PSNR: 31.4438 Best: 31.4438]
26-04-10 03:58:57.957 : epoch:[471/1000], 平均loss: 0.0233
26-04-10 04:01:07.112 : epoch:[472/1000], 平均loss: 0.0235
26-04-10 04:03:14.323 : epoch:[473/1000], 平均loss: 0.0233
26-04-10 04:05:22.622 : epoch:[474/1000], 平均loss: 0.0233
26-04-10 04:07:32.987 : epoch:[475/1000], 平均loss: 0.0233
26-04-10 04:09:43.953 : epoch:[476/1000], 平均loss: 0.0233
26-04-10 04:11:53.357 : epoch:[477/1000], 平均loss: 0.0234
26-04-10 04:14:00.487 : epoch:[478/1000], 平均loss: 0.0234
26-04-10 04:16:07.516 : epoch:[479/1000], 平均loss: 0.0234
26-04-10 04:18:15.168 : epoch:[480/1000], 平均loss: 0.0234
26-04-10 04:21:27.300 : [epoch 480 PSNR: 31.4439 Best: 31.4439]
26-04-10 04:23:34.963 : epoch:[481/1000], 平均loss: 0.0234
26-04-10 04:25:44.786 : epoch:[482/1000], 平均loss: 0.0236
26-04-10 04:27:54.638 : epoch:[483/1000], 平均loss: 0.0234
26-04-10 04:30:05.331 : epoch:[484/1000], 平均loss: 0.0233
26-04-10 04:32:16.262 : epoch:[485/1000], 平均loss: 0.0233
26-04-10 04:34:26.447 : epoch:[486/1000], 平均loss: 0.0237
26-04-10 04:36:36.261 : epoch:[487/1000], 平均loss: 0.0234
26-04-10 04:38:46.376 : epoch:[488/1000], 平均loss: 0.0234
26-04-10 04:40:56.054 : epoch:[489/1000], 平均loss: 0.0234
26-04-10 04:43:06.059 : epoch:[490/1000], 平均loss: 0.0235
26-04-10 04:46:19.347 : [epoch 490 PSNR: 31.4440 Best: 31.4440]
26-04-10 04:48:26.765 : epoch:[491/1000], 平均loss: 0.0234
26-04-10 04:50:34.349 : epoch:[492/1000], 平均loss: 0.0233
26-04-10 04:52:44.743 : epoch:[493/1000], 平均loss: 0.0233
26-04-10 04:54:54.582 : epoch:[494/1000], 平均loss: 0.0235
26-04-10 04:57:04.432 : epoch:[495/1000], 平均loss: 0.0232
26-04-10 04:59:12.070 : epoch:[496/1000], 平均loss: 0.0235
26-04-10 05:01:23.048 : epoch:[497/1000], 平均loss: 0.0233
26-04-10 05:03:31.576 : epoch:[498/1000], 平均loss: 0.0234
26-04-10 05:05:41.443 : epoch:[499/1000], 平均loss: 0.0235
26-04-10 05:07:51.520 : epoch:[500/1000], 平均loss: 0.0233
26-04-10 05:11:04.074 : [epoch 500 PSNR: 31.4439 Best: 31.4440]
26-04-10 05:13:13.751 : epoch:[501/1000], 平均loss: 0.0234
26-04-10 05:15:22.453 : epoch:[502/1000], 平均loss: 0.0235
26-04-10 05:17:29.927 : epoch:[503/1000], 平均loss: 0.0234
26-04-10 05:19:37.741 : epoch:[504/1000], 平均loss: 0.0234
26-04-10 05:21:45.639 : epoch:[505/1000], 平均loss: 0.0234
26-04-10 05:23:52.841 : epoch:[506/1000], 平均loss: 0.0234
26-04-10 05:26:01.477 : epoch:[507/1000], 平均loss: 0.0232
26-04-10 05:28:11.799 : epoch:[508/1000], 平均loss: 0.0235
26-04-10 05:30:19.191 : epoch:[509/1000], 平均loss: 0.0236
26-04-10 05:32:26.988 : epoch:[510/1000], 平均loss: 0.0234
26-04-10 05:35:39.250 : [epoch 510 PSNR: 31.4434 Best: 31.4440]
26-04-10 05:37:45.446 : epoch:[511/1000], 平均loss: 0.0235
26-04-10 05:39:52.173 : epoch:[512/1000], 平均loss: 0.0235
26-04-10 05:41:59.648 : epoch:[513/1000], 平均loss: 0.0236
26-04-10 05:44:09.955 : epoch:[514/1000], 平均loss: 0.0235
26-04-10 05:46:20.584 : epoch:[515/1000], 平均loss: 0.0233
26-04-10 05:48:29.511 : epoch:[516/1000], 平均loss: 0.0234
26-04-10 05:50:39.520 : epoch:[517/1000], 平均loss: 0.0234
26-04-10 05:52:50.089 : epoch:[518/1000], 平均loss: 0.0234
26-04-10 05:55:00.209 : epoch:[519/1000], 平均loss: 0.0234
26-04-10 05:57:10.367 : epoch:[520/1000], 平均loss: 0.0233
26-04-10 06:00:22.331 : [epoch 520 PSNR: 31.4458 Best: 31.4458]
26-04-10 06:02:32.772 : epoch:[521/1000], 平均loss: 0.0234
26-04-10 06:04:39.917 : epoch:[522/1000], 平均loss: 0.0236
26-04-10 06:06:48.110 : epoch:[523/1000], 平均loss: 0.0233
26-04-10 06:08:55.920 : epoch:[524/1000], 平均loss: 0.0235
26-04-10 06:11:03.874 : epoch:[525/1000], 平均loss: 0.0234
26-04-10 06:13:11.746 : epoch:[526/1000], 平均loss: 0.0232
26-04-10 06:15:22.596 : epoch:[527/1000], 平均loss: 0.0234
26-04-10 06:17:33.207 : epoch:[528/1000], 平均loss: 0.0233
26-04-10 06:19:42.945 : epoch:[529/1000], 平均loss: 0.0234
26-04-10 06:21:52.677 : epoch:[530/1000], 平均loss: 0.0233
26-04-10 06:25:06.264 : [epoch 530 PSNR: 31.4448 Best: 31.4458]
26-04-10 06:27:13.895 : epoch:[531/1000], 平均loss: 0.0235
26-04-10 06:29:22.337 : epoch:[532/1000], 平均loss: 0.0233
26-04-10 06:31:32.686 : epoch:[533/1000], 平均loss: 0.0236
26-04-10 06:33:42.263 : epoch:[534/1000], 平均loss: 0.0234
26-04-10 06:35:52.208 : epoch:[535/1000], 平均loss: 0.0233
26-04-10 06:38:02.666 : epoch:[536/1000], 平均loss: 0.0233
26-04-10 06:40:13.229 : epoch:[537/1000], 平均loss: 0.0233
26-04-10 06:42:23.273 : epoch:[538/1000], 平均loss: 0.0231
26-04-10 06:44:31.504 : epoch:[539/1000], 平均loss: 0.0233
26-04-10 06:46:39.236 : epoch:[540/1000], 平均loss: 0.0232
26-04-10 06:49:50.759 : [epoch 540 PSNR: 31.4452 Best: 31.4458]
26-04-10 06:51:58.562 : epoch:[541/1000], 平均loss: 0.0233
26-04-10 06:54:06.090 : epoch:[542/1000], 平均loss: 0.0234
26-04-10 06:56:13.112 : epoch:[543/1000], 平均loss: 0.0233
26-04-10 06:58:23.607 : epoch:[544/1000], 平均loss: 0.0235
26-04-10 07:00:33.719 : epoch:[545/1000], 平均loss: 0.0232
26-04-10 07:02:44.433 : epoch:[546/1000], 平均loss: 0.0234
26-04-10 07:04:53.688 : epoch:[547/1000], 平均loss: 0.0232
26-04-10 07:07:03.217 : epoch:[548/1000], 平均loss: 0.0234
26-04-10 07:09:12.588 : epoch:[549/1000], 平均loss: 0.0235
26-04-10 07:11:23.224 : epoch:[550/1000], 平均loss: 0.0233
26-04-10 07:14:36.185 : [epoch 550 PSNR: 31.4452 Best: 31.4458]
26-04-10 07:16:43.508 : epoch:[551/1000], 平均loss: 0.0234
26-04-10 07:18:51.694 : epoch:[552/1000], 平均loss: 0.0234
26-04-10 07:20:59.658 : epoch:[553/1000], 平均loss: 0.0235
26-04-10 07:23:07.357 : epoch:[554/1000], 平均loss: 0.0232
26-04-10 07:25:14.942 : epoch:[555/1000], 平均loss: 0.0233
26-04-10 07:27:24.838 : epoch:[556/1000], 平均loss: 0.0233
26-04-10 07:29:34.496 : epoch:[557/1000], 平均loss: 0.0235
26-04-10 07:31:41.775 : epoch:[558/1000], 平均loss: 0.0235
26-04-10 07:33:49.153 : epoch:[559/1000], 平均loss: 0.0233
26-04-10 07:35:56.570 : epoch:[560/1000], 平均loss: 0.0231
26-04-10 07:39:09.901 : [epoch 560 PSNR: 31.4468 Best: 31.4468]
26-04-10 07:41:17.972 : epoch:[561/1000], 平均loss: 0.0236
26-04-10 07:43:28.521 : epoch:[562/1000], 平均loss: 0.0235
26-04-10 07:45:38.337 : epoch:[563/1000], 平均loss: 0.0236
26-04-10 07:47:47.918 : epoch:[564/1000], 平均loss: 0.0232
26-04-10 07:49:57.683 : epoch:[565/1000], 平均loss: 0.0232
26-04-10 07:52:07.246 : epoch:[566/1000], 平均loss: 0.0233
26-04-10 07:54:17.198 : epoch:[567/1000], 平均loss: 0.0235
26-04-10 07:56:26.854 : epoch:[568/1000], 平均loss: 0.0233
26-04-10 07:58:34.704 : epoch:[569/1000], 平均loss: 0.0235
26-04-10 08:00:44.946 : epoch:[570/1000], 平均loss: 0.0232
26-04-10 08:03:57.169 : [epoch 570 PSNR: 31.4436 Best: 31.4468]
26-04-10 08:06:05.832 : epoch:[571/1000], 平均loss: 0.0235
26-04-10 08:08:13.041 : epoch:[572/1000], 平均loss: 0.0234
26-04-10 08:10:20.401 : epoch:[573/1000], 平均loss: 0.0233
26-04-10 08:12:27.780 : epoch:[574/1000], 平均loss: 0.0232
26-04-10 08:14:37.203 : epoch:[575/1000], 平均loss: 0.0232
26-04-10 08:16:44.770 : epoch:[576/1000], 平均loss: 0.0235
26-04-10 08:18:55.414 : epoch:[577/1000], 平均loss: 0.0232
26-04-10 08:21:05.346 : epoch:[578/1000], 平均loss: 0.0233
26-04-10 08:23:15.605 : epoch:[579/1000], 平均loss: 0.0231
26-04-10 08:25:25.220 : epoch:[580/1000], 平均loss: 0.0234
26-04-10 08:28:37.846 : [epoch 580 PSNR: 31.4421 Best: 31.4468]
26-04-10 08:30:46.996 : epoch:[581/1000], 平均loss: 0.0235
26-04-10 08:32:55.146 : epoch:[582/1000], 平均loss: 0.0233
26-04-10 08:35:02.323 : epoch:[583/1000], 平均loss: 0.0235
26-04-10 08:37:09.475 : epoch:[584/1000], 平均loss: 0.0234
26-04-10 08:39:19.676 : epoch:[585/1000], 平均loss: 0.0233
26-04-10 08:41:30.258 : epoch:[586/1000], 平均loss: 0.0235
26-04-10 08:43:38.376 : epoch:[587/1000], 平均loss: 0.0235
26-04-10 08:45:45.847 : epoch:[588/1000], 平均loss: 0.0234
26-04-10 08:47:53.509 : epoch:[589/1000], 平均loss: 0.0234
26-04-10 08:50:00.675 : epoch:[590/1000], 平均loss: 0.0233
26-04-10 08:53:13.056 : [epoch 590 PSNR: 31.4463 Best: 31.4468]
26-04-10 08:55:20.797 : epoch:[591/1000], 平均loss: 0.0236
26-04-10 08:57:29.292 : epoch:[592/1000], 平均loss: 0.0234
26-04-10 08:59:38.500 : epoch:[593/1000], 平均loss: 0.0236
26-04-10 09:01:49.383 : epoch:[594/1000], 平均loss: 0.0232
26-04-10 09:03:59.856 : epoch:[595/1000], 平均loss: 0.0236
26-04-10 09:06:10.722 : epoch:[596/1000], 平均loss: 0.0235
26-04-10 09:08:21.161 : epoch:[597/1000], 平均loss: 0.0233
26-04-10 09:10:31.348 : epoch:[598/1000], 平均loss: 0.0234
26-04-10 09:12:40.225 : epoch:[599/1000], 平均loss: 0.0234
26-04-10 09:14:48.755 : epoch:[600/1000], 平均loss: 0.0233
26-04-10 09:18:02.256 : [epoch 600 PSNR: 31.4461 Best: 31.4468]
26-04-10 09:20:09.633 : epoch:[601/1000], 平均loss: 0.0230
26-04-10 09:22:16.692 : epoch:[602/1000], 平均loss: 0.0232
26-04-10 09:24:23.923 : epoch:[603/1000], 平均loss: 0.0233
26-04-10 09:26:34.352 : epoch:[604/1000], 平均loss: 0.0233
26-04-10 09:28:42.056 : epoch:[605/1000], 平均loss: 0.0234
26-04-10 09:30:51.020 : epoch:[606/1000], 平均loss: 0.0234
26-04-10 09:32:59.018 : epoch:[607/1000], 平均loss: 0.0234
26-04-10 09:35:07.304 : epoch:[608/1000], 平均loss: 0.0233
26-04-10 09:37:15.181 : epoch:[609/1000], 平均loss: 0.0233
26-04-10 09:39:22.991 : epoch:[610/1000], 平均loss: 0.0235
26-04-10 09:42:34.903 : [epoch 610 PSNR: 31.4477 Best: 31.4477]
26-04-10 09:44:44.648 : epoch:[611/1000], 平均loss: 0.0234
26-04-10 09:46:54.622 : epoch:[612/1000], 平均loss: 0.0233
26-04-10 09:49:04.624 : epoch:[613/1000], 平均loss: 0.0235
26-04-10 09:51:15.026 : epoch:[614/1000], 平均loss: 0.0233
26-04-10 09:53:25.374 : epoch:[615/1000], 平均loss: 0.0232
26-04-10 09:55:35.242 : epoch:[616/1000], 平均loss: 0.0237
26-04-10 09:57:45.459 : epoch:[617/1000], 平均loss: 0.0233
26-04-10 09:59:52.803 : epoch:[618/1000], 平均loss: 0.0233
26-04-10 10:02:02.503 : epoch:[619/1000], 平均loss: 0.0232
26-04-10 10:04:12.577 : epoch:[620/1000], 平均loss: 0.0235
26-04-10 10:07:24.171 : [epoch 620 PSNR: 31.4454 Best: 31.4477]
26-04-10 10:09:34.113 : epoch:[621/1000], 平均loss: 0.0233
26-04-10 10:11:44.581 : epoch:[622/1000], 平均loss: 0.0234
26-04-10 10:13:52.272 : epoch:[623/1000], 平均loss: 0.0235
26-04-10 10:15:59.927 : epoch:[624/1000], 平均loss: 0.0233
26-04-10 10:18:07.339 : epoch:[625/1000], 平均loss: 0.0232
26-04-10 10:20:15.647 : epoch:[626/1000], 平均loss: 0.0232
26-04-10 10:22:23.197 : epoch:[627/1000], 平均loss: 0.0235
26-04-10 10:24:30.487 : epoch:[628/1000], 平均loss: 0.0235
26-04-10 10:26:41.125 : epoch:[629/1000], 平均loss: 0.0233
26-04-10 10:28:48.859 : epoch:[630/1000], 平均loss: 0.0233
26-04-10 10:32:01.925 : [epoch 630 PSNR: 31.4461 Best: 31.4477]
26-04-10 10:34:09.230 : epoch:[631/1000], 平均loss: 0.0232
26-04-10 10:36:17.045 : epoch:[632/1000], 平均loss: 0.0233
26-04-10 10:38:24.557 : epoch:[633/1000], 平均loss: 0.0235
26-04-10 10:40:32.391 : epoch:[634/1000], 平均loss: 0.0233
26-04-10 10:42:41.122 : epoch:[635/1000], 平均loss: 0.0232
26-04-10 10:44:51.095 : epoch:[636/1000], 平均loss: 0.0235
26-04-10 10:47:01.207 : epoch:[637/1000], 平均loss: 0.0234
26-04-10 10:49:11.677 : epoch:[638/1000], 平均loss: 0.0233
26-04-10 10:51:22.130 : epoch:[639/1000], 平均loss: 0.0232
26-04-10 10:53:32.337 : epoch:[640/1000], 平均loss: 0.0235
26-04-10 10:56:45.807 : [epoch 640 PSNR: 31.4433 Best: 31.4477]
26-04-10 10:58:53.774 : epoch:[641/1000], 平均loss: 0.0234
26-04-10 11:01:03.448 : epoch:[642/1000], 平均loss: 0.0233
26-04-10 11:03:17.125 : epoch:[643/1000], 平均loss: 0.0235
26-04-10 11:05:26.214 : epoch:[644/1000], 平均loss: 0.0235
26-04-10 11:07:34.020 : epoch:[645/1000], 平均loss: 0.0233
26-04-10 11:09:42.146 : epoch:[646/1000], 平均loss: 0.0237
26-04-10 11:11:49.094 : epoch:[647/1000], 平均loss: 0.0233
26-04-10 11:13:59.412 : epoch:[648/1000], 平均loss: 0.0235
26-04-10 11:16:10.344 : epoch:[649/1000], 平均loss: 0.0233
26-04-10 11:18:19.444 : epoch:[650/1000], 平均loss: 0.0234
26-04-10 11:21:32.299 : [epoch 650 PSNR: 31.4454 Best: 31.4477]
26-04-10 11:23:42.607 : epoch:[651/1000], 平均loss: 0.0235
26-04-10 11:25:50.294 : epoch:[652/1000], 平均loss: 0.0233
26-04-10 11:27:57.477 : epoch:[653/1000], 平均loss: 0.0234
26-04-10 11:30:05.452 : epoch:[654/1000], 平均loss: 0.0234
26-04-10 11:32:13.333 : epoch:[655/1000], 平均loss: 0.0235
26-04-10 11:34:23.319 : epoch:[656/1000], 平均loss: 0.0236
26-04-10 11:36:33.281 : epoch:[657/1000], 平均loss: 0.0233
26-04-10 11:38:42.826 : epoch:[658/1000], 平均loss: 0.0232
26-04-10 11:40:52.358 : epoch:[659/1000], 平均loss: 0.0236
26-04-10 11:43:02.576 : epoch:[660/1000], 平均loss: 0.0232
26-04-10 11:46:15.808 : [epoch 660 PSNR: 31.4465 Best: 31.4477]
26-04-10 11:48:23.290 : epoch:[661/1000], 平均loss: 0.0235
26-04-10 11:50:31.188 : epoch:[662/1000], 平均loss: 0.0234
26-04-10 11:52:38.710 : epoch:[663/1000], 平均loss: 0.0235
26-04-10 11:54:47.323 : epoch:[664/1000], 平均loss: 0.0234
26-04-10 11:56:55.066 : epoch:[665/1000], 平均loss: 0.0234
26-04-10 11:59:05.513 : epoch:[666/1000], 平均loss: 0.0235
26-04-10 12:01:14.256 : epoch:[667/1000], 平均loss: 0.0232
26-04-10 12:03:20.756 : epoch:[668/1000], 平均loss: 0.0234
26-04-10 12:05:28.052 : epoch:[669/1000], 平均loss: 0.0233
26-04-10 12:07:35.387 : epoch:[670/1000], 平均loss: 0.0233
26-04-10 12:10:47.953 : [epoch 670 PSNR: 31.4471 Best: 31.4477]
26-04-10 12:12:56.040 : epoch:[671/1000], 平均loss: 0.0232
26-04-10 12:15:06.165 : epoch:[672/1000], 平均loss: 0.0233
26-04-10 12:17:14.841 : epoch:[673/1000], 平均loss: 0.0235
26-04-10 12:19:25.365 : epoch:[674/1000], 平均loss: 0.0234
26-04-10 12:21:35.369 : epoch:[675/1000], 平均loss: 0.0233
26-04-10 12:23:45.321 : epoch:[676/1000], 平均loss: 0.0234
26-04-10 12:25:55.056 : epoch:[677/1000], 平均loss: 0.0233
26-04-10 12:28:05.172 : epoch:[678/1000], 平均loss: 0.0235
26-04-10 12:30:15.245 : epoch:[679/1000], 平均loss: 0.0234
26-04-10 12:32:23.027 : epoch:[680/1000], 平均loss: 0.0233
26-04-10 12:35:35.386 : [epoch 680 PSNR: 31.4469 Best: 31.4477]
26-04-10 12:37:45.670 : epoch:[681/1000], 平均loss: 0.0233
26-04-10 12:39:56.242 : epoch:[682/1000], 平均loss: 0.0233
26-04-10 12:42:06.507 : epoch:[683/1000], 平均loss: 0.0234
26-04-10 12:44:13.882 : epoch:[684/1000], 平均loss: 0.0233
26-04-10 12:46:20.962 : epoch:[685/1000], 平均loss: 0.0232
26-04-10 12:48:26.775 : epoch:[686/1000], 平均loss: 0.0233
26-04-10 12:50:34.593 : epoch:[687/1000], 平均loss: 0.0233
26-04-10 12:52:42.902 : epoch:[688/1000], 平均loss: 0.0233
26-04-10 12:54:50.926 : epoch:[689/1000], 平均loss: 0.0233
26-04-10 12:56:59.634 : epoch:[690/1000], 平均loss: 0.0233
26-04-10 13:00:12.286 : [epoch 690 PSNR: 31.4445 Best: 31.4477]
26-04-10 13:02:22.563 : epoch:[691/1000], 平均loss: 0.0234
26-04-10 13:04:32.685 : epoch:[692/1000], 平均loss: 0.0235
26-04-10 13:06:42.547 : epoch:[693/1000], 平均loss: 0.0233
26-04-10 13:08:52.586 : epoch:[694/1000], 平均loss: 0.0233
26-04-10 13:11:02.258 : epoch:[695/1000], 平均loss: 0.0234
26-04-10 13:13:11.990 : epoch:[696/1000], 平均loss: 0.0235
26-04-10 13:15:19.940 : epoch:[697/1000], 平均loss: 0.0234
26-04-10 13:17:27.795 : epoch:[698/1000], 平均loss: 0.0232
26-04-10 13:19:36.081 : epoch:[699/1000], 平均loss: 0.0233
26-04-10 13:21:43.867 : epoch:[700/1000], 平均loss: 0.0234
26-04-10 13:24:56.286 : [epoch 700 PSNR: 31.4465 Best: 31.4477]
26-04-10 13:27:07.175 : epoch:[701/1000], 平均loss: 0.0234
26-04-10 13:29:17.757 : epoch:[702/1000], 平均loss: 0.0233
26-04-10 13:31:27.120 : epoch:[703/1000], 平均loss: 0.0236
26-04-10 13:33:36.424 : epoch:[704/1000], 平均loss: 0.0233
26-04-10 13:35:46.380 : epoch:[705/1000], 平均loss: 0.0236
26-04-10 13:37:57.204 : epoch:[706/1000], 平均loss: 0.0234
26-04-10 13:40:08.173 : epoch:[707/1000], 平均loss: 0.0234
26-04-10 13:42:17.839 : epoch:[708/1000], 平均loss: 0.0233
26-04-10 13:44:24.729 : epoch:[709/1000], 平均loss: 0.0233
26-04-10 13:46:32.125 : epoch:[710/1000], 平均loss: 0.0233
26-04-10 13:49:43.789 : [epoch 710 PSNR: 31.4477 Best: 31.4477]
26-04-10 13:51:50.704 : epoch:[711/1000], 平均loss: 0.0235
26-04-10 13:53:57.031 : epoch:[712/1000], 平均loss: 0.0233
26-04-10 13:56:04.010 : epoch:[713/1000], 平均loss: 0.0233
26-04-10 13:58:11.907 : epoch:[714/1000], 平均loss: 0.0233
26-04-10 14:00:19.657 : epoch:[715/1000], 平均loss: 0.0234
26-04-10 14:02:26.814 : epoch:[716/1000], 平均loss: 0.0233
26-04-10 14:04:34.123 : epoch:[717/1000], 平均loss: 0.0234
26-04-10 14:06:41.359 : epoch:[718/1000], 平均loss: 0.0232
26-04-10 14:08:48.524 : epoch:[719/1000], 平均loss: 0.0233
26-04-10 14:10:55.996 : epoch:[720/1000], 平均loss: 0.0235
26-04-10 14:14:08.312 : [epoch 720 PSNR: 31.4456 Best: 31.4477]
26-04-10 14:16:18.474 : epoch:[721/1000], 平均loss: 0.0234
26-04-10 14:18:27.900 : epoch:[722/1000], 平均loss: 0.0233
26-04-10 14:20:37.722 : epoch:[723/1000], 平均loss: 0.0232
26-04-10 14:22:47.725 : epoch:[724/1000], 平均loss: 0.0234
26-04-10 14:24:58.615 : epoch:[725/1000], 平均loss: 0.0233
26-04-10 14:27:05.911 : epoch:[726/1000], 平均loss: 0.0234
26-04-10 14:29:13.842 : epoch:[727/1000], 平均loss: 0.0233
26-04-10 14:31:23.181 : epoch:[728/1000], 平均loss: 0.0235
26-04-10 14:33:30.293 : epoch:[729/1000], 平均loss: 0.0235
26-04-10 14:35:37.746 : epoch:[730/1000], 平均loss: 0.0233
26-04-10 14:38:50.380 : [epoch 730 PSNR: 31.4470 Best: 31.4477]
26-04-10 14:40:58.908 : epoch:[731/1000], 平均loss: 0.0231
26-04-10 14:43:06.698 : epoch:[732/1000], 平均loss: 0.0232
26-04-10 14:45:17.149 : epoch:[733/1000], 平均loss: 0.0235
26-04-10 14:47:26.600 : epoch:[734/1000], 平均loss: 0.0235
26-04-10 14:49:39.774 : epoch:[735/1000], 平均loss: 0.0233
26-04-10 14:51:49.727 : epoch:[736/1000], 平均loss: 0.0234
26-04-10 14:53:59.972 : epoch:[737/1000], 平均loss: 0.0235
26-04-10 14:56:10.689 : epoch:[738/1000], 平均loss: 0.0232
26-04-10 14:58:20.716 : epoch:[739/1000], 平均loss: 0.0233
26-04-10 15:00:27.980 : epoch:[740/1000], 平均loss: 0.0235
26-04-10 15:03:41.003 : [epoch 740 PSNR: 31.4459 Best: 31.4477]
26-04-10 15:05:51.033 : epoch:[741/1000], 平均loss: 0.0233
26-04-10 15:08:01.737 : epoch:[742/1000], 平均loss: 0.0232
26-04-10 15:10:12.703 : epoch:[743/1000], 平均loss: 0.0234
26-04-10 15:12:23.568 : epoch:[744/1000], 平均loss: 0.0233
26-04-10 15:14:30.606 : epoch:[745/1000], 平均loss: 0.0234
26-04-10 15:16:38.217 : epoch:[746/1000], 平均loss: 0.0233
26-04-10 15:18:45.422 : epoch:[747/1000], 平均loss: 0.0233
26-04-10 15:20:54.108 : epoch:[748/1000], 平均loss: 0.0235
26-04-10 15:23:02.938 : epoch:[749/1000], 平均loss: 0.0235
26-04-10 15:25:10.287 : epoch:[750/1000], 平均loss: 0.0234
26-04-10 15:28:23.220 : [epoch 750 PSNR: 31.4465 Best: 31.4477]
26-04-10 15:30:31.424 : epoch:[751/1000], 平均loss: 0.0232
26-04-10 15:32:38.808 : epoch:[752/1000], 平均loss: 0.0234
26-04-10 15:34:46.460 : epoch:[753/1000], 平均loss: 0.0233
26-04-10 15:36:56.328 : epoch:[754/1000], 平均loss: 0.0234
26-04-10 15:39:03.843 : epoch:[755/1000], 平均loss: 0.0232
26-04-10 15:41:11.472 : epoch:[756/1000], 平均loss: 0.0234
26-04-10 15:43:19.989 : epoch:[757/1000], 平均loss: 0.0234
26-04-10 15:45:30.049 : epoch:[758/1000], 平均loss: 0.0233
26-04-10 15:47:40.109 : epoch:[759/1000], 平均loss: 0.0235
26-04-10 15:49:49.705 : epoch:[760/1000], 平均loss: 0.0234
26-04-10 15:53:02.513 : [epoch 760 PSNR: 31.4478 Best: 31.4478]
26-04-10 15:55:12.942 : epoch:[761/1000], 平均loss: 0.0232
26-04-10 15:57:24.569 : epoch:[762/1000], 平均loss: 0.0232
26-04-10 15:59:33.159 : epoch:[763/1000], 平均loss: 0.0234
26-04-10 16:01:40.619 : epoch:[764/1000], 平均loss: 0.0234
26-04-10 16:03:55.385 : epoch:[765/1000], 平均loss: 0.0236
26-04-10 16:06:08.313 : epoch:[766/1000], 平均loss: 0.0233
26-04-10 16:08:27.819 : epoch:[767/1000], 平均loss: 0.0233
26-04-10 16:10:40.035 : epoch:[768/1000], 平均loss: 0.0233
26-04-10 16:12:50.774 : epoch:[769/1000], 平均loss: 0.0234
26-04-10 16:14:58.982 : epoch:[770/1000], 平均loss: 0.0231
26-04-10 16:18:22.910 : [epoch 770 PSNR: 31.4506 Best: 31.4506]
26-04-10 16:20:43.077 : epoch:[771/1000], 平均loss: 0.0236
26-04-10 16:23:07.703 : epoch:[772/1000], 平均loss: 0.0233
26-04-10 16:25:31.656 : epoch:[773/1000], 平均loss: 0.0231
26-04-10 16:27:48.968 : epoch:[774/1000], 平均loss: 0.0232
26-04-10 16:30:06.174 : epoch:[775/1000], 平均loss: 0.0233
26-04-10 16:32:28.632 : epoch:[776/1000], 平均loss: 0.0233
26-04-10 16:34:52.368 : epoch:[777/1000], 平均loss: 0.0233
26-04-10 16:37:16.807 : epoch:[778/1000], 平均loss: 0.0233
26-04-10 16:39:41.278 : epoch:[779/1000], 平均loss: 0.0233
26-04-10 16:42:09.822 : epoch:[780/1000], 平均loss: 0.0233
26-04-10 16:45:35.209 : [epoch 780 PSNR: 31.4481 Best: 31.4506]
26-04-10 16:47:58.730 : epoch:[781/1000], 平均loss: 0.0234
26-04-10 16:50:21.032 : epoch:[782/1000], 平均loss: 0.0235
26-04-10 16:52:44.732 : epoch:[783/1000], 平均loss: 0.0233
26-04-10 16:55:08.380 : epoch:[784/1000], 平均loss: 0.0233
26-04-10 16:57:31.766 : epoch:[785/1000], 平均loss: 0.0236
26-04-10 16:59:55.131 : epoch:[786/1000], 平均loss: 0.0233
26-04-10 17:02:19.287 : epoch:[787/1000], 平均loss: 0.0233
26-04-10 17:04:43.494 : epoch:[788/1000], 平均loss: 0.0233
26-04-10 17:07:07.175 : epoch:[789/1000], 平均loss: 0.0234
26-04-10 17:09:31.021 : epoch:[790/1000], 平均loss: 0.0234
26-04-10 17:12:56.298 : [epoch 790 PSNR: 31.4471 Best: 31.4506]
26-04-10 17:15:14.859 : epoch:[791/1000], 平均loss: 0.0234
26-04-10 17:17:33.167 : epoch:[792/1000], 平均loss: 0.0234
26-04-10 17:19:51.597 : epoch:[793/1000], 平均loss: 0.0234
26-04-10 17:22:10.139 : epoch:[794/1000], 平均loss: 0.0236
26-04-10 17:24:28.352 : epoch:[795/1000], 平均loss: 0.0234
26-04-10 17:26:51.728 : epoch:[796/1000], 平均loss: 0.0234
26-04-10 17:29:16.303 : epoch:[797/1000], 平均loss: 0.0233
26-04-10 17:31:38.383 : epoch:[798/1000], 平均loss: 0.0233
26-04-10 17:33:56.598 : epoch:[799/1000], 平均loss: 0.0234
26-04-10 17:36:14.796 : epoch:[800/1000], 平均loss: 0.0234
26-04-10 17:39:38.948 : [epoch 800 PSNR: 31.4477 Best: 31.4506]
26-04-10 17:41:56.951 : epoch:[801/1000], 平均loss: 0.0233
26-04-10 17:44:20.753 : epoch:[802/1000], 平均loss: 0.0234
26-04-10 17:46:45.037 : epoch:[803/1000], 平均loss: 0.0234
26-04-10 17:49:03.428 : epoch:[804/1000], 平均loss: 0.0236
26-04-10 17:51:21.523 : epoch:[805/1000], 平均loss: 0.0233
26-04-10 17:53:40.201 : epoch:[806/1000], 平均loss: 0.0233
26-04-10 17:55:58.315 : epoch:[807/1000], 平均loss: 0.0234
26-04-10 17:58:16.564 : epoch:[808/1000], 平均loss: 0.0234
26-04-10 18:00:40.672 : epoch:[809/1000], 平均loss: 0.0234
26-04-10 18:02:59.370 : epoch:[810/1000], 平均loss: 0.0234
26-04-10 18:06:23.822 : [epoch 810 PSNR: 31.4480 Best: 31.4506]
26-04-10 18:08:41.978 : epoch:[811/1000], 平均loss: 0.0233
26-04-10 18:11:00.130 : epoch:[812/1000], 平均loss: 0.0235
26-04-10 18:13:18.467 : epoch:[813/1000], 平均loss: 0.0235
26-04-10 18:15:42.039 : epoch:[814/1000], 平均loss: 0.0235
26-04-10 18:18:06.350 : epoch:[815/1000], 平均loss: 0.0234
26-04-10 18:20:30.256 : epoch:[816/1000], 平均loss: 0.0236
26-04-10 18:22:53.957 : epoch:[817/1000], 平均loss: 0.0233
26-04-10 18:25:18.099 : epoch:[818/1000], 平均loss: 0.0233
26-04-10 18:27:36.173 : epoch:[819/1000], 平均loss: 0.0235
26-04-10 18:29:54.851 : epoch:[820/1000], 平均loss: 0.0234
26-04-10 18:33:19.159 : [epoch 820 PSNR: 31.4491 Best: 31.4506]
26-04-10 18:35:36.089 : epoch:[821/1000], 平均loss: 0.0236
26-04-10 18:37:53.913 : epoch:[822/1000], 平均loss: 0.0234
26-04-10 18:40:10.673 : epoch:[823/1000], 平均loss: 0.0234
26-04-10 18:42:27.358 : epoch:[824/1000], 平均loss: 0.0235
26-04-10 18:44:48.698 : epoch:[825/1000], 平均loss: 0.0233
26-04-10 18:47:10.040 : epoch:[826/1000], 平均loss: 0.0236
26-04-10 18:49:31.713 : epoch:[827/1000], 平均loss: 0.0237
26-04-10 18:51:54.621 : epoch:[828/1000], 平均loss: 0.0233
26-04-10 18:54:15.786 : epoch:[829/1000], 平均loss: 0.0232
26-04-10 18:56:38.450 : epoch:[830/1000], 平均loss: 0.0233
26-04-10 19:00:02.632 : [epoch 830 PSNR: 31.4479 Best: 31.4506]
26-04-10 19:02:19.151 : epoch:[831/1000], 平均loss: 0.0235
26-04-10 19:04:35.987 : epoch:[832/1000], 平均loss: 0.0235
26-04-10 19:06:53.457 : epoch:[833/1000], 平均loss: 0.0235
26-04-10 19:09:10.453 : epoch:[834/1000], 平均loss: 0.0231
26-04-10 19:11:28.305 : epoch:[835/1000], 平均loss: 0.0234
26-04-10 19:13:51.933 : epoch:[836/1000], 平均loss: 0.0233
26-04-10 19:16:15.640 : epoch:[837/1000], 平均loss: 0.0233
26-04-10 19:18:33.039 : epoch:[838/1000], 平均loss: 0.0232
26-04-10 19:20:50.028 : epoch:[839/1000], 平均loss: 0.0234
26-04-10 19:23:07.088 : epoch:[840/1000], 平均loss: 0.0234
26-04-10 19:26:31.121 : [epoch 840 PSNR: 31.4502 Best: 31.4506]
26-04-10 19:28:49.032 : epoch:[841/1000], 平均loss: 0.0234
26-04-10 19:31:06.803 : epoch:[842/1000], 平均loss: 0.0235
26-04-10 19:33:23.950 : epoch:[843/1000], 平均loss: 0.0232
26-04-10 19:35:40.460 : epoch:[844/1000], 平均loss: 0.0236
26-04-10 19:37:57.681 : epoch:[845/1000], 平均loss: 0.0233
26-04-10 19:40:14.703 : epoch:[846/1000], 平均loss: 0.0232
26-04-10 19:42:31.334 : epoch:[847/1000], 平均loss: 0.0233
26-04-10 19:44:53.368 : epoch:[848/1000], 平均loss: 0.0236
26-04-10 19:47:15.924 : epoch:[849/1000], 平均loss: 0.0232
26-04-10 19:49:38.523 : epoch:[850/1000], 平均loss: 0.0233
26-04-10 19:53:02.795 : [epoch 850 PSNR: 31.4484 Best: 31.4506]
26-04-10 19:55:19.419 : epoch:[851/1000], 平均loss: 0.0234
26-04-10 19:57:36.905 : epoch:[852/1000], 平均loss: 0.0234
26-04-10 20:00:00.268 : epoch:[853/1000], 平均loss: 0.0233
26-04-10 20:02:17.275 : epoch:[854/1000], 平均loss: 0.0234
26-04-10 20:04:38.813 : epoch:[855/1000], 平均loss: 0.0235
26-04-10 20:07:00.809 : epoch:[856/1000], 平均loss: 0.0233
26-04-10 20:09:21.933 : epoch:[857/1000], 平均loss: 0.0236
26-04-10 20:11:44.879 : epoch:[858/1000], 平均loss: 0.0234
26-04-10 20:14:06.260 : epoch:[859/1000], 平均loss: 0.0235
26-04-10 20:16:27.069 : epoch:[860/1000], 平均loss: 0.0234
26-04-10 20:19:50.166 : [epoch 860 PSNR: 31.4493 Best: 31.4506]
26-04-10 20:22:11.263 : epoch:[861/1000], 平均loss: 0.0234
26-04-10 20:24:32.788 : epoch:[862/1000], 平均loss: 0.0233
26-04-10 20:26:50.036 : epoch:[863/1000], 平均loss: 0.0232
26-04-10 20:29:06.617 : epoch:[864/1000], 平均loss: 0.0234
26-04-10 20:31:27.543 : epoch:[865/1000], 平均loss: 0.0234
26-04-10 20:33:44.413 : epoch:[866/1000], 平均loss: 0.0232
26-04-10 20:36:02.365 : epoch:[867/1000], 平均loss: 0.0234
26-04-10 20:38:19.753 : epoch:[868/1000], 平均loss: 0.0233
26-04-10 20:40:37.910 : epoch:[869/1000], 平均loss: 0.0232
26-04-10 20:42:54.976 : epoch:[870/1000], 平均loss: 0.0233
26-04-10 20:46:21.341 : [epoch 870 PSNR: 31.4470 Best: 31.4506]
26-04-10 20:46:21.580 : 总训练时间: 37.09小时
