26-04-06 19:48:10.578 :   task: train
  gpu_ids: [0]
  log_path: ./log
  model_save: ./model_save
  pretained_path:[
    index: False
    path: ./model_save/model_best1.pth
  ]
  batch_size: 4
  nc: [16, 1]
  patch_size: [128, 128]
  stride_size: [16, 16]
  atoms: 50
  d_size: 3
  max_epoch: 1000
  stage: 3
  lr: 0.0001
  loss_function_index: 1
  n_channels: 1
  train:[
    sigma: [15, 50]
    dataroot_H: ./dataset/gray_train_all
    H_size: 128
    n_channels: 1
  ]
  valid:[
    sigma: [15, 25, 50]
    dataroot_H: ./dataset/gray_test
    n_channels: 1
  ]
  opt_path: ./options/train_options.json
  is_train: True
  scale: 1

26-04-06 19:48:10.588 : 训练集大小: 1120
26-04-06 19:48:10.588 : 验证集数量: 720 (每个 sigma 一个 Dataset)
26-04-06 19:48:11.745 : Number of parameter: 3.25M
26-04-06 19:48:11.745 : start training...
26-04-06 19:50:53.705 : epoch:[1/1000], 平均loss: 0.0795
26-04-06 19:53:33.735 : epoch:[2/1000], 平均loss: 0.0384
26-04-06 19:56:13.863 : epoch:[3/1000], 平均loss: 0.0363
26-04-06 19:58:52.071 : epoch:[4/1000], 平均loss: 0.0332
26-04-06 20:01:30.559 : epoch:[5/1000], 平均loss: 0.0323
26-04-06 20:04:09.280 : epoch:[6/1000], 平均loss: 0.0304
26-04-06 20:06:47.810 : epoch:[7/1000], 平均loss: 0.0300
26-04-06 20:09:28.175 : epoch:[8/1000], 平均loss: 0.0294
26-04-06 20:12:08.981 : epoch:[9/1000], 平均loss: 0.0287
26-04-06 20:14:49.449 : epoch:[10/1000], 平均loss: 0.0279
26-04-06 20:18:05.780 : [epoch 10 PSNR: 30.1896 Best: 30.1896]
26-04-06 20:20:45.282 : epoch:[11/1000], 平均loss: 0.0277
26-04-06 20:23:24.699 : epoch:[12/1000], 平均loss: 0.0273
26-04-06 20:26:03.592 : epoch:[13/1000], 平均loss: 0.0269
26-04-06 20:28:42.140 : epoch:[14/1000], 平均loss: 0.0275
26-04-06 20:31:22.618 : epoch:[15/1000], 平均loss: 0.0269
26-04-06 20:34:01.910 : epoch:[16/1000], 平均loss: 0.0271
26-04-06 20:36:41.048 : epoch:[17/1000], 平均loss: 0.0269
26-04-06 20:39:20.038 : epoch:[18/1000], 平均loss: 0.0268
26-04-06 20:41:59.759 : epoch:[19/1000], 平均loss: 0.0263
26-04-06 20:44:39.209 : epoch:[20/1000], 平均loss: 0.0261
26-04-06 20:47:54.993 : [epoch 20 PSNR: 30.1472 Best: 30.1896]
26-04-06 20:50:34.330 : epoch:[21/1000], 平均loss: 0.0260
26-04-06 20:53:13.481 : epoch:[22/1000], 平均loss: 0.0262
26-04-06 20:55:53.056 : epoch:[23/1000], 平均loss: 0.0257
26-04-06 20:58:33.809 : epoch:[24/1000], 平均loss: 0.0256
26-04-06 21:01:14.855 : epoch:[25/1000], 平均loss: 0.0256
26-04-06 21:03:56.050 : epoch:[26/1000], 平均loss: 0.0257
26-04-06 21:06:37.115 : epoch:[27/1000], 平均loss: 0.0256
26-04-06 21:09:16.392 : epoch:[28/1000], 平均loss: 0.0253
26-04-06 21:11:54.906 : epoch:[29/1000], 平均loss: 0.0254
26-04-06 21:14:33.028 : epoch:[30/1000], 平均loss: 0.0253
26-04-06 21:17:49.483 : [epoch 30 PSNR: 30.8657 Best: 30.8657]
26-04-06 21:20:28.170 : epoch:[31/1000], 平均loss: 0.0251
26-04-06 21:23:06.352 : epoch:[32/1000], 平均loss: 0.0255
26-04-06 21:25:44.755 : epoch:[33/1000], 平均loss: 0.0252
26-04-06 21:28:24.646 : epoch:[34/1000], 平均loss: 0.0251
26-04-06 21:31:04.877 : epoch:[35/1000], 平均loss: 0.0250
26-04-06 21:33:44.739 : epoch:[36/1000], 平均loss: 0.0251
26-04-06 21:36:24.481 : epoch:[37/1000], 平均loss: 0.0249
26-04-06 21:39:02.781 : epoch:[38/1000], 平均loss: 0.0247
26-04-06 21:41:41.522 : epoch:[39/1000], 平均loss: 0.0250
26-04-06 21:44:21.545 : epoch:[40/1000], 平均loss: 0.0247
26-04-06 21:47:38.617 : [epoch 40 PSNR: 31.0010 Best: 31.0010]
26-04-06 21:50:18.641 : epoch:[41/1000], 平均loss: 0.0247
26-04-06 21:52:58.888 : epoch:[42/1000], 平均loss: 0.0248
26-04-06 21:55:38.868 : epoch:[43/1000], 平均loss: 0.0247
26-04-06 21:58:18.793 : epoch:[44/1000], 平均loss: 0.0246
26-04-06 22:00:58.755 : epoch:[45/1000], 平均loss: 0.0247
26-04-06 22:03:38.570 : epoch:[46/1000], 平均loss: 0.0247
26-04-06 22:06:18.630 : epoch:[47/1000], 平均loss: 0.0247
26-04-06 22:08:58.958 : epoch:[48/1000], 平均loss: 0.0247
26-04-06 22:11:39.752 : epoch:[49/1000], 平均loss: 0.0248
26-04-06 22:14:17.737 : epoch:[50/1000], 平均loss: 0.0244
26-04-06 22:17:34.500 : [epoch 50 PSNR: 30.9989 Best: 31.0010]
26-04-06 22:20:13.231 : epoch:[51/1000], 平均loss: 0.0246
26-04-06 22:22:50.805 : epoch:[52/1000], 平均loss: 0.0244
26-04-06 22:25:28.041 : epoch:[53/1000], 平均loss: 0.0245
26-04-06 22:28:05.588 : epoch:[54/1000], 平均loss: 0.0244
26-04-06 22:30:44.464 : epoch:[55/1000], 平均loss: 0.0244
26-04-06 22:33:23.665 : epoch:[56/1000], 平均loss: 0.0245
26-04-06 22:36:11.591 : epoch:[57/1000], 平均loss: 0.0243
26-04-06 22:38:52.658 : epoch:[58/1000], 平均loss: 0.0243
26-04-06 22:41:31.363 : epoch:[59/1000], 平均loss: 0.0245
26-04-06 22:44:10.228 : epoch:[60/1000], 平均loss: 0.0243
26-04-06 22:47:26.535 : [epoch 60 PSNR: 31.0898 Best: 31.0898]
26-04-06 22:50:05.957 : epoch:[61/1000], 平均loss: 0.0243
26-04-06 22:52:44.788 : epoch:[62/1000], 平均loss: 0.0244
26-04-06 22:55:23.764 : epoch:[63/1000], 平均loss: 0.0244
26-04-06 22:58:02.670 : epoch:[64/1000], 平均loss: 0.0245
26-04-06 23:00:41.497 : epoch:[65/1000], 平均loss: 0.0242
26-04-06 23:03:21.957 : epoch:[66/1000], 平均loss: 0.0241
26-04-06 23:06:02.577 : epoch:[67/1000], 平均loss: 0.0242
26-04-06 23:08:43.331 : epoch:[68/1000], 平均loss: 0.0243
26-04-06 23:11:23.341 : epoch:[69/1000], 平均loss: 0.0243
26-04-06 23:14:02.106 : epoch:[70/1000], 平均loss: 0.0243
26-04-06 23:17:18.557 : [epoch 70 PSNR: 31.1717 Best: 31.1717]
26-04-06 23:19:58.877 : epoch:[71/1000], 平均loss: 0.0241
26-04-06 23:22:39.218 : epoch:[72/1000], 平均loss: 0.0242
26-04-06 23:25:19.589 : epoch:[73/1000], 平均loss: 0.0241
26-04-06 23:27:59.000 : epoch:[74/1000], 平均loss: 0.0241
26-04-06 23:30:38.166 : epoch:[75/1000], 平均loss: 0.0243
26-04-06 23:33:17.168 : epoch:[76/1000], 平均loss: 0.0240
26-04-06 23:35:56.373 : epoch:[77/1000], 平均loss: 0.0242
26-04-06 23:38:34.894 : epoch:[78/1000], 平均loss: 0.0242
26-04-06 23:41:15.410 : epoch:[79/1000], 平均loss: 0.0242
26-04-06 23:43:54.929 : epoch:[80/1000], 平均loss: 0.0242
26-04-06 23:47:10.889 : [epoch 80 PSNR: 31.2081 Best: 31.2081]
26-04-06 23:49:51.857 : epoch:[81/1000], 平均loss: 0.0240
26-04-06 23:52:32.245 : epoch:[82/1000], 平均loss: 0.0239
26-04-06 23:55:13.792 : epoch:[83/1000], 平均loss: 0.0244
26-04-06 23:57:55.080 : epoch:[84/1000], 平均loss: 0.0243
26-04-07 00:00:35.649 : epoch:[85/1000], 平均loss: 0.0241
26-04-07 00:03:16.465 : epoch:[86/1000], 平均loss: 0.0241
26-04-07 00:05:57.835 : epoch:[87/1000], 平均loss: 0.0238
26-04-07 00:08:36.377 : epoch:[88/1000], 平均loss: 0.0241
26-04-07 00:11:15.015 : epoch:[89/1000], 平均loss: 0.0239
26-04-07 00:13:55.105 : epoch:[90/1000], 平均loss: 0.0246
26-04-07 00:17:10.956 : [epoch 90 PSNR: 31.2009 Best: 31.2081]
26-04-07 00:19:51.294 : epoch:[91/1000], 平均loss: 0.0241
26-04-07 00:22:31.895 : epoch:[92/1000], 平均loss: 0.0241
26-04-07 00:25:12.634 : epoch:[93/1000], 平均loss: 0.0241
26-04-07 00:27:51.597 : epoch:[94/1000], 平均loss: 0.0241
26-04-07 00:30:30.118 : epoch:[95/1000], 平均loss: 0.0241
26-04-07 00:33:09.962 : epoch:[96/1000], 平均loss: 0.0241
26-04-07 00:35:49.777 : epoch:[97/1000], 平均loss: 0.0241
26-04-07 00:38:27.883 : epoch:[98/1000], 平均loss: 0.0240
26-04-07 00:41:05.460 : epoch:[99/1000], 平均loss: 0.0240
26-04-07 00:43:45.088 : epoch:[100/1000], 平均loss: 0.0239
26-04-07 00:47:01.477 : [epoch 100 PSNR: 31.2127 Best: 31.2127]
26-04-07 00:49:41.853 : epoch:[101/1000], 平均loss: 0.0241
26-04-07 00:52:21.850 : epoch:[102/1000], 平均loss: 0.0240
26-04-07 00:55:02.217 : epoch:[103/1000], 平均loss: 0.0242
26-04-07 00:57:42.301 : epoch:[104/1000], 平均loss: 0.0240
26-04-07 01:00:20.837 : epoch:[105/1000], 平均loss: 0.0240
26-04-07 01:02:59.362 : epoch:[106/1000], 平均loss: 0.0239
26-04-07 01:05:37.596 : epoch:[107/1000], 平均loss: 0.0237
26-04-07 01:08:16.516 : epoch:[108/1000], 平均loss: 0.0241
26-04-07 01:10:55.289 : epoch:[109/1000], 平均loss: 0.0241
26-04-07 01:13:34.925 : epoch:[110/1000], 平均loss: 0.0237
26-04-07 01:16:49.268 : [epoch 110 PSNR: 31.2266 Best: 31.2266]
26-04-07 01:19:27.938 : epoch:[111/1000], 平均loss: 0.0239
26-04-07 01:22:06.967 : epoch:[112/1000], 平均loss: 0.0239
26-04-07 01:24:47.190 : epoch:[113/1000], 平均loss: 0.0240
26-04-07 01:27:26.057 : epoch:[114/1000], 平均loss: 0.0239
26-04-07 01:30:04.529 : epoch:[115/1000], 平均loss: 0.0238
26-04-07 01:32:45.191 : epoch:[116/1000], 平均loss: 0.0239
26-04-07 01:35:25.363 : epoch:[117/1000], 平均loss: 0.0240
26-04-07 01:38:05.381 : epoch:[118/1000], 平均loss: 0.0240
26-04-07 01:40:45.206 : epoch:[119/1000], 平均loss: 0.0239
26-04-07 01:43:23.662 : epoch:[120/1000], 平均loss: 0.0240
26-04-07 01:46:40.190 : [epoch 120 PSNR: 31.2578 Best: 31.2578]
26-04-07 01:49:18.964 : epoch:[121/1000], 平均loss: 0.0240
26-04-07 01:51:56.860 : epoch:[122/1000], 平均loss: 0.0239
26-04-07 01:54:35.702 : epoch:[123/1000], 平均loss: 0.0240
26-04-07 01:57:14.572 : epoch:[124/1000], 平均loss: 0.0238
26-04-07 01:59:54.863 : epoch:[125/1000], 平均loss: 0.0239
26-04-07 02:02:33.446 : epoch:[126/1000], 平均loss: 0.0239
26-04-07 02:05:11.610 : epoch:[127/1000], 平均loss: 0.0239
26-04-07 02:07:49.947 : epoch:[128/1000], 平均loss: 0.0239
26-04-07 02:10:28.465 : epoch:[129/1000], 平均loss: 0.0238
26-04-07 02:13:06.139 : epoch:[130/1000], 平均loss: 0.0239
26-04-07 02:16:21.513 : [epoch 130 PSNR: 31.2637 Best: 31.2637]
26-04-07 02:19:01.961 : epoch:[131/1000], 平均loss: 0.0241
26-04-07 02:21:41.982 : epoch:[132/1000], 平均loss: 0.0240
26-04-07 02:24:22.614 : epoch:[133/1000], 平均loss: 0.0237
26-04-07 02:27:00.660 : epoch:[134/1000], 平均loss: 0.0238
26-04-07 02:29:38.716 : epoch:[135/1000], 平均loss: 0.0240
26-04-07 02:32:18.815 : epoch:[136/1000], 平均loss: 0.0239
26-04-07 02:34:57.536 : epoch:[137/1000], 平均loss: 0.0239
26-04-07 02:37:37.254 : epoch:[138/1000], 平均loss: 0.0239
26-04-07 02:40:17.257 : epoch:[139/1000], 平均loss: 0.0237
26-04-07 02:42:57.191 : epoch:[140/1000], 平均loss: 0.0236
26-04-07 02:46:14.900 : [epoch 140 PSNR: 31.2891 Best: 31.2891]
26-04-07 02:48:53.805 : epoch:[141/1000], 平均loss: 0.0237
26-04-07 02:51:31.666 : epoch:[142/1000], 平均loss: 0.0238
26-04-07 02:54:10.394 : epoch:[143/1000], 平均loss: 0.0239
26-04-07 02:56:48.946 : epoch:[144/1000], 平均loss: 0.0239
26-04-07 02:59:28.391 : epoch:[145/1000], 平均loss: 0.0238
26-04-07 03:02:08.275 : epoch:[146/1000], 平均loss: 0.0237
26-04-07 03:04:45.612 : epoch:[147/1000], 平均loss: 0.0239
26-04-07 03:07:22.539 : epoch:[148/1000], 平均loss: 0.0236
26-04-07 03:10:01.119 : epoch:[149/1000], 平均loss: 0.0239
26-04-07 03:12:39.059 : epoch:[150/1000], 平均loss: 0.0239
26-04-07 03:15:56.067 : [epoch 150 PSNR: 31.2869 Best: 31.2891]
26-04-07 03:18:36.234 : epoch:[151/1000], 平均loss: 0.0238
26-04-07 03:21:15.708 : epoch:[152/1000], 平均loss: 0.0240
26-04-07 03:23:55.202 : epoch:[153/1000], 平均loss: 0.0239
26-04-07 03:26:36.038 : epoch:[154/1000], 平均loss: 0.0238
26-04-07 03:29:13.479 : epoch:[155/1000], 平均loss: 0.0238
26-04-07 03:31:51.329 : epoch:[156/1000], 平均loss: 0.0237
26-04-07 03:34:29.968 : epoch:[157/1000], 平均loss: 0.0240
26-04-07 03:37:09.531 : epoch:[158/1000], 平均loss: 0.0238
26-04-07 03:39:49.287 : epoch:[159/1000], 平均loss: 0.0238
26-04-07 03:42:29.416 : epoch:[160/1000], 平均loss: 0.0238
26-04-07 03:45:45.681 : [epoch 160 PSNR: 31.2607 Best: 31.2891]
26-04-07 03:48:23.399 : epoch:[161/1000], 平均loss: 0.0239
26-04-07 03:51:01.511 : epoch:[162/1000], 平均loss: 0.0237
26-04-07 03:53:40.156 : epoch:[163/1000], 平均loss: 0.0239
26-04-07 03:56:19.055 : epoch:[164/1000], 平均loss: 0.0238
26-04-07 03:58:57.614 : epoch:[165/1000], 平均loss: 0.0238
26-04-07 04:01:35.228 : epoch:[166/1000], 平均loss: 0.0238
26-04-07 04:04:13.766 : epoch:[167/1000], 平均loss: 0.0237
26-04-07 04:06:52.021 : epoch:[168/1000], 平均loss: 0.0238
26-04-07 04:09:31.030 : epoch:[169/1000], 平均loss: 0.0237
26-04-07 04:12:10.051 : epoch:[170/1000], 平均loss: 0.0235
26-04-07 04:15:27.323 : [epoch 170 PSNR: 31.3025 Best: 31.3025]
26-04-07 04:18:06.392 : epoch:[171/1000], 平均loss: 0.0236
26-04-07 04:20:45.175 : epoch:[172/1000], 平均loss: 0.0237
26-04-07 04:23:23.851 : epoch:[173/1000], 平均loss: 0.0238
26-04-07 04:26:02.653 : epoch:[174/1000], 平均loss: 0.0237
26-04-07 04:28:41.628 : epoch:[175/1000], 平均loss: 0.0238
26-04-07 04:31:22.023 : epoch:[176/1000], 平均loss: 0.0237
26-04-07 04:34:01.046 : epoch:[177/1000], 平均loss: 0.0237
26-04-07 04:36:39.568 : epoch:[178/1000], 平均loss: 0.0235
26-04-07 04:39:18.328 : epoch:[179/1000], 平均loss: 0.0237
26-04-07 04:41:56.936 : epoch:[180/1000], 平均loss: 0.0240
26-04-07 04:45:11.687 : [epoch 180 PSNR: 31.3135 Best: 31.3135]
26-04-07 04:47:50.191 : epoch:[181/1000], 平均loss: 0.0237
26-04-07 04:50:28.933 : epoch:[182/1000], 平均loss: 0.0240
26-04-07 04:53:09.168 : epoch:[183/1000], 平均loss: 0.0237
26-04-07 04:55:49.123 : epoch:[184/1000], 平均loss: 0.0237
26-04-07 04:58:27.895 : epoch:[185/1000], 平均loss: 0.0237
26-04-07 05:01:07.953 : epoch:[186/1000], 平均loss: 0.0236
26-04-07 05:03:47.942 : epoch:[187/1000], 平均loss: 0.0237
26-04-07 05:06:27.865 : epoch:[188/1000], 平均loss: 0.0237
26-04-07 05:09:07.477 : epoch:[189/1000], 平均loss: 0.0238
26-04-07 05:11:47.218 : epoch:[190/1000], 平均loss: 0.0236
26-04-07 05:15:04.248 : [epoch 190 PSNR: 31.2998 Best: 31.3135]
26-04-07 05:17:43.354 : epoch:[191/1000], 平均loss: 0.0236
26-04-07 05:20:22.393 : epoch:[192/1000], 平均loss: 0.0238
26-04-07 05:23:01.279 : epoch:[193/1000], 平均loss: 0.0238
26-04-07 05:25:40.078 : epoch:[194/1000], 平均loss: 0.0238
26-04-07 05:28:20.274 : epoch:[195/1000], 平均loss: 0.0239
26-04-07 05:31:00.291 : epoch:[196/1000], 平均loss: 0.0238
26-04-07 05:33:40.806 : epoch:[197/1000], 平均loss: 0.0238
26-04-07 05:36:20.779 : epoch:[198/1000], 平均loss: 0.0236
26-04-07 05:39:00.948 : epoch:[199/1000], 平均loss: 0.0237
26-04-07 05:41:40.855 : epoch:[200/1000], 平均loss: 0.0236
26-04-07 05:44:58.373 : [epoch 200 PSNR: 31.3071 Best: 31.3135]
26-04-07 05:47:37.222 : epoch:[201/1000], 平均loss: 0.0240
26-04-07 05:50:15.883 : epoch:[202/1000], 平均loss: 0.0238
26-04-07 05:52:54.799 : epoch:[203/1000], 平均loss: 0.0236
26-04-07 05:55:33.541 : epoch:[204/1000], 平均loss: 0.0238
26-04-07 05:58:11.866 : epoch:[205/1000], 平均loss: 0.0240
26-04-07 06:00:52.128 : epoch:[206/1000], 平均loss: 0.0239
26-04-07 06:03:32.133 : epoch:[207/1000], 平均loss: 0.0238
26-04-07 06:06:11.811 : epoch:[208/1000], 平均loss: 0.0236
26-04-07 06:08:52.358 : epoch:[209/1000], 平均loss: 0.0237
26-04-07 06:11:32.580 : epoch:[210/1000], 平均loss: 0.0236
26-04-07 06:14:48.482 : [epoch 210 PSNR: 31.3049 Best: 31.3135]
26-04-07 06:17:28.632 : epoch:[211/1000], 平均loss: 0.0236
26-04-07 06:20:07.320 : epoch:[212/1000], 平均loss: 0.0240
26-04-07 06:22:46.039 : epoch:[213/1000], 平均loss: 0.0238
26-04-07 06:25:25.995 : epoch:[214/1000], 平均loss: 0.0237
26-04-07 06:28:05.338 : epoch:[215/1000], 平均loss: 0.0240
26-04-07 06:30:45.635 : epoch:[216/1000], 平均loss: 0.0240
26-04-07 06:33:25.856 : epoch:[217/1000], 平均loss: 0.0237
26-04-07 06:36:05.210 : epoch:[218/1000], 平均loss: 0.0238
26-04-07 06:38:45.837 : epoch:[219/1000], 平均loss: 0.0236
26-04-07 06:41:28.218 : epoch:[220/1000], 平均loss: 0.0238
26-04-07 06:44:43.987 : [epoch 220 PSNR: 31.3094 Best: 31.3135]
26-04-07 06:47:23.320 : epoch:[221/1000], 平均loss: 0.0236
26-04-07 06:50:03.536 : epoch:[222/1000], 平均loss: 0.0238
26-04-07 06:52:43.618 : epoch:[223/1000], 平均loss: 0.0237
26-04-07 06:55:23.725 : epoch:[224/1000], 平均loss: 0.0238
26-04-07 06:58:02.535 : epoch:[225/1000], 平均loss: 0.0237
26-04-07 07:00:40.907 : epoch:[226/1000], 平均loss: 0.0238
26-04-07 07:03:20.934 : epoch:[227/1000], 平均loss: 0.0238
26-04-07 07:06:00.982 : epoch:[228/1000], 平均loss: 0.0237
26-04-07 07:08:41.174 : epoch:[229/1000], 平均loss: 0.0236
26-04-07 07:11:21.848 : epoch:[230/1000], 平均loss: 0.0239
26-04-07 07:14:39.309 : [epoch 230 PSNR: 31.3145 Best: 31.3145]
26-04-07 07:17:18.485 : epoch:[231/1000], 平均loss: 0.0237
26-04-07 07:19:57.315 : epoch:[232/1000], 平均loss: 0.0236
26-04-07 07:22:36.213 : epoch:[233/1000], 平均loss: 0.0238
26-04-07 07:25:14.981 : epoch:[234/1000], 平均loss: 0.0240
26-04-07 07:27:55.096 : epoch:[235/1000], 平均loss: 0.0238
26-04-07 07:30:35.891 : epoch:[236/1000], 平均loss: 0.0237
26-04-07 07:33:15.922 : epoch:[237/1000], 平均loss: 0.0236
26-04-07 07:35:57.091 : epoch:[238/1000], 平均loss: 0.0237
26-04-07 07:38:40.099 : epoch:[239/1000], 平均loss: 0.0236
26-04-07 07:41:22.402 : epoch:[240/1000], 平均loss: 0.0238
26-04-07 07:44:37.367 : [epoch 240 PSNR: 31.2928 Best: 31.3145]
26-04-07 07:47:17.555 : epoch:[241/1000], 平均loss: 0.0237
26-04-07 07:49:55.876 : epoch:[242/1000], 平均loss: 0.0236
26-04-07 07:52:33.936 : epoch:[243/1000], 平均loss: 0.0238
26-04-07 07:55:12.951 : epoch:[244/1000], 平均loss: 0.0236
26-04-07 07:57:51.849 : epoch:[245/1000], 平均loss: 0.0235
26-04-07 08:00:30.734 : epoch:[246/1000], 平均loss: 0.0236
26-04-07 08:03:10.675 : epoch:[247/1000], 平均loss: 0.0237
26-04-07 08:05:49.413 : epoch:[248/1000], 平均loss: 0.0236
26-04-07 08:08:26.762 : epoch:[249/1000], 平均loss: 0.0239
26-04-07 08:11:05.720 : epoch:[250/1000], 平均loss: 0.0236
26-04-07 08:14:22.410 : [epoch 250 PSNR: 31.3081 Best: 31.3145]
26-04-07 08:17:02.345 : epoch:[251/1000], 平均loss: 0.0236
26-04-07 08:19:40.646 : epoch:[252/1000], 平均loss: 0.0238
26-04-07 08:22:18.438 : epoch:[253/1000], 平均loss: 0.0236
26-04-07 08:24:56.065 : epoch:[254/1000], 平均loss: 0.0238
26-04-07 08:27:35.820 : epoch:[255/1000], 平均loss: 0.0237
26-04-07 08:30:15.978 : epoch:[256/1000], 平均loss: 0.0236
26-04-07 08:32:54.303 : epoch:[257/1000], 平均loss: 0.0237
26-04-07 08:35:32.781 : epoch:[258/1000], 平均loss: 0.0236
26-04-07 08:38:11.443 : epoch:[259/1000], 平均loss: 0.0235
26-04-07 08:40:49.173 : epoch:[260/1000], 平均loss: 0.0238
26-04-07 08:44:06.122 : [epoch 260 PSNR: 31.3178 Best: 31.3178]
26-04-07 08:46:46.615 : epoch:[261/1000], 平均loss: 0.0236
26-04-07 08:49:26.646 : epoch:[262/1000], 平均loss: 0.0238
26-04-07 08:52:06.968 : epoch:[263/1000], 平均loss: 0.0237
26-04-07 08:54:47.134 : epoch:[264/1000], 平均loss: 0.0237
26-04-07 08:57:26.794 : epoch:[265/1000], 平均loss: 0.0239
26-04-07 09:00:05.233 : epoch:[266/1000], 平均loss: 0.0237
26-04-07 09:02:42.818 : epoch:[267/1000], 平均loss: 0.0236
26-04-07 09:05:20.447 : epoch:[268/1000], 平均loss: 0.0236
26-04-07 09:08:00.750 : epoch:[269/1000], 平均loss: 0.0237
26-04-07 09:10:40.789 : epoch:[270/1000], 平均loss: 0.0240
26-04-07 09:13:57.552 : [epoch 270 PSNR: 31.3078 Best: 31.3178]
26-04-07 09:16:36.948 : epoch:[271/1000], 平均loss: 0.0237
26-04-07 09:19:16.042 : epoch:[272/1000], 平均loss: 0.0236
26-04-07 09:21:54.875 : epoch:[273/1000], 平均loss: 0.0237
26-04-07 09:24:34.049 : epoch:[274/1000], 平均loss: 0.0240
26-04-07 09:27:13.271 : epoch:[275/1000], 平均loss: 0.0237
26-04-07 09:29:52.284 : epoch:[276/1000], 平均loss: 0.0236
26-04-07 09:32:31.930 : epoch:[277/1000], 平均loss: 0.0239
26-04-07 09:35:11.016 : epoch:[278/1000], 平均loss: 0.0237
26-04-07 09:37:51.390 : epoch:[279/1000], 平均loss: 0.0236
26-04-07 09:40:31.697 : epoch:[280/1000], 平均loss: 0.0235
26-04-07 09:43:47.761 : [epoch 280 PSNR: 31.3108 Best: 31.3178]
26-04-07 09:46:26.372 : epoch:[281/1000], 平均loss: 0.0237
26-04-07 09:49:05.358 : epoch:[282/1000], 平均loss: 0.0234
26-04-07 09:51:44.392 : epoch:[283/1000], 平均loss: 0.0238
26-04-07 09:54:23.301 : epoch:[284/1000], 平均loss: 0.0237
26-04-07 09:57:02.412 : epoch:[285/1000], 平均loss: 0.0238
26-04-07 09:59:42.235 : epoch:[286/1000], 平均loss: 0.0238
26-04-07 10:02:21.456 : epoch:[287/1000], 平均loss: 0.0237
26-04-07 10:04:59.981 : epoch:[288/1000], 平均loss: 0.0235
26-04-07 10:07:38.338 : epoch:[289/1000], 平均loss: 0.0237
26-04-07 10:10:17.452 : epoch:[290/1000], 平均loss: 0.0237
26-04-07 10:13:34.639 : [epoch 290 PSNR: 31.3192 Best: 31.3192]
26-04-07 10:16:15.184 : epoch:[291/1000], 平均loss: 0.0240
26-04-07 10:18:55.347 : epoch:[292/1000], 平均loss: 0.0238
26-04-07 10:21:35.698 : epoch:[293/1000], 平均loss: 0.0236
26-04-07 10:24:16.162 : epoch:[294/1000], 平均loss: 0.0238
26-04-07 10:26:54.960 : epoch:[295/1000], 平均loss: 0.0236
26-04-07 10:29:33.454 : epoch:[296/1000], 平均loss: 0.0237
26-04-07 10:32:13.685 : epoch:[297/1000], 平均loss: 0.0237
26-04-07 10:34:52.637 : epoch:[298/1000], 平均loss: 0.0238
26-04-07 10:37:31.590 : epoch:[299/1000], 平均loss: 0.0238
26-04-07 10:40:10.135 : epoch:[300/1000], 平均loss: 0.0238
26-04-07 10:43:27.426 : [epoch 300 PSNR: 31.3104 Best: 31.3192]
26-04-07 10:46:07.644 : epoch:[301/1000], 平均loss: 0.0238
26-04-07 10:48:46.454 : epoch:[302/1000], 平均loss: 0.0236
26-04-07 10:51:25.413 : epoch:[303/1000], 平均loss: 0.0237
26-04-07 10:54:03.850 : epoch:[304/1000], 平均loss: 0.0240
26-04-07 10:56:42.362 : epoch:[305/1000], 平均loss: 0.0239
26-04-07 10:59:23.073 : epoch:[306/1000], 平均loss: 0.0236
26-04-07 11:02:03.587 : epoch:[307/1000], 平均loss: 0.0238
26-04-07 11:04:43.402 : epoch:[308/1000], 平均loss: 0.0239
26-04-07 11:07:23.424 : epoch:[309/1000], 平均loss: 0.0237
26-04-07 11:10:03.558 : epoch:[310/1000], 平均loss: 0.0238
26-04-07 11:13:20.984 : [epoch 310 PSNR: 31.3174 Best: 31.3192]
26-04-07 11:16:00.156 : epoch:[311/1000], 平均loss: 0.0238
26-04-07 11:18:38.866 : epoch:[312/1000], 平均loss: 0.0238
26-04-07 11:21:17.777 : epoch:[313/1000], 平均loss: 0.0237
26-04-07 11:23:56.695 : epoch:[314/1000], 平均loss: 0.0238
26-04-07 11:26:34.941 : epoch:[315/1000], 平均loss: 0.0239
26-04-07 11:29:15.026 : epoch:[316/1000], 平均loss: 0.0239
26-04-07 11:31:55.449 : epoch:[317/1000], 平均loss: 0.0239
26-04-07 11:34:34.303 : epoch:[318/1000], 平均loss: 0.0237
26-04-07 11:37:14.530 : epoch:[319/1000], 平均loss: 0.0237
26-04-07 11:39:54.679 : epoch:[320/1000], 平均loss: 0.0236
26-04-07 11:43:11.317 : [epoch 320 PSNR: 31.3180 Best: 31.3192]
26-04-07 11:45:50.218 : epoch:[321/1000], 平均loss: 0.0235
26-04-07 11:48:28.733 : epoch:[322/1000], 平均loss: 0.0237
26-04-07 11:51:07.037 : epoch:[323/1000], 平均loss: 0.0236
26-04-07 11:53:45.521 : epoch:[324/1000], 平均loss: 0.0238
26-04-07 11:56:24.204 : epoch:[325/1000], 平均loss: 0.0239
26-04-07 11:59:04.050 : epoch:[326/1000], 平均loss: 0.0237
26-04-07 12:01:44.816 : epoch:[327/1000], 平均loss: 0.0238
26-04-07 12:04:23.583 : epoch:[328/1000], 平均loss: 0.0237
26-04-07 12:07:02.378 : epoch:[329/1000], 平均loss: 0.0238
26-04-07 12:09:42.447 : epoch:[330/1000], 平均loss: 0.0239
26-04-07 12:12:58.882 : [epoch 330 PSNR: 31.3166 Best: 31.3192]
26-04-07 12:15:38.132 : epoch:[331/1000], 平均loss: 0.0238
26-04-07 12:18:16.533 : epoch:[332/1000], 平均loss: 0.0236
26-04-07 12:20:55.494 : epoch:[333/1000], 平均loss: 0.0238
26-04-07 12:23:34.354 : epoch:[334/1000], 平均loss: 0.0238
26-04-07 12:26:16.692 : epoch:[335/1000], 平均loss: 0.0237
26-04-07 12:28:58.387 : epoch:[336/1000], 平均loss: 0.0236
26-04-07 12:31:38.136 : epoch:[337/1000], 平均loss: 0.0237
26-04-07 12:34:17.721 : epoch:[338/1000], 平均loss: 0.0237
26-04-07 12:36:57.124 : epoch:[339/1000], 平均loss: 0.0236
26-04-07 12:39:36.647 : epoch:[340/1000], 平均loss: 0.0236
26-04-07 12:42:52.671 : [epoch 340 PSNR: 31.3189 Best: 31.3192]
26-04-07 12:45:34.570 : epoch:[341/1000], 平均loss: 0.0237
26-04-07 12:48:15.630 : epoch:[342/1000], 平均loss: 0.0236
26-04-07 12:50:57.192 : epoch:[343/1000], 平均loss: 0.0237
26-04-07 12:53:36.999 : epoch:[344/1000], 平均loss: 0.0238
26-04-07 12:56:16.794 : epoch:[345/1000], 平均loss: 0.0239
26-04-07 12:58:58.329 : epoch:[346/1000], 平均loss: 0.0238
26-04-07 13:01:39.830 : epoch:[347/1000], 平均loss: 0.0237
26-04-07 13:04:21.194 : epoch:[348/1000], 平均loss: 0.0239
26-04-07 13:07:01.994 : epoch:[349/1000], 平均loss: 0.0236
26-04-07 13:09:43.464 : epoch:[350/1000], 平均loss: 0.0237
26-04-07 13:13:00.504 : [epoch 350 PSNR: 31.3205 Best: 31.3205]
26-04-07 13:15:39.363 : epoch:[351/1000], 平均loss: 0.0237
26-04-07 13:18:18.277 : epoch:[352/1000], 平均loss: 0.0236
26-04-07 13:20:56.639 : epoch:[353/1000], 平均loss: 0.0235
26-04-07 13:23:35.902 : epoch:[354/1000], 平均loss: 0.0237
26-04-07 13:26:16.523 : epoch:[355/1000], 平均loss: 0.0238
26-04-07 13:28:56.382 : epoch:[356/1000], 平均loss: 0.0238
26-04-07 13:31:35.597 : epoch:[357/1000], 平均loss: 0.0238
26-04-07 13:34:16.377 : epoch:[358/1000], 平均loss: 0.0235
26-04-07 13:36:56.830 : epoch:[359/1000], 平均loss: 0.0235
26-04-07 13:39:35.826 : epoch:[360/1000], 平均loss: 0.0236
26-04-07 13:42:52.229 : [epoch 360 PSNR: 31.3195 Best: 31.3205]
26-04-07 13:45:32.829 : epoch:[361/1000], 平均loss: 0.0238
26-04-07 13:48:14.322 : epoch:[362/1000], 平均loss: 0.0236
26-04-07 13:50:55.042 : epoch:[363/1000], 平均loss: 0.0239
26-04-07 13:53:35.547 : epoch:[364/1000], 平均loss: 0.0237
26-04-07 13:56:16.140 : epoch:[365/1000], 平均loss: 0.0236
26-04-07 13:58:55.294 : epoch:[366/1000], 平均loss: 0.0236
26-04-07 14:01:34.347 : epoch:[367/1000], 平均loss: 0.0239
26-04-07 14:04:13.329 : epoch:[368/1000], 平均loss: 0.0236
26-04-07 14:06:51.723 : epoch:[369/1000], 平均loss: 0.0237
26-04-07 14:09:30.548 : epoch:[370/1000], 平均loss: 0.0236
26-04-07 14:12:47.330 : [epoch 370 PSNR: 31.3187 Best: 31.3205]
26-04-07 14:15:27.722 : epoch:[371/1000], 平均loss: 0.0238
26-04-07 14:18:08.107 : epoch:[372/1000], 平均loss: 0.0238
26-04-07 14:20:49.028 : epoch:[373/1000], 平均loss: 0.0238
26-04-07 14:23:29.837 : epoch:[374/1000], 平均loss: 0.0237
26-04-07 14:26:10.400 : epoch:[375/1000], 平均loss: 0.0238
26-04-07 14:28:49.180 : epoch:[376/1000], 平均loss: 0.0236
26-04-07 14:31:28.355 : epoch:[377/1000], 平均loss: 0.0237
26-04-07 14:34:08.969 : epoch:[378/1000], 平均loss: 0.0237
26-04-07 14:36:48.026 : epoch:[379/1000], 平均loss: 0.0236
26-04-07 14:39:27.036 : epoch:[380/1000], 平均loss: 0.0236
26-04-07 14:42:43.300 : [epoch 380 PSNR: 31.3164 Best: 31.3205]
26-04-07 14:45:23.678 : epoch:[381/1000], 平均loss: 0.0236
26-04-07 14:48:03.721 : epoch:[382/1000], 平均loss: 0.0236
26-04-07 14:50:43.877 : epoch:[383/1000], 平均loss: 0.0237
26-04-07 14:53:24.145 : epoch:[384/1000], 平均loss: 0.0238
26-04-07 14:56:04.238 : epoch:[385/1000], 平均loss: 0.0235
26-04-07 14:58:43.186 : epoch:[386/1000], 平均loss: 0.0238
26-04-07 15:01:21.810 : epoch:[387/1000], 平均loss: 0.0236
26-04-07 15:04:00.565 : epoch:[388/1000], 平均loss: 0.0237
26-04-07 15:06:39.050 : epoch:[389/1000], 平均loss: 0.0235
26-04-07 15:09:17.219 : epoch:[390/1000], 平均loss: 0.0237
26-04-07 15:12:34.803 : [epoch 390 PSNR: 31.3201 Best: 31.3205]
26-04-07 15:15:15.442 : epoch:[391/1000], 平均loss: 0.0236
26-04-07 15:17:56.017 : epoch:[392/1000], 平均loss: 0.0239
26-04-07 15:20:36.396 : epoch:[393/1000], 平均loss: 0.0236
26-04-07 15:23:17.198 : epoch:[394/1000], 平均loss: 0.0238
26-04-07 15:25:57.848 : epoch:[395/1000], 平均loss: 0.0236
26-04-07 15:28:38.016 : epoch:[396/1000], 平均loss: 0.0237
26-04-07 15:31:18.515 : epoch:[397/1000], 平均loss: 0.0236
26-04-07 15:33:57.909 : epoch:[398/1000], 平均loss: 0.0237
26-04-07 15:36:36.977 : epoch:[399/1000], 平均loss: 0.0236
26-04-07 15:39:16.038 : epoch:[400/1000], 平均loss: 0.0238
26-04-07 15:42:33.340 : [epoch 400 PSNR: 31.3199 Best: 31.3205]
26-04-07 15:45:14.322 : epoch:[401/1000], 平均loss: 0.0237
26-04-07 15:47:54.937 : epoch:[402/1000], 平均loss: 0.0238
26-04-07 15:50:35.480 : epoch:[403/1000], 平均loss: 0.0239
26-04-07 15:53:15.793 : epoch:[404/1000], 平均loss: 0.0239
26-04-07 15:55:56.270 : epoch:[405/1000], 平均loss: 0.0237
26-04-07 15:58:35.655 : epoch:[406/1000], 平均loss: 0.0236
26-04-07 16:01:14.340 : epoch:[407/1000], 平均loss: 0.0236
26-04-07 16:03:53.424 : epoch:[408/1000], 平均loss: 0.0237
26-04-07 16:06:32.656 : epoch:[409/1000], 平均loss: 0.0236
26-04-07 16:09:13.117 : epoch:[410/1000], 平均loss: 0.0236
26-04-07 16:12:28.893 : [epoch 410 PSNR: 31.3163 Best: 31.3205]
26-04-07 16:15:07.952 : epoch:[411/1000], 平均loss: 0.0237
26-04-07 16:17:46.713 : epoch:[412/1000], 平均loss: 0.0236
26-04-07 16:20:25.992 : epoch:[413/1000], 平均loss: 0.0237
26-04-07 16:23:05.063 : epoch:[414/1000], 平均loss: 0.0236
26-04-07 16:25:44.235 : epoch:[415/1000], 平均loss: 0.0235
26-04-07 16:28:23.570 : epoch:[416/1000], 平均loss: 0.0237
26-04-07 16:31:03.773 : epoch:[417/1000], 平均loss: 0.0235
26-04-07 16:33:44.752 : epoch:[418/1000], 平均loss: 0.0236
26-04-07 16:36:30.007 : epoch:[419/1000], 平均loss: 0.0239
26-04-07 16:39:18.795 : epoch:[420/1000], 平均loss: 0.0237
26-04-07 16:42:40.372 : [epoch 420 PSNR: 31.3146 Best: 31.3205]
26-04-07 16:45:23.762 : epoch:[421/1000], 平均loss: 0.0236
26-04-07 16:48:04.973 : epoch:[422/1000], 平均loss: 0.0236
26-04-07 16:50:46.293 : epoch:[423/1000], 平均loss: 0.0235
26-04-07 16:53:30.113 : epoch:[424/1000], 平均loss: 0.0239
26-04-07 16:56:17.730 : epoch:[425/1000], 平均loss: 0.0238
26-04-07 16:59:06.322 : epoch:[426/1000], 平均loss: 0.0239
26-04-07 17:01:53.808 : epoch:[427/1000], 平均loss: 0.0236
26-04-07 17:04:41.063 : epoch:[428/1000], 平均loss: 0.0236
26-04-07 17:07:22.712 : epoch:[429/1000], 平均loss: 0.0238
26-04-07 17:10:10.873 : epoch:[430/1000], 平均loss: 0.0238
26-04-07 17:13:32.986 : [epoch 430 PSNR: 31.3197 Best: 31.3205]
26-04-07 17:16:14.820 : epoch:[431/1000], 平均loss: 0.0238
