26-04-03 17:58:31.485 :   task: train
  gpu_ids: [0]
  log_path: ./log
  model_save: ./model_save
  pretained_path:[
    index: False
    path: ./model_save/model_best1.pth
  ]
  batch_size: 4
  nc: [16, 1]
  patch_size: [128, 128]
  stride_size: [16, 16]
  atoms: 50
  d_size: 3
  max_epoch: 1000
  stage: 3
  lr: 0.0001
  loss_function_index: 1
  n_channels: 1
  train:[
    sigma: [15, 50]
    dataroot_H: ./dataset/gray_train_all
    H_size: 128
    n_channels: 1
  ]
  valid:[
    sigma: [15, 25, 50]
    dataroot_H: ./dataset/gray_test
    n_channels: 1
  ]
  opt_path: ./options/train_options.json
  is_train: True
  scale: 1

26-04-03 17:58:31.495 : 训练集大小: 1120
26-04-03 17:58:31.495 : 验证集数量: 720 (每个 sigma 一个 Dataset)
26-04-03 17:58:32.540 : Number of parameter: 3.25M
26-04-03 17:58:32.540 : start training...
26-04-03 18:01:19.785 : epoch:[1/1000], 平均loss: 0.0565
26-04-03 18:04:06.353 : epoch:[2/1000], 平均loss: 0.0348
26-04-03 18:06:52.687 : epoch:[3/1000], 平均loss: 0.0324
26-04-03 18:09:41.876 : epoch:[4/1000], 平均loss: 0.0315
26-04-03 18:12:29.053 : epoch:[5/1000], 平均loss: 0.0299
26-04-03 18:15:16.365 : epoch:[6/1000], 平均loss: 0.0291
26-04-03 18:18:05.092 : epoch:[7/1000], 平均loss: 0.0290
26-04-03 18:20:54.656 : epoch:[8/1000], 平均loss: 0.0282
26-04-03 18:23:35.348 : epoch:[9/1000], 平均loss: 0.0280
26-04-03 18:26:12.871 : epoch:[10/1000], 平均loss: 0.0277
26-04-03 18:29:25.365 : [epoch 10 PSNR: 29.9994 Best: 29.9994]
26-04-03 18:32:13.182 : epoch:[11/1000], 平均loss: 0.0274
26-04-03 18:34:54.232 : epoch:[12/1000], 平均loss: 0.0274
26-04-03 18:37:32.308 : epoch:[13/1000], 平均loss: 0.0270
26-04-03 18:40:10.215 : epoch:[14/1000], 平均loss: 0.0268
26-04-03 18:42:49.974 : epoch:[15/1000], 平均loss: 0.0267
26-04-03 18:45:29.950 : epoch:[16/1000], 平均loss: 0.0266
26-04-03 18:48:09.677 : epoch:[17/1000], 平均loss: 0.0265
26-04-03 18:50:48.553 : epoch:[18/1000], 平均loss: 0.0265
26-04-03 18:53:28.193 : epoch:[19/1000], 平均loss: 0.0261
26-04-03 18:56:07.738 : epoch:[20/1000], 平均loss: 0.0259
26-04-03 18:59:20.323 : [epoch 20 PSNR: 30.6436 Best: 30.6436]
26-04-03 19:01:58.470 : epoch:[21/1000], 平均loss: 0.0257
26-04-03 19:04:36.281 : epoch:[22/1000], 平均loss: 0.0258
26-04-03 19:07:15.573 : epoch:[23/1000], 平均loss: 0.0257
26-04-03 19:09:55.199 : epoch:[24/1000], 平均loss: 0.0257
26-04-03 19:12:34.825 : epoch:[25/1000], 平均loss: 0.0255
26-04-03 19:15:12.751 : epoch:[26/1000], 平均loss: 0.0256
26-04-03 19:17:50.494 : epoch:[27/1000], 平均loss: 0.0252
26-04-03 19:20:30.102 : epoch:[28/1000], 平均loss: 0.0255
26-04-03 19:23:08.312 : epoch:[29/1000], 平均loss: 0.0256
26-04-03 19:25:46.223 : epoch:[30/1000], 平均loss: 0.0250
26-04-03 19:28:58.021 : [epoch 30 PSNR: 30.9160 Best: 30.9160]
26-04-03 19:31:42.467 : epoch:[31/1000], 平均loss: 0.0252
26-04-03 19:34:31.583 : epoch:[32/1000], 平均loss: 0.0250
26-04-03 19:37:19.459 : epoch:[33/1000], 平均loss: 0.0252
26-04-03 19:40:06.591 : epoch:[34/1000], 平均loss: 0.0249
26-04-03 19:42:51.325 : epoch:[35/1000], 平均loss: 0.0250
26-04-03 19:45:29.116 : epoch:[36/1000], 平均loss: 0.0247
26-04-03 19:48:08.709 : epoch:[37/1000], 平均loss: 0.0248
26-04-03 19:50:48.085 : epoch:[38/1000], 平均loss: 0.0251
26-04-03 19:53:27.527 : epoch:[39/1000], 平均loss: 0.0248
26-04-03 19:56:07.053 : epoch:[40/1000], 平均loss: 0.0247
26-04-03 19:59:18.907 : [epoch 40 PSNR: 31.0461 Best: 31.0461]
26-04-03 20:01:58.636 : epoch:[41/1000], 平均loss: 0.0245
26-04-03 20:04:38.312 : epoch:[42/1000], 平均loss: 0.0247
26-04-03 20:07:16.357 : epoch:[43/1000], 平均loss: 0.0246
26-04-03 20:09:54.382 : epoch:[44/1000], 平均loss: 0.0246
26-04-03 20:12:32.242 : epoch:[45/1000], 平均loss: 0.0245
26-04-03 20:15:11.533 : epoch:[46/1000], 平均loss: 0.0245
26-04-03 20:17:51.926 : epoch:[47/1000], 平均loss: 0.0245
26-04-03 20:20:33.283 : epoch:[48/1000], 平均loss: 0.0245
26-04-03 20:23:19.678 : epoch:[49/1000], 平均loss: 0.0243
26-04-03 20:26:02.515 : epoch:[50/1000], 平均loss: 0.0244
26-04-03 20:29:18.088 : [epoch 50 PSNR: 31.1368 Best: 31.1368]
26-04-03 20:32:01.221 : epoch:[51/1000], 平均loss: 0.0243
26-04-03 20:34:45.487 : epoch:[52/1000], 平均loss: 0.0244
26-04-03 20:37:29.236 : epoch:[53/1000], 平均loss: 0.0243
26-04-03 20:40:13.025 : epoch:[54/1000], 平均loss: 0.0244
26-04-03 20:42:57.094 : epoch:[55/1000], 平均loss: 0.0245
26-04-03 20:45:38.663 : epoch:[56/1000], 平均loss: 0.0242
26-04-03 20:48:22.536 : epoch:[57/1000], 平均loss: 0.0241
26-04-03 20:51:07.409 : epoch:[58/1000], 平均loss: 0.0243
26-04-03 20:53:48.857 : epoch:[59/1000], 平均loss: 0.0242
26-04-03 20:56:30.083 : epoch:[60/1000], 平均loss: 0.0242
26-04-03 20:59:44.073 : [epoch 60 PSNR: 31.1920 Best: 31.1920]
26-04-03 21:02:27.779 : epoch:[61/1000], 平均loss: 0.0243
26-04-03 21:05:11.130 : epoch:[62/1000], 平均loss: 0.0242
26-04-03 21:07:53.554 : epoch:[63/1000], 平均loss: 0.0241
26-04-03 21:10:36.938 : epoch:[64/1000], 平均loss: 0.0242
26-04-03 21:13:20.497 : epoch:[65/1000], 平均loss: 0.0240
26-04-03 21:16:03.950 : epoch:[66/1000], 平均loss: 0.0241
26-04-03 21:18:45.257 : epoch:[67/1000], 平均loss: 0.0243
26-04-03 21:21:28.837 : epoch:[68/1000], 平均loss: 0.0242
26-04-03 21:24:12.419 : epoch:[69/1000], 平均loss: 0.0242
26-04-03 21:26:53.615 : epoch:[70/1000], 平均loss: 0.0242
26-04-03 21:30:07.400 : [epoch 70 PSNR: 31.2241 Best: 31.2241]
26-04-03 21:32:51.325 : epoch:[71/1000], 平均loss: 0.0242
26-04-03 21:35:35.758 : epoch:[72/1000], 平均loss: 0.0242
26-04-03 21:38:17.550 : epoch:[73/1000], 平均loss: 0.0240
26-04-03 21:40:59.089 : epoch:[74/1000], 平均loss: 0.0241
26-04-03 21:43:42.632 : epoch:[75/1000], 平均loss: 0.0241
26-04-03 21:46:26.605 : epoch:[76/1000], 平均loss: 0.0241
26-04-03 21:49:08.130 : epoch:[77/1000], 平均loss: 0.0242
26-04-03 21:51:51.229 : epoch:[78/1000], 平均loss: 0.0241
26-04-03 21:54:33.030 : epoch:[79/1000], 平均loss: 0.0242
26-04-03 21:57:14.515 : epoch:[80/1000], 平均loss: 0.0241
26-04-03 22:00:28.099 : [epoch 80 PSNR: 31.2529 Best: 31.2529]
26-04-03 22:03:10.280 : epoch:[81/1000], 平均loss: 0.0242
26-04-03 22:05:53.670 : epoch:[82/1000], 平均loss: 0.0241
26-04-03 22:08:36.905 : epoch:[83/1000], 平均loss: 0.0241
26-04-03 22:11:20.436 : epoch:[84/1000], 平均loss: 0.0239
26-04-03 22:14:02.042 : epoch:[85/1000], 平均loss: 0.0240
26-04-03 22:16:43.100 : epoch:[86/1000], 平均loss: 0.0242
26-04-03 22:19:26.258 : epoch:[87/1000], 平均loss: 0.0240
26-04-03 22:22:09.750 : epoch:[88/1000], 平均loss: 0.0240
26-04-03 22:24:53.623 : epoch:[89/1000], 平均loss: 0.0238
26-04-03 22:27:35.846 : epoch:[90/1000], 平均loss: 0.0238
26-04-03 22:30:49.971 : [epoch 90 PSNR: 31.2900 Best: 31.2900]
26-04-03 22:33:31.548 : epoch:[91/1000], 平均loss: 0.0239
26-04-03 22:36:16.958 : epoch:[92/1000], 平均loss: 0.0240
26-04-03 22:39:01.892 : epoch:[93/1000], 平均loss: 0.0238
26-04-03 22:41:46.641 : epoch:[94/1000], 平均loss: 0.0236
26-04-03 22:44:29.848 : epoch:[95/1000], 平均loss: 0.0240
26-04-03 22:47:12.457 : epoch:[96/1000], 平均loss: 0.0238
26-04-03 22:49:54.084 : epoch:[97/1000], 平均loss: 0.0240
26-04-03 22:52:35.857 : epoch:[98/1000], 平均loss: 0.0238
26-04-03 22:55:17.633 : epoch:[99/1000], 平均loss: 0.0237
26-04-03 22:57:59.537 : epoch:[100/1000], 平均loss: 0.0239
26-04-03 23:01:14.330 : [epoch 100 PSNR: 31.2989 Best: 31.2989]
26-04-03 23:03:57.961 : epoch:[101/1000], 平均loss: 0.0239
26-04-03 23:06:39.505 : epoch:[102/1000], 平均loss: 0.0238
26-04-03 23:09:22.995 : epoch:[103/1000], 平均loss: 0.0240
26-04-03 23:12:05.510 : epoch:[104/1000], 平均loss: 0.0238
26-04-03 23:14:47.619 : epoch:[105/1000], 平均loss: 0.0239
26-04-03 23:17:31.872 : epoch:[106/1000], 平均loss: 0.0238
26-04-03 23:20:15.545 : epoch:[107/1000], 平均loss: 0.0238
26-04-03 23:22:57.141 : epoch:[108/1000], 平均loss: 0.0239
26-04-03 23:25:38.744 : epoch:[109/1000], 平均loss: 0.0239
26-04-03 23:28:19.973 : epoch:[110/1000], 平均loss: 0.0238
26-04-03 23:31:33.691 : [epoch 110 PSNR: 31.2961 Best: 31.2989]
26-04-03 23:34:18.122 : epoch:[111/1000], 平均loss: 0.0237
26-04-03 23:37:01.643 : epoch:[112/1000], 平均loss: 0.0237
26-04-03 23:39:45.070 : epoch:[113/1000], 平均loss: 0.0237
26-04-03 23:42:28.286 : epoch:[114/1000], 平均loss: 0.0237
26-04-03 23:45:09.185 : epoch:[115/1000], 平均loss: 0.0236
26-04-03 23:47:50.673 : epoch:[116/1000], 平均loss: 0.0237
26-04-03 23:50:31.684 : epoch:[117/1000], 平均loss: 0.0238
26-04-03 23:53:12.847 : epoch:[118/1000], 平均loss: 0.0238
26-04-03 23:55:53.802 : epoch:[119/1000], 平均loss: 0.0237
26-04-03 23:58:34.811 : epoch:[120/1000], 平均loss: 0.0235
26-04-04 00:01:49.369 : [epoch 120 PSNR: 31.3287 Best: 31.3287]
26-04-04 00:04:30.765 : epoch:[121/1000], 平均loss: 0.0238
26-04-04 00:07:13.650 : epoch:[122/1000], 平均loss: 0.0236
26-04-04 00:09:57.296 : epoch:[123/1000], 平均loss: 0.0235
26-04-04 00:12:41.284 : epoch:[124/1000], 平均loss: 0.0238
26-04-04 00:15:22.624 : epoch:[125/1000], 平均loss: 0.0238
26-04-04 00:18:03.914 : epoch:[126/1000], 平均loss: 0.0237
26-04-04 00:20:45.186 : epoch:[127/1000], 平均loss: 0.0239
26-04-04 00:23:27.455 : epoch:[128/1000], 平均loss: 0.0238
26-04-04 00:26:09.072 : epoch:[129/1000], 平均loss: 0.0238
26-04-04 00:28:52.777 : epoch:[130/1000], 平均loss: 0.0239
26-04-04 00:32:07.696 : [epoch 130 PSNR: 31.3487 Best: 31.3487]
26-04-04 00:34:51.095 : epoch:[131/1000], 平均loss: 0.0237
26-04-04 00:37:32.453 : epoch:[132/1000], 平均loss: 0.0238
26-04-04 00:40:15.984 : epoch:[133/1000], 平均loss: 0.0238
26-04-04 00:42:57.328 : epoch:[134/1000], 平均loss: 0.0237
26-04-04 00:45:38.849 : epoch:[135/1000], 平均loss: 0.0238
26-04-04 00:48:21.823 : epoch:[136/1000], 平均loss: 0.0239
26-04-04 00:51:02.458 : epoch:[137/1000], 平均loss: 0.0236
26-04-04 00:53:43.960 : epoch:[138/1000], 平均loss: 0.0238
26-04-04 00:56:25.031 : epoch:[139/1000], 平均loss: 0.0237
26-04-04 00:59:08.856 : epoch:[140/1000], 平均loss: 0.0238
26-04-04 01:02:23.497 : [epoch 140 PSNR: 31.3574 Best: 31.3574]
26-04-04 01:05:04.502 : epoch:[141/1000], 平均loss: 0.0236
26-04-04 01:07:46.228 : epoch:[142/1000], 平均loss: 0.0238
26-04-04 01:10:28.015 : epoch:[143/1000], 平均loss: 0.0235
26-04-04 01:13:11.448 : epoch:[144/1000], 平均loss: 0.0238
26-04-04 01:15:55.146 : epoch:[145/1000], 平均loss: 0.0238
26-04-04 01:18:38.168 : epoch:[146/1000], 平均loss: 0.0238
26-04-04 01:21:19.523 : epoch:[147/1000], 平均loss: 0.0237
26-04-04 01:24:01.155 : epoch:[148/1000], 平均loss: 0.0236
26-04-04 01:26:45.185 : epoch:[149/1000], 平均loss: 0.0238
26-04-04 01:29:26.303 : epoch:[150/1000], 平均loss: 0.0236
26-04-04 01:32:41.326 : [epoch 150 PSNR: 31.3228 Best: 31.3574]
26-04-04 01:35:22.726 : epoch:[151/1000], 平均loss: 0.0236
26-04-04 01:38:06.430 : epoch:[152/1000], 平均loss: 0.0235
26-04-04 01:40:48.012 : epoch:[153/1000], 平均loss: 0.0237
26-04-04 01:43:31.118 : epoch:[154/1000], 平均loss: 0.0236
26-04-04 01:46:14.802 : epoch:[155/1000], 平均loss: 0.0237
26-04-04 01:48:58.697 : epoch:[156/1000], 平均loss: 0.0236
26-04-04 01:51:42.522 : epoch:[157/1000], 平均loss: 0.0239
26-04-04 01:54:24.054 : epoch:[158/1000], 平均loss: 0.0236
26-04-04 01:57:05.381 : epoch:[159/1000], 平均loss: 0.0235
26-04-04 01:59:46.650 : epoch:[160/1000], 平均loss: 0.0236
26-04-04 02:03:01.378 : [epoch 160 PSNR: 31.3693 Best: 31.3693]
26-04-04 02:05:44.821 : epoch:[161/1000], 平均loss: 0.0237
26-04-04 02:08:28.519 : epoch:[162/1000], 平均loss: 0.0237
26-04-04 02:11:10.412 : epoch:[163/1000], 平均loss: 0.0234
26-04-04 02:13:51.839 : epoch:[164/1000], 平均loss: 0.0236
26-04-04 02:16:33.099 : epoch:[165/1000], 平均loss: 0.0237
26-04-04 02:19:14.801 : epoch:[166/1000], 平均loss: 0.0238
26-04-04 02:21:58.324 : epoch:[167/1000], 平均loss: 0.0237
26-04-04 02:24:42.037 : epoch:[168/1000], 平均loss: 0.0240
26-04-04 02:27:23.092 : epoch:[169/1000], 平均loss: 0.0234
26-04-04 02:30:06.921 : epoch:[170/1000], 平均loss: 0.0236
26-04-04 02:33:20.050 : [epoch 170 PSNR: 31.3702 Best: 31.3702]
26-04-04 02:36:03.475 : epoch:[171/1000], 平均loss: 0.0235
26-04-04 02:38:46.189 : epoch:[172/1000], 平均loss: 0.0235
26-04-04 02:41:27.333 : epoch:[173/1000], 平均loss: 0.0238
26-04-04 02:44:11.044 : epoch:[174/1000], 平均loss: 0.0238
26-04-04 02:46:54.237 : epoch:[175/1000], 平均loss: 0.0235
26-04-04 02:49:37.918 : epoch:[176/1000], 平均loss: 0.0236
26-04-04 02:52:21.131 : epoch:[177/1000], 平均loss: 0.0236
26-04-04 02:55:04.017 : epoch:[178/1000], 平均loss: 0.0237
26-04-04 02:57:47.599 : epoch:[179/1000], 平均loss: 0.0237
26-04-04 03:00:29.469 : epoch:[180/1000], 平均loss: 0.0237
26-04-04 03:03:43.447 : [epoch 180 PSNR: 31.3677 Best: 31.3702]
26-04-04 03:06:26.780 : epoch:[181/1000], 平均loss: 0.0237
26-04-04 03:09:07.993 : epoch:[182/1000], 平均loss: 0.0236
26-04-04 03:11:49.840 : epoch:[183/1000], 平均loss: 0.0235
26-04-04 03:14:33.728 : epoch:[184/1000], 平均loss: 0.0237
26-04-04 03:17:16.287 : epoch:[185/1000], 平均loss: 0.0236
26-04-04 03:19:59.779 : epoch:[186/1000], 平均loss: 0.0236
26-04-04 03:22:42.660 : epoch:[187/1000], 平均loss: 0.0235
26-04-04 03:25:25.992 : epoch:[188/1000], 平均loss: 0.0236
26-04-04 03:28:07.426 : epoch:[189/1000], 平均loss: 0.0237
26-04-04 03:30:51.002 : epoch:[190/1000], 平均loss: 0.0237
26-04-04 03:34:06.115 : [epoch 190 PSNR: 31.3777 Best: 31.3777]
26-04-04 03:36:49.508 : epoch:[191/1000], 平均loss: 0.0238
26-04-04 03:39:32.803 : epoch:[192/1000], 平均loss: 0.0236
26-04-04 03:42:16.377 : epoch:[193/1000], 平均loss: 0.0236
26-04-04 03:44:59.676 : epoch:[194/1000], 平均loss: 0.0236
26-04-04 03:47:42.703 : epoch:[195/1000], 平均loss: 0.0235
26-04-04 03:50:26.141 : epoch:[196/1000], 平均loss: 0.0235
26-04-04 03:53:10.196 : epoch:[197/1000], 平均loss: 0.0236
26-04-04 03:55:53.746 : epoch:[198/1000], 平均loss: 0.0237
26-04-04 03:58:35.047 : epoch:[199/1000], 平均loss: 0.0238
26-04-04 04:01:16.456 : epoch:[200/1000], 平均loss: 0.0237
26-04-04 04:04:30.543 : [epoch 200 PSNR: 31.3793 Best: 31.3793]
26-04-04 04:07:14.777 : epoch:[201/1000], 平均loss: 0.0236
26-04-04 04:09:58.210 : epoch:[202/1000], 平均loss: 0.0236
26-04-04 04:12:42.100 : epoch:[203/1000], 平均loss: 0.0239
26-04-04 04:15:25.102 : epoch:[204/1000], 平均loss: 0.0237
26-04-04 04:18:08.200 : epoch:[205/1000], 平均loss: 0.0235
26-04-04 04:20:51.610 : epoch:[206/1000], 平均loss: 0.0236
26-04-04 04:23:34.818 : epoch:[207/1000], 平均loss: 0.0236
26-04-04 04:26:15.604 : epoch:[208/1000], 平均loss: 0.0236
26-04-04 04:28:59.196 : epoch:[209/1000], 平均loss: 0.0237
26-04-04 04:31:40.512 : epoch:[210/1000], 平均loss: 0.0236
26-04-04 04:34:55.433 : [epoch 210 PSNR: 31.3864 Best: 31.3864]
26-04-04 04:37:39.144 : epoch:[211/1000], 平均loss: 0.0235
26-04-04 04:40:22.999 : epoch:[212/1000], 平均loss: 0.0237
26-04-04 04:43:04.320 : epoch:[213/1000], 平均loss: 0.0236
26-04-04 04:45:47.916 : epoch:[214/1000], 平均loss: 0.0234
26-04-04 04:48:31.510 : epoch:[215/1000], 平均loss: 0.0234
26-04-04 04:51:14.798 : epoch:[216/1000], 平均loss: 0.0236
26-04-04 04:53:56.444 : epoch:[217/1000], 平均loss: 0.0235
26-04-04 04:56:40.542 : epoch:[218/1000], 平均loss: 0.0236
26-04-04 04:59:23.537 : epoch:[219/1000], 平均loss: 0.0237
26-04-04 05:02:07.071 : epoch:[220/1000], 平均loss: 0.0237
26-04-04 05:05:21.495 : [epoch 220 PSNR: 31.3803 Best: 31.3864]
26-04-04 05:08:02.399 : epoch:[221/1000], 平均loss: 0.0235
26-04-04 05:10:45.934 : epoch:[222/1000], 平均loss: 0.0234
26-04-04 05:13:32.899 : epoch:[223/1000], 平均loss: 0.0235
26-04-04 05:16:16.706 : epoch:[224/1000], 平均loss: 0.0236
26-04-04 05:18:58.238 : epoch:[225/1000], 平均loss: 0.0236
26-04-04 05:21:41.333 : epoch:[226/1000], 平均loss: 0.0234
26-04-04 05:24:22.466 : epoch:[227/1000], 平均loss: 0.0235
26-04-04 05:27:06.058 : epoch:[228/1000], 平均loss: 0.0237
26-04-04 05:29:49.159 : epoch:[229/1000], 平均loss: 0.0239
26-04-04 05:32:32.748 : epoch:[230/1000], 平均loss: 0.0234
26-04-04 05:35:46.852 : [epoch 230 PSNR: 31.3931 Best: 31.3931]
26-04-04 05:38:30.491 : epoch:[231/1000], 平均loss: 0.0238
26-04-04 05:41:14.046 : epoch:[232/1000], 平均loss: 0.0237
26-04-04 05:43:57.844 : epoch:[233/1000], 平均loss: 0.0236
26-04-04 05:46:41.440 : epoch:[234/1000], 平均loss: 0.0235
26-04-04 05:49:25.739 : epoch:[235/1000], 平均loss: 0.0237
26-04-04 05:52:08.850 : epoch:[236/1000], 平均loss: 0.0236
26-04-04 05:54:52.100 : epoch:[237/1000], 平均loss: 0.0235
26-04-04 05:57:34.019 : epoch:[238/1000], 平均loss: 0.0236
26-04-04 06:00:15.573 : epoch:[239/1000], 平均loss: 0.0237
26-04-04 06:02:58.677 : epoch:[240/1000], 平均loss: 0.0238
26-04-04 06:06:13.708 : [epoch 240 PSNR: 31.3924 Best: 31.3931]
26-04-04 06:08:55.583 : epoch:[241/1000], 平均loss: 0.0237
26-04-04 06:11:37.168 : epoch:[242/1000], 平均loss: 0.0237
26-04-04 06:14:20.935 : epoch:[243/1000], 平均loss: 0.0235
26-04-04 06:17:04.873 : epoch:[244/1000], 平均loss: 0.0235
26-04-04 06:19:46.067 : epoch:[245/1000], 平均loss: 0.0235
26-04-04 06:22:29.394 : epoch:[246/1000], 平均loss: 0.0234
26-04-04 06:25:13.037 : epoch:[247/1000], 平均loss: 0.0235
26-04-04 06:27:57.054 : epoch:[248/1000], 平均loss: 0.0237
26-04-04 06:30:41.158 : epoch:[249/1000], 平均loss: 0.0236
26-04-04 06:33:25.135 : epoch:[250/1000], 平均loss: 0.0236
26-04-04 06:36:39.596 : [epoch 250 PSNR: 31.3924 Best: 31.3931]
26-04-04 06:39:23.436 : epoch:[251/1000], 平均loss: 0.0235
26-04-04 06:42:07.250 : epoch:[252/1000], 平均loss: 0.0237
26-04-04 06:44:49.845 : epoch:[253/1000], 平均loss: 0.0237
26-04-04 06:47:33.000 : epoch:[254/1000], 平均loss: 0.0237
26-04-04 06:50:16.527 : epoch:[255/1000], 平均loss: 0.0237
26-04-04 06:52:59.873 : epoch:[256/1000], 平均loss: 0.0235
26-04-04 06:55:43.906 : epoch:[257/1000], 平均loss: 0.0238
26-04-04 06:58:25.516 : epoch:[258/1000], 平均loss: 0.0237
26-04-04 07:01:09.167 : epoch:[259/1000], 平均loss: 0.0235
26-04-04 07:03:52.000 : epoch:[260/1000], 平均loss: 0.0233
26-04-04 07:07:07.971 : [epoch 260 PSNR: 31.3879 Best: 31.3931]
26-04-04 07:09:50.165 : epoch:[261/1000], 平均loss: 0.0234
26-04-04 07:12:33.807 : epoch:[262/1000], 平均loss: 0.0236
26-04-04 07:15:16.369 : epoch:[263/1000], 平均loss: 0.0235
26-04-04 07:17:59.752 : epoch:[264/1000], 平均loss: 0.0236
26-04-04 07:20:43.245 : epoch:[265/1000], 平均loss: 0.0237
26-04-04 07:23:23.465 : epoch:[266/1000], 平均loss: 0.0235
26-04-04 07:26:06.983 : epoch:[267/1000], 平均loss: 0.0236
26-04-04 07:28:47.787 : epoch:[268/1000], 平均loss: 0.0235
26-04-04 07:31:29.482 : epoch:[269/1000], 平均loss: 0.0237
26-04-04 07:34:10.464 : epoch:[270/1000], 平均loss: 0.0237
26-04-04 07:37:25.325 : [epoch 270 PSNR: 31.3894 Best: 31.3931]
26-04-04 07:40:08.886 : epoch:[271/1000], 平均loss: 0.0236
26-04-04 07:42:50.907 : epoch:[272/1000], 平均loss: 0.0234
26-04-04 07:45:32.475 : epoch:[273/1000], 平均loss: 0.0236
26-04-04 07:48:13.755 : epoch:[274/1000], 平均loss: 0.0235
26-04-04 07:50:55.034 : epoch:[275/1000], 平均loss: 0.0234
26-04-04 07:53:36.473 : epoch:[276/1000], 平均loss: 0.0234
26-04-04 07:56:17.786 : epoch:[277/1000], 平均loss: 0.0235
26-04-04 07:59:00.923 : epoch:[278/1000], 平均loss: 0.0234
26-04-04 08:01:44.111 : epoch:[279/1000], 平均loss: 0.0235
26-04-04 08:04:27.575 : epoch:[280/1000], 平均loss: 0.0236
26-04-04 08:07:42.910 : [epoch 280 PSNR: 31.3908 Best: 31.3931]
26-04-04 08:10:25.453 : epoch:[281/1000], 平均loss: 0.0234
26-04-04 08:13:08.870 : epoch:[282/1000], 平均loss: 0.0236
26-04-04 08:15:52.424 : epoch:[283/1000], 平均loss: 0.0236
26-04-04 08:18:35.407 : epoch:[284/1000], 平均loss: 0.0235
26-04-04 08:21:16.394 : epoch:[285/1000], 平均loss: 0.0238
26-04-04 08:23:57.549 : epoch:[286/1000], 平均loss: 0.0236
26-04-04 08:26:40.512 : epoch:[287/1000], 平均loss: 0.0235
26-04-04 08:29:21.637 : epoch:[288/1000], 平均loss: 0.0239
26-04-04 08:32:04.777 : epoch:[289/1000], 平均loss: 0.0236
26-04-04 08:34:48.796 : epoch:[290/1000], 平均loss: 0.0235
26-04-04 08:38:03.907 : [epoch 290 PSNR: 31.3943 Best: 31.3943]
26-04-04 08:40:47.715 : epoch:[291/1000], 平均loss: 0.0237
26-04-04 08:43:31.552 : epoch:[292/1000], 平均loss: 0.0237
26-04-04 08:46:12.537 : epoch:[293/1000], 平均loss: 0.0234
26-04-04 08:48:53.629 : epoch:[294/1000], 平均loss: 0.0235
26-04-04 08:51:34.293 : epoch:[295/1000], 平均loss: 0.0236
26-04-04 08:54:15.860 : epoch:[296/1000], 平均loss: 0.0236
26-04-04 08:56:56.883 : epoch:[297/1000], 平均loss: 0.0235
26-04-04 08:59:40.389 : epoch:[298/1000], 平均loss: 0.0236
26-04-04 09:02:23.910 : epoch:[299/1000], 平均loss: 0.0234
26-04-04 09:05:05.946 : epoch:[300/1000], 平均loss: 0.0238
26-04-04 09:08:20.746 : [epoch 300 PSNR: 31.3948 Best: 31.3948]
26-04-04 09:11:02.288 : epoch:[301/1000], 平均loss: 0.0236
26-04-04 09:13:45.933 : epoch:[302/1000], 平均loss: 0.0235
26-04-04 09:16:28.096 : epoch:[303/1000], 平均loss: 0.0236
26-04-04 09:19:09.610 : epoch:[304/1000], 平均loss: 0.0236
26-04-04 09:21:52.566 : epoch:[305/1000], 平均loss: 0.0237
26-04-04 09:24:36.411 : epoch:[306/1000], 平均loss: 0.0236
26-04-04 09:27:17.959 : epoch:[307/1000], 平均loss: 0.0236
26-04-04 09:30:01.699 : epoch:[308/1000], 平均loss: 0.0236
26-04-04 09:32:45.336 : epoch:[309/1000], 平均loss: 0.0236
26-04-04 09:35:28.069 : epoch:[310/1000], 平均loss: 0.0237
26-04-04 09:38:42.872 : [epoch 310 PSNR: 31.3941 Best: 31.3948]
26-04-04 09:41:25.017 : epoch:[311/1000], 平均loss: 0.0235
26-04-04 09:44:09.068 : epoch:[312/1000], 平均loss: 0.0234
26-04-04 09:46:52.250 : epoch:[313/1000], 平均loss: 0.0235
26-04-04 09:49:35.632 : epoch:[314/1000], 平均loss: 0.0235
26-04-04 09:52:19.497 : epoch:[315/1000], 平均loss: 0.0235
26-04-04 09:55:02.682 : epoch:[316/1000], 平均loss: 0.0236
26-04-04 09:57:46.347 : epoch:[317/1000], 平均loss: 0.0237
26-04-04 10:00:27.493 : epoch:[318/1000], 平均loss: 0.0238
26-04-04 10:03:08.820 : epoch:[319/1000], 平均loss: 0.0236
26-04-04 10:05:52.098 : epoch:[320/1000], 平均loss: 0.0236
26-04-04 10:09:07.463 : [epoch 320 PSNR: 31.3955 Best: 31.3955]
26-04-04 10:11:48.379 : epoch:[321/1000], 平均loss: 0.0237
26-04-04 10:14:29.697 : epoch:[322/1000], 平均loss: 0.0235
26-04-04 10:17:13.691 : epoch:[323/1000], 平均loss: 0.0235
26-04-04 10:19:57.522 : epoch:[324/1000], 平均loss: 0.0234
26-04-04 10:22:38.394 : epoch:[325/1000], 平均loss: 0.0235
26-04-04 10:25:21.762 : epoch:[326/1000], 平均loss: 0.0236
26-04-04 10:28:05.020 : epoch:[327/1000], 平均loss: 0.0235
26-04-04 10:30:49.005 : epoch:[328/1000], 平均loss: 0.0235
26-04-04 10:33:32.868 : epoch:[329/1000], 平均loss: 0.0237
26-04-04 10:36:16.543 : epoch:[330/1000], 平均loss: 0.0233
26-04-04 10:39:31.568 : [epoch 330 PSNR: 31.3942 Best: 31.3955]
26-04-04 10:42:12.605 : epoch:[331/1000], 平均loss: 0.0236
26-04-04 10:44:56.562 : epoch:[332/1000], 平均loss: 0.0237
26-04-04 10:47:37.803 : epoch:[333/1000], 平均loss: 0.0234
26-04-04 10:50:18.799 : epoch:[334/1000], 平均loss: 0.0235
26-04-04 10:53:00.862 : epoch:[335/1000], 平均loss: 0.0235
26-04-04 10:55:41.967 : epoch:[336/1000], 平均loss: 0.0237
26-04-04 10:58:24.987 : epoch:[337/1000], 平均loss: 0.0236
26-04-04 11:01:08.687 : epoch:[338/1000], 平均loss: 0.0234
26-04-04 11:03:51.845 : epoch:[339/1000], 平均loss: 0.0235
26-04-04 11:06:35.523 : epoch:[340/1000], 平均loss: 0.0236
26-04-04 11:09:50.293 : [epoch 340 PSNR: 31.3961 Best: 31.3961]
26-04-04 11:12:34.333 : epoch:[341/1000], 平均loss: 0.0234
26-04-04 11:15:15.396 : epoch:[342/1000], 平均loss: 0.0236
26-04-04 11:17:56.622 : epoch:[343/1000], 平均loss: 0.0234
26-04-04 11:20:38.281 : epoch:[344/1000], 平均loss: 0.0235
26-04-04 11:23:20.861 : epoch:[345/1000], 平均loss: 0.0236
26-04-04 11:26:02.673 : epoch:[346/1000], 平均loss: 0.0235
26-04-04 11:28:46.182 : epoch:[347/1000], 平均loss: 0.0237
26-04-04 11:31:29.534 : epoch:[348/1000], 平均loss: 0.0238
26-04-04 11:34:13.018 : epoch:[349/1000], 平均loss: 0.0235
26-04-04 11:36:54.202 : epoch:[350/1000], 平均loss: 0.0235
26-04-04 11:40:07.522 : [epoch 350 PSNR: 31.3955 Best: 31.3961]
26-04-04 11:42:49.125 : epoch:[351/1000], 平均loss: 0.0234
26-04-04 11:45:35.357 : epoch:[352/1000], 平均loss: 0.0236
26-04-04 11:48:18.862 : epoch:[353/1000], 平均loss: 0.0237
26-04-04 11:51:01.208 : epoch:[354/1000], 平均loss: 0.0234
26-04-04 11:53:44.830 : epoch:[355/1000], 平均loss: 0.0234
26-04-04 11:56:28.760 : epoch:[356/1000], 平均loss: 0.0235
26-04-04 11:59:12.573 : epoch:[357/1000], 平均loss: 0.0234
26-04-04 12:01:56.679 : epoch:[358/1000], 平均loss: 0.0235
26-04-04 12:04:38.676 : epoch:[359/1000], 平均loss: 0.0235
26-04-04 12:07:20.433 : epoch:[360/1000], 平均loss: 0.0237
26-04-04 12:10:34.687 : [epoch 360 PSNR: 31.3967 Best: 31.3967]
26-04-04 12:13:16.251 : epoch:[361/1000], 平均loss: 0.0237
26-04-04 12:15:59.634 : epoch:[362/1000], 平均loss: 0.0233
26-04-04 12:18:42.495 : epoch:[363/1000], 平均loss: 0.0236
26-04-04 12:21:25.790 : epoch:[364/1000], 平均loss: 0.0236
26-04-04 12:24:09.667 : epoch:[365/1000], 平均loss: 0.0237
26-04-04 12:26:53.076 : epoch:[366/1000], 平均loss: 0.0237
26-04-04 12:29:34.138 : epoch:[367/1000], 平均loss: 0.0236
26-04-04 12:32:16.388 : epoch:[368/1000], 平均loss: 0.0238
26-04-04 12:34:57.504 : epoch:[369/1000], 平均loss: 0.0236
26-04-04 12:37:40.733 : epoch:[370/1000], 平均loss: 0.0236
26-04-04 12:40:55.436 : [epoch 370 PSNR: 31.3950 Best: 31.3967]
26-04-04 12:43:36.608 : epoch:[371/1000], 平均loss: 0.0235
26-04-04 12:46:17.388 : epoch:[372/1000], 平均loss: 0.0234
26-04-04 12:48:58.920 : epoch:[373/1000], 平均loss: 0.0234
26-04-04 12:51:40.002 : epoch:[374/1000], 平均loss: 0.0234
26-04-04 12:54:20.803 : epoch:[375/1000], 平均loss: 0.0235
26-04-04 12:57:02.168 : epoch:[376/1000], 平均loss: 0.0237
26-04-04 12:59:45.413 : epoch:[377/1000], 平均loss: 0.0236
26-04-04 13:02:27.242 : epoch:[378/1000], 平均loss: 0.0236
26-04-04 13:05:08.179 : epoch:[379/1000], 平均loss: 0.0236
26-04-04 13:07:49.474 : epoch:[380/1000], 平均loss: 0.0238
26-04-04 13:11:04.348 : [epoch 380 PSNR: 31.3955 Best: 31.3967]
26-04-04 13:13:47.736 : epoch:[381/1000], 平均loss: 0.0236
26-04-04 13:16:31.247 : epoch:[382/1000], 平均loss: 0.0236
26-04-04 13:19:14.700 : epoch:[383/1000], 平均loss: 0.0236
26-04-04 13:21:56.014 : epoch:[384/1000], 平均loss: 0.0236
26-04-04 13:24:37.254 : epoch:[385/1000], 平均loss: 0.0236
26-04-04 13:27:20.535 : epoch:[386/1000], 平均loss: 0.0232
26-04-04 13:30:02.314 : epoch:[387/1000], 平均loss: 0.0235
26-04-04 13:32:45.937 : epoch:[388/1000], 平均loss: 0.0234
26-04-04 13:35:26.960 : epoch:[389/1000], 平均loss: 0.0235
26-04-04 13:38:07.783 : epoch:[390/1000], 平均loss: 0.0234
26-04-04 13:41:22.420 : [epoch 390 PSNR: 31.3949 Best: 31.3967]
26-04-04 13:44:05.582 : epoch:[391/1000], 平均loss: 0.0237
26-04-04 13:46:48.957 : epoch:[392/1000], 平均loss: 0.0235
26-04-04 13:49:32.125 : epoch:[393/1000], 平均loss: 0.0236
26-04-04 13:52:15.621 : epoch:[394/1000], 平均loss: 0.0235
26-04-04 13:54:58.292 : epoch:[395/1000], 平均loss: 0.0236
26-04-04 13:57:41.497 : epoch:[396/1000], 平均loss: 0.0235
26-04-04 14:00:22.498 : epoch:[397/1000], 平均loss: 0.0237
26-04-04 14:03:03.837 : epoch:[398/1000], 平均loss: 0.0234
26-04-04 14:05:48.217 : epoch:[399/1000], 平均loss: 0.0237
26-04-04 14:08:31.725 : epoch:[400/1000], 平均loss: 0.0236
26-04-04 14:11:45.864 : [epoch 400 PSNR: 31.3944 Best: 31.3967]
26-04-04 14:14:27.113 : epoch:[401/1000], 平均loss: 0.0236
26-04-04 14:17:08.437 : epoch:[402/1000], 平均loss: 0.0236
26-04-04 14:19:49.575 : epoch:[403/1000], 平均loss: 0.0234
26-04-04 14:22:30.725 : epoch:[404/1000], 平均loss: 0.0237
26-04-04 14:25:12.447 : epoch:[405/1000], 平均loss: 0.0234
26-04-04 14:27:54.718 : epoch:[406/1000], 平均loss: 0.0234
26-04-04 14:30:38.154 : epoch:[407/1000], 平均loss: 0.0235
26-04-04 14:33:19.522 : epoch:[408/1000], 平均loss: 0.0236
26-04-04 14:36:00.752 : epoch:[409/1000], 平均loss: 0.0233
26-04-04 14:38:42.060 : epoch:[410/1000], 平均loss: 0.0234
26-04-04 14:41:56.306 : [epoch 410 PSNR: 31.3967 Best: 31.3967]
26-04-04 14:44:37.589 : epoch:[411/1000], 平均loss: 0.0237
26-04-04 14:47:19.793 : epoch:[412/1000], 平均loss: 0.0236
26-04-04 14:50:00.815 : epoch:[413/1000], 平均loss: 0.0236
26-04-04 14:52:41.617 : epoch:[414/1000], 平均loss: 0.0234
26-04-04 14:55:22.468 : epoch:[415/1000], 平均loss: 0.0237
26-04-04 14:58:05.775 : epoch:[416/1000], 平均loss: 0.0234
26-04-04 15:00:48.861 : epoch:[417/1000], 平均loss: 0.0235
26-04-04 15:03:32.052 : epoch:[418/1000], 平均loss: 0.0238
26-04-04 15:06:13.019 : epoch:[419/1000], 平均loss: 0.0235
26-04-04 15:08:54.071 : epoch:[420/1000], 平均loss: 0.0235
26-04-04 15:12:09.362 : [epoch 420 PSNR: 31.3967 Best: 31.3967]
26-04-04 15:14:53.027 : epoch:[421/1000], 平均loss: 0.0235
26-04-04 15:17:33.911 : epoch:[422/1000], 平均loss: 0.0236
26-04-04 15:20:15.605 : epoch:[423/1000], 平均loss: 0.0235
26-04-04 15:22:58.124 : epoch:[424/1000], 平均loss: 0.0237
26-04-04 15:25:41.230 : epoch:[425/1000], 平均loss: 0.0237
26-04-04 15:28:22.696 : epoch:[426/1000], 平均loss: 0.0236
26-04-04 15:31:04.241 : epoch:[427/1000], 平均loss: 0.0237
26-04-04 15:33:46.050 : epoch:[428/1000], 平均loss: 0.0236
26-04-04 15:36:27.937 : epoch:[429/1000], 平均loss: 0.0235
26-04-04 15:39:09.131 : epoch:[430/1000], 平均loss: 0.0237
26-04-04 15:42:22.732 : [epoch 430 PSNR: 31.3955 Best: 31.3967]
26-04-04 15:45:04.066 : epoch:[431/1000], 平均loss: 0.0236
26-04-04 15:47:47.125 : epoch:[432/1000], 平均loss: 0.0236
26-04-04 15:50:30.740 : epoch:[433/1000], 平均loss: 0.0235
26-04-04 15:53:14.891 : epoch:[434/1000], 平均loss: 0.0238
26-04-04 15:55:56.884 : epoch:[435/1000], 平均loss: 0.0236
26-04-04 15:58:38.327 : epoch:[436/1000], 平均loss: 0.0234
26-04-04 16:01:20.688 : epoch:[437/1000], 平均loss: 0.0234
26-04-04 16:04:03.843 : epoch:[438/1000], 平均loss: 0.0235
26-04-04 16:06:45.077 : epoch:[439/1000], 平均loss: 0.0237
26-04-04 16:09:28.379 : epoch:[440/1000], 平均loss: 0.0238
26-04-04 16:12:43.205 : [epoch 440 PSNR: 31.3980 Best: 31.3980]
26-04-04 16:15:26.741 : epoch:[441/1000], 平均loss: 0.0238
26-04-04 16:18:10.223 : epoch:[442/1000], 平均loss: 0.0236
26-04-04 16:20:53.656 : epoch:[443/1000], 平均loss: 0.0235
26-04-04 16:23:34.684 : epoch:[444/1000], 平均loss: 0.0234
26-04-04 16:26:18.123 : epoch:[445/1000], 平均loss: 0.0236
26-04-04 16:28:59.268 : epoch:[446/1000], 平均loss: 0.0236
26-04-04 16:31:42.468 : epoch:[447/1000], 平均loss: 0.0237
26-04-04 16:34:25.861 : epoch:[448/1000], 平均loss: 0.0234
26-04-04 16:37:09.814 : epoch:[449/1000], 平均loss: 0.0235
26-04-04 16:39:54.054 : epoch:[450/1000], 平均loss: 0.0235
26-04-04 16:43:07.370 : [epoch 450 PSNR: 31.3972 Best: 31.3980]
26-04-04 16:45:52.208 : epoch:[451/1000], 平均loss: 0.0234
26-04-04 16:48:33.276 : epoch:[452/1000], 平均loss: 0.0233
26-04-04 16:51:14.420 : epoch:[453/1000], 平均loss: 0.0235
26-04-04 16:53:56.100 : epoch:[454/1000], 平均loss: 0.0235
26-04-04 16:56:37.357 : epoch:[455/1000], 平均loss: 0.0235
26-04-04 16:59:20.805 : epoch:[456/1000], 平均loss: 0.0236
26-04-04 17:02:04.798 : epoch:[457/1000], 平均loss: 0.0236
26-04-04 17:04:46.534 : epoch:[458/1000], 平均loss: 0.0235
26-04-04 17:07:30.627 : epoch:[459/1000], 平均loss: 0.0238
26-04-04 17:10:14.668 : epoch:[460/1000], 平均loss: 0.0237
26-04-04 17:13:29.028 : [epoch 460 PSNR: 31.3994 Best: 31.3994]
26-04-04 17:16:10.882 : epoch:[461/1000], 平均loss: 0.0235
26-04-04 17:18:52.404 : epoch:[462/1000], 平均loss: 0.0235
26-04-04 17:21:36.110 : epoch:[463/1000], 平均loss: 0.0235
26-04-04 17:24:18.962 : epoch:[464/1000], 平均loss: 0.0236
26-04-04 17:27:01.008 : epoch:[465/1000], 平均loss: 0.0235
26-04-04 17:29:45.982 : epoch:[466/1000], 平均loss: 0.0234
26-04-04 17:32:33.101 : epoch:[467/1000], 平均loss: 0.0236
26-04-04 17:35:16.359 : epoch:[468/1000], 平均loss: 0.0237
26-04-04 17:37:57.676 : epoch:[469/1000], 平均loss: 0.0235
26-04-04 17:40:38.551 : epoch:[470/1000], 平均loss: 0.0234
26-04-04 17:43:52.939 : [epoch 470 PSNR: 31.3979 Best: 31.3994]
26-04-04 17:46:36.820 : epoch:[471/1000], 平均loss: 0.0237
26-04-04 17:49:19.561 : epoch:[472/1000], 平均loss: 0.0238
26-04-04 17:52:02.607 : epoch:[473/1000], 平均loss: 0.0235
26-04-04 17:54:46.585 : epoch:[474/1000], 平均loss: 0.0237
26-04-04 17:57:29.931 : epoch:[475/1000], 平均loss: 0.0236
26-04-04 18:00:11.278 : epoch:[476/1000], 平均loss: 0.0235
26-04-04 18:02:55.101 : epoch:[477/1000], 平均loss: 0.0237
26-04-04 18:05:36.395 : epoch:[478/1000], 平均loss: 0.0233
26-04-04 18:08:17.589 : epoch:[479/1000], 平均loss: 0.0236
26-04-04 18:10:58.752 : epoch:[480/1000], 平均loss: 0.0234
26-04-04 18:14:12.910 : [epoch 480 PSNR: 31.3986 Best: 31.3994]
26-04-04 18:16:55.436 : epoch:[481/1000], 平均loss: 0.0236
26-04-04 18:19:39.747 : epoch:[482/1000], 平均loss: 0.0237
26-04-04 18:22:20.901 : epoch:[483/1000], 平均loss: 0.0236
26-04-04 18:25:01.846 : epoch:[484/1000], 平均loss: 0.0236
26-04-04 18:27:45.052 : epoch:[485/1000], 平均loss: 0.0235
26-04-04 18:30:26.431 : epoch:[486/1000], 平均loss: 0.0234
26-04-04 18:33:08.047 : epoch:[487/1000], 平均loss: 0.0238
26-04-04 18:35:49.144 : epoch:[488/1000], 平均loss: 0.0236
26-04-04 18:38:32.516 : epoch:[489/1000], 平均loss: 0.0237
26-04-04 18:41:16.077 : epoch:[490/1000], 平均loss: 0.0235
26-04-04 18:44:29.684 : [epoch 490 PSNR: 31.3970 Best: 31.3994]
26-04-04 18:47:13.130 : epoch:[491/1000], 平均loss: 0.0235
26-04-04 18:49:55.984 : epoch:[492/1000], 平均loss: 0.0235
26-04-04 18:52:39.150 : epoch:[493/1000], 平均loss: 0.0235
26-04-04 18:55:22.580 : epoch:[494/1000], 平均loss: 0.0237
26-04-04 18:58:04.212 : epoch:[495/1000], 平均loss: 0.0234
26-04-04 19:00:45.143 : epoch:[496/1000], 平均loss: 0.0233
26-04-04 19:03:26.196 : epoch:[497/1000], 平均loss: 0.0233
26-04-04 19:06:09.375 : epoch:[498/1000], 平均loss: 0.0236
26-04-04 19:08:53.175 : epoch:[499/1000], 平均loss: 0.0236
26-04-04 19:11:36.155 : epoch:[500/1000], 平均loss: 0.0237
26-04-04 19:14:50.225 : [epoch 500 PSNR: 31.3993 Best: 31.3994]
26-04-04 19:17:32.203 : epoch:[501/1000], 平均loss: 0.0235
26-04-04 19:20:13.196 : epoch:[502/1000], 平均loss: 0.0233
26-04-04 19:22:56.685 : epoch:[503/1000], 平均loss: 0.0235
26-04-04 19:25:39.962 : epoch:[504/1000], 平均loss: 0.0235
26-04-04 19:28:22.332 : epoch:[505/1000], 平均loss: 0.0234
26-04-04 19:31:05.979 : epoch:[506/1000], 平均loss: 0.0237
26-04-04 19:33:49.584 : epoch:[507/1000], 平均loss: 0.0237
26-04-04 19:36:30.456 : epoch:[508/1000], 平均loss: 0.0235
26-04-04 19:39:11.273 : epoch:[509/1000], 平均loss: 0.0237
26-04-04 19:41:52.868 : epoch:[510/1000], 平均loss: 0.0236
26-04-04 19:45:06.447 : [epoch 510 PSNR: 31.3965 Best: 31.3994]
26-04-04 19:47:50.569 : epoch:[511/1000], 平均loss: 0.0234
26-04-04 19:50:34.046 : epoch:[512/1000], 平均loss: 0.0236
26-04-04 19:53:17.380 : epoch:[513/1000], 平均loss: 0.0236
26-04-04 19:55:59.783 : epoch:[514/1000], 平均loss: 0.0235
26-04-04 19:58:43.008 : epoch:[515/1000], 平均loss: 0.0236
26-04-04 20:01:24.336 : epoch:[516/1000], 平均loss: 0.0236
26-04-04 20:04:05.439 : epoch:[517/1000], 平均loss: 0.0235
26-04-04 20:06:48.622 : epoch:[518/1000], 平均loss: 0.0234
26-04-04 20:09:31.896 : epoch:[519/1000], 平均loss: 0.0234
26-04-04 20:12:14.230 : epoch:[520/1000], 平均loss: 0.0236
26-04-04 20:15:28.494 : [epoch 520 PSNR: 31.3976 Best: 31.3994]
26-04-04 20:18:09.956 : epoch:[521/1000], 平均loss: 0.0235
26-04-04 20:20:50.962 : epoch:[522/1000], 平均loss: 0.0236
26-04-04 20:23:33.479 : epoch:[523/1000], 平均loss: 0.0234
26-04-04 20:26:14.403 : epoch:[524/1000], 平均loss: 0.0235
26-04-04 20:28:57.980 : epoch:[525/1000], 平均loss: 0.0236
26-04-04 20:31:39.085 : epoch:[526/1000], 平均loss: 0.0236
26-04-04 20:34:23.956 : epoch:[527/1000], 平均loss: 0.0235
26-04-04 20:37:08.320 : epoch:[528/1000], 平均loss: 0.0237
26-04-04 20:39:51.596 : epoch:[529/1000], 平均loss: 0.0235
26-04-04 20:42:34.948 : epoch:[530/1000], 平均loss: 0.0235
26-04-04 20:45:50.202 : [epoch 530 PSNR: 31.3986 Best: 31.3994]
26-04-04 20:48:31.485 : epoch:[531/1000], 平均loss: 0.0238
26-04-04 20:51:15.631 : epoch:[532/1000], 平均loss: 0.0237
26-04-04 20:53:57.114 : epoch:[533/1000], 平均loss: 0.0237
26-04-04 20:56:39.277 : epoch:[534/1000], 平均loss: 0.0237
26-04-04 20:59:20.511 : epoch:[535/1000], 平均loss: 0.0236
26-04-04 21:02:02.037 : epoch:[536/1000], 平均loss: 0.0236
26-04-04 21:04:45.019 : epoch:[537/1000], 平均loss: 0.0234
26-04-04 21:07:26.396 : epoch:[538/1000], 平均loss: 0.0236
26-04-04 21:10:07.474 : epoch:[539/1000], 平均loss: 0.0236
26-04-04 21:12:48.786 : epoch:[540/1000], 平均loss: 0.0235
26-04-04 21:16:04.150 : [epoch 540 PSNR: 31.3994 Best: 31.3994]
26-04-04 21:18:45.680 : epoch:[541/1000], 平均loss: 0.0234
26-04-04 21:21:29.132 : epoch:[542/1000], 平均loss: 0.0235
26-04-04 21:24:12.653 : epoch:[543/1000], 平均loss: 0.0235
26-04-04 21:26:53.994 : epoch:[544/1000], 平均loss: 0.0236
26-04-04 21:29:37.884 : epoch:[545/1000], 平均loss: 0.0236
26-04-04 21:32:19.149 : epoch:[546/1000], 平均loss: 0.0238
26-04-04 21:35:00.935 : epoch:[547/1000], 平均loss: 0.0237
26-04-04 21:37:43.708 : epoch:[548/1000], 平均loss: 0.0235
26-04-04 21:40:27.671 : epoch:[549/1000], 平均loss: 0.0236
26-04-04 21:43:11.501 : epoch:[550/1000], 平均loss: 0.0234
26-04-04 21:46:26.815 : [epoch 550 PSNR: 31.3998 Best: 31.3998]
26-04-04 21:49:08.308 : epoch:[551/1000], 平均loss: 0.0232
26-04-04 21:51:50.081 : epoch:[552/1000], 平均loss: 0.0234
26-04-04 21:54:31.623 : epoch:[553/1000], 平均loss: 0.0238
26-04-04 21:57:13.013 : epoch:[554/1000], 平均loss: 0.0233
26-04-04 21:59:54.830 : epoch:[555/1000], 平均loss: 0.0233
26-04-04 22:02:38.279 : epoch:[556/1000], 平均loss: 0.0233
26-04-04 22:05:20.342 : epoch:[557/1000], 平均loss: 0.0236
26-04-04 22:08:02.755 : epoch:[558/1000], 平均loss: 0.0235
26-04-04 22:10:44.564 : epoch:[559/1000], 平均loss: 0.0237
26-04-04 22:13:28.724 : epoch:[560/1000], 平均loss: 0.0235
26-04-04 22:16:43.782 : [epoch 560 PSNR: 31.3985 Best: 31.3998]
26-04-04 22:19:26.106 : epoch:[561/1000], 平均loss: 0.0234
26-04-04 22:22:10.167 : epoch:[562/1000], 平均loss: 0.0236
26-04-04 22:24:54.255 : epoch:[563/1000], 平均loss: 0.0234
26-04-04 22:27:35.687 : epoch:[564/1000], 平均loss: 0.0240
26-04-04 22:30:17.167 : epoch:[565/1000], 平均loss: 0.0238
26-04-04 22:33:00.840 : epoch:[566/1000], 平均loss: 0.0236
26-04-04 22:35:45.295 : epoch:[567/1000], 平均loss: 0.0236
26-04-04 22:38:29.125 : epoch:[568/1000], 平均loss: 0.0234
26-04-04 22:41:11.483 : epoch:[569/1000], 平均loss: 0.0235
26-04-04 22:43:54.592 : epoch:[570/1000], 平均loss: 0.0235
26-04-04 22:47:09.396 : [epoch 570 PSNR: 31.3988 Best: 31.3998]
26-04-04 22:49:51.259 : epoch:[571/1000], 平均loss: 0.0238
26-04-04 22:52:34.776 : epoch:[572/1000], 平均loss: 0.0237
26-04-04 22:55:17.673 : epoch:[573/1000], 平均loss: 0.0235
26-04-04 22:57:59.936 : epoch:[574/1000], 平均loss: 0.0236
26-04-04 23:00:41.363 : epoch:[575/1000], 平均loss: 0.0234
26-04-04 23:03:25.533 : epoch:[576/1000], 平均loss: 0.0237
26-04-04 23:06:07.885 : epoch:[577/1000], 平均loss: 0.0237
26-04-04 23:08:49.646 : epoch:[578/1000], 平均loss: 0.0236
26-04-04 23:11:30.972 : epoch:[579/1000], 平均loss: 0.0235
26-04-04 23:14:14.468 : epoch:[580/1000], 平均loss: 0.0236
26-04-04 23:17:29.259 : [epoch 580 PSNR: 31.3980 Best: 31.3998]
26-04-04 23:20:10.842 : epoch:[581/1000], 平均loss: 0.0235
26-04-04 23:22:54.042 : epoch:[582/1000], 平均loss: 0.0234
26-04-04 23:25:37.976 : epoch:[583/1000], 平均loss: 0.0235
26-04-04 23:28:21.539 : epoch:[584/1000], 平均loss: 0.0236
26-04-04 23:31:05.627 : epoch:[585/1000], 平均loss: 0.0234
26-04-04 23:33:47.582 : epoch:[586/1000], 平均loss: 0.0235
26-04-04 23:36:29.280 : epoch:[587/1000], 平均loss: 0.0236
26-04-04 23:39:10.768 : epoch:[588/1000], 平均loss: 0.0234
26-04-04 23:41:54.791 : epoch:[589/1000], 平均loss: 0.0236
26-04-04 23:44:36.205 : epoch:[590/1000], 平均loss: 0.0237
26-04-04 23:47:51.111 : [epoch 590 PSNR: 31.4003 Best: 31.4003]
26-04-04 23:50:34.560 : epoch:[591/1000], 平均loss: 0.0233
26-04-04 23:53:18.351 : epoch:[592/1000], 平均loss: 0.0236
26-04-04 23:56:02.071 : epoch:[593/1000], 平均loss: 0.0238
26-04-04 23:58:45.749 : epoch:[594/1000], 平均loss: 0.0236
26-04-05 00:01:30.145 : epoch:[595/1000], 平均loss: 0.0235
26-04-05 00:04:12.192 : epoch:[596/1000], 平均loss: 0.0233
26-04-05 00:06:55.627 : epoch:[597/1000], 平均loss: 0.0235
26-04-05 00:09:39.206 : epoch:[598/1000], 平均loss: 0.0236
26-04-05 00:12:22.756 : epoch:[599/1000], 平均loss: 0.0235
26-04-05 00:15:03.555 : epoch:[600/1000], 平均loss: 0.0235
26-04-05 00:18:18.256 : [epoch 600 PSNR: 31.4020 Best: 31.4020]
26-04-05 00:20:59.274 : epoch:[601/1000], 平均loss: 0.0235
26-04-05 00:23:40.352 : epoch:[602/1000], 平均loss: 0.0235
26-04-05 00:26:23.942 : epoch:[603/1000], 平均loss: 0.0236
26-04-05 00:29:04.698 : epoch:[604/1000], 平均loss: 0.0237
26-04-05 00:31:46.441 : epoch:[605/1000], 平均loss: 0.0237
26-04-05 00:34:27.852 : epoch:[606/1000], 平均loss: 0.0237
26-04-05 00:37:09.298 : epoch:[607/1000], 平均loss: 0.0236
26-04-05 00:39:53.740 : epoch:[608/1000], 平均loss: 0.0235
26-04-05 00:42:34.787 : epoch:[609/1000], 平均loss: 0.0236
26-04-05 00:45:18.189 : epoch:[610/1000], 平均loss: 0.0234
26-04-05 00:48:32.354 : [epoch 610 PSNR: 31.4010 Best: 31.4020]
26-04-05 00:51:15.965 : epoch:[611/1000], 平均loss: 0.0234
26-04-05 00:54:00.032 : epoch:[612/1000], 平均loss: 0.0234
26-04-05 00:56:44.232 : epoch:[613/1000], 平均loss: 0.0236
26-04-05 00:59:25.479 : epoch:[614/1000], 平均loss: 0.0235
26-04-05 01:02:06.577 : epoch:[615/1000], 平均loss: 0.0235
26-04-05 01:04:47.989 : epoch:[616/1000], 平均loss: 0.0235
26-04-05 01:07:31.509 : epoch:[617/1000], 平均loss: 0.0236
26-04-05 01:10:14.771 : epoch:[618/1000], 平均loss: 0.0236
26-04-05 01:12:56.219 : epoch:[619/1000], 平均loss: 0.0237
26-04-05 01:15:39.063 : epoch:[620/1000], 平均loss: 0.0237
26-04-05 01:18:53.463 : [epoch 620 PSNR: 31.4028 Best: 31.4028]
26-04-05 01:21:35.261 : epoch:[621/1000], 平均loss: 0.0237
26-04-05 01:24:16.747 : epoch:[622/1000], 平均loss: 0.0235
26-04-05 01:26:59.515 : epoch:[623/1000], 平均loss: 0.0236
26-04-05 01:29:43.452 : epoch:[624/1000], 平均loss: 0.0236
26-04-05 01:32:27.070 : epoch:[625/1000], 平均loss: 0.0236
26-04-05 01:35:08.141 : epoch:[626/1000], 平均loss: 0.0236
26-04-05 01:37:49.571 : epoch:[627/1000], 平均loss: 0.0233
26-04-05 01:40:31.041 : epoch:[628/1000], 平均loss: 0.0236
26-04-05 01:43:12.042 : epoch:[629/1000], 平均loss: 0.0235
26-04-05 01:45:53.247 : epoch:[630/1000], 平均loss: 0.0238
26-04-05 01:49:07.848 : [epoch 630 PSNR: 31.4002 Best: 31.4028]
26-04-05 01:51:49.498 : epoch:[631/1000], 平均loss: 0.0236
26-04-05 01:54:32.249 : epoch:[632/1000], 平均loss: 0.0234
26-04-05 01:57:15.875 : epoch:[633/1000], 平均loss: 0.0235
26-04-05 01:59:59.493 : epoch:[634/1000], 平均loss: 0.0237
26-04-05 02:02:43.497 : epoch:[635/1000], 平均loss: 0.0237
26-04-05 02:05:25.246 : epoch:[636/1000], 平均loss: 0.0234
26-04-05 02:08:06.508 : epoch:[637/1000], 平均loss: 0.0235
26-04-05 02:10:47.555 : epoch:[638/1000], 平均loss: 0.0234
26-04-05 02:13:30.796 : epoch:[639/1000], 平均loss: 0.0237
26-04-05 02:16:14.916 : epoch:[640/1000], 平均loss: 0.0235
26-04-05 02:19:29.769 : [epoch 640 PSNR: 31.4003 Best: 31.4028]
26-04-05 02:22:12.009 : epoch:[641/1000], 平均loss: 0.0234
26-04-05 02:24:56.522 : epoch:[642/1000], 平均loss: 0.0235
26-04-05 02:27:38.842 : epoch:[643/1000], 平均loss: 0.0236
26-04-05 02:30:20.385 : epoch:[644/1000], 平均loss: 0.0234
26-04-05 02:33:01.827 : epoch:[645/1000], 平均loss: 0.0237
26-04-05 02:35:43.078 : epoch:[646/1000], 平均loss: 0.0236
26-04-05 02:38:26.291 : epoch:[647/1000], 平均loss: 0.0236
26-04-05 02:41:09.751 : epoch:[648/1000], 平均loss: 0.0234
26-04-05 02:43:53.273 : epoch:[649/1000], 平均loss: 0.0234
26-04-05 02:46:34.874 : epoch:[650/1000], 平均loss: 0.0237
26-04-05 02:49:49.754 : [epoch 650 PSNR: 31.4004 Best: 31.4028]
26-04-05 02:52:31.195 : epoch:[651/1000], 平均loss: 0.0235
26-04-05 02:55:12.673 : epoch:[652/1000], 平均loss: 0.0234
26-04-05 02:57:56.361 : epoch:[653/1000], 平均loss: 0.0237
26-04-05 03:00:38.034 : epoch:[654/1000], 平均loss: 0.0236
26-04-05 03:03:19.637 : epoch:[655/1000], 平均loss: 0.0236
26-04-05 03:06:02.504 : epoch:[656/1000], 平均loss: 0.0237
26-04-05 03:08:46.513 : epoch:[657/1000], 平均loss: 0.0236
26-04-05 03:11:30.629 : epoch:[658/1000], 平均loss: 0.0237
26-04-05 03:14:11.948 : epoch:[659/1000], 平均loss: 0.0235
26-04-05 03:16:52.731 : epoch:[660/1000], 平均loss: 0.0237
26-04-05 03:20:07.270 : [epoch 660 PSNR: 31.3989 Best: 31.4028]
26-04-05 03:22:51.637 : epoch:[661/1000], 平均loss: 0.0236
26-04-05 03:25:35.200 : epoch:[662/1000], 平均loss: 0.0236
26-04-05 03:28:18.598 : epoch:[663/1000], 平均loss: 0.0237
26-04-05 03:31:02.601 : epoch:[664/1000], 平均loss: 0.0233
26-04-05 03:33:44.149 : epoch:[665/1000], 平均loss: 0.0236
26-04-05 03:36:27.959 : epoch:[666/1000], 平均loss: 0.0238
26-04-05 03:39:11.505 : epoch:[667/1000], 平均loss: 0.0238
26-04-05 03:41:55.003 : epoch:[668/1000], 平均loss: 0.0236
26-04-05 03:44:36.295 : epoch:[669/1000], 平均loss: 0.0234
26-04-05 03:47:18.534 : epoch:[670/1000], 平均loss: 0.0234
26-04-05 03:50:32.843 : [epoch 670 PSNR: 31.4002 Best: 31.4028]
26-04-05 03:53:14.916 : epoch:[671/1000], 平均loss: 0.0234
26-04-05 03:55:58.060 : epoch:[672/1000], 平均loss: 0.0236
26-04-05 03:58:40.755 : epoch:[673/1000], 平均loss: 0.0234
26-04-05 04:01:24.267 : epoch:[674/1000], 平均loss: 0.0233
26-04-05 04:04:07.615 : epoch:[675/1000], 平均loss: 0.0234
26-04-05 04:06:49.336 : epoch:[676/1000], 平均loss: 0.0234
26-04-05 04:09:33.454 : epoch:[677/1000], 平均loss: 0.0237
26-04-05 04:12:17.514 : epoch:[678/1000], 平均loss: 0.0236
26-04-05 04:14:59.605 : epoch:[679/1000], 平均loss: 0.0236
26-04-05 04:17:41.732 : epoch:[680/1000], 平均loss: 0.0233
26-04-05 04:20:57.128 : [epoch 680 PSNR: 31.4000 Best: 31.4028]
26-04-05 04:23:39.395 : epoch:[681/1000], 平均loss: 0.0235
26-04-05 04:26:22.649 : epoch:[682/1000], 平均loss: 0.0233
26-04-05 04:29:06.181 : epoch:[683/1000], 平均loss: 0.0238
26-04-05 04:31:46.574 : epoch:[684/1000], 平均loss: 0.0237
26-04-05 04:34:28.089 : epoch:[685/1000], 平均loss: 0.0237
26-04-05 04:37:10.125 : epoch:[686/1000], 平均loss: 0.0235
26-04-05 04:39:51.449 : epoch:[687/1000], 平均loss: 0.0235
26-04-05 04:42:32.764 : epoch:[688/1000], 平均loss: 0.0235
26-04-05 04:45:16.321 : epoch:[689/1000], 平均loss: 0.0236
26-04-05 04:48:00.019 : epoch:[690/1000], 平均loss: 0.0236
26-04-05 04:51:15.291 : [epoch 690 PSNR: 31.4004 Best: 31.4028]
26-04-05 04:53:56.504 : epoch:[691/1000], 平均loss: 0.0235
26-04-05 04:56:38.006 : epoch:[692/1000], 平均loss: 0.0234
26-04-05 04:59:19.150 : epoch:[693/1000], 平均loss: 0.0236
26-04-05 05:01:59.942 : epoch:[694/1000], 平均loss: 0.0236
26-04-05 05:04:41.375 : epoch:[695/1000], 平均loss: 0.0236
26-04-05 05:07:25.343 : epoch:[696/1000], 平均loss: 0.0237
26-04-05 05:10:09.330 : epoch:[697/1000], 平均loss: 0.0237
26-04-05 05:12:54.001 : epoch:[698/1000], 平均loss: 0.0235
26-04-05 05:15:37.300 : epoch:[699/1000], 平均loss: 0.0234
26-04-05 05:18:20.890 : epoch:[700/1000], 平均loss: 0.0235
26-04-05 05:21:35.800 : [epoch 700 PSNR: 31.4019 Best: 31.4028]
26-04-05 05:24:17.453 : epoch:[701/1000], 平均loss: 0.0232
26-04-05 05:27:01.414 : epoch:[702/1000], 平均loss: 0.0234
26-04-05 05:29:43.229 : epoch:[703/1000], 平均loss: 0.0235
26-04-05 05:32:24.621 : epoch:[704/1000], 平均loss: 0.0235
26-04-05 05:35:07.458 : epoch:[705/1000], 平均loss: 0.0235
26-04-05 05:37:54.098 : epoch:[706/1000], 平均loss: 0.0237
26-04-05 05:40:37.661 : epoch:[707/1000], 平均loss: 0.0234
26-04-05 05:43:19.149 : epoch:[708/1000], 平均loss: 0.0235
26-04-05 05:46:00.211 : epoch:[709/1000], 平均loss: 0.0236
26-04-05 05:48:41.662 : epoch:[710/1000], 平均loss: 0.0236
26-04-05 05:51:56.561 : [epoch 710 PSNR: 31.4004 Best: 31.4028]
26-04-05 05:54:38.113 : epoch:[711/1000], 平均loss: 0.0235
26-04-05 05:57:20.126 : epoch:[712/1000], 平均loss: 0.0234
26-04-05 06:00:03.724 : epoch:[713/1000], 平均loss: 0.0239
26-04-05 06:02:44.981 : epoch:[714/1000], 平均loss: 0.0235
26-04-05 06:05:28.498 : epoch:[715/1000], 平均loss: 0.0236
26-04-05 06:08:11.957 : epoch:[716/1000], 平均loss: 0.0235
26-04-05 06:10:55.542 : epoch:[717/1000], 平均loss: 0.0234
26-04-05 06:13:36.998 : epoch:[718/1000], 平均loss: 0.0235
26-04-05 06:16:18.902 : epoch:[719/1000], 平均loss: 0.0234
26-04-05 06:19:00.648 : epoch:[720/1000], 平均loss: 0.0236
26-04-05 06:22:15.643 : [epoch 720 PSNR: 31.4016 Best: 31.4028]
26-04-05 06:22:15.794 : 总训练时间: 36.40小时
