26-03-19 15:35:10.359 :   task: train
  gpu_ids: [0]
  log_path: ./log
  model_save: ./model_save
  pretained_path:[
    index: True
    path: ./model_save/model_best1.pth
  ]
  batch_size: 4
  nc: [16, 1]
  patch_size: [128, 128]
  stride_size: [16, 16]
  atoms: 50
  d_size: 3
  max_epoch: 1000
  stage: 3
  lr: 0.0001
  loss_function_index: 1
  n_channels: 1
  train:[
    sigma: [15, 50]
    dataroot_H: ./dataset/gray_train_all
    H_size: 128
    n_channels: 1
  ]
  valid:[
    sigma: [15, 25, 50]
    dataroot_H: ./dataset/gray_test
    n_channels: 1
  ]
  opt_path: ./options/train_options.json
  is_train: True
  scale: 1

26-03-19 15:35:10.368 : 训练集大小: 1120
26-03-19 15:35:10.368 : 验证集数量: 720 (每个 sigma 一个 Dataset)
26-03-19 15:35:11.382 : Number of parameter: 3.25M
26-03-19 15:35:11.382 : start training...
26-03-19 15:37:54.430 : epoch:[1/1000], 平均loss: 0.0273
26-03-19 15:40:35.139 : epoch:[2/1000], 平均loss: 0.0268
26-03-19 15:43:19.731 : epoch:[3/1000], 平均loss: 0.0264
26-03-19 15:45:59.040 : epoch:[4/1000], 平均loss: 0.0268
26-03-19 15:48:38.667 : epoch:[5/1000], 平均loss: 0.0263
26-03-19 15:51:25.127 : epoch:[6/1000], 平均loss: 0.0264
26-03-19 15:54:04.885 : epoch:[7/1000], 平均loss: 0.0259
26-03-19 15:56:42.978 : epoch:[8/1000], 平均loss: 0.0259
26-03-19 15:59:20.937 : epoch:[9/1000], 平均loss: 0.0252
26-03-19 16:01:59.047 : epoch:[10/1000], 平均loss: 0.0252
26-03-19 16:05:12.027 : [epoch 10 PSNR: 30.7305 Best: 30.7305]
26-03-19 16:07:52.962 : epoch:[11/1000], 平均loss: 0.0250
26-03-19 16:10:31.322 : epoch:[12/1000], 平均loss: 0.0253
26-03-19 16:13:18.211 : epoch:[13/1000], 平均loss: 0.0249
26-03-19 16:16:02.108 : epoch:[14/1000], 平均loss: 0.0248
26-03-19 16:18:42.300 : epoch:[15/1000], 平均loss: 0.0248
26-03-19 16:21:21.810 : epoch:[16/1000], 平均loss: 0.0250
26-03-19 16:23:59.985 : epoch:[17/1000], 平均loss: 0.0246
26-03-19 16:26:41.210 : epoch:[18/1000], 平均loss: 0.0245
26-03-19 16:29:24.520 : epoch:[19/1000], 平均loss: 0.0241
26-03-19 16:32:04.263 : epoch:[20/1000], 平均loss: 0.0241
26-03-19 16:35:17.734 : [epoch 20 PSNR: 31.1833 Best: 31.1833]
26-03-19 16:37:57.664 : epoch:[21/1000], 平均loss: 0.0242
26-03-19 16:40:36.641 : epoch:[22/1000], 平均loss: 0.0243
26-03-19 16:43:15.350 : epoch:[23/1000], 平均loss: 0.0240
26-03-19 16:45:53.976 : epoch:[24/1000], 平均loss: 0.0238
26-03-19 16:48:34.497 : epoch:[25/1000], 平均loss: 0.0239
26-03-19 16:51:17.737 : epoch:[26/1000], 平均loss: 0.0238
26-03-19 16:54:01.014 : epoch:[27/1000], 平均loss: 0.0240
26-03-19 16:56:44.294 : epoch:[28/1000], 平均loss: 0.0238
26-03-19 16:59:29.842 : epoch:[29/1000], 平均loss: 0.0238
26-03-19 17:02:14.711 : epoch:[30/1000], 平均loss: 0.0240
26-03-19 17:05:29.641 : [epoch 30 PSNR: 31.3355 Best: 31.3355]
26-03-19 17:08:14.359 : epoch:[31/1000], 平均loss: 0.0236
26-03-19 17:10:57.364 : epoch:[32/1000], 平均loss: 0.0238
26-03-19 17:13:43.602 : epoch:[33/1000], 平均loss: 0.0235
26-03-19 17:16:28.198 : epoch:[34/1000], 平均loss: 0.0235
26-03-19 17:19:12.524 : epoch:[35/1000], 平均loss: 0.0236
26-03-19 17:21:55.605 : epoch:[36/1000], 平均loss: 0.0234
26-03-19 17:24:39.950 : epoch:[37/1000], 平均loss: 0.0234
26-03-19 17:27:23.064 : epoch:[38/1000], 平均loss: 0.0235
26-03-19 17:30:07.210 : epoch:[39/1000], 平均loss: 0.0234
26-03-19 17:32:51.248 : epoch:[40/1000], 平均loss: 0.0233
26-03-19 17:36:07.365 : [epoch 40 PSNR: 31.3933 Best: 31.3933]
26-03-19 17:38:50.829 : epoch:[41/1000], 平均loss: 0.0234
26-03-19 17:41:33.569 : epoch:[42/1000], 平均loss: 0.0233
26-03-19 17:44:16.474 : epoch:[43/1000], 平均loss: 0.0232
26-03-19 17:47:00.189 : epoch:[44/1000], 平均loss: 0.0233
26-03-19 17:49:43.985 : epoch:[45/1000], 平均loss: 0.0233
26-03-19 17:52:27.454 : epoch:[46/1000], 平均loss: 0.0233
26-03-19 17:55:10.717 : epoch:[47/1000], 平均loss: 0.0233
26-03-19 17:57:54.164 : epoch:[48/1000], 平均loss: 0.0234
26-03-19 18:00:38.116 : epoch:[49/1000], 平均loss: 0.0235
26-03-19 18:03:21.083 : epoch:[50/1000], 平均loss: 0.0233
26-03-19 18:06:37.169 : [epoch 50 PSNR: 31.4755 Best: 31.4755]
26-03-19 18:09:21.841 : epoch:[51/1000], 平均loss: 0.0232
26-03-19 18:12:04.932 : epoch:[52/1000], 平均loss: 0.0232
26-03-19 18:14:46.946 : epoch:[53/1000], 平均loss: 0.0232
26-03-19 18:17:24.789 : epoch:[54/1000], 平均loss: 0.0230
26-03-19 18:20:02.682 : epoch:[55/1000], 平均loss: 0.0233
26-03-19 18:22:41.073 : epoch:[56/1000], 平均loss: 0.0232
26-03-19 18:25:18.918 : epoch:[57/1000], 平均loss: 0.0230
26-03-19 18:27:56.643 : epoch:[58/1000], 平均loss: 0.0232
26-03-19 18:30:34.201 : epoch:[59/1000], 平均loss: 0.0231
26-03-19 18:33:11.979 : epoch:[60/1000], 平均loss: 0.0230
26-03-19 18:36:23.508 : [epoch 60 PSNR: 31.5268 Best: 31.5268]
26-03-19 18:39:01.512 : epoch:[61/1000], 平均loss: 0.0232
26-03-19 18:41:39.004 : epoch:[62/1000], 平均loss: 0.0233
26-03-19 18:44:16.782 : epoch:[63/1000], 平均loss: 0.0231
26-03-19 18:46:59.806 : epoch:[64/1000], 平均loss: 0.0232
26-03-19 18:49:38.832 : epoch:[65/1000], 平均loss: 0.0230
26-03-19 18:52:16.392 : epoch:[66/1000], 平均loss: 0.0231
26-03-19 18:54:53.365 : epoch:[67/1000], 平均loss: 0.0231
26-03-19 18:57:30.744 : epoch:[68/1000], 平均loss: 0.0229
26-03-19 19:00:08.336 : epoch:[69/1000], 平均loss: 0.0232
26-03-19 19:02:45.312 : epoch:[70/1000], 平均loss: 0.0228
26-03-19 19:05:56.424 : [epoch 70 PSNR: 31.5131 Best: 31.5268]
26-03-19 19:08:34.214 : epoch:[71/1000], 平均loss: 0.0230
26-03-19 19:11:12.073 : epoch:[72/1000], 平均loss: 0.0230
26-03-19 19:13:49.916 : epoch:[73/1000], 平均loss: 0.0231
26-03-19 19:16:27.725 : epoch:[74/1000], 平均loss: 0.0229
26-03-19 19:19:05.452 : epoch:[75/1000], 平均loss: 0.0229
26-03-19 19:21:43.111 : epoch:[76/1000], 平均loss: 0.0230
26-03-19 19:24:20.703 : epoch:[77/1000], 平均loss: 0.0228
26-03-19 19:26:58.196 : epoch:[78/1000], 平均loss: 0.0231
26-03-19 19:29:36.106 : epoch:[79/1000], 平均loss: 0.0230
26-03-19 19:32:13.228 : epoch:[80/1000], 平均loss: 0.0229
26-03-19 19:35:24.409 : [epoch 80 PSNR: 31.5157 Best: 31.5268]
26-03-19 19:38:01.948 : epoch:[81/1000], 平均loss: 0.0227
26-03-19 19:40:38.923 : epoch:[82/1000], 平均loss: 0.0230
26-03-19 19:43:16.800 : epoch:[83/1000], 平均loss: 0.0229
26-03-19 19:45:55.508 : epoch:[84/1000], 平均loss: 0.0230
26-03-19 19:48:33.319 : epoch:[85/1000], 平均loss: 0.0229
26-03-19 19:51:10.945 : epoch:[86/1000], 平均loss: 0.0229
26-03-19 19:53:48.489 : epoch:[87/1000], 平均loss: 0.0229
26-03-19 19:56:26.130 : epoch:[88/1000], 平均loss: 0.0231
26-03-19 19:59:03.973 : epoch:[89/1000], 平均loss: 0.0229
26-03-19 20:01:41.015 : epoch:[90/1000], 平均loss: 0.0230
26-03-19 20:04:52.286 : [epoch 90 PSNR: 31.5722 Best: 31.5722]
26-03-19 20:07:30.151 : epoch:[91/1000], 平均loss: 0.0230
26-03-19 20:10:07.894 : epoch:[92/1000], 平均loss: 0.0230
26-03-19 20:12:44.866 : epoch:[93/1000], 平均loss: 0.0229
26-03-19 20:15:22.744 : epoch:[94/1000], 平均loss: 0.0228
26-03-19 20:18:00.756 : epoch:[95/1000], 平均loss: 0.0228
26-03-19 20:20:37.945 : epoch:[96/1000], 平均loss: 0.0229
26-03-19 20:23:15.657 : epoch:[97/1000], 平均loss: 0.0229
26-03-19 20:25:53.496 : epoch:[98/1000], 平均loss: 0.0228
26-03-19 20:28:31.393 : epoch:[99/1000], 平均loss: 0.0229
26-03-19 20:31:10.018 : epoch:[100/1000], 平均loss: 0.0228
26-03-19 20:34:21.637 : [epoch 100 PSNR: 31.5816 Best: 31.5816]
26-03-19 20:36:59.536 : epoch:[101/1000], 平均loss: 0.0228
26-03-19 20:39:37.427 : epoch:[102/1000], 平均loss: 0.0230
26-03-19 20:42:15.405 : epoch:[103/1000], 平均loss: 0.0229
26-03-19 20:44:52.660 : epoch:[104/1000], 平均loss: 0.0228
26-03-19 20:47:30.323 : epoch:[105/1000], 平均loss: 0.0228
26-03-19 20:50:08.182 : epoch:[106/1000], 平均loss: 0.0231
26-03-19 20:52:46.807 : epoch:[107/1000], 平均loss: 0.0229
26-03-19 20:55:24.784 : epoch:[108/1000], 平均loss: 0.0230
26-03-19 20:58:02.576 : epoch:[109/1000], 平均loss: 0.0230
26-03-19 21:00:40.018 : epoch:[110/1000], 平均loss: 0.0230
26-03-19 21:03:51.306 : [epoch 110 PSNR: 31.6029 Best: 31.6029]
26-03-19 21:06:29.253 : epoch:[111/1000], 平均loss: 0.0230
26-03-19 21:09:07.113 : epoch:[112/1000], 平均loss: 0.0228
26-03-19 21:11:44.988 : epoch:[113/1000], 平均loss: 0.0227
26-03-19 21:14:22.432 : epoch:[114/1000], 平均loss: 0.0228
26-03-19 21:17:00.257 : epoch:[115/1000], 平均loss: 0.0227
26-03-19 21:19:38.068 : epoch:[116/1000], 平均loss: 0.0230
26-03-19 21:22:15.809 : epoch:[117/1000], 平均loss: 0.0228
26-03-19 21:24:54.301 : epoch:[118/1000], 平均loss: 0.0230
26-03-19 21:27:31.979 : epoch:[119/1000], 平均loss: 0.0229
26-03-19 21:30:09.869 : epoch:[120/1000], 平均loss: 0.0229
26-03-19 21:33:21.155 : [epoch 120 PSNR: 31.6199 Best: 31.6199]
26-03-19 21:35:59.054 : epoch:[121/1000], 平均loss: 0.0228
26-03-19 21:38:36.277 : epoch:[122/1000], 平均loss: 0.0226
26-03-19 21:41:13.841 : epoch:[123/1000], 平均loss: 0.0227
26-03-19 21:43:51.800 : epoch:[124/1000], 平均loss: 0.0228
26-03-19 21:46:29.908 : epoch:[125/1000], 平均loss: 0.0227
26-03-19 21:49:07.551 : epoch:[126/1000], 平均loss: 0.0227
26-03-19 21:51:45.227 : epoch:[127/1000], 平均loss: 0.0228
26-03-19 21:54:22.954 : epoch:[128/1000], 平均loss: 0.0226
26-03-19 21:57:00.596 : epoch:[129/1000], 平均loss: 0.0229
26-03-19 21:59:38.088 : epoch:[130/1000], 平均loss: 0.0226
26-03-19 22:02:49.531 : [epoch 130 PSNR: 31.6053 Best: 31.6199]
26-03-19 22:05:27.207 : epoch:[131/1000], 平均loss: 0.0229
26-03-19 22:08:04.781 : epoch:[132/1000], 平均loss: 0.0227
26-03-19 22:10:41.673 : epoch:[133/1000], 平均loss: 0.0228
26-03-19 22:13:19.368 : epoch:[134/1000], 平均loss: 0.0227
26-03-19 22:15:57.143 : epoch:[135/1000], 平均loss: 0.0227
26-03-19 22:18:35.369 : epoch:[136/1000], 平均loss: 0.0228
26-03-19 22:21:13.029 : epoch:[137/1000], 平均loss: 0.0228
26-03-19 22:23:50.638 : epoch:[138/1000], 平均loss: 0.0229
26-03-19 22:26:27.999 : epoch:[139/1000], 平均loss: 0.0227
26-03-19 22:29:05.773 : epoch:[140/1000], 平均loss: 0.0227
26-03-19 22:32:17.153 : [epoch 140 PSNR: 31.6251 Best: 31.6251]
26-03-19 22:34:54.789 : epoch:[141/1000], 平均loss: 0.0229
26-03-19 22:37:32.200 : epoch:[142/1000], 平均loss: 0.0227
26-03-19 22:40:09.759 : epoch:[143/1000], 平均loss: 0.0227
26-03-19 22:42:47.967 : epoch:[144/1000], 平均loss: 0.0228
26-03-19 22:45:25.778 : epoch:[145/1000], 平均loss: 0.0229
26-03-19 22:48:03.470 : epoch:[146/1000], 平均loss: 0.0227
26-03-19 22:50:40.512 : epoch:[147/1000], 平均loss: 0.0228
26-03-19 22:53:17.723 : epoch:[148/1000], 平均loss: 0.0227
26-03-19 22:55:55.349 : epoch:[149/1000], 平均loss: 0.0227
26-03-19 22:58:33.059 : epoch:[150/1000], 平均loss: 0.0227
26-03-19 23:01:44.570 : [epoch 150 PSNR: 31.6287 Best: 31.6287]
26-03-19 23:04:22.291 : epoch:[151/1000], 平均loss: 0.0228
26-03-19 23:07:00.035 : epoch:[152/1000], 平均loss: 0.0228
26-03-19 23:09:37.694 : epoch:[153/1000], 平均loss: 0.0231
26-03-19 23:12:15.404 : epoch:[154/1000], 平均loss: 0.0226
26-03-19 23:14:53.713 : epoch:[155/1000], 平均loss: 0.0226
26-03-19 23:17:31.555 : epoch:[156/1000], 平均loss: 0.0225
26-03-19 23:20:08.999 : epoch:[157/1000], 平均loss: 0.0230
26-03-19 23:22:47.305 : epoch:[158/1000], 平均loss: 0.0226
26-03-19 23:25:25.000 : epoch:[159/1000], 平均loss: 0.0227
26-03-19 23:28:02.759 : epoch:[160/1000], 平均loss: 0.0228
26-03-19 23:31:14.572 : [epoch 160 PSNR: 31.6427 Best: 31.6427]
26-03-19 23:33:52.326 : epoch:[161/1000], 平均loss: 0.0228
26-03-19 23:36:30.019 : epoch:[162/1000], 平均loss: 0.0229
26-03-19 23:39:07.829 : epoch:[163/1000], 平均loss: 0.0229
26-03-19 23:41:45.503 : epoch:[164/1000], 平均loss: 0.0226
26-03-19 23:44:25.020 : epoch:[165/1000], 平均loss: 0.0227
26-03-19 23:47:02.646 : epoch:[166/1000], 平均loss: 0.0229
26-03-19 23:49:40.273 : epoch:[167/1000], 平均loss: 0.0228
26-03-19 23:52:17.931 : epoch:[168/1000], 平均loss: 0.0227
26-03-19 23:54:56.139 : epoch:[169/1000], 平均loss: 0.0228
26-03-19 23:57:33.933 : epoch:[170/1000], 平均loss: 0.0226
26-03-20 00:00:45.112 : [epoch 170 PSNR: 31.6321 Best: 31.6427]
26-03-20 00:03:22.850 : epoch:[171/1000], 平均loss: 0.0227
26-03-20 00:06:00.543 : epoch:[172/1000], 平均loss: 0.0228
26-03-20 00:08:38.984 : epoch:[173/1000], 平均loss: 0.0228
26-03-20 00:11:16.644 : epoch:[174/1000], 平均loss: 0.0226
26-03-20 00:13:54.271 : epoch:[175/1000], 平均loss: 0.0229
26-03-20 00:16:32.095 : epoch:[176/1000], 平均loss: 0.0229
26-03-20 00:19:09.957 : epoch:[177/1000], 平均loss: 0.0226
26-03-20 00:21:47.682 : epoch:[178/1000], 平均loss: 0.0228
26-03-20 00:24:25.209 : epoch:[179/1000], 平均loss: 0.0227
26-03-20 00:27:03.135 : epoch:[180/1000], 平均loss: 0.0227
26-03-20 00:30:14.496 : [epoch 180 PSNR: 31.6244 Best: 31.6427]
26-03-20 00:32:53.017 : epoch:[181/1000], 平均loss: 0.0227
26-03-20 00:35:30.761 : epoch:[182/1000], 平均loss: 0.0226
26-03-20 00:38:08.436 : epoch:[183/1000], 平均loss: 0.0229
26-03-20 00:40:46.761 : epoch:[184/1000], 平均loss: 0.0226
26-03-20 00:43:24.073 : epoch:[185/1000], 平均loss: 0.0225
26-03-20 00:46:01.748 : epoch:[186/1000], 平均loss: 0.0228
26-03-20 00:48:38.472 : epoch:[187/1000], 平均loss: 0.0228
26-03-20 00:51:16.250 : epoch:[188/1000], 平均loss: 0.0227
26-03-20 00:53:54.228 : epoch:[189/1000], 平均loss: 0.0227
26-03-20 00:56:32.053 : epoch:[190/1000], 平均loss: 0.0227
26-03-20 00:59:43.297 : [epoch 190 PSNR: 31.6395 Best: 31.6427]
26-03-20 01:02:20.716 : epoch:[191/1000], 平均loss: 0.0228
26-03-20 01:04:57.327 : epoch:[192/1000], 平均loss: 0.0227
26-03-20 01:07:34.506 : epoch:[193/1000], 平均loss: 0.0225
26-03-20 01:10:12.147 : epoch:[194/1000], 平均loss: 0.0228
26-03-20 01:12:49.188 : epoch:[195/1000], 平均loss: 0.0227
26-03-20 01:15:26.816 : epoch:[196/1000], 平均loss: 0.0227
26-03-20 01:18:04.259 : epoch:[197/1000], 平均loss: 0.0227
26-03-20 01:20:42.567 : epoch:[198/1000], 平均loss: 0.0228
26-03-20 01:23:20.145 : epoch:[199/1000], 平均loss: 0.0227
26-03-20 01:25:57.387 : epoch:[200/1000], 平均loss: 0.0227
26-03-20 01:29:08.865 : [epoch 200 PSNR: 31.6382 Best: 31.6427]
26-03-20 01:31:46.469 : epoch:[201/1000], 平均loss: 0.0227
26-03-20 01:34:24.446 : epoch:[202/1000], 平均loss: 0.0225
26-03-20 01:37:01.440 : epoch:[203/1000], 平均loss: 0.0225
26-03-20 01:39:39.049 : epoch:[204/1000], 平均loss: 0.0228
26-03-20 01:42:16.858 : epoch:[205/1000], 平均loss: 0.0227
26-03-20 01:44:55.251 : epoch:[206/1000], 平均loss: 0.0229
26-03-20 01:47:33.226 : epoch:[207/1000], 平均loss: 0.0227
26-03-20 01:50:10.885 : epoch:[208/1000], 平均loss: 0.0228
26-03-20 01:52:47.827 : epoch:[209/1000], 平均loss: 0.0226
26-03-20 01:55:26.122 : epoch:[210/1000], 平均loss: 0.0226
26-03-20 01:58:37.250 : [epoch 210 PSNR: 31.6436 Best: 31.6436]
26-03-20 02:01:14.538 : epoch:[211/1000], 平均loss: 0.0227
26-03-20 02:03:51.898 : epoch:[212/1000], 平均loss: 0.0224
26-03-20 02:06:29.724 : epoch:[213/1000], 平均loss: 0.0228
26-03-20 02:09:07.232 : epoch:[214/1000], 平均loss: 0.0226
26-03-20 02:11:44.676 : epoch:[215/1000], 平均loss: 0.0227
26-03-20 02:14:22.536 : epoch:[216/1000], 平均loss: 0.0227
26-03-20 02:17:00.579 : epoch:[217/1000], 平均loss: 0.0227
26-03-20 02:19:38.054 : epoch:[218/1000], 平均loss: 0.0226
26-03-20 02:22:15.748 : epoch:[219/1000], 平均loss: 0.0227
26-03-20 02:24:54.154 : epoch:[220/1000], 平均loss: 0.0226
26-03-20 02:28:05.434 : [epoch 220 PSNR: 31.6428 Best: 31.6436]
26-03-20 02:30:42.839 : epoch:[221/1000], 平均loss: 0.0228
26-03-20 02:33:20.033 : epoch:[222/1000], 平均loss: 0.0228
26-03-20 02:35:57.742 : epoch:[223/1000], 平均loss: 0.0227
26-03-20 02:38:35.685 : epoch:[224/1000], 平均loss: 0.0226
26-03-20 02:41:13.095 : epoch:[225/1000], 平均loss: 0.0227
26-03-20 02:43:50.655 : epoch:[226/1000], 平均loss: 0.0227
26-03-20 02:46:28.379 : epoch:[227/1000], 平均loss: 0.0225
26-03-20 02:49:05.990 : epoch:[228/1000], 平均loss: 0.0227
26-03-20 02:51:43.081 : epoch:[229/1000], 平均loss: 0.0226
26-03-20 02:54:20.225 : epoch:[230/1000], 平均loss: 0.0226
26-03-20 02:57:31.635 : [epoch 230 PSNR: 31.6412 Best: 31.6436]
26-03-20 03:00:09.624 : epoch:[231/1000], 平均loss: 0.0227
26-03-20 03:02:46.715 : epoch:[232/1000], 平均loss: 0.0228
26-03-20 03:05:24.526 : epoch:[233/1000], 平均loss: 0.0226
26-03-20 03:08:02.253 : epoch:[234/1000], 平均loss: 0.0227
26-03-20 03:10:39.260 : epoch:[235/1000], 平均loss: 0.0227
26-03-20 03:13:16.705 : epoch:[236/1000], 平均loss: 0.0228
26-03-20 03:15:54.047 : epoch:[237/1000], 平均loss: 0.0226
26-03-20 03:18:31.979 : epoch:[238/1000], 平均loss: 0.0228
26-03-20 03:21:09.834 : epoch:[239/1000], 平均loss: 0.0227
26-03-20 03:23:47.692 : epoch:[240/1000], 平均loss: 0.0227
26-03-20 03:26:58.912 : [epoch 240 PSNR: 31.6497 Best: 31.6497]
26-03-20 03:29:37.293 : epoch:[241/1000], 平均loss: 0.0227
26-03-20 03:32:16.152 : epoch:[242/1000], 平均loss: 0.0227
26-03-20 03:34:54.160 : epoch:[243/1000], 平均loss: 0.0228
26-03-20 03:37:31.421 : epoch:[244/1000], 平均loss: 0.0226
26-03-20 03:40:09.430 : epoch:[245/1000], 平均loss: 0.0225
26-03-20 03:42:46.688 : epoch:[246/1000], 平均loss: 0.0226
26-03-20 03:45:24.199 : epoch:[247/1000], 平均loss: 0.0227
26-03-20 03:48:01.775 : epoch:[248/1000], 平均loss: 0.0227
26-03-20 03:50:39.116 : epoch:[249/1000], 平均loss: 0.0227
26-03-20 03:53:16.794 : epoch:[250/1000], 平均loss: 0.0226
26-03-20 03:56:28.313 : [epoch 250 PSNR: 31.6531 Best: 31.6531]
26-03-20 03:59:06.143 : epoch:[251/1000], 平均loss: 0.0226
26-03-20 04:01:45.102 : epoch:[252/1000], 平均loss: 0.0226
26-03-20 04:04:23.212 : epoch:[253/1000], 平均loss: 0.0225
26-03-20 04:07:00.821 : epoch:[254/1000], 平均loss: 0.0225
26-03-20 04:09:38.114 : epoch:[255/1000], 平均loss: 0.0228
26-03-20 04:12:15.692 : epoch:[256/1000], 平均loss: 0.0228
26-03-20 04:14:53.882 : epoch:[257/1000], 平均loss: 0.0226
26-03-20 04:17:31.476 : epoch:[258/1000], 平均loss: 0.0227
26-03-20 04:20:09.018 : epoch:[259/1000], 平均loss: 0.0226
26-03-20 04:22:47.360 : epoch:[260/1000], 平均loss: 0.0225
26-03-20 04:25:58.706 : [epoch 260 PSNR: 31.6519 Best: 31.6531]
26-03-20 04:28:36.627 : epoch:[261/1000], 平均loss: 0.0226
26-03-20 04:31:13.503 : epoch:[262/1000], 平均loss: 0.0227
26-03-20 04:33:51.513 : epoch:[263/1000], 平均loss: 0.0230
26-03-20 04:36:29.056 : epoch:[264/1000], 平均loss: 0.0227
26-03-20 04:39:06.716 : epoch:[265/1000], 平均loss: 0.0227
26-03-20 04:41:44.526 : epoch:[266/1000], 平均loss: 0.0228
26-03-20 04:44:22.334 : epoch:[267/1000], 平均loss: 0.0225
26-03-20 04:46:59.509 : epoch:[268/1000], 平均loss: 0.0226
26-03-20 04:49:36.870 : epoch:[269/1000], 平均loss: 0.0227
26-03-20 04:52:14.312 : epoch:[270/1000], 平均loss: 0.0228
26-03-20 04:55:25.758 : [epoch 270 PSNR: 31.6516 Best: 31.6531]
26-03-20 04:58:03.562 : epoch:[271/1000], 平均loss: 0.0225
26-03-20 05:00:40.770 : epoch:[272/1000], 平均loss: 0.0226
26-03-20 05:03:18.116 : epoch:[273/1000], 平均loss: 0.0226
26-03-20 05:05:56.007 : epoch:[274/1000], 平均loss: 0.0226
26-03-20 05:08:34.100 : epoch:[275/1000], 平均loss: 0.0226
26-03-20 05:11:11.675 : epoch:[276/1000], 平均loss: 0.0225
26-03-20 05:13:49.185 : epoch:[277/1000], 平均loss: 0.0227
26-03-20 05:16:27.044 : epoch:[278/1000], 平均loss: 0.0225
26-03-20 05:19:04.855 : epoch:[279/1000], 平均loss: 0.0225
26-03-20 05:21:41.913 : epoch:[280/1000], 平均loss: 0.0225
26-03-20 05:24:53.398 : [epoch 280 PSNR: 31.6536 Best: 31.6536]
26-03-20 05:27:31.164 : epoch:[281/1000], 平均loss: 0.0228
26-03-20 05:30:09.007 : epoch:[282/1000], 平均loss: 0.0227
26-03-20 05:32:47.149 : epoch:[283/1000], 平均loss: 0.0228
26-03-20 05:35:24.875 : epoch:[284/1000], 平均loss: 0.0226
26-03-20 05:38:02.852 : epoch:[285/1000], 平均loss: 0.0226
26-03-20 05:40:41.443 : epoch:[286/1000], 平均loss: 0.0227
26-03-20 05:43:19.004 : epoch:[287/1000], 平均loss: 0.0229
26-03-20 05:45:56.429 : epoch:[288/1000], 平均loss: 0.0226
26-03-20 05:48:34.023 : epoch:[289/1000], 平均loss: 0.0226
26-03-20 05:51:11.902 : epoch:[290/1000], 平均loss: 0.0225
26-03-20 05:54:23.326 : [epoch 290 PSNR: 31.6529 Best: 31.6536]
26-03-20 05:57:00.815 : epoch:[291/1000], 平均loss: 0.0224
26-03-20 05:59:38.441 : epoch:[292/1000], 平均loss: 0.0225
26-03-20 06:02:15.649 : epoch:[293/1000], 平均loss: 0.0228
26-03-20 06:04:53.959 : epoch:[294/1000], 平均loss: 0.0226
26-03-20 06:07:31.453 : epoch:[295/1000], 平均loss: 0.0227
26-03-20 06:10:09.312 : epoch:[296/1000], 平均loss: 0.0227
26-03-20 06:12:47.670 : epoch:[297/1000], 平均loss: 0.0228
26-03-20 06:15:25.132 : epoch:[298/1000], 平均loss: 0.0227
26-03-20 06:18:02.707 : epoch:[299/1000], 平均loss: 0.0226
26-03-20 06:20:41.131 : epoch:[300/1000], 平均loss: 0.0227
26-03-20 06:23:52.659 : [epoch 300 PSNR: 31.6519 Best: 31.6536]
26-03-20 06:26:30.067 : epoch:[301/1000], 平均loss: 0.0226
26-03-20 06:29:07.592 : epoch:[302/1000], 平均loss: 0.0228
26-03-20 06:31:45.252 : epoch:[303/1000], 平均loss: 0.0227
26-03-20 06:34:22.878 : epoch:[304/1000], 平均loss: 0.0227
26-03-20 06:36:59.935 : epoch:[305/1000], 平均loss: 0.0227
26-03-20 06:39:37.463 : epoch:[306/1000], 平均loss: 0.0226
26-03-20 06:42:14.789 : epoch:[307/1000], 平均loss: 0.0225
26-03-20 06:44:52.114 : epoch:[308/1000], 平均loss: 0.0225
26-03-20 06:47:30.373 : epoch:[309/1000], 平均loss: 0.0227
26-03-20 06:50:07.685 : epoch:[310/1000], 平均loss: 0.0225
26-03-20 06:53:19.077 : [epoch 310 PSNR: 31.6541 Best: 31.6541]
26-03-20 06:55:56.285 : epoch:[311/1000], 平均loss: 0.0227
26-03-20 06:58:34.043 : epoch:[312/1000], 平均loss: 0.0228
26-03-20 07:01:11.403 : epoch:[313/1000], 平均loss: 0.0228
26-03-20 07:03:48.745 : epoch:[314/1000], 平均loss: 0.0224
26-03-20 07:06:25.921 : epoch:[315/1000], 平均loss: 0.0226
26-03-20 07:09:03.248 : epoch:[316/1000], 平均loss: 0.0227
26-03-20 07:11:40.857 : epoch:[317/1000], 平均loss: 0.0224
26-03-20 07:14:18.600 : epoch:[318/1000], 平均loss: 0.0225
26-03-20 07:16:55.340 : epoch:[319/1000], 平均loss: 0.0225
26-03-20 07:19:33.119 : epoch:[320/1000], 平均loss: 0.0225
26-03-20 07:22:44.363 : [epoch 320 PSNR: 31.6532 Best: 31.6541]
26-03-20 07:25:22.235 : epoch:[321/1000], 平均loss: 0.0226
26-03-20 07:28:00.112 : epoch:[322/1000], 平均loss: 0.0228
26-03-20 07:30:37.871 : epoch:[323/1000], 平均loss: 0.0227
26-03-20 07:33:15.446 : epoch:[324/1000], 平均loss: 0.0227
26-03-20 07:35:52.906 : epoch:[325/1000], 平均loss: 0.0227
26-03-20 07:38:29.932 : epoch:[326/1000], 平均loss: 0.0227
26-03-20 07:41:07.542 : epoch:[327/1000], 平均loss: 0.0227
26-03-20 07:43:45.433 : epoch:[328/1000], 平均loss: 0.0227
26-03-20 07:46:22.743 : epoch:[329/1000], 平均loss: 0.0226
26-03-20 07:48:59.885 : epoch:[330/1000], 平均loss: 0.0227
26-03-20 07:52:11.114 : [epoch 330 PSNR: 31.6521 Best: 31.6541]
26-03-20 07:54:48.786 : epoch:[331/1000], 平均loss: 0.0226
26-03-20 07:57:26.495 : epoch:[332/1000], 平均loss: 0.0227
26-03-20 08:00:04.206 : epoch:[333/1000], 平均loss: 0.0229
26-03-20 08:02:41.030 : epoch:[334/1000], 平均loss: 0.0227
26-03-20 08:05:18.475 : epoch:[335/1000], 平均loss: 0.0227
26-03-20 08:07:56.200 : epoch:[336/1000], 平均loss: 0.0225
26-03-20 08:10:33.792 : epoch:[337/1000], 平均loss: 0.0228
26-03-20 08:13:11.502 : epoch:[338/1000], 平均loss: 0.0225
26-03-20 08:15:49.045 : epoch:[339/1000], 平均loss: 0.0226
26-03-20 08:18:27.287 : epoch:[340/1000], 平均loss: 0.0223
26-03-20 08:21:38.781 : [epoch 340 PSNR: 31.6536 Best: 31.6541]
26-03-20 08:24:16.720 : epoch:[341/1000], 平均loss: 0.0227
26-03-20 08:26:53.763 : epoch:[342/1000], 平均loss: 0.0228
26-03-20 08:29:31.404 : epoch:[343/1000], 平均loss: 0.0226
26-03-20 08:32:08.883 : epoch:[344/1000], 平均loss: 0.0229
26-03-20 08:34:45.890 : epoch:[345/1000], 平均loss: 0.0227
26-03-20 08:37:23.617 : epoch:[346/1000], 平均loss: 0.0226
26-03-20 08:40:01.410 : epoch:[347/1000], 平均loss: 0.0226
26-03-20 08:42:38.718 : epoch:[348/1000], 平均loss: 0.0227
26-03-20 08:45:16.612 : epoch:[349/1000], 平均loss: 0.0226
26-03-20 08:47:54.304 : epoch:[350/1000], 平均loss: 0.0225
26-03-20 08:51:05.734 : [epoch 350 PSNR: 31.6532 Best: 31.6541]
26-03-20 08:53:43.623 : epoch:[351/1000], 平均loss: 0.0227
26-03-20 08:56:21.365 : epoch:[352/1000], 平均loss: 0.0226
26-03-20 08:58:59.190 : epoch:[353/1000], 平均loss: 0.0227
26-03-20 09:01:36.933 : epoch:[354/1000], 平均loss: 0.0225
26-03-20 09:04:14.893 : epoch:[355/1000], 平均loss: 0.0227
26-03-20 09:06:53.118 : epoch:[356/1000], 平均loss: 0.0225
26-03-20 09:09:30.911 : epoch:[357/1000], 平均loss: 0.0224
26-03-20 09:12:08.621 : epoch:[358/1000], 平均loss: 0.0224
26-03-20 09:14:46.412 : epoch:[359/1000], 平均loss: 0.0226
26-03-20 09:17:24.522 : epoch:[360/1000], 平均loss: 0.0226
26-03-20 09:20:35.784 : [epoch 360 PSNR: 31.6533 Best: 31.6541]
26-03-20 09:23:13.474 : epoch:[361/1000], 平均loss: 0.0226
26-03-20 09:25:50.918 : epoch:[362/1000], 平均loss: 0.0226
26-03-20 09:28:28.692 : epoch:[363/1000], 平均loss: 0.0226
26-03-20 09:31:06.820 : epoch:[364/1000], 平均loss: 0.0227
26-03-20 09:33:44.477 : epoch:[365/1000], 平均loss: 0.0226
26-03-20 09:36:22.270 : epoch:[366/1000], 平均loss: 0.0229
26-03-20 09:38:59.578 : epoch:[367/1000], 平均loss: 0.0227
26-03-20 09:41:36.824 : epoch:[368/1000], 平均loss: 0.0225
26-03-20 09:44:14.499 : epoch:[369/1000], 平均loss: 0.0225
26-03-20 09:46:52.805 : epoch:[370/1000], 平均loss: 0.0227
26-03-20 09:50:04.509 : [epoch 370 PSNR: 31.6548 Best: 31.6548]
26-03-20 09:52:42.093 : epoch:[371/1000], 平均loss: 0.0227
26-03-20 09:55:19.551 : epoch:[372/1000], 平均loss: 0.0225
26-03-20 09:57:57.126 : epoch:[373/1000], 平均loss: 0.0226
26-03-20 10:00:35.053 : epoch:[374/1000], 平均loss: 0.0227
26-03-20 10:03:12.964 : epoch:[375/1000], 平均loss: 0.0227
26-03-20 10:05:50.575 : epoch:[376/1000], 平均loss: 0.0225
26-03-20 10:08:28.064 : epoch:[377/1000], 平均loss: 0.0227
26-03-20 10:11:05.707 : epoch:[378/1000], 平均loss: 0.0225
26-03-20 10:13:43.750 : epoch:[379/1000], 平均loss: 0.0225
26-03-20 10:16:20.792 : epoch:[380/1000], 平均loss: 0.0226
26-03-20 10:19:32.340 : [epoch 380 PSNR: 31.6561 Best: 31.6561]
26-03-20 10:22:10.126 : epoch:[381/1000], 平均loss: 0.0227
26-03-20 10:24:48.551 : epoch:[382/1000], 平均loss: 0.0226
26-03-20 10:27:26.244 : epoch:[383/1000], 平均loss: 0.0225
26-03-20 10:30:04.256 : epoch:[384/1000], 平均loss: 0.0224
26-03-20 10:32:42.695 : epoch:[385/1000], 平均loss: 0.0227
26-03-20 10:35:20.373 : epoch:[386/1000], 平均loss: 0.0227
26-03-20 10:37:57.883 : epoch:[387/1000], 平均loss: 0.0226
26-03-20 10:40:35.558 : epoch:[388/1000], 平均loss: 0.0228
26-03-20 10:43:13.317 : epoch:[389/1000], 平均loss: 0.0226
26-03-20 10:45:51.327 : epoch:[390/1000], 平均loss: 0.0226
26-03-20 10:49:03.071 : [epoch 390 PSNR: 31.6530 Best: 31.6561]
26-03-20 10:51:41.145 : epoch:[391/1000], 平均loss: 0.0225
26-03-20 10:54:18.971 : epoch:[392/1000], 平均loss: 0.0225
26-03-20 10:56:57.162 : epoch:[393/1000], 平均loss: 0.0226
26-03-20 10:59:35.121 : epoch:[394/1000], 平均loss: 0.0226
26-03-20 11:02:12.948 : epoch:[395/1000], 平均loss: 0.0227
26-03-20 11:04:50.407 : epoch:[396/1000], 平均loss: 0.0227
26-03-20 11:07:28.383 : epoch:[397/1000], 平均loss: 0.0225
26-03-20 11:10:06.226 : epoch:[398/1000], 平均loss: 0.0227
26-03-20 11:12:44.634 : epoch:[399/1000], 平均loss: 0.0227
26-03-20 11:15:22.712 : epoch:[400/1000], 平均loss: 0.0225
26-03-20 11:18:34.306 : [epoch 400 PSNR: 31.6543 Best: 31.6561]
26-03-20 11:21:12.262 : epoch:[401/1000], 平均loss: 0.0224
26-03-20 11:23:50.139 : epoch:[402/1000], 平均loss: 0.0225
26-03-20 11:26:27.881 : epoch:[403/1000], 平均loss: 0.0228
26-03-20 11:29:05.873 : epoch:[404/1000], 平均loss: 0.0225
26-03-20 11:31:43.433 : epoch:[405/1000], 平均loss: 0.0226
26-03-20 11:34:21.192 : epoch:[406/1000], 平均loss: 0.0228
26-03-20 11:37:02.161 : epoch:[407/1000], 平均loss: 0.0226
26-03-20 11:39:44.485 : epoch:[408/1000], 平均loss: 0.0228
26-03-20 11:42:25.827 : epoch:[409/1000], 平均loss: 0.0226
26-03-20 11:45:05.913 : epoch:[410/1000], 平均loss: 0.0226
26-03-20 11:48:18.406 : [epoch 410 PSNR: 31.6503 Best: 31.6561]
26-03-20 11:50:59.996 : epoch:[411/1000], 平均loss: 0.0229
26-03-20 11:53:37.989 : epoch:[412/1000], 平均loss: 0.0227
26-03-20 11:56:16.197 : epoch:[413/1000], 平均loss: 0.0225
26-03-20 11:58:54.173 : epoch:[414/1000], 平均loss: 0.0224
26-03-20 12:01:31.884 : epoch:[415/1000], 平均loss: 0.0228
26-03-20 12:04:09.377 : epoch:[416/1000], 平均loss: 0.0226
26-03-20 12:06:47.517 : epoch:[417/1000], 平均loss: 0.0228
26-03-20 12:09:25.293 : epoch:[418/1000], 平均loss: 0.0225
26-03-20 12:12:03.022 : epoch:[419/1000], 平均loss: 0.0227
26-03-20 12:14:39.946 : epoch:[420/1000], 平均loss: 0.0229
26-03-20 12:17:51.535 : [epoch 420 PSNR: 31.6572 Best: 31.6572]
26-03-20 12:20:29.115 : epoch:[421/1000], 平均loss: 0.0226
26-03-20 12:23:11.536 : epoch:[422/1000], 平均loss: 0.0226
26-03-20 12:25:53.372 : epoch:[423/1000], 平均loss: 0.0228
26-03-20 12:28:35.045 : epoch:[424/1000], 平均loss: 0.0227
26-03-20 12:31:16.789 : epoch:[425/1000], 平均loss: 0.0227
26-03-20 12:33:58.274 : epoch:[426/1000], 平均loss: 0.0226
26-03-20 12:36:39.503 : epoch:[427/1000], 平均loss: 0.0226
26-03-20 12:39:21.989 : epoch:[428/1000], 平均loss: 0.0225
26-03-20 12:42:03.099 : epoch:[429/1000], 平均loss: 0.0225
26-03-20 12:44:45.184 : epoch:[430/1000], 平均loss: 0.0226
26-03-20 12:47:58.888 : [epoch 430 PSNR: 31.6538 Best: 31.6572]
26-03-20 12:50:38.097 : epoch:[431/1000], 平均loss: 0.0226
26-03-20 12:53:15.573 : epoch:[432/1000], 平均loss: 0.0227
26-03-20 12:55:53.532 : epoch:[433/1000], 平均loss: 0.0228
26-03-20 12:58:31.508 : epoch:[434/1000], 平均loss: 0.0227
26-03-20 13:01:09.573 : epoch:[435/1000], 平均loss: 0.0226
26-03-20 13:03:47.492 : epoch:[436/1000], 平均loss: 0.0226
26-03-20 13:06:26.801 : epoch:[437/1000], 平均loss: 0.0226
26-03-20 13:09:06.916 : epoch:[438/1000], 平均loss: 0.0226
26-03-20 13:11:46.203 : epoch:[439/1000], 平均loss: 0.0227
26-03-20 13:14:28.769 : epoch:[440/1000], 平均loss: 0.0224
26-03-20 13:17:44.429 : [epoch 440 PSNR: 31.6551 Best: 31.6572]
26-03-20 13:20:26.240 : epoch:[441/1000], 平均loss: 0.0225
26-03-20 13:23:13.158 : epoch:[442/1000], 平均loss: 0.0225
26-03-20 13:25:55.564 : epoch:[443/1000], 平均loss: 0.0226
26-03-20 13:28:37.633 : epoch:[444/1000], 平均loss: 0.0227
26-03-20 13:31:19.626 : epoch:[445/1000], 平均loss: 0.0227
26-03-20 13:34:02.495 : epoch:[446/1000], 平均loss: 0.0224
26-03-20 13:36:47.654 : epoch:[447/1000], 平均loss: 0.0226
26-03-20 13:39:32.589 : epoch:[448/1000], 平均loss: 0.0226
26-03-20 13:42:16.105 : epoch:[449/1000], 平均loss: 0.0225
26-03-20 13:44:57.727 : epoch:[450/1000], 平均loss: 0.0224
26-03-20 13:48:14.420 : [epoch 450 PSNR: 31.6550 Best: 31.6572]
26-03-20 13:50:57.788 : epoch:[451/1000], 平均loss: 0.0225
26-03-20 13:53:40.703 : epoch:[452/1000], 平均loss: 0.0225
26-03-20 13:56:22.505 : epoch:[453/1000], 平均loss: 0.0226
26-03-20 13:59:01.100 : epoch:[454/1000], 平均loss: 0.0227
26-03-20 14:01:39.810 : epoch:[455/1000], 平均loss: 0.0226
26-03-20 14:04:18.604 : epoch:[456/1000], 平均loss: 0.0226
26-03-20 14:06:56.461 : epoch:[457/1000], 平均loss: 0.0227
26-03-20 14:09:35.039 : epoch:[458/1000], 平均loss: 0.0225
26-03-20 14:12:13.716 : epoch:[459/1000], 平均loss: 0.0226
26-03-20 14:14:51.757 : epoch:[460/1000], 平均loss: 0.0228
26-03-20 14:18:04.017 : [epoch 460 PSNR: 31.6541 Best: 31.6572]
26-03-20 14:20:42.825 : epoch:[461/1000], 平均loss: 0.0227
26-03-20 14:23:21.967 : epoch:[462/1000], 平均loss: 0.0226
26-03-20 14:26:00.576 : epoch:[463/1000], 平均loss: 0.0226
26-03-20 14:28:38.986 : epoch:[464/1000], 平均loss: 0.0225
26-03-20 14:31:18.129 : epoch:[465/1000], 平均loss: 0.0228
26-03-20 14:33:56.571 : epoch:[466/1000], 平均loss: 0.0226
26-03-20 14:36:35.230 : epoch:[467/1000], 平均loss: 0.0226
26-03-20 14:39:13.773 : epoch:[468/1000], 平均loss: 0.0226
26-03-20 14:41:52.582 : epoch:[469/1000], 平均loss: 0.0227
26-03-20 14:44:34.472 : epoch:[470/1000], 平均loss: 0.0226
26-03-20 14:47:52.138 : [epoch 470 PSNR: 31.6566 Best: 31.6572]
26-03-20 14:50:43.709 : epoch:[471/1000], 平均loss: 0.0225
26-03-20 14:53:34.209 : epoch:[472/1000], 平均loss: 0.0225
26-03-20 14:56:21.416 : epoch:[473/1000], 平均loss: 0.0226
26-03-20 14:59:07.798 : epoch:[474/1000], 平均loss: 0.0226
26-03-20 15:01:53.444 : epoch:[475/1000], 平均loss: 0.0227
26-03-20 15:04:35.619 : epoch:[476/1000], 平均loss: 0.0227
26-03-20 15:07:17.727 : epoch:[477/1000], 平均loss: 0.0227
26-03-20 15:09:57.004 : epoch:[478/1000], 平均loss: 0.0225
26-03-20 15:12:37.440 : epoch:[479/1000], 平均loss: 0.0225
26-03-20 15:15:17.048 : epoch:[480/1000], 平均loss: 0.0227
26-03-20 15:18:29.987 : [epoch 480 PSNR: 31.6545 Best: 31.6572]
26-03-20 15:21:13.635 : epoch:[481/1000], 平均loss: 0.0226
26-03-20 15:24:02.849 : epoch:[482/1000], 平均loss: 0.0224
26-03-20 15:26:43.322 : epoch:[483/1000], 平均loss: 0.0227
26-03-20 15:29:27.782 : epoch:[484/1000], 平均loss: 0.0225
26-03-20 15:32:12.003 : epoch:[485/1000], 平均loss: 0.0227
26-03-20 15:34:50.666 : epoch:[486/1000], 平均loss: 0.0228
26-03-20 15:37:30.492 : epoch:[487/1000], 平均loss: 0.0228
26-03-20 15:40:09.936 : epoch:[488/1000], 平均loss: 0.0227
26-03-20 15:42:52.315 : epoch:[489/1000], 平均loss: 0.0226
26-03-20 15:45:31.295 : epoch:[490/1000], 平均loss: 0.0224
26-03-20 15:48:43.515 : [epoch 490 PSNR: 31.6564 Best: 31.6572]
26-03-20 15:51:21.887 : epoch:[491/1000], 平均loss: 0.0226
26-03-20 15:53:59.847 : epoch:[492/1000], 平均loss: 0.0229
26-03-20 15:56:45.717 : epoch:[493/1000], 平均loss: 0.0227
26-03-20 15:59:27.229 : epoch:[494/1000], 平均loss: 0.0227
26-03-20 16:02:14.385 : epoch:[495/1000], 平均loss: 0.0228
26-03-20 16:05:06.136 : epoch:[496/1000], 平均loss: 0.0228
26-03-20 16:07:53.217 : epoch:[497/1000], 平均loss: 0.0227
26-03-20 16:10:35.602 : epoch:[498/1000], 平均loss: 0.0229
26-03-20 16:13:17.746 : epoch:[499/1000], 平均loss: 0.0227
26-03-20 16:16:04.327 : epoch:[500/1000], 平均loss: 0.0228
26-03-20 16:19:17.948 : [epoch 500 PSNR: 31.6511 Best: 31.6572]
26-03-20 16:21:56.550 : epoch:[501/1000], 平均loss: 0.0228
26-03-20 16:24:36.946 : epoch:[502/1000], 平均loss: 0.0226
26-03-20 16:27:15.287 : epoch:[503/1000], 平均loss: 0.0224
26-03-20 16:29:53.629 : epoch:[504/1000], 平均loss: 0.0228
26-03-20 16:32:33.006 : epoch:[505/1000], 平均loss: 0.0225
26-03-20 16:35:12.966 : epoch:[506/1000], 平均loss: 0.0227
26-03-20 16:37:51.343 : epoch:[507/1000], 平均loss: 0.0227
26-03-20 16:40:29.635 : epoch:[508/1000], 平均loss: 0.0227
26-03-20 16:43:07.959 : epoch:[509/1000], 平均loss: 0.0227
26-03-20 16:45:47.853 : epoch:[510/1000], 平均loss: 0.0228
26-03-20 16:49:01.148 : [epoch 510 PSNR: 31.6572 Best: 31.6572]
26-03-20 16:51:44.230 : epoch:[511/1000], 平均loss: 0.0228
26-03-20 16:54:30.838 : epoch:[512/1000], 平均loss: 0.0224
26-03-20 16:57:14.993 : epoch:[513/1000], 平均loss: 0.0225
26-03-20 16:59:58.634 : epoch:[514/1000], 平均loss: 0.0226
26-03-20 17:02:39.378 : epoch:[515/1000], 平均loss: 0.0226
26-03-20 17:05:18.483 : epoch:[516/1000], 平均loss: 0.0226
26-03-20 17:07:57.751 : epoch:[517/1000], 平均loss: 0.0227
26-03-20 17:10:38.405 : epoch:[518/1000], 平均loss: 0.0227
26-03-20 17:13:19.078 : epoch:[519/1000], 平均loss: 0.0227
26-03-20 17:15:58.120 : epoch:[520/1000], 平均loss: 0.0229
26-03-20 17:19:10.598 : [epoch 520 PSNR: 31.6536 Best: 31.6572]
26-03-20 17:19:10.756 : 总训练时间: 25.73小时
