26-05-03 23:49:07.882 :   task: train
  gpu_ids: [0]
  log_path: ./log
  model_save: ./model_save
  pretained_path:[
    index: False
    path: ./model_save/model_best1.pth
  ]
  batch_size: 4
  nc: [16, 1]
  patch_size: [128, 128]
  stride_size: [16, 16]
  d_size: 3
  max_epoch: 1000
  stage: 1
  lr: 0.0001
  loss_function_index: 1
  n_channels: 1
  m_channels: 8
  n_atoms: 16
  lambda_sparse: 0.001
  lambda_gate: 0.05
  lambda_orth: 0.01
  eval_num: 10
  sigma: 0.0
  train:[
    sigma: [0]
    dataroot_H: ./dataset/gray_train_all
    H_size: 128
    n_channels: 1
  ]
  valid:[
    sigma: [0]
    dataroot_H: ./dataset/gray_valid_all
    n_channels: 1
  ]
  opt_path: ./options/train_options.json
  is_train: True
  scale: 1

26-05-03 23:49:07.889 : 训练集大小: 1120
26-05-03 23:49:07.889 : 验证集数量: 240
26-05-03 23:49:08.870 : Number of parameter: 0.88M
26-05-03 23:49:08.870 : start training...
26-05-03 23:50:38.027 : epoch:[1/1000], loss:-0.0065, rec:0.1313, sparse:0.0975, gate:-2.7648, orth:0.0309
26-05-03 23:52:05.726 : epoch:[2/1000], loss:-0.1109, rec:0.0267, sparse:0.0805, gate:-2.7649, orth:0.0492
26-05-03 23:53:32.488 : epoch:[3/1000], loss:-0.1161, rec:0.0217, sparse:0.0764, gate:-2.7685, orth:0.0562
26-05-03 23:54:54.844 : epoch:[4/1000], loss:-0.1194, rec:0.0184, sparse:0.0764, gate:-2.7706, orth:0.0591
26-05-03 23:56:17.455 : epoch:[5/1000], loss:-0.1216, rec:0.0162, sparse:0.0777, gate:-2.7714, orth:0.0614
26-05-03 23:57:41.772 : epoch:[6/1000], loss:-0.1231, rec:0.0148, sparse:0.0795, gate:-2.7718, orth:0.0642
26-05-03 23:59:08.272 : epoch:[7/1000], loss:-0.1249, rec:0.0129, sparse:0.0811, gate:-2.7719, orth:0.0684
26-05-04 00:00:34.428 : epoch:[8/1000], loss:-0.1261, rec:0.0117, sparse:0.0835, gate:-2.7720, orth:0.0739
26-05-04 00:01:56.784 : epoch:[9/1000], loss:-0.1274, rec:0.0103, sparse:0.0851, gate:-2.7721, orth:0.0780
26-05-04 00:03:19.263 : epoch:[10/1000], loss:-0.1287, rec:0.0090, sparse:0.0854, gate:-2.7721, orth:0.0805
26-05-04 00:08:43.892 : [epoch 10] val_loss: 0.0095, PSNR: 38.9039, SSIM: 0.9790, Best PSNR: 38.9039 @ epoch 10
26-05-04 00:10:05.725 : epoch:[11/1000], loss:-0.1290, rec:0.0087, sparse:0.0851, gate:-2.7721, orth:0.0812
26-05-04 00:11:30.717 : epoch:[12/1000], loss:-0.1294, rec:0.0083, sparse:0.0852, gate:-2.7722, orth:0.0816
26-05-04 00:12:55.982 : epoch:[13/1000], loss:-0.1299, rec:0.0078, sparse:0.0850, gate:-2.7722, orth:0.0823
26-05-04 00:14:21.054 : epoch:[14/1000], loss:-0.1299, rec:0.0078, sparse:0.0856, gate:-2.7723, orth:0.0828
26-05-04 00:15:45.712 : epoch:[15/1000], loss:-0.1303, rec:0.0074, sparse:0.0854, gate:-2.7723, orth:0.0833
26-05-04 00:17:10.335 : epoch:[16/1000], loss:-0.1304, rec:0.0073, sparse:0.0861, gate:-2.7723, orth:0.0839
26-05-04 00:18:35.481 : epoch:[17/1000], loss:-0.1306, rec:0.0071, sparse:0.0860, gate:-2.7723, orth:0.0844
26-05-04 00:20:00.484 : epoch:[18/1000], loss:-0.1308, rec:0.0069, sparse:0.0863, gate:-2.7723, orth:0.0848
26-05-04 00:21:25.451 : epoch:[19/1000], loss:-0.1310, rec:0.0067, sparse:0.0866, gate:-2.7724, orth:0.0851
26-05-04 00:22:48.567 : epoch:[20/1000], loss:-0.1312, rec:0.0065, sparse:0.0867, gate:-2.7724, orth:0.0854
26-05-04 00:28:12.691 : [epoch 20] val_loss: 0.0064, PSNR: 42.2757, SSIM: 0.9892, Best PSNR: 42.2757 @ epoch 20
26-05-04 00:29:37.581 : epoch:[21/1000], loss:-0.1313, rec:0.0063, sparse:0.0868, gate:-2.7724, orth:0.0855
26-05-04 00:31:00.236 : epoch:[22/1000], loss:-0.1316, rec:0.0061, sparse:0.0870, gate:-2.7724, orth:0.0857
26-05-04 00:32:27.581 : epoch:[23/1000], loss:-0.1315, rec:0.0062, sparse:0.0870, gate:-2.7724, orth:0.0859
26-05-04 00:33:50.290 : epoch:[24/1000], loss:-0.1318, rec:0.0059, sparse:0.0872, gate:-2.7724, orth:0.0860
26-05-04 00:35:14.774 : epoch:[25/1000], loss:-0.1319, rec:0.0058, sparse:0.0874, gate:-2.7724, orth:0.0860
26-05-04 00:36:36.234 : epoch:[26/1000], loss:-0.1320, rec:0.0057, sparse:0.0875, gate:-2.7724, orth:0.0862
26-05-04 00:37:57.680 : epoch:[27/1000], loss:-0.1323, rec:0.0054, sparse:0.0877, gate:-2.7724, orth:0.0861
26-05-04 00:39:19.229 : epoch:[28/1000], loss:-0.1326, rec:0.0051, sparse:0.0878, gate:-2.7724, orth:0.0862
26-05-04 00:40:44.296 : epoch:[29/1000], loss:-0.1328, rec:0.0049, sparse:0.0879, gate:-2.7724, orth:0.0862
26-05-04 00:42:05.782 : epoch:[30/1000], loss:-0.1330, rec:0.0047, sparse:0.0877, gate:-2.7724, orth:0.0862
26-05-04 00:47:29.561 : [epoch 30] val_loss: 0.0045, PSNR: 45.0778, SSIM: 0.9946, Best PSNR: 45.0778 @ epoch 30
26-05-04 00:48:51.045 : epoch:[31/1000], loss:-0.1331, rec:0.0045, sparse:0.0880, gate:-2.7724, orth:0.0860
26-05-04 00:50:15.959 : epoch:[32/1000], loss:-0.1334, rec:0.0043, sparse:0.0884, gate:-2.7724, orth:0.0857
26-05-04 00:51:40.899 : epoch:[33/1000], loss:-0.1336, rec:0.0041, sparse:0.0880, gate:-2.7724, orth:0.0854
26-05-04 00:53:05.669 : epoch:[34/1000], loss:-0.1336, rec:0.0040, sparse:0.0884, gate:-2.7724, orth:0.0851
26-05-04 00:54:30.477 : epoch:[35/1000], loss:-0.1339, rec:0.0038, sparse:0.0886, gate:-2.7724, orth:0.0849
26-05-04 00:55:51.762 : epoch:[36/1000], loss:-0.1340, rec:0.0037, sparse:0.0889, gate:-2.7724, orth:0.0846
26-05-04 00:57:13.245 : epoch:[37/1000], loss:-0.1342, rec:0.0034, sparse:0.0891, gate:-2.7724, orth:0.0844
26-05-04 00:58:34.654 : epoch:[38/1000], loss:-0.1344, rec:0.0033, sparse:0.0891, gate:-2.7724, orth:0.0842
26-05-04 00:59:55.945 : epoch:[39/1000], loss:-0.1345, rec:0.0032, sparse:0.0890, gate:-2.7724, orth:0.0840
26-05-04 01:01:17.294 : epoch:[40/1000], loss:-0.1347, rec:0.0030, sparse:0.0893, gate:-2.7724, orth:0.0838
26-05-04 01:06:41.107 : [epoch 40] val_loss: 0.0037, PSNR: 46.7806, SSIM: 0.9969, Best PSNR: 46.7806 @ epoch 40
26-05-04 01:08:02.715 : epoch:[41/1000], loss:-0.1348, rec:0.0029, sparse:0.0892, gate:-2.7724, orth:0.0835
26-05-04 01:09:26.698 : epoch:[42/1000], loss:-0.1349, rec:0.0028, sparse:0.0893, gate:-2.7724, orth:0.0833
26-05-04 01:10:47.874 : epoch:[43/1000], loss:-0.1350, rec:0.0027, sparse:0.0890, gate:-2.7724, orth:0.0830
26-05-04 01:12:09.507 : epoch:[44/1000], loss:-0.1352, rec:0.0025, sparse:0.0890, gate:-2.7724, orth:0.0828
26-05-04 01:13:34.400 : epoch:[45/1000], loss:-0.1353, rec:0.0024, sparse:0.0891, gate:-2.7724, orth:0.0825
26-05-04 01:14:59.003 : epoch:[46/1000], loss:-0.1354, rec:0.0023, sparse:0.0893, gate:-2.7724, orth:0.0823
26-05-04 01:16:23.867 : epoch:[47/1000], loss:-0.1355, rec:0.0022, sparse:0.0893, gate:-2.7724, orth:0.0821
26-05-04 01:17:48.733 : epoch:[48/1000], loss:-0.1355, rec:0.0022, sparse:0.0889, gate:-2.7724, orth:0.0819
26-05-04 01:19:13.788 : epoch:[49/1000], loss:-0.1356, rec:0.0021, sparse:0.0891, gate:-2.7724, orth:0.0818
26-05-04 01:20:38.603 : epoch:[50/1000], loss:-0.1357, rec:0.0020, sparse:0.0891, gate:-2.7724, orth:0.0816
26-05-04 01:26:01.974 : [epoch 50] val_loss: 0.0034, PSNR: 47.5059, SSIM: 0.9974, Best PSNR: 47.5059 @ epoch 50
26-05-04 01:27:23.612 : epoch:[51/1000], loss:-0.1358, rec:0.0019, sparse:0.0890, gate:-2.7724, orth:0.0814
26-05-04 01:28:45.113 : epoch:[52/1000], loss:-0.1359, rec:0.0019, sparse:0.0890, gate:-2.7724, orth:0.0813
26-05-04 01:30:06.583 : epoch:[53/1000], loss:-0.1360, rec:0.0017, sparse:0.0891, gate:-2.7724, orth:0.0811
26-05-04 01:31:28.078 : epoch:[54/1000], loss:-0.1361, rec:0.0016, sparse:0.0890, gate:-2.7724, orth:0.0810
26-05-04 01:32:49.465 : epoch:[55/1000], loss:-0.1361, rec:0.0016, sparse:0.0888, gate:-2.7724, orth:0.0808
26-05-04 01:34:10.973 : epoch:[56/1000], loss:-0.1362, rec:0.0015, sparse:0.0889, gate:-2.7724, orth:0.0807
26-05-04 01:35:32.456 : epoch:[57/1000], loss:-0.1363, rec:0.0014, sparse:0.0892, gate:-2.7725, orth:0.0805
26-05-04 01:36:55.199 : epoch:[58/1000], loss:-0.1363, rec:0.0014, sparse:0.0887, gate:-2.7725, orth:0.0803
26-05-04 01:38:16.691 : epoch:[59/1000], loss:-0.1363, rec:0.0014, sparse:0.0891, gate:-2.7725, orth:0.0802
26-05-04 01:39:38.108 : epoch:[60/1000], loss:-0.1364, rec:0.0014, sparse:0.0887, gate:-2.7725, orth:0.0800
26-05-04 01:45:01.446 : [epoch 60] val_loss: 0.0038, PSNR: 46.5150, SSIM: 0.9948, Best PSNR: 47.5059 @ epoch 50
26-05-04 01:46:24.791 : epoch:[61/1000], loss:-0.1364, rec:0.0013, sparse:0.0891, gate:-2.7725, orth:0.0798
26-05-04 01:47:47.820 : epoch:[62/1000], loss:-0.1364, rec:0.0013, sparse:0.0888, gate:-2.7725, orth:0.0797
26-05-04 01:49:12.804 : epoch:[63/1000], loss:-0.1365, rec:0.0013, sparse:0.0886, gate:-2.7725, orth:0.0795
26-05-04 01:50:35.213 : epoch:[64/1000], loss:-0.1365, rec:0.0013, sparse:0.0890, gate:-2.7725, orth:0.0794
26-05-04 01:52:00.078 : epoch:[65/1000], loss:-0.1365, rec:0.0013, sparse:0.0889, gate:-2.7725, orth:0.0792
26-05-04 01:53:25.253 : epoch:[66/1000], loss:-0.1365, rec:0.0013, sparse:0.0890, gate:-2.7725, orth:0.0790
26-05-04 01:54:50.255 : epoch:[67/1000], loss:-0.1365, rec:0.0012, sparse:0.0886, gate:-2.7725, orth:0.0789
26-05-04 01:56:11.620 : epoch:[68/1000], loss:-0.1365, rec:0.0012, sparse:0.0886, gate:-2.7725, orth:0.0787
26-05-04 01:57:33.189 : epoch:[69/1000], loss:-0.1365, rec:0.0012, sparse:0.0884, gate:-2.7725, orth:0.0785
26-05-04 01:58:54.853 : epoch:[70/1000], loss:-0.1365, rec:0.0012, sparse:0.0890, gate:-2.7725, orth:0.0783
26-05-04 02:04:18.323 : [epoch 70] val_loss: 0.0037, PSNR: 46.7160, SSIM: 0.9950, Best PSNR: 47.5059 @ epoch 50
26-05-04 02:05:40.015 : epoch:[71/1000], loss:-0.1366, rec:0.0012, sparse:0.0889, gate:-2.7725, orth:0.0782
26-05-04 02:07:01.119 : epoch:[72/1000], loss:-0.1366, rec:0.0012, sparse:0.0889, gate:-2.7725, orth:0.0780
26-05-04 02:08:22.660 : epoch:[73/1000], loss:-0.1366, rec:0.0012, sparse:0.0886, gate:-2.7725, orth:0.0778
26-05-04 02:09:44.085 : epoch:[74/1000], loss:-0.1366, rec:0.0011, sparse:0.0885, gate:-2.7725, orth:0.0776
26-05-04 02:11:09.140 : epoch:[75/1000], loss:-0.1366, rec:0.0011, sparse:0.0888, gate:-2.7725, orth:0.0774
26-05-04 02:12:33.610 : epoch:[76/1000], loss:-0.1366, rec:0.0011, sparse:0.0888, gate:-2.7725, orth:0.0772
26-05-04 02:13:56.289 : epoch:[77/1000], loss:-0.1366, rec:0.0011, sparse:0.0885, gate:-2.7725, orth:0.0771
26-05-04 02:15:20.141 : epoch:[78/1000], loss:-0.1366, rec:0.0011, sparse:0.0887, gate:-2.7725, orth:0.0769
26-05-04 02:16:41.571 : epoch:[79/1000], loss:-0.1367, rec:0.0011, sparse:0.0889, gate:-2.7725, orth:0.0767
26-05-04 02:18:02.979 : epoch:[80/1000], loss:-0.1366, rec:0.0011, sparse:0.0884, gate:-2.7725, orth:0.0765
26-05-04 02:23:26.106 : [epoch 80] val_loss: 0.0038, PSNR: 46.6560, SSIM: 0.9946, Best PSNR: 47.5059 @ epoch 50
26-05-04 02:24:47.462 : epoch:[81/1000], loss:-0.1367, rec:0.0011, sparse:0.0891, gate:-2.7725, orth:0.0763
26-05-04 02:26:12.429 : epoch:[82/1000], loss:-0.1367, rec:0.0011, sparse:0.0890, gate:-2.7725, orth:0.0762
26-05-04 02:27:37.305 : epoch:[83/1000], loss:-0.1367, rec:0.0011, sparse:0.0888, gate:-2.7725, orth:0.0760
26-05-04 02:29:02.221 : epoch:[84/1000], loss:-0.1367, rec:0.0011, sparse:0.0888, gate:-2.7725, orth:0.0759
26-05-04 02:30:27.174 : epoch:[85/1000], loss:-0.1367, rec:0.0011, sparse:0.0888, gate:-2.7725, orth:0.0757
26-05-04 02:31:52.026 : epoch:[86/1000], loss:-0.1367, rec:0.0011, sparse:0.0887, gate:-2.7725, orth:0.0755
26-05-04 02:33:16.812 : epoch:[87/1000], loss:-0.1367, rec:0.0011, sparse:0.0889, gate:-2.7725, orth:0.0753
26-05-04 02:34:38.123 : epoch:[88/1000], loss:-0.1367, rec:0.0010, sparse:0.0889, gate:-2.7725, orth:0.0752
26-05-04 02:35:59.444 : epoch:[89/1000], loss:-0.1367, rec:0.0011, sparse:0.0891, gate:-2.7725, orth:0.0750
26-05-04 02:37:24.572 : epoch:[90/1000], loss:-0.1367, rec:0.0011, sparse:0.0888, gate:-2.7725, orth:0.0748
26-05-04 02:42:48.004 : [epoch 90] val_loss: 0.0040, PSNR: 46.4992, SSIM: 0.9937, Best PSNR: 47.5059 @ epoch 50
26-05-04 02:44:09.657 : epoch:[91/1000], loss:-0.1368, rec:0.0010, sparse:0.0889, gate:-2.7725, orth:0.0747
26-05-04 02:45:31.063 : epoch:[92/1000], loss:-0.1368, rec:0.0010, sparse:0.0892, gate:-2.7725, orth:0.0745
26-05-04 02:46:52.540 : epoch:[93/1000], loss:-0.1368, rec:0.0010, sparse:0.0889, gate:-2.7725, orth:0.0743
26-05-04 02:48:13.836 : epoch:[94/1000], loss:-0.1368, rec:0.0010, sparse:0.0893, gate:-2.7725, orth:0.0742
26-05-04 02:49:35.343 : epoch:[95/1000], loss:-0.1368, rec:0.0010, sparse:0.0890, gate:-2.7725, orth:0.0741
26-05-04 02:50:56.672 : epoch:[96/1000], loss:-0.1368, rec:0.0010, sparse:0.0889, gate:-2.7725, orth:0.0739
26-05-04 02:52:17.929 : epoch:[97/1000], loss:-0.1368, rec:0.0010, sparse:0.0890, gate:-2.7725, orth:0.0737
26-05-04 02:53:39.868 : epoch:[98/1000], loss:-0.1368, rec:0.0010, sparse:0.0893, gate:-2.7725, orth:0.0736
26-05-04 02:55:04.704 : epoch:[99/1000], loss:-0.1368, rec:0.0010, sparse:0.0888, gate:-2.7725, orth:0.0734
26-05-04 02:56:26.328 : epoch:[100/1000], loss:-0.1368, rec:0.0010, sparse:0.0891, gate:-2.7725, orth:0.0733
26-05-04 03:01:49.673 : [epoch 100] val_loss: 0.0039, PSNR: 46.5340, SSIM: 0.9941, Best PSNR: 47.5059 @ epoch 50
26-05-04 03:03:14.640 : epoch:[101/1000], loss:-0.1368, rec:0.0010, sparse:0.0890, gate:-2.7725, orth:0.0732
26-05-04 03:04:39.194 : epoch:[102/1000], loss:-0.1368, rec:0.0010, sparse:0.0891, gate:-2.7725, orth:0.0730
26-05-04 03:06:04.069 : epoch:[103/1000], loss:-0.1368, rec:0.0010, sparse:0.0890, gate:-2.7725, orth:0.0729
26-05-04 03:07:29.151 : epoch:[104/1000], loss:-0.1368, rec:0.0010, sparse:0.0890, gate:-2.7725, orth:0.0727
26-05-04 03:08:50.811 : epoch:[105/1000], loss:-0.1368, rec:0.0010, sparse:0.0893, gate:-2.7725, orth:0.0726
26-05-04 03:10:12.307 : epoch:[106/1000], loss:-0.1368, rec:0.0010, sparse:0.0889, gate:-2.7725, orth:0.0725
26-05-04 03:11:37.215 : epoch:[107/1000], loss:-0.1368, rec:0.0010, sparse:0.0889, gate:-2.7725, orth:0.0723
26-05-04 03:13:01.800 : epoch:[108/1000], loss:-0.1368, rec:0.0010, sparse:0.0892, gate:-2.7725, orth:0.0722
26-05-04 03:14:26.927 : epoch:[109/1000], loss:-0.1369, rec:0.0010, sparse:0.0889, gate:-2.7725, orth:0.0721
26-05-04 03:15:51.548 : epoch:[110/1000], loss:-0.1369, rec:0.0010, sparse:0.0891, gate:-2.7725, orth:0.0719
26-05-04 03:21:14.946 : [epoch 110] val_loss: 0.0041, PSNR: 46.3458, SSIM: 0.9938, Best PSNR: 47.5059 @ epoch 50
26-05-04 03:22:36.653 : epoch:[111/1000], loss:-0.1369, rec:0.0010, sparse:0.0892, gate:-2.7725, orth:0.0718
26-05-04 03:23:58.181 : epoch:[112/1000], loss:-0.1369, rec:0.0009, sparse:0.0893, gate:-2.7725, orth:0.0717
26-05-04 03:25:19.561 : epoch:[113/1000], loss:-0.1369, rec:0.0010, sparse:0.0894, gate:-2.7725, orth:0.0715
26-05-04 03:26:41.050 : epoch:[114/1000], loss:-0.1368, rec:0.0010, sparse:0.0889, gate:-2.7725, orth:0.0714
26-05-04 03:28:02.439 : epoch:[115/1000], loss:-0.1369, rec:0.0010, sparse:0.0892, gate:-2.7725, orth:0.0713
26-05-04 03:29:23.932 : epoch:[116/1000], loss:-0.1369, rec:0.0009, sparse:0.0895, gate:-2.7725, orth:0.0712
26-05-04 03:30:45.343 : epoch:[117/1000], loss:-0.1369, rec:0.0010, sparse:0.0893, gate:-2.7725, orth:0.0711
26-05-04 03:32:10.178 : epoch:[118/1000], loss:-0.1369, rec:0.0009, sparse:0.0891, gate:-2.7725, orth:0.0709
26-05-04 03:33:34.956 : epoch:[119/1000], loss:-0.1369, rec:0.0009, sparse:0.0896, gate:-2.7725, orth:0.0708
26-05-04 03:34:59.862 : epoch:[120/1000], loss:-0.1369, rec:0.0009, sparse:0.0893, gate:-2.7725, orth:0.0707
26-05-04 03:40:23.961 : [epoch 120] val_loss: 0.0040, PSNR: 46.4289, SSIM: 0.9941, Best PSNR: 47.5059 @ epoch 50
26-05-04 03:41:48.831 : epoch:[121/1000], loss:-0.1369, rec:0.0009, sparse:0.0895, gate:-2.7725, orth:0.0706
26-05-04 03:43:13.799 : epoch:[122/1000], loss:-0.1369, rec:0.0009, sparse:0.0893, gate:-2.7725, orth:0.0705
26-05-04 03:44:35.381 : epoch:[123/1000], loss:-0.1369, rec:0.0009, sparse:0.0896, gate:-2.7725, orth:0.0704
26-05-04 03:45:56.858 : epoch:[124/1000], loss:-0.1369, rec:0.0009, sparse:0.0894, gate:-2.7725, orth:0.0703
26-05-04 03:47:18.532 : epoch:[125/1000], loss:-0.1369, rec:0.0009, sparse:0.0895, gate:-2.7725, orth:0.0702
26-05-04 03:48:40.875 : epoch:[126/1000], loss:-0.1369, rec:0.0009, sparse:0.0894, gate:-2.7725, orth:0.0701
26-05-04 03:50:08.297 : epoch:[127/1000], loss:-0.1369, rec:0.0009, sparse:0.0894, gate:-2.7725, orth:0.0700
26-05-04 03:51:29.836 : epoch:[128/1000], loss:-0.1369, rec:0.0009, sparse:0.0894, gate:-2.7725, orth:0.0699
26-05-04 03:52:51.228 : epoch:[129/1000], loss:-0.1369, rec:0.0009, sparse:0.0895, gate:-2.7725, orth:0.0698
26-05-04 03:54:12.245 : epoch:[130/1000], loss:-0.1369, rec:0.0009, sparse:0.0895, gate:-2.7725, orth:0.0696
26-05-04 03:59:35.949 : [epoch 130] val_loss: 0.0040, PSNR: 46.5096, SSIM: 0.9944, Best PSNR: 47.5059 @ epoch 50
26-05-04 04:00:57.596 : epoch:[131/1000], loss:-0.1369, rec:0.0009, sparse:0.0897, gate:-2.7725, orth:0.0695
26-05-04 04:02:19.088 : epoch:[132/1000], loss:-0.1369, rec:0.0009, sparse:0.0897, gate:-2.7725, orth:0.0694
26-05-04 04:03:40.525 : epoch:[133/1000], loss:-0.1369, rec:0.0009, sparse:0.0896, gate:-2.7725, orth:0.0694
26-05-04 04:05:01.918 : epoch:[134/1000], loss:-0.1369, rec:0.0009, sparse:0.0892, gate:-2.7725, orth:0.0693
26-05-04 04:06:23.533 : epoch:[135/1000], loss:-0.1369, rec:0.0009, sparse:0.0895, gate:-2.7725, orth:0.0692
26-05-04 04:07:48.278 : epoch:[136/1000], loss:-0.1369, rec:0.0009, sparse:0.0895, gate:-2.7725, orth:0.0691
26-05-04 04:09:13.281 : epoch:[137/1000], loss:-0.1369, rec:0.0009, sparse:0.0895, gate:-2.7725, orth:0.0690
26-05-04 04:10:34.738 : epoch:[138/1000], loss:-0.1369, rec:0.0009, sparse:0.0894, gate:-2.7725, orth:0.0689
26-05-04 04:11:56.352 : epoch:[139/1000], loss:-0.1369, rec:0.0009, sparse:0.0897, gate:-2.7725, orth:0.0688
26-05-04 04:13:17.921 : epoch:[140/1000], loss:-0.1369, rec:0.0009, sparse:0.0894, gate:-2.7725, orth:0.0687
26-05-04 04:18:41.898 : [epoch 140] val_loss: 0.0039, PSNR: 46.5487, SSIM: 0.9947, Best PSNR: 47.5059 @ epoch 50
26-05-04 04:20:03.462 : epoch:[141/1000], loss:-0.1369, rec:0.0009, sparse:0.0897, gate:-2.7725, orth:0.0686
26-05-04 04:21:28.518 : epoch:[142/1000], loss:-0.1370, rec:0.0009, sparse:0.0899, gate:-2.7725, orth:0.0685
26-05-04 04:22:53.488 : epoch:[143/1000], loss:-0.1369, rec:0.0009, sparse:0.0895, gate:-2.7725, orth:0.0684
26-05-04 04:24:18.622 : epoch:[144/1000], loss:-0.1370, rec:0.0009, sparse:0.0898, gate:-2.7725, orth:0.0684
26-05-04 04:25:43.577 : epoch:[145/1000], loss:-0.1370, rec:0.0009, sparse:0.0895, gate:-2.7725, orth:0.0683
26-05-04 04:27:07.969 : epoch:[146/1000], loss:-0.1370, rec:0.0009, sparse:0.0895, gate:-2.7725, orth:0.0682
26-05-04 04:28:33.033 : epoch:[147/1000], loss:-0.1370, rec:0.0009, sparse:0.0896, gate:-2.7725, orth:0.0681
26-05-04 04:29:57.215 : epoch:[148/1000], loss:-0.1370, rec:0.0009, sparse:0.0895, gate:-2.7725, orth:0.0680
26-05-04 04:31:18.710 : epoch:[149/1000], loss:-0.1370, rec:0.0009, sparse:0.0899, gate:-2.7725, orth:0.0679
26-05-04 04:32:40.396 : epoch:[150/1000], loss:-0.1370, rec:0.0009, sparse:0.0895, gate:-2.7725, orth:0.0678
26-05-04 04:38:04.536 : [epoch 150] val_loss: 0.0039, PSNR: 46.6193, SSIM: 0.9945, Best PSNR: 47.5059 @ epoch 50
26-05-04 04:38:04.837 : 总训练时间: 4.82小时
