26-03-23 19:27:05.389 :   task: train
  gpu_ids: [0]
  log_path: ./log
  model_save: ./model_save
  pretained_path:[
    index: False
    path: ./model_save/model_best1.pth
  ]
  batch_size: 4
  nc: [16, 1]
  patch_size: [128, 128]
  stride_size: [16, 16]
  atoms: 50
  d_size: 3
  max_epoch: 1000
  stage: 3
  lr: 0.0001
  loss_function_index: 1
  n_channels: 1
  train:[
    sigma: [15, 50]
    dataroot_H: ./dataset/gray_train_all
    H_size: 128
    n_channels: 1
  ]
  valid:[
    sigma: [15, 25, 50]
    dataroot_H: ./dataset/gray_test
    n_channels: 1
  ]
  opt_path: ./options/train_options.json
  is_train: True
  scale: 1

26-03-23 19:27:05.399 : 训练集大小: 1120
26-03-23 19:27:05.399 : 验证集数量: 720 (每个 sigma 一个 Dataset)
26-03-23 19:27:06.449 : Number of parameter: 3.26M
26-03-23 19:27:06.450 : start training...
26-03-23 19:29:55.466 : epoch:[1/1000], 平均loss: 0.0844
26-03-23 19:32:37.290 : epoch:[2/1000], 平均loss: 0.0375
26-03-23 19:35:17.585 : epoch:[3/1000], 平均loss: 0.0335
26-03-23 19:37:56.772 : epoch:[4/1000], 平均loss: 0.0319
26-03-23 19:40:34.798 : epoch:[5/1000], 平均loss: 0.0306
26-03-23 19:43:14.840 : epoch:[6/1000], 平均loss: 0.0298
26-03-23 19:45:54.279 : epoch:[7/1000], 平均loss: 0.0289
26-03-23 19:48:33.972 : epoch:[8/1000], 平均loss: 0.0285
26-03-23 19:51:13.353 : epoch:[9/1000], 平均loss: 0.0280
26-03-23 19:53:52.645 : epoch:[10/1000], 平均loss: 0.0270
26-03-23 19:57:07.492 : [epoch 10 PSNR: 30.3422 Best: 30.3422]
26-03-23 19:59:47.664 : epoch:[11/1000], 平均loss: 0.0271
26-03-23 20:02:26.171 : epoch:[12/1000], 平均loss: 0.0270
26-03-23 20:05:05.835 : epoch:[13/1000], 平均loss: 0.0265
26-03-23 20:07:44.175 : epoch:[14/1000], 平均loss: 0.0266
26-03-23 20:10:22.696 : epoch:[15/1000], 平均loss: 0.0265
26-03-23 20:13:01.405 : epoch:[16/1000], 平均loss: 0.0265
26-03-23 20:15:40.406 : epoch:[17/1000], 平均loss: 0.0263
26-03-23 20:18:19.540 : epoch:[18/1000], 平均loss: 0.0258
26-03-23 20:20:58.708 : epoch:[19/1000], 平均loss: 0.0255
26-03-23 20:23:38.082 : epoch:[20/1000], 平均loss: 0.0256
26-03-23 20:26:53.309 : [epoch 20 PSNR: 30.8236 Best: 30.8236]
26-03-23 20:29:32.072 : epoch:[21/1000], 平均loss: 0.0255
26-03-23 20:32:12.364 : epoch:[22/1000], 平均loss: 0.0257
26-03-23 20:34:52.515 : epoch:[23/1000], 平均loss: 0.0256
26-03-23 20:37:32.535 : epoch:[24/1000], 平均loss: 0.0254
26-03-23 20:40:12.250 : epoch:[25/1000], 平均loss: 0.0254
26-03-23 20:42:52.018 : epoch:[26/1000], 平均loss: 0.0252
26-03-23 20:45:32.094 : epoch:[27/1000], 平均loss: 0.0251
26-03-23 20:48:12.156 : epoch:[28/1000], 平均loss: 0.0245
26-03-23 20:50:50.905 : epoch:[29/1000], 平均loss: 0.0250
26-03-23 20:53:30.340 : epoch:[30/1000], 平均loss: 0.0248
26-03-23 20:56:45.227 : [epoch 30 PSNR: 31.0120 Best: 31.0120]
26-03-23 20:59:24.462 : epoch:[31/1000], 平均loss: 0.0248
26-03-23 21:02:04.362 : epoch:[32/1000], 平均loss: 0.0247
26-03-23 21:04:44.040 : epoch:[33/1000], 平均loss: 0.0246
26-03-23 21:07:23.419 : epoch:[34/1000], 平均loss: 0.0245
26-03-23 21:10:01.913 : epoch:[35/1000], 平均loss: 0.0246
26-03-23 21:12:41.230 : epoch:[36/1000], 平均loss: 0.0246
26-03-23 21:15:21.079 : epoch:[37/1000], 平均loss: 0.0244
26-03-23 21:17:59.726 : epoch:[38/1000], 平均loss: 0.0244
26-03-23 21:20:39.500 : epoch:[39/1000], 平均loss: 0.0242
26-03-23 21:23:20.029 : epoch:[40/1000], 平均loss: 0.0244
26-03-23 21:26:35.181 : [epoch 40 PSNR: 31.1534 Best: 31.1534]
26-03-23 21:29:15.772 : epoch:[41/1000], 平均loss: 0.0244
26-03-23 21:31:58.542 : epoch:[42/1000], 平均loss: 0.0243
26-03-23 21:34:38.603 : epoch:[43/1000], 平均loss: 0.0240
26-03-23 21:37:18.479 : epoch:[44/1000], 平均loss: 0.0244
26-03-23 21:39:58.583 : epoch:[45/1000], 平均loss: 0.0241
26-03-23 21:42:38.496 : epoch:[46/1000], 平均loss: 0.0241
26-03-23 21:45:18.337 : epoch:[47/1000], 平均loss: 0.0240
26-03-23 21:47:57.440 : epoch:[48/1000], 平均loss: 0.0240
26-03-23 21:50:36.009 : epoch:[49/1000], 平均loss: 0.0243
26-03-23 21:53:15.813 : epoch:[50/1000], 平均loss: 0.0240
26-03-23 21:56:30.605 : [epoch 50 PSNR: 31.2368 Best: 31.2368]
26-03-23 21:59:11.051 : epoch:[51/1000], 平均loss: 0.0241
26-03-23 22:01:49.808 : epoch:[52/1000], 平均loss: 0.0240
26-03-23 22:04:29.562 : epoch:[53/1000], 平均loss: 0.0243
26-03-23 22:07:08.492 : epoch:[54/1000], 平均loss: 0.0242
26-03-23 22:09:47.372 : epoch:[55/1000], 平均loss: 0.0240
26-03-23 22:12:27.100 : epoch:[56/1000], 平均loss: 0.0241
26-03-23 22:15:06.344 : epoch:[57/1000], 平均loss: 0.0239
26-03-23 22:17:44.804 : epoch:[58/1000], 平均loss: 0.0241
26-03-23 22:20:23.677 : epoch:[59/1000], 平均loss: 0.0242
26-03-23 22:23:03.559 : epoch:[60/1000], 平均loss: 0.0240
26-03-23 22:26:18.322 : [epoch 60 PSNR: 31.3063 Best: 31.3063]
26-03-23 22:28:57.649 : epoch:[61/1000], 平均loss: 0.0237
26-03-23 22:31:38.110 : epoch:[62/1000], 平均loss: 0.0239
26-03-23 22:34:18.003 : epoch:[63/1000], 平均loss: 0.0238
26-03-23 22:36:57.378 : epoch:[64/1000], 平均loss: 0.0239
26-03-23 22:39:37.424 : epoch:[65/1000], 平均loss: 0.0237
26-03-23 22:42:17.569 : epoch:[66/1000], 平均loss: 0.0239
26-03-23 22:44:57.367 : epoch:[67/1000], 平均loss: 0.0238
26-03-23 22:47:35.532 : epoch:[68/1000], 平均loss: 0.0238
26-03-23 22:50:18.270 : epoch:[69/1000], 平均loss: 0.0238
26-03-23 22:53:06.749 : epoch:[70/1000], 平均loss: 0.0238
26-03-23 22:56:22.321 : [epoch 70 PSNR: 31.3379 Best: 31.3379]
26-03-23 22:59:02.197 : epoch:[71/1000], 平均loss: 0.0240
26-03-23 23:01:41.306 : epoch:[72/1000], 平均loss: 0.0237
26-03-23 23:04:20.676 : epoch:[73/1000], 平均loss: 0.0238
26-03-23 23:07:01.037 : epoch:[74/1000], 平均loss: 0.0238
26-03-23 23:09:41.596 : epoch:[75/1000], 平均loss: 0.0237
26-03-23 23:12:21.984 : epoch:[76/1000], 平均loss: 0.0238
26-03-23 23:15:02.513 : epoch:[77/1000], 平均loss: 0.0239
26-03-23 23:17:42.158 : epoch:[78/1000], 平均loss: 0.0237
26-03-23 23:20:21.033 : epoch:[79/1000], 平均loss: 0.0236
26-03-23 23:23:01.424 : epoch:[80/1000], 平均loss: 0.0236
26-03-23 23:26:16.358 : [epoch 80 PSNR: 31.3864 Best: 31.3864]
26-03-23 23:28:55.961 : epoch:[81/1000], 平均loss: 0.0237
26-03-23 23:31:36.266 : epoch:[82/1000], 平均loss: 0.0237
26-03-23 23:34:15.786 : epoch:[83/1000], 平均loss: 0.0237
26-03-23 23:36:55.043 : epoch:[84/1000], 平均loss: 0.0238
26-03-23 23:39:33.264 : epoch:[85/1000], 平均loss: 0.0236
26-03-23 23:42:13.797 : epoch:[86/1000], 平均loss: 0.0235
26-03-23 23:44:54.572 : epoch:[87/1000], 平均loss: 0.0238
26-03-23 23:47:34.207 : epoch:[88/1000], 平均loss: 0.0235
26-03-23 23:50:15.056 : epoch:[89/1000], 平均loss: 0.0237
26-03-23 23:52:56.031 : epoch:[90/1000], 平均loss: 0.0237
26-03-23 23:56:11.452 : [epoch 90 PSNR: 31.3731 Best: 31.3864]
26-03-23 23:58:52.302 : epoch:[91/1000], 平均loss: 0.0235
26-03-24 00:01:32.075 : epoch:[92/1000], 平均loss: 0.0234
26-03-24 00:04:12.808 : epoch:[93/1000], 平均loss: 0.0238
26-03-24 00:06:53.328 : epoch:[94/1000], 平均loss: 0.0235
26-03-24 00:09:34.096 : epoch:[95/1000], 平均loss: 0.0237
26-03-24 00:12:14.855 : epoch:[96/1000], 平均loss: 0.0234
26-03-24 00:14:55.503 : epoch:[97/1000], 平均loss: 0.0235
26-03-24 00:17:35.585 : epoch:[98/1000], 平均loss: 0.0235
26-03-24 00:20:16.452 : epoch:[99/1000], 平均loss: 0.0236
26-03-24 00:22:55.859 : epoch:[100/1000], 平均loss: 0.0237
26-03-24 00:26:11.104 : [epoch 100 PSNR: 31.4159 Best: 31.4159]
26-03-24 00:28:51.674 : epoch:[101/1000], 平均loss: 0.0236
26-03-24 00:31:32.623 : epoch:[102/1000], 平均loss: 0.0237
26-03-24 00:34:12.922 : epoch:[103/1000], 平均loss: 0.0235
26-03-24 00:36:53.462 : epoch:[104/1000], 平均loss: 0.0237
26-03-24 00:39:34.124 : epoch:[105/1000], 平均loss: 0.0239
26-03-24 00:42:14.973 : epoch:[106/1000], 平均loss: 0.0236
26-03-24 00:44:55.798 : epoch:[107/1000], 平均loss: 0.0236
26-03-24 00:47:34.176 : epoch:[108/1000], 平均loss: 0.0235
26-03-24 00:50:14.203 : epoch:[109/1000], 平均loss: 0.0235
26-03-24 00:52:54.191 : epoch:[110/1000], 平均loss: 0.0234
26-03-24 00:56:09.767 : [epoch 110 PSNR: 31.4220 Best: 31.4220]
26-03-24 00:58:50.431 : epoch:[111/1000], 平均loss: 0.0234
26-03-24 01:01:31.034 : epoch:[112/1000], 平均loss: 0.0235
26-03-24 01:04:11.160 : epoch:[113/1000], 平均loss: 0.0235
26-03-24 01:06:49.943 : epoch:[114/1000], 平均loss: 0.0234
26-03-24 01:09:29.699 : epoch:[115/1000], 平均loss: 0.0233
26-03-24 01:12:08.300 : epoch:[116/1000], 平均loss: 0.0234
26-03-24 01:14:46.337 : epoch:[117/1000], 平均loss: 0.0234
26-03-24 01:17:28.552 : epoch:[118/1000], 平均loss: 0.0235
26-03-24 01:20:12.495 : epoch:[119/1000], 平均loss: 0.0235
26-03-24 01:22:52.151 : epoch:[120/1000], 平均loss: 0.0236
26-03-24 01:26:07.648 : [epoch 120 PSNR: 31.4260 Best: 31.4260]
26-03-24 01:28:47.244 : epoch:[121/1000], 平均loss: 0.0233
26-03-24 01:31:27.257 : epoch:[122/1000], 平均loss: 0.0234
26-03-24 01:34:08.072 : epoch:[123/1000], 平均loss: 0.0234
26-03-24 01:36:48.646 : epoch:[124/1000], 平均loss: 0.0233
26-03-24 01:39:29.321 : epoch:[125/1000], 平均loss: 0.0233
26-03-24 01:42:08.044 : epoch:[126/1000], 平均loss: 0.0235
26-03-24 01:44:46.844 : epoch:[127/1000], 平均loss: 0.0235
26-03-24 01:47:27.380 : epoch:[128/1000], 平均loss: 0.0235
26-03-24 01:50:06.865 : epoch:[129/1000], 平均loss: 0.0232
26-03-24 01:52:46.448 : epoch:[130/1000], 平均loss: 0.0233
26-03-24 01:56:01.450 : [epoch 130 PSNR: 31.4495 Best: 31.4495]
26-03-24 01:58:41.172 : epoch:[131/1000], 平均loss: 0.0233
26-03-24 02:01:21.038 : epoch:[132/1000], 平均loss: 0.0234
26-03-24 02:04:00.206 : epoch:[133/1000], 平均loss: 0.0235
26-03-24 02:06:40.712 : epoch:[134/1000], 平均loss: 0.0235
26-03-24 02:09:21.481 : epoch:[135/1000], 平均loss: 0.0233
26-03-24 02:12:02.296 : epoch:[136/1000], 平均loss: 0.0234
26-03-24 02:14:42.871 : epoch:[137/1000], 平均loss: 0.0231
26-03-24 02:17:22.451 : epoch:[138/1000], 平均loss: 0.0232
26-03-24 02:20:03.272 : epoch:[139/1000], 平均loss: 0.0233
26-03-24 02:22:42.365 : epoch:[140/1000], 平均loss: 0.0232
26-03-24 02:25:57.515 : [epoch 140 PSNR: 31.4580 Best: 31.4580]
26-03-24 02:28:37.006 : epoch:[141/1000], 平均loss: 0.0235
26-03-24 02:31:16.924 : epoch:[142/1000], 平均loss: 0.0233
26-03-24 02:33:57.915 : epoch:[143/1000], 平均loss: 0.0234
26-03-24 02:36:38.502 : epoch:[144/1000], 平均loss: 0.0234
26-03-24 02:39:19.038 : epoch:[145/1000], 平均loss: 0.0235
26-03-24 02:41:59.833 : epoch:[146/1000], 平均loss: 0.0232
26-03-24 02:44:40.659 : epoch:[147/1000], 平均loss: 0.0234
26-03-24 02:47:20.481 : epoch:[148/1000], 平均loss: 0.0231
26-03-24 02:49:59.043 : epoch:[149/1000], 平均loss: 0.0236
26-03-24 02:52:38.134 : epoch:[150/1000], 平均loss: 0.0232
26-03-24 02:55:53.044 : [epoch 150 PSNR: 31.4609 Best: 31.4609]
26-03-24 02:58:32.408 : epoch:[151/1000], 平均loss: 0.0233
26-03-24 03:01:12.299 : epoch:[152/1000], 平均loss: 0.0233
26-03-24 03:03:52.270 : epoch:[153/1000], 平均loss: 0.0235
26-03-24 03:06:32.610 : epoch:[154/1000], 平均loss: 0.0233
26-03-24 03:09:13.273 : epoch:[155/1000], 平均loss: 0.0233
26-03-24 03:11:54.099 : epoch:[156/1000], 平均loss: 0.0235
26-03-24 03:14:34.439 : epoch:[157/1000], 平均loss: 0.0232
26-03-24 03:17:12.998 : epoch:[158/1000], 平均loss: 0.0234
26-03-24 03:19:53.729 : epoch:[159/1000], 平均loss: 0.0232
26-03-24 03:22:33.925 : epoch:[160/1000], 平均loss: 0.0233
26-03-24 03:25:49.733 : [epoch 160 PSNR: 31.4812 Best: 31.4812]
26-03-24 03:28:29.288 : epoch:[161/1000], 平均loss: 0.0234
26-03-24 03:31:09.587 : epoch:[162/1000], 平均loss: 0.0234
26-03-24 03:33:49.399 : epoch:[163/1000], 平均loss: 0.0232
26-03-24 03:36:30.066 : epoch:[164/1000], 平均loss: 0.0232
26-03-24 03:39:10.163 : epoch:[165/1000], 平均loss: 0.0231
26-03-24 03:41:49.938 : epoch:[166/1000], 平均loss: 0.0234
26-03-24 03:44:29.241 : epoch:[167/1000], 平均loss: 0.0233
26-03-24 03:47:09.808 : epoch:[168/1000], 平均loss: 0.0233
26-03-24 03:49:48.946 : epoch:[169/1000], 平均loss: 0.0233
26-03-24 03:52:28.061 : epoch:[170/1000], 平均loss: 0.0236
26-03-24 03:55:42.803 : [epoch 170 PSNR: 31.4721 Best: 31.4812]
26-03-24 03:58:23.596 : epoch:[171/1000], 平均loss: 0.0232
26-03-24 04:01:04.488 : epoch:[172/1000], 平均loss: 0.0234
26-03-24 04:03:45.221 : epoch:[173/1000], 平均loss: 0.0234
26-03-24 04:06:23.241 : epoch:[174/1000], 平均loss: 0.0233
26-03-24 04:09:00.768 : epoch:[175/1000], 平均loss: 0.0233
26-03-24 04:11:40.558 : epoch:[176/1000], 平均loss: 0.0233
26-03-24 04:14:20.945 : epoch:[177/1000], 平均loss: 0.0233
26-03-24 04:17:00.481 : epoch:[178/1000], 平均loss: 0.0233
26-03-24 04:19:41.363 : epoch:[179/1000], 平均loss: 0.0234
26-03-24 04:22:20.887 : epoch:[180/1000], 平均loss: 0.0233
26-03-24 04:25:35.655 : [epoch 180 PSNR: 31.4757 Best: 31.4812]
26-03-24 04:28:16.661 : epoch:[181/1000], 平均loss: 0.0235
26-03-24 04:30:57.685 : epoch:[182/1000], 平均loss: 0.0234
26-03-24 04:33:36.920 : epoch:[183/1000], 平均loss: 0.0234
26-03-24 04:36:16.516 : epoch:[184/1000], 平均loss: 0.0234
26-03-24 04:38:55.688 : epoch:[185/1000], 平均loss: 0.0235
26-03-24 04:41:35.397 : epoch:[186/1000], 平均loss: 0.0232
26-03-24 04:44:14.831 : epoch:[187/1000], 平均loss: 0.0231
26-03-24 04:46:56.006 : epoch:[188/1000], 平均loss: 0.0232
26-03-24 04:49:36.940 : epoch:[189/1000], 平均loss: 0.0233
26-03-24 04:52:17.310 : epoch:[190/1000], 平均loss: 0.0234
26-03-24 04:55:32.429 : [epoch 190 PSNR: 31.4834 Best: 31.4834]
26-03-24 04:58:11.710 : epoch:[191/1000], 平均loss: 0.0235
26-03-24 05:00:50.313 : epoch:[192/1000], 平均loss: 0.0232
26-03-24 05:03:30.692 : epoch:[193/1000], 平均loss: 0.0233
26-03-24 05:06:09.754 : epoch:[194/1000], 平均loss: 0.0233
26-03-24 05:08:49.294 : epoch:[195/1000], 平均loss: 0.0233
26-03-24 05:11:28.797 : epoch:[196/1000], 平均loss: 0.0234
26-03-24 05:14:09.430 : epoch:[197/1000], 平均loss: 0.0231
26-03-24 05:16:48.873 : epoch:[198/1000], 平均loss: 0.0234
26-03-24 05:19:28.387 : epoch:[199/1000], 平均loss: 0.0230
26-03-24 05:22:08.950 : epoch:[200/1000], 平均loss: 0.0233
26-03-24 05:25:24.040 : [epoch 200 PSNR: 31.4832 Best: 31.4834]
26-03-24 05:28:02.543 : epoch:[201/1000], 平均loss: 0.0231
26-03-24 05:30:41.630 : epoch:[202/1000], 平均loss: 0.0234
26-03-24 05:33:20.545 : epoch:[203/1000], 平均loss: 0.0234
26-03-24 05:36:00.150 : epoch:[204/1000], 平均loss: 0.0231
26-03-24 05:38:39.507 : epoch:[205/1000], 平均loss: 0.0234
26-03-24 05:41:19.143 : epoch:[206/1000], 平均loss: 0.0232
26-03-24 05:43:58.743 : epoch:[207/1000], 平均loss: 0.0234
26-03-24 05:46:39.245 : epoch:[208/1000], 平均loss: 0.0233
26-03-24 05:49:20.258 : epoch:[209/1000], 平均loss: 0.0233
26-03-24 05:52:01.118 : epoch:[210/1000], 平均loss: 0.0234
26-03-24 05:55:16.464 : [epoch 210 PSNR: 31.4907 Best: 31.4907]
26-03-24 05:57:57.264 : epoch:[211/1000], 平均loss: 0.0233
26-03-24 06:00:37.891 : epoch:[212/1000], 平均loss: 0.0234
26-03-24 06:03:16.709 : epoch:[213/1000], 平均loss: 0.0232
26-03-24 06:05:57.225 : epoch:[214/1000], 平均loss: 0.0233
26-03-24 06:08:37.714 : epoch:[215/1000], 平均loss: 0.0232
26-03-24 06:11:18.242 : epoch:[216/1000], 平均loss: 0.0234
26-03-24 06:13:58.923 : epoch:[217/1000], 平均loss: 0.0234
26-03-24 06:16:38.154 : epoch:[218/1000], 平均loss: 0.0233
26-03-24 06:19:17.499 : epoch:[219/1000], 平均loss: 0.0233
26-03-24 06:21:57.945 : epoch:[220/1000], 平均loss: 0.0234
26-03-24 06:25:13.030 : [epoch 220 PSNR: 31.4884 Best: 31.4907]
26-03-24 06:27:51.968 : epoch:[221/1000], 平均loss: 0.0233
26-03-24 06:30:31.732 : epoch:[222/1000], 平均loss: 0.0232
26-03-24 06:33:11.592 : epoch:[223/1000], 平均loss: 0.0232
26-03-24 06:35:51.132 : epoch:[224/1000], 平均loss: 0.0232
26-03-24 06:38:32.066 : epoch:[225/1000], 平均loss: 0.0231
26-03-24 06:41:12.545 : epoch:[226/1000], 平均loss: 0.0233
26-03-24 06:43:53.486 : epoch:[227/1000], 平均loss: 0.0234
26-03-24 06:46:34.305 : epoch:[228/1000], 平均loss: 0.0232
26-03-24 06:49:14.084 : epoch:[229/1000], 平均loss: 0.0233
26-03-24 06:51:53.681 : epoch:[230/1000], 平均loss: 0.0234
26-03-24 06:55:08.562 : [epoch 230 PSNR: 31.4975 Best: 31.4975]
26-03-24 06:57:48.079 : epoch:[231/1000], 平均loss: 0.0234
26-03-24 07:00:27.467 : epoch:[232/1000], 平均loss: 0.0233
26-03-24 07:03:08.215 : epoch:[233/1000], 平均loss: 0.0234
26-03-24 07:05:48.645 : epoch:[234/1000], 平均loss: 0.0232
26-03-24 07:08:28.699 : epoch:[235/1000], 平均loss: 0.0232
26-03-24 07:11:08.968 : epoch:[236/1000], 平均loss: 0.0234
26-03-24 07:13:49.307 : epoch:[237/1000], 平均loss: 0.0235
26-03-24 07:16:28.698 : epoch:[238/1000], 平均loss: 0.0232
26-03-24 07:19:09.456 : epoch:[239/1000], 平均loss: 0.0233
26-03-24 07:21:49.063 : epoch:[240/1000], 平均loss: 0.0233
26-03-24 07:25:07.780 : [epoch 240 PSNR: 31.4895 Best: 31.4975]
26-03-24 07:27:48.164 : epoch:[241/1000], 平均loss: 0.0233
26-03-24 07:30:28.978 : epoch:[242/1000], 平均loss: 0.0232
26-03-24 07:33:08.835 : epoch:[243/1000], 平均loss: 0.0233
26-03-24 07:35:48.769 : epoch:[244/1000], 平均loss: 0.0233
26-03-24 07:38:29.359 : epoch:[245/1000], 平均loss: 0.0233
26-03-24 07:41:08.948 : epoch:[246/1000], 平均loss: 0.0231
26-03-24 07:43:47.351 : epoch:[247/1000], 平均loss: 0.0234
26-03-24 07:46:25.023 : epoch:[248/1000], 平均loss: 0.0230
26-03-24 07:49:05.546 : epoch:[249/1000], 平均loss: 0.0232
26-03-24 07:51:46.122 : epoch:[250/1000], 平均loss: 0.0233
26-03-24 07:55:00.987 : [epoch 250 PSNR: 31.5008 Best: 31.5008]
26-03-24 07:57:41.764 : epoch:[251/1000], 平均loss: 0.0230
26-03-24 08:00:22.675 : epoch:[252/1000], 平均loss: 0.0232
26-03-24 08:03:02.388 : epoch:[253/1000], 平均loss: 0.0233
26-03-24 08:05:41.235 : epoch:[254/1000], 平均loss: 0.0232
26-03-24 08:08:21.942 : epoch:[255/1000], 平均loss: 0.0232
26-03-24 08:11:02.522 : epoch:[256/1000], 平均loss: 0.0231
26-03-24 08:13:42.221 : epoch:[257/1000], 平均loss: 0.0231
26-03-24 08:16:21.418 : epoch:[258/1000], 平均loss: 0.0233
26-03-24 08:19:01.522 : epoch:[259/1000], 平均loss: 0.0233
26-03-24 08:21:39.397 : epoch:[260/1000], 平均loss: 0.0232
26-03-24 08:24:54.498 : [epoch 260 PSNR: 31.4938 Best: 31.5008]
26-03-24 08:27:35.234 : epoch:[261/1000], 平均loss: 0.0231
26-03-24 08:30:16.258 : epoch:[262/1000], 平均loss: 0.0231
26-03-24 08:32:56.509 : epoch:[263/1000], 平均loss: 0.0232
26-03-24 08:35:37.799 : epoch:[264/1000], 平均loss: 0.0231
26-03-24 08:38:17.517 : epoch:[265/1000], 平均loss: 0.0231
26-03-24 08:40:56.171 : epoch:[266/1000], 平均loss: 0.0233
26-03-24 08:43:36.136 : epoch:[267/1000], 平均loss: 0.0233
26-03-24 08:46:15.525 : epoch:[268/1000], 平均loss: 0.0233
26-03-24 08:48:56.264 : epoch:[269/1000], 平均loss: 0.0232
26-03-24 08:51:37.318 : epoch:[270/1000], 平均loss: 0.0233
26-03-24 08:54:52.679 : [epoch 270 PSNR: 31.4908 Best: 31.5008]
26-03-24 08:57:33.644 : epoch:[271/1000], 平均loss: 0.0233
26-03-24 09:00:14.470 : epoch:[272/1000], 平均loss: 0.0232
26-03-24 09:02:52.989 : epoch:[273/1000], 平均loss: 0.0232
26-03-24 09:05:32.648 : epoch:[274/1000], 平均loss: 0.0233
26-03-24 09:08:13.011 : epoch:[275/1000], 平均loss: 0.0233
26-03-24 09:10:53.676 : epoch:[276/1000], 平均loss: 0.0230
26-03-24 09:13:34.363 : epoch:[277/1000], 平均loss: 0.0234
26-03-24 09:16:13.783 : epoch:[278/1000], 平均loss: 0.0233
26-03-24 09:18:54.598 : epoch:[279/1000], 平均loss: 0.0231
26-03-24 09:21:33.649 : epoch:[280/1000], 平均loss: 0.0231
26-03-24 09:24:48.445 : [epoch 280 PSNR: 31.4962 Best: 31.5008]
26-03-24 09:27:29.359 : epoch:[281/1000], 平均loss: 0.0233
26-03-24 09:30:10.451 : epoch:[282/1000], 平均loss: 0.0232
26-03-24 09:32:50.593 : epoch:[283/1000], 平均loss: 0.0232
26-03-24 09:35:30.196 : epoch:[284/1000], 平均loss: 0.0230
26-03-24 09:38:10.958 : epoch:[285/1000], 平均loss: 0.0231
26-03-24 09:40:51.895 : epoch:[286/1000], 平均loss: 0.0233
26-03-24 09:43:32.775 : epoch:[287/1000], 平均loss: 0.0231
26-03-24 09:46:12.599 : epoch:[288/1000], 平均loss: 0.0236
26-03-24 09:48:51.827 : epoch:[289/1000], 平均loss: 0.0232
26-03-24 09:51:29.859 : epoch:[290/1000], 平均loss: 0.0233
26-03-24 09:54:44.969 : [epoch 290 PSNR: 31.4988 Best: 31.5008]
26-03-24 09:57:23.956 : epoch:[291/1000], 平均loss: 0.0233
26-03-24 10:00:03.184 : epoch:[292/1000], 平均loss: 0.0232
26-03-24 10:02:43.669 : epoch:[293/1000], 平均loss: 0.0230
26-03-24 10:05:24.219 : epoch:[294/1000], 平均loss: 0.0233
26-03-24 10:08:03.424 : epoch:[295/1000], 平均loss: 0.0232
26-03-24 10:10:41.548 : epoch:[296/1000], 平均loss: 0.0232
26-03-24 10:13:22.172 : epoch:[297/1000], 平均loss: 0.0236
26-03-24 10:16:02.942 : epoch:[298/1000], 平均loss: 0.0231
26-03-24 10:18:42.710 : epoch:[299/1000], 平均loss: 0.0231
26-03-24 10:21:22.332 : epoch:[300/1000], 平均loss: 0.0231
26-03-24 10:24:37.227 : [epoch 300 PSNR: 31.5012 Best: 31.5012]
26-03-24 10:27:18.372 : epoch:[301/1000], 平均loss: 0.0233
26-03-24 10:29:59.442 : epoch:[302/1000], 平均loss: 0.0231
26-03-24 10:32:39.274 : epoch:[303/1000], 平均loss: 0.0232
26-03-24 10:35:18.529 : epoch:[304/1000], 平均loss: 0.0231
26-03-24 10:37:56.126 : epoch:[305/1000], 平均loss: 0.0232
26-03-24 10:40:35.381 : epoch:[306/1000], 平均loss: 0.0230
26-03-24 10:43:15.117 : epoch:[307/1000], 平均loss: 0.0231
26-03-24 10:45:53.976 : epoch:[308/1000], 平均loss: 0.0233
26-03-24 10:48:34.734 : epoch:[309/1000], 平均loss: 0.0233
26-03-24 10:51:14.728 : epoch:[310/1000], 平均loss: 0.0233
26-03-24 10:54:29.641 : [epoch 310 PSNR: 31.5022 Best: 31.5022]
26-03-24 10:57:10.672 : epoch:[311/1000], 平均loss: 0.0230
26-03-24 10:59:51.653 : epoch:[312/1000], 平均loss: 0.0231
26-03-24 11:02:32.650 : epoch:[313/1000], 平均loss: 0.0234
26-03-24 11:05:13.423 : epoch:[314/1000], 平均loss: 0.0232
26-03-24 11:07:52.584 : epoch:[315/1000], 平均loss: 0.0233
26-03-24 11:10:31.155 : epoch:[316/1000], 平均loss: 0.0230
26-03-24 11:13:11.005 : epoch:[317/1000], 平均loss: 0.0231
26-03-24 11:15:49.799 : epoch:[318/1000], 平均loss: 0.0233
26-03-24 11:18:30.610 : epoch:[319/1000], 平均loss: 0.0230
26-03-24 11:21:10.302 : epoch:[320/1000], 平均loss: 0.0233
26-03-24 11:24:25.241 : [epoch 320 PSNR: 31.4995 Best: 31.5022]
26-03-24 11:27:06.014 : epoch:[321/1000], 平均loss: 0.0233
26-03-24 11:29:46.597 : epoch:[322/1000], 平均loss: 0.0232
26-03-24 11:32:27.000 : epoch:[323/1000], 平均loss: 0.0233
26-03-24 11:35:08.092 : epoch:[324/1000], 平均loss: 0.0233
26-03-24 11:37:49.205 : epoch:[325/1000], 平均loss: 0.0232
26-03-24 11:40:28.844 : epoch:[326/1000], 平均loss: 0.0229
26-03-24 11:43:07.914 : epoch:[327/1000], 平均loss: 0.0231
26-03-24 11:45:47.656 : epoch:[328/1000], 平均loss: 0.0232
26-03-24 11:48:27.690 : epoch:[329/1000], 平均loss: 0.0231
26-03-24 11:51:07.896 : epoch:[330/1000], 平均loss: 0.0231
26-03-24 11:54:23.156 : [epoch 330 PSNR: 31.4996 Best: 31.5022]
26-03-24 11:57:04.314 : epoch:[331/1000], 平均loss: 0.0232
26-03-24 11:59:45.404 : epoch:[332/1000], 平均loss: 0.0231
26-03-24 12:02:24.538 : epoch:[333/1000], 平均loss: 0.0232
26-03-24 12:05:05.694 : epoch:[334/1000], 平均loss: 0.0232
26-03-24 12:07:44.289 : epoch:[335/1000], 平均loss: 0.0234
26-03-24 12:10:22.547 : epoch:[336/1000], 平均loss: 0.0232
26-03-24 12:13:01.170 : epoch:[337/1000], 平均loss: 0.0233
26-03-24 12:15:40.128 : epoch:[338/1000], 平均loss: 0.0234
26-03-24 12:18:21.342 : epoch:[339/1000], 平均loss: 0.0233
26-03-24 12:21:02.240 : epoch:[340/1000], 平均loss: 0.0234
26-03-24 12:24:17.341 : [epoch 340 PSNR: 31.4984 Best: 31.5022]
26-03-24 12:26:58.227 : epoch:[341/1000], 平均loss: 0.0235
26-03-24 12:29:39.727 : epoch:[342/1000], 平均loss: 0.0233
26-03-24 12:32:19.843 : epoch:[343/1000], 平均loss: 0.0232
26-03-24 12:34:59.791 : epoch:[344/1000], 平均loss: 0.0232
26-03-24 12:37:42.265 : epoch:[345/1000], 平均loss: 0.0232
26-03-24 12:40:33.096 : epoch:[346/1000], 平均loss: 0.0232
26-03-24 12:43:33.019 : epoch:[347/1000], 平均loss: 0.0232
26-03-24 12:46:25.653 : epoch:[348/1000], 平均loss: 0.0232
26-03-24 12:49:15.884 : epoch:[349/1000], 平均loss: 0.0233
26-03-24 12:52:09.109 : epoch:[350/1000], 平均loss: 0.0234
26-03-24 12:55:31.212 : [epoch 350 PSNR: 31.4951 Best: 31.5022]
26-03-24 12:58:20.209 : epoch:[351/1000], 平均loss: 0.0233
26-03-24 13:01:08.920 : epoch:[352/1000], 平均loss: 0.0233
26-03-24 13:03:54.008 : epoch:[353/1000], 平均loss: 0.0231
26-03-24 13:06:38.775 : epoch:[354/1000], 平均loss: 0.0233
26-03-24 13:09:22.826 : epoch:[355/1000], 平均loss: 0.0232
26-03-24 13:12:07.611 : epoch:[356/1000], 平均loss: 0.0232
26-03-24 13:14:51.667 : epoch:[357/1000], 平均loss: 0.0232
26-03-24 13:17:33.744 : epoch:[358/1000], 平均loss: 0.0231
26-03-24 13:20:15.859 : epoch:[359/1000], 平均loss: 0.0233
26-03-24 13:23:00.249 : epoch:[360/1000], 平均loss: 0.0235
26-03-24 13:26:16.382 : [epoch 360 PSNR: 31.4983 Best: 31.5022]
26-03-24 13:28:59.459 : epoch:[361/1000], 平均loss: 0.0231
26-03-24 13:31:43.524 : epoch:[362/1000], 平均loss: 0.0233
26-03-24 13:34:26.652 : epoch:[363/1000], 平均loss: 0.0231
26-03-24 13:37:10.872 : epoch:[364/1000], 平均loss: 0.0231
26-03-24 13:39:55.567 : epoch:[365/1000], 平均loss: 0.0234
26-03-24 13:42:36.557 : epoch:[366/1000], 平均loss: 0.0231
26-03-24 13:45:17.459 : epoch:[367/1000], 平均loss: 0.0231
26-03-24 13:47:57.930 : epoch:[368/1000], 平均loss: 0.0231
26-03-24 13:50:38.796 : epoch:[369/1000], 平均loss: 0.0231
26-03-24 13:53:20.601 : epoch:[370/1000], 平均loss: 0.0231
26-03-24 13:56:37.553 : [epoch 370 PSNR: 31.4967 Best: 31.5022]
26-03-24 13:59:21.099 : epoch:[371/1000], 平均loss: 0.0231
26-03-24 14:02:02.265 : epoch:[372/1000], 平均loss: 0.0233
26-03-24 14:04:43.267 : epoch:[373/1000], 平均loss: 0.0234
26-03-24 14:07:25.847 : epoch:[374/1000], 平均loss: 0.0231
26-03-24 14:10:08.393 : epoch:[375/1000], 平均loss: 0.0232
26-03-24 14:12:51.495 : epoch:[376/1000], 平均loss: 0.0231
26-03-24 14:15:34.268 : epoch:[377/1000], 平均loss: 0.0232
26-03-24 14:18:15.713 : epoch:[378/1000], 平均loss: 0.0232
26-03-24 14:20:58.013 : epoch:[379/1000], 平均loss: 0.0232
26-03-24 14:23:41.798 : epoch:[380/1000], 平均loss: 0.0232
26-03-24 14:26:58.965 : [epoch 380 PSNR: 31.4973 Best: 31.5022]
26-03-24 14:29:52.523 : epoch:[381/1000], 平均loss: 0.0234
26-03-24 14:32:38.092 : epoch:[382/1000], 平均loss: 0.0231
26-03-24 14:35:22.718 : epoch:[383/1000], 平均loss: 0.0233
26-03-24 14:38:07.336 : epoch:[384/1000], 平均loss: 0.0233
26-03-24 14:40:51.494 : epoch:[385/1000], 平均loss: 0.0232
26-03-24 14:43:35.171 : epoch:[386/1000], 平均loss: 0.0233
26-03-24 14:46:15.237 : epoch:[387/1000], 平均loss: 0.0232
26-03-24 14:48:55.257 : epoch:[388/1000], 平均loss: 0.0233
26-03-24 14:51:35.273 : epoch:[389/1000], 平均loss: 0.0231
26-03-24 14:54:15.503 : epoch:[390/1000], 平均loss: 0.0233
26-03-24 14:57:30.892 : [epoch 390 PSNR: 31.4964 Best: 31.5022]
26-03-24 15:00:10.864 : epoch:[391/1000], 平均loss: 0.0232
26-03-24 15:02:51.431 : epoch:[392/1000], 平均loss: 0.0234
26-03-24 15:05:32.826 : epoch:[393/1000], 平均loss: 0.0232
26-03-24 15:08:13.035 : epoch:[394/1000], 平均loss: 0.0232
26-03-24 15:10:52.786 : epoch:[395/1000], 平均loss: 0.0230
26-03-24 15:13:31.191 : epoch:[396/1000], 平均loss: 0.0231
26-03-24 15:16:11.496 : epoch:[397/1000], 平均loss: 0.0231
26-03-24 15:18:53.229 : epoch:[398/1000], 平均loss: 0.0234
26-03-24 15:21:33.577 : epoch:[399/1000], 平均loss: 0.0232
26-03-24 15:24:14.023 : epoch:[400/1000], 平均loss: 0.0231
26-03-24 15:27:29.546 : [epoch 400 PSNR: 31.4982 Best: 31.5022]
26-03-24 15:30:09.131 : epoch:[401/1000], 平均loss: 0.0232
26-03-24 15:32:49.581 : epoch:[402/1000], 平均loss: 0.0234
26-03-24 15:35:30.840 : epoch:[403/1000], 平均loss: 0.0230
26-03-24 15:38:12.227 : epoch:[404/1000], 平均loss: 0.0233
26-03-24 15:40:52.327 : epoch:[405/1000], 平均loss: 0.0234
26-03-24 15:43:33.748 : epoch:[406/1000], 平均loss: 0.0233
26-03-24 15:46:15.057 : epoch:[407/1000], 平均loss: 0.0235
26-03-24 15:48:55.113 : epoch:[408/1000], 平均loss: 0.0232
26-03-24 15:51:35.516 : epoch:[409/1000], 平均loss: 0.0232
26-03-24 15:54:15.716 : epoch:[410/1000], 平均loss: 0.0231
26-03-24 15:57:30.948 : [epoch 410 PSNR: 31.4994 Best: 31.5022]
26-03-24 15:57:31.101 : 总训练时间: 20.51小时
