26-05-04 17:03:08.558 :   task: train
  gpu_ids: [0]
  log_path: ./log
  model_save: ./model_save
  pretained_path:[
    index: False
    path: ./model_save/model_best1.pth
  ]
  batch_size: 4
  nc: [16, 1]
  patch_size: [128, 128]
  stride_size: [16, 16]
  d_size: 5
  max_epoch: 1000
  stage: 1
  lr: 0.0001
  loss_function_index: 1
  n_channels: 1
  m_channels: 8
  n_atoms: 16
  lambda_sparse: 0.001
  lambda_gate: 0.05
  lambda_orth: 0.01
  eval_num: 10
  sigma: 0.0
  train:[
    sigma: [0]
    dataroot_H: ./dataset/gray_train_all
    H_size: 128
    n_channels: 1
  ]
  valid:[
    sigma: [0]
    dataroot_H: ./dataset/gray_valid_all
    n_channels: 1
  ]
  opt_path: ./options/train_options.json
  is_train: True
  scale: 1

26-05-04 17:03:08.565 : 训练集大小: 1120
26-05-04 17:03:08.565 : 验证集数量: 240
26-05-04 17:03:09.701 : Number of parameter: 0.88M
26-05-04 17:03:09.701 : start training...
26-05-04 17:04:29.056 : epoch:[1/1000], loss:0.0747, rec:0.2069, sparse:0.1021, gate:-2.6484, orth:0.0093
26-05-04 17:05:47.363 : epoch:[2/1000], loss:-0.0372, rec:0.0930, sparse:0.1536, gate:-2.6089, orth:0.0083
26-05-04 17:07:05.796 : epoch:[3/1000], loss:-0.0433, rec:0.0912, sparse:0.1908, gate:-2.6954, orth:0.0097
26-05-04 17:08:24.397 : epoch:[4/1000], loss:-0.0464, rec:0.0895, sparse:0.2147, gate:-2.7231, orth:0.0106
26-05-04 17:09:42.877 : epoch:[5/1000], loss:-0.0486, rec:0.0879, sparse:0.2317, gate:-2.7368, orth:0.0112
26-05-04 17:11:00.913 : epoch:[6/1000], loss:-0.0499, rec:0.0869, sparse:0.2423, gate:-2.7433, orth:0.0118
26-05-04 17:12:19.354 : epoch:[7/1000], loss:-0.0516, rec:0.0854, sparse:0.2502, gate:-2.7481, orth:0.0123
26-05-04 17:13:37.598 : epoch:[8/1000], loss:-0.0514, rec:0.0857, sparse:0.2570, gate:-2.7514, orth:0.0127
26-05-04 17:14:55.714 : epoch:[9/1000], loss:-0.0528, rec:0.0845, sparse:0.2644, gate:-2.7541, orth:0.0130
26-05-04 17:16:14.052 : epoch:[10/1000], loss:-0.0539, rec:0.0835, sparse:0.2663, gate:-2.7553, orth:0.0133
26-05-04 17:21:49.158 : [epoch 10] val_loss: 0.0820, PSNR: 21.2414, SSIM: 0.4099, Best PSNR: 21.2414 @ epoch 10
26-05-04 17:23:07.737 : epoch:[11/1000], loss:-0.0534, rec:0.0840, sparse:0.2690, gate:-2.7562, orth:0.0135
26-05-04 17:24:26.031 : epoch:[12/1000], loss:-0.0547, rec:0.0827, sparse:0.2733, gate:-2.7573, orth:0.0136
26-05-04 17:25:43.954 : epoch:[13/1000], loss:-0.0543, rec:0.0831, sparse:0.2756, gate:-2.7581, orth:0.0137
26-05-04 17:27:01.892 : epoch:[14/1000], loss:-0.0544, rec:0.0831, sparse:0.2796, gate:-2.7588, orth:0.0137
26-05-04 17:28:20.285 : epoch:[15/1000], loss:-0.0545, rec:0.0831, sparse:0.2815, gate:-2.7595, orth:0.0138
26-05-04 17:29:38.670 : epoch:[16/1000], loss:-0.0541, rec:0.0835, sparse:0.2832, gate:-2.7597, orth:0.0138
26-05-04 17:30:56.789 : epoch:[17/1000], loss:-0.0542, rec:0.0834, sparse:0.2849, gate:-2.7603, orth:0.0138
26-05-04 17:32:15.109 : epoch:[18/1000], loss:-0.0545, rec:0.0832, sparse:0.2861, gate:-2.7610, orth:0.0138
26-05-04 17:33:33.450 : epoch:[19/1000], loss:-0.0550, rec:0.0827, sparse:0.2878, gate:-2.7612, orth:0.0138
26-05-04 17:34:51.833 : epoch:[20/1000], loss:-0.0558, rec:0.0819, sparse:0.2887, gate:-2.7614, orth:0.0137
26-05-04 17:40:26.497 : [epoch 20] val_loss: 0.0817, PSNR: 21.2882, SSIM: 0.4104, Best PSNR: 21.2882 @ epoch 20
26-05-04 17:41:44.854 : epoch:[21/1000], loss:-0.0548, rec:0.0829, sparse:0.2909, gate:-2.7618, orth:0.0137
26-05-04 17:43:03.110 : epoch:[22/1000], loss:-0.0540, rec:0.0836, sparse:0.2926, gate:-2.7619, orth:0.0137
26-05-04 17:44:21.450 : epoch:[23/1000], loss:-0.0552, rec:0.0824, sparse:0.2925, gate:-2.7620, orth:0.0136
26-05-04 17:45:39.827 : epoch:[24/1000], loss:-0.0555, rec:0.0822, sparse:0.2931, gate:-2.7621, orth:0.0136
26-05-04 17:46:58.155 : epoch:[25/1000], loss:-0.0550, rec:0.0827, sparse:0.2940, gate:-2.7623, orth:0.0136
26-05-04 17:48:16.615 : epoch:[26/1000], loss:-0.0547, rec:0.0830, sparse:0.2954, gate:-2.7626, orth:0.0136
26-05-04 17:49:34.765 : epoch:[27/1000], loss:-0.0553, rec:0.0824, sparse:0.2974, gate:-2.7627, orth:0.0135
26-05-04 17:50:53.922 : epoch:[28/1000], loss:-0.0558, rec:0.0819, sparse:0.2975, gate:-2.7627, orth:0.0135
26-05-04 17:52:12.171 : epoch:[29/1000], loss:-0.0556, rec:0.0821, sparse:0.2990, gate:-2.7629, orth:0.0135
26-05-04 17:53:30.408 : epoch:[30/1000], loss:-0.0558, rec:0.0819, sparse:0.3001, gate:-2.7632, orth:0.0134
26-05-04 17:59:05.516 : [epoch 30] val_loss: 0.0813, PSNR: 21.4713, SSIM: 0.4111, Best PSNR: 21.4713 @ epoch 30
26-05-04 18:00:23.774 : epoch:[31/1000], loss:-0.0556, rec:0.0822, sparse:0.3012, gate:-2.7633, orth:0.0134
26-05-04 18:01:41.922 : epoch:[32/1000], loss:-0.0556, rec:0.0821, sparse:0.3029, gate:-2.7634, orth:0.0133
26-05-04 18:02:59.978 : epoch:[33/1000], loss:-0.0552, rec:0.0825, sparse:0.3037, gate:-2.7634, orth:0.0133
26-05-04 18:04:18.075 : epoch:[34/1000], loss:-0.0562, rec:0.0816, sparse:0.3047, gate:-2.7635, orth:0.0132
26-05-04 18:05:36.404 : epoch:[35/1000], loss:-0.0557, rec:0.0821, sparse:0.3067, gate:-2.7638, orth:0.0132
26-05-04 18:06:54.771 : epoch:[36/1000], loss:-0.0545, rec:0.0833, sparse:0.3072, gate:-2.7638, orth:0.0132
26-05-04 18:08:13.033 : epoch:[37/1000], loss:-0.0569, rec:0.0809, sparse:0.3081, gate:-2.7637, orth:0.0131
26-05-04 18:09:31.275 : epoch:[38/1000], loss:-0.0553, rec:0.0825, sparse:0.3092, gate:-2.7639, orth:0.0131
26-05-04 18:10:49.397 : epoch:[39/1000], loss:-0.0559, rec:0.0819, sparse:0.3099, gate:-2.7640, orth:0.0131
26-05-04 18:12:07.820 : epoch:[40/1000], loss:-0.0559, rec:0.0818, sparse:0.3107, gate:-2.7640, orth:0.0131
26-05-04 18:17:42.005 : [epoch 40] val_loss: 0.0807, PSNR: 21.5895, SSIM: 0.4113, Best PSNR: 21.5895 @ epoch 40
26-05-04 18:19:00.449 : epoch:[41/1000], loss:-0.0567, rec:0.0811, sparse:0.3118, gate:-2.7641, orth:0.0130
26-05-04 18:20:18.747 : epoch:[42/1000], loss:-0.0563, rec:0.0815, sparse:0.3130, gate:-2.7641, orth:0.0130
26-05-04 18:21:37.160 : epoch:[43/1000], loss:-0.0562, rec:0.0815, sparse:0.3125, gate:-2.7643, orth:0.0130
26-05-04 18:22:55.390 : epoch:[44/1000], loss:-0.0554, rec:0.0823, sparse:0.3141, gate:-2.7643, orth:0.0130
26-05-04 18:24:13.502 : epoch:[45/1000], loss:-0.0560, rec:0.0818, sparse:0.3150, gate:-2.7644, orth:0.0130
26-05-04 18:25:31.610 : epoch:[46/1000], loss:-0.0549, rec:0.0828, sparse:0.3157, gate:-2.7645, orth:0.0129
26-05-04 18:26:49.751 : epoch:[47/1000], loss:-0.0550, rec:0.0828, sparse:0.3163, gate:-2.7645, orth:0.0129
26-05-04 18:28:07.938 : epoch:[48/1000], loss:-0.0567, rec:0.0811, sparse:0.3168, gate:-2.7645, orth:0.0129
26-05-04 18:29:26.192 : epoch:[49/1000], loss:-0.0561, rec:0.0817, sparse:0.3176, gate:-2.7646, orth:0.0129
26-05-04 18:30:44.345 : epoch:[50/1000], loss:-0.0563, rec:0.0815, sparse:0.3183, gate:-2.7645, orth:0.0128
26-05-04 18:36:17.303 : [epoch 50] val_loss: 0.0800, PSNR: 21.7056, SSIM: 0.4115, Best PSNR: 21.7056 @ epoch 50
26-05-04 18:37:35.623 : epoch:[51/1000], loss:-0.0563, rec:0.0815, sparse:0.3186, gate:-2.7646, orth:0.0128
26-05-04 18:38:53.760 : epoch:[52/1000], loss:-0.0557, rec:0.0821, sparse:0.3194, gate:-2.7646, orth:0.0128
26-05-04 18:40:12.193 : epoch:[53/1000], loss:-0.0559, rec:0.0819, sparse:0.3202, gate:-2.7648, orth:0.0128
26-05-04 18:41:30.238 : epoch:[54/1000], loss:-0.0551, rec:0.0827, sparse:0.3208, gate:-2.7648, orth:0.0128
26-05-04 18:42:48.385 : epoch:[55/1000], loss:-0.0562, rec:0.0816, sparse:0.3214, gate:-2.7648, orth:0.0127
26-05-04 18:44:06.580 : epoch:[56/1000], loss:-0.0557, rec:0.0821, sparse:0.3219, gate:-2.7648, orth:0.0127
26-05-04 18:45:24.741 : epoch:[57/1000], loss:-0.0567, rec:0.0811, sparse:0.3227, gate:-2.7649, orth:0.0127
26-05-04 18:46:42.897 : epoch:[58/1000], loss:-0.0566, rec:0.0812, sparse:0.3230, gate:-2.7648, orth:0.0127
26-05-04 18:48:00.964 : epoch:[59/1000], loss:-0.0564, rec:0.0814, sparse:0.3237, gate:-2.7648, orth:0.0127
26-05-04 18:49:19.066 : epoch:[60/1000], loss:-0.0557, rec:0.0821, sparse:0.3245, gate:-2.7650, orth:0.0127
26-05-04 18:54:51.939 : [epoch 60] val_loss: 0.0804, PSNR: 21.6521, SSIM: 0.4113, Best PSNR: 21.7056 @ epoch 50
26-05-04 18:56:09.982 : epoch:[61/1000], loss:-0.0566, rec:0.0812, sparse:0.3252, gate:-2.7650, orth:0.0127
26-05-04 18:57:27.860 : epoch:[62/1000], loss:-0.0557, rec:0.0821, sparse:0.3257, gate:-2.7650, orth:0.0126
26-05-04 18:58:45.853 : epoch:[63/1000], loss:-0.0560, rec:0.0818, sparse:0.3260, gate:-2.7650, orth:0.0126
26-05-04 19:00:03.946 : epoch:[64/1000], loss:-0.0563, rec:0.0815, sparse:0.3262, gate:-2.7651, orth:0.0126
26-05-04 19:01:21.702 : epoch:[65/1000], loss:-0.0560, rec:0.0818, sparse:0.3269, gate:-2.7651, orth:0.0126
26-05-04 19:02:39.496 : epoch:[66/1000], loss:-0.0564, rec:0.0814, sparse:0.3278, gate:-2.7652, orth:0.0126
26-05-04 19:03:57.253 : epoch:[67/1000], loss:-0.0550, rec:0.0828, sparse:0.3285, gate:-2.7652, orth:0.0126
26-05-04 19:05:15.065 : epoch:[68/1000], loss:-0.0567, rec:0.0811, sparse:0.3291, gate:-2.7651, orth:0.0126
26-05-04 19:06:32.873 : epoch:[69/1000], loss:-0.0563, rec:0.0815, sparse:0.3293, gate:-2.7652, orth:0.0125
26-05-04 19:07:50.725 : epoch:[70/1000], loss:-0.0570, rec:0.0808, sparse:0.3298, gate:-2.7652, orth:0.0125
26-05-04 19:13:23.415 : [epoch 70] val_loss: 0.0804, PSNR: 21.6057, SSIM: 0.4114, Best PSNR: 21.7056 @ epoch 50
26-05-04 19:14:41.453 : epoch:[71/1000], loss:-0.0560, rec:0.0818, sparse:0.3300, gate:-2.7652, orth:0.0125
26-05-04 19:15:59.145 : epoch:[72/1000], loss:-0.0557, rec:0.0821, sparse:0.3304, gate:-2.7653, orth:0.0125
26-05-04 19:17:16.980 : epoch:[73/1000], loss:-0.0561, rec:0.0817, sparse:0.3311, gate:-2.7654, orth:0.0125
26-05-04 19:18:34.674 : epoch:[74/1000], loss:-0.0560, rec:0.0819, sparse:0.3316, gate:-2.7654, orth:0.0125
26-05-04 19:19:52.461 : epoch:[75/1000], loss:-0.0557, rec:0.0821, sparse:0.3322, gate:-2.7654, orth:0.0125
26-05-04 19:21:10.159 : epoch:[76/1000], loss:-0.0562, rec:0.0816, sparse:0.3327, gate:-2.7654, orth:0.0125
26-05-04 19:22:27.917 : epoch:[77/1000], loss:-0.0553, rec:0.0825, sparse:0.3332, gate:-2.7654, orth:0.0125
26-05-04 19:23:45.821 : epoch:[78/1000], loss:-0.0566, rec:0.0812, sparse:0.3333, gate:-2.7654, orth:0.0124
26-05-04 19:25:04.123 : epoch:[79/1000], loss:-0.0565, rec:0.0813, sparse:0.3339, gate:-2.7654, orth:0.0124
26-05-04 19:26:22.213 : epoch:[80/1000], loss:-0.0567, rec:0.0811, sparse:0.3344, gate:-2.7654, orth:0.0124
26-05-04 19:31:54.950 : [epoch 80] val_loss: 0.0811, PSNR: 21.5056, SSIM: 0.4115, Best PSNR: 21.7056 @ epoch 50
26-05-04 19:33:13.017 : epoch:[81/1000], loss:-0.0562, rec:0.0816, sparse:0.3349, gate:-2.7655, orth:0.0124
26-05-04 19:34:30.975 : epoch:[82/1000], loss:-0.0562, rec:0.0816, sparse:0.3355, gate:-2.7656, orth:0.0124
26-05-04 19:35:49.009 : epoch:[83/1000], loss:-0.0561, rec:0.0817, sparse:0.3354, gate:-2.7656, orth:0.0124
26-05-04 19:37:06.859 : epoch:[84/1000], loss:-0.0567, rec:0.0812, sparse:0.3360, gate:-2.7655, orth:0.0124
26-05-04 19:38:24.755 : epoch:[85/1000], loss:-0.0561, rec:0.0817, sparse:0.3359, gate:-2.7656, orth:0.0124
26-05-04 19:39:42.794 : epoch:[86/1000], loss:-0.0568, rec:0.0810, sparse:0.3363, gate:-2.7655, orth:0.0124
26-05-04 19:41:00.882 : epoch:[87/1000], loss:-0.0557, rec:0.0821, sparse:0.3369, gate:-2.7656, orth:0.0124
26-05-04 19:42:18.649 : epoch:[88/1000], loss:-0.0562, rec:0.0816, sparse:0.3374, gate:-2.7656, orth:0.0124
26-05-04 19:43:36.533 : epoch:[89/1000], loss:-0.0564, rec:0.0814, sparse:0.3375, gate:-2.7657, orth:0.0123
26-05-04 19:44:54.436 : epoch:[90/1000], loss:-0.0563, rec:0.0815, sparse:0.3382, gate:-2.7657, orth:0.0123
26-05-04 19:50:26.899 : [epoch 90] val_loss: 0.0799, PSNR: 21.6927, SSIM: 0.4114, Best PSNR: 21.7056 @ epoch 50
26-05-04 19:51:44.908 : epoch:[91/1000], loss:-0.0568, rec:0.0810, sparse:0.3387, gate:-2.7656, orth:0.0123
26-05-04 19:53:02.917 : epoch:[92/1000], loss:-0.0561, rec:0.0817, sparse:0.3390, gate:-2.7657, orth:0.0123
26-05-04 19:54:20.805 : epoch:[93/1000], loss:-0.0562, rec:0.0817, sparse:0.3397, gate:-2.7657, orth:0.0123
26-05-04 19:55:38.862 : epoch:[94/1000], loss:-0.0556, rec:0.0822, sparse:0.3399, gate:-2.7657, orth:0.0123
26-05-04 19:56:56.860 : epoch:[95/1000], loss:-0.0558, rec:0.0821, sparse:0.3402, gate:-2.7657, orth:0.0123
26-05-04 19:58:15.068 : epoch:[96/1000], loss:-0.0571, rec:0.0807, sparse:0.3405, gate:-2.7657, orth:0.0123
26-05-04 19:59:32.958 : epoch:[97/1000], loss:-0.0576, rec:0.0802, sparse:0.3409, gate:-2.7657, orth:0.0123
26-05-04 20:00:51.083 : epoch:[98/1000], loss:-0.0575, rec:0.0804, sparse:0.3411, gate:-2.7657, orth:0.0123
26-05-04 20:02:09.366 : epoch:[99/1000], loss:-0.0559, rec:0.0820, sparse:0.3413, gate:-2.7658, orth:0.0123
26-05-04 20:03:27.617 : epoch:[100/1000], loss:-0.0558, rec:0.0820, sparse:0.3420, gate:-2.7658, orth:0.0123
26-05-04 20:09:00.330 : [epoch 100] val_loss: 0.0804, PSNR: 21.6264, SSIM: 0.4116, Best PSNR: 21.7056 @ epoch 50
26-05-04 20:10:18.817 : epoch:[101/1000], loss:-0.0555, rec:0.0823, sparse:0.3421, gate:-2.7659, orth:0.0123
26-05-04 20:11:37.118 : epoch:[102/1000], loss:-0.0557, rec:0.0821, sparse:0.3425, gate:-2.7659, orth:0.0122
26-05-04 20:12:55.475 : epoch:[103/1000], loss:-0.0566, rec:0.0813, sparse:0.3425, gate:-2.7658, orth:0.0122
26-05-04 20:14:13.474 : epoch:[104/1000], loss:-0.0561, rec:0.0817, sparse:0.3431, gate:-2.7659, orth:0.0122
26-05-04 20:15:31.628 : epoch:[105/1000], loss:-0.0568, rec:0.0810, sparse:0.3432, gate:-2.7658, orth:0.0122
26-05-04 20:16:49.893 : epoch:[106/1000], loss:-0.0568, rec:0.0810, sparse:0.3435, gate:-2.7659, orth:0.0122
26-05-04 20:18:08.162 : epoch:[107/1000], loss:-0.0555, rec:0.0823, sparse:0.3438, gate:-2.7659, orth:0.0122
26-05-04 20:19:26.276 : epoch:[108/1000], loss:-0.0555, rec:0.0823, sparse:0.3443, gate:-2.7659, orth:0.0122
26-05-04 20:20:44.477 : epoch:[109/1000], loss:-0.0560, rec:0.0818, sparse:0.3445, gate:-2.7659, orth:0.0122
26-05-04 20:22:02.722 : epoch:[110/1000], loss:-0.0571, rec:0.0807, sparse:0.3446, gate:-2.7659, orth:0.0122
26-05-04 20:27:35.506 : [epoch 110] val_loss: 0.0799, PSNR: 21.7244, SSIM: 0.4116, Best PSNR: 21.7244 @ epoch 110
26-05-04 20:28:53.933 : epoch:[111/1000], loss:-0.0560, rec:0.0818, sparse:0.3449, gate:-2.7660, orth:0.0122
26-05-04 20:30:12.216 : epoch:[112/1000], loss:-0.0564, rec:0.0815, sparse:0.3453, gate:-2.7660, orth:0.0122
26-05-04 20:31:30.170 : epoch:[113/1000], loss:-0.0559, rec:0.0820, sparse:0.3456, gate:-2.7660, orth:0.0122
26-05-04 20:32:48.474 : epoch:[114/1000], loss:-0.0572, rec:0.0807, sparse:0.3454, gate:-2.7659, orth:0.0122
26-05-04 20:34:06.591 : epoch:[115/1000], loss:-0.0567, rec:0.0811, sparse:0.3459, gate:-2.7660, orth:0.0122
26-05-04 20:35:24.961 : epoch:[116/1000], loss:-0.0560, rec:0.0819, sparse:0.3461, gate:-2.7661, orth:0.0122
26-05-04 20:36:43.096 : epoch:[117/1000], loss:-0.0571, rec:0.0807, sparse:0.3465, gate:-2.7659, orth:0.0122
26-05-04 20:38:01.488 : epoch:[118/1000], loss:-0.0565, rec:0.0813, sparse:0.3468, gate:-2.7661, orth:0.0121
26-05-04 20:39:19.480 : epoch:[119/1000], loss:-0.0555, rec:0.0823, sparse:0.3469, gate:-2.7661, orth:0.0121
26-05-04 20:40:37.700 : epoch:[120/1000], loss:-0.0557, rec:0.0821, sparse:0.3475, gate:-2.7660, orth:0.0121
26-05-04 20:46:10.314 : [epoch 120] val_loss: 0.0804, PSNR: 21.6246, SSIM: 0.4116, Best PSNR: 21.7244 @ epoch 110
26-05-04 20:47:28.534 : epoch:[121/1000], loss:-0.0559, rec:0.0819, sparse:0.3475, gate:-2.7661, orth:0.0121
26-05-04 20:48:46.763 : epoch:[122/1000], loss:-0.0563, rec:0.0815, sparse:0.3478, gate:-2.7661, orth:0.0121
26-05-04 20:50:04.874 : epoch:[123/1000], loss:-0.0562, rec:0.0816, sparse:0.3481, gate:-2.7661, orth:0.0121
26-05-04 20:51:22.722 : epoch:[124/1000], loss:-0.0564, rec:0.0814, sparse:0.3483, gate:-2.7661, orth:0.0121
26-05-04 20:52:40.695 : epoch:[125/1000], loss:-0.0560, rec:0.0818, sparse:0.3487, gate:-2.7661, orth:0.0121
26-05-04 20:53:58.542 : epoch:[126/1000], loss:-0.0565, rec:0.0813, sparse:0.3489, gate:-2.7662, orth:0.0121
26-05-04 20:55:16.575 : epoch:[127/1000], loss:-0.0556, rec:0.0822, sparse:0.3489, gate:-2.7662, orth:0.0121
26-05-04 20:56:34.763 : epoch:[128/1000], loss:-0.0568, rec:0.0811, sparse:0.3489, gate:-2.7661, orth:0.0121
26-05-04 20:57:52.873 : epoch:[129/1000], loss:-0.0573, rec:0.0805, sparse:0.3490, gate:-2.7661, orth:0.0121
26-05-04 20:59:11.052 : epoch:[130/1000], loss:-0.0566, rec:0.0813, sparse:0.3493, gate:-2.7661, orth:0.0121
26-05-04 21:04:44.039 : [epoch 130] val_loss: 0.0800, PSNR: 21.7219, SSIM: 0.4117, Best PSNR: 21.7244 @ epoch 110
26-05-04 21:06:02.157 : epoch:[131/1000], loss:-0.0559, rec:0.0819, sparse:0.3496, gate:-2.7662, orth:0.0121
26-05-04 21:07:19.882 : epoch:[132/1000], loss:-0.0557, rec:0.0821, sparse:0.3499, gate:-2.7662, orth:0.0121
26-05-04 21:08:37.774 : epoch:[133/1000], loss:-0.0578, rec:0.0801, sparse:0.3497, gate:-2.7660, orth:0.0121
26-05-04 21:09:55.636 : epoch:[134/1000], loss:-0.0574, rec:0.0804, sparse:0.3498, gate:-2.7661, orth:0.0121
26-05-04 21:11:14.030 : epoch:[135/1000], loss:-0.0564, rec:0.0814, sparse:0.3504, gate:-2.7661, orth:0.0121
26-05-04 21:12:32.174 : epoch:[136/1000], loss:-0.0567, rec:0.0811, sparse:0.3507, gate:-2.7661, orth:0.0121
26-05-04 21:13:50.246 : epoch:[137/1000], loss:-0.0568, rec:0.0811, sparse:0.3506, gate:-2.7662, orth:0.0121
26-05-04 21:15:08.298 : epoch:[138/1000], loss:-0.0567, rec:0.0811, sparse:0.3509, gate:-2.7662, orth:0.0121
26-05-04 21:16:26.687 : epoch:[139/1000], loss:-0.0566, rec:0.0813, sparse:0.3510, gate:-2.7661, orth:0.0121
26-05-04 21:17:44.890 : epoch:[140/1000], loss:-0.0563, rec:0.0815, sparse:0.3509, gate:-2.7662, orth:0.0121
26-05-04 21:23:18.112 : [epoch 140] val_loss: 0.0801, PSNR: 21.6700, SSIM: 0.4118, Best PSNR: 21.7244 @ epoch 110
26-05-04 21:24:36.580 : epoch:[141/1000], loss:-0.0565, rec:0.0813, sparse:0.3514, gate:-2.7662, orth:0.0121
26-05-04 21:25:54.762 : epoch:[142/1000], loss:-0.0554, rec:0.0825, sparse:0.3514, gate:-2.7663, orth:0.0120
26-05-04 21:27:12.773 : epoch:[143/1000], loss:-0.0565, rec:0.0813, sparse:0.3514, gate:-2.7662, orth:0.0120
26-05-04 21:28:31.020 : epoch:[144/1000], loss:-0.0556, rec:0.0822, sparse:0.3518, gate:-2.7663, orth:0.0120
26-05-04 21:29:49.077 : epoch:[145/1000], loss:-0.0564, rec:0.0815, sparse:0.3518, gate:-2.7662, orth:0.0120
26-05-04 21:31:06.974 : epoch:[146/1000], loss:-0.0569, rec:0.0810, sparse:0.3523, gate:-2.7662, orth:0.0120
26-05-04 21:32:24.897 : epoch:[147/1000], loss:-0.0559, rec:0.0819, sparse:0.3525, gate:-2.7663, orth:0.0120
26-05-04 21:33:42.825 : epoch:[148/1000], loss:-0.0565, rec:0.0814, sparse:0.3525, gate:-2.7663, orth:0.0120
26-05-04 21:35:00.823 : epoch:[149/1000], loss:-0.0557, rec:0.0821, sparse:0.3525, gate:-2.7663, orth:0.0120
26-05-04 21:36:18.878 : epoch:[150/1000], loss:-0.0558, rec:0.0820, sparse:0.3528, gate:-2.7663, orth:0.0120
26-05-04 21:41:51.424 : [epoch 150] val_loss: 0.0804, PSNR: 21.6027, SSIM: 0.4118, Best PSNR: 21.7244 @ epoch 110
26-05-04 21:43:09.922 : epoch:[151/1000], loss:-0.0559, rec:0.0819, sparse:0.3529, gate:-2.7662, orth:0.0120
26-05-04 21:44:28.005 : epoch:[152/1000], loss:-0.0571, rec:0.0807, sparse:0.3531, gate:-2.7662, orth:0.0120
26-05-04 21:45:45.994 : epoch:[153/1000], loss:-0.0560, rec:0.0818, sparse:0.3533, gate:-2.7662, orth:0.0120
26-05-04 21:47:04.124 : epoch:[154/1000], loss:-0.0560, rec:0.0818, sparse:0.3535, gate:-2.7662, orth:0.0120
26-05-04 21:48:22.134 : epoch:[155/1000], loss:-0.0571, rec:0.0807, sparse:0.3534, gate:-2.7662, orth:0.0120
26-05-04 21:49:40.378 : epoch:[156/1000], loss:-0.0563, rec:0.0816, sparse:0.3535, gate:-2.7663, orth:0.0120
26-05-04 21:50:59.181 : epoch:[157/1000], loss:-0.0563, rec:0.0815, sparse:0.3539, gate:-2.7663, orth:0.0120
26-05-04 21:52:17.473 : epoch:[158/1000], loss:-0.0563, rec:0.0816, sparse:0.3540, gate:-2.7663, orth:0.0120
26-05-04 21:53:35.461 : epoch:[159/1000], loss:-0.0559, rec:0.0820, sparse:0.3543, gate:-2.7663, orth:0.0120
26-05-04 21:54:53.468 : epoch:[160/1000], loss:-0.0563, rec:0.0816, sparse:0.3544, gate:-2.7664, orth:0.0120
26-05-04 22:00:26.025 : [epoch 160] val_loss: 0.0799, PSNR: 21.7202, SSIM: 0.4118, Best PSNR: 21.7244 @ epoch 110
26-05-04 22:01:44.325 : epoch:[161/1000], loss:-0.0567, rec:0.0812, sparse:0.3545, gate:-2.7663, orth:0.0120
26-05-04 22:03:02.066 : epoch:[162/1000], loss:-0.0567, rec:0.0811, sparse:0.3543, gate:-2.7663, orth:0.0120
26-05-04 22:04:19.897 : epoch:[163/1000], loss:-0.0566, rec:0.0812, sparse:0.3544, gate:-2.7663, orth:0.0120
26-05-04 22:05:37.830 : epoch:[164/1000], loss:-0.0573, rec:0.0805, sparse:0.3545, gate:-2.7663, orth:0.0120
26-05-04 22:06:55.910 : epoch:[165/1000], loss:-0.0566, rec:0.0812, sparse:0.3546, gate:-2.7663, orth:0.0120
26-05-04 22:08:14.097 : epoch:[166/1000], loss:-0.0570, rec:0.0808, sparse:0.3545, gate:-2.7663, orth:0.0120
26-05-04 22:09:32.242 : epoch:[167/1000], loss:-0.0570, rec:0.0809, sparse:0.3549, gate:-2.7663, orth:0.0120
26-05-04 22:10:52.212 : epoch:[168/1000], loss:-0.0564, rec:0.0814, sparse:0.3551, gate:-2.7663, orth:0.0120
26-05-04 22:12:10.459 : epoch:[169/1000], loss:-0.0568, rec:0.0811, sparse:0.3550, gate:-2.7663, orth:0.0120
26-05-04 22:13:28.532 : epoch:[170/1000], loss:-0.0560, rec:0.0819, sparse:0.3555, gate:-2.7663, orth:0.0120
26-05-04 22:19:01.184 : [epoch 170] val_loss: 0.0798, PSNR: 21.7463, SSIM: 0.4118, Best PSNR: 21.7463 @ epoch 170
26-05-04 22:20:19.123 : epoch:[171/1000], loss:-0.0566, rec:0.0813, sparse:0.3553, gate:-2.7663, orth:0.0120
26-05-04 22:21:37.180 : epoch:[172/1000], loss:-0.0563, rec:0.0816, sparse:0.3555, gate:-2.7663, orth:0.0120
26-05-04 22:22:55.354 : epoch:[173/1000], loss:-0.0570, rec:0.0808, sparse:0.3556, gate:-2.7663, orth:0.0120
26-05-04 22:24:13.395 : epoch:[174/1000], loss:-0.0565, rec:0.0814, sparse:0.3555, gate:-2.7663, orth:0.0120
26-05-04 22:25:31.431 : epoch:[175/1000], loss:-0.0569, rec:0.0809, sparse:0.3557, gate:-2.7664, orth:0.0120
26-05-04 22:26:49.692 : epoch:[176/1000], loss:-0.0565, rec:0.0813, sparse:0.3557, gate:-2.7663, orth:0.0120
26-05-04 22:28:07.431 : epoch:[177/1000], loss:-0.0558, rec:0.0820, sparse:0.3559, gate:-2.7664, orth:0.0120
26-05-04 22:29:25.355 : epoch:[178/1000], loss:-0.0559, rec:0.0820, sparse:0.3558, gate:-2.7664, orth:0.0119
26-05-04 22:30:43.364 : epoch:[179/1000], loss:-0.0564, rec:0.0814, sparse:0.3561, gate:-2.7663, orth:0.0119
26-05-04 22:32:01.444 : epoch:[180/1000], loss:-0.0565, rec:0.0813, sparse:0.3563, gate:-2.7663, orth:0.0119
26-05-04 22:37:34.153 : [epoch 180] val_loss: 0.0800, PSNR: 21.6925, SSIM: 0.4118, Best PSNR: 21.7463 @ epoch 170
26-05-04 22:38:52.586 : epoch:[181/1000], loss:-0.0571, rec:0.0807, sparse:0.3565, gate:-2.7663, orth:0.0119
26-05-04 22:40:10.355 : epoch:[182/1000], loss:-0.0566, rec:0.0813, sparse:0.3566, gate:-2.7664, orth:0.0119
26-05-04 22:41:28.409 : epoch:[183/1000], loss:-0.0555, rec:0.0823, sparse:0.3566, gate:-2.7664, orth:0.0119
26-05-04 22:42:46.297 : epoch:[184/1000], loss:-0.0563, rec:0.0815, sparse:0.3566, gate:-2.7664, orth:0.0119
26-05-04 22:44:04.685 : epoch:[185/1000], loss:-0.0564, rec:0.0815, sparse:0.3568, gate:-2.7664, orth:0.0119
26-05-04 22:45:22.451 : epoch:[186/1000], loss:-0.0577, rec:0.0801, sparse:0.3567, gate:-2.7663, orth:0.0119
26-05-04 22:46:40.472 : epoch:[187/1000], loss:-0.0566, rec:0.0812, sparse:0.3569, gate:-2.7663, orth:0.0119
26-05-04 22:47:58.467 : epoch:[188/1000], loss:-0.0570, rec:0.0808, sparse:0.3570, gate:-2.7663, orth:0.0119
26-05-04 22:49:16.559 : epoch:[189/1000], loss:-0.0561, rec:0.0817, sparse:0.3571, gate:-2.7665, orth:0.0119
26-05-04 22:50:34.729 : epoch:[190/1000], loss:-0.0565, rec:0.0813, sparse:0.3574, gate:-2.7663, orth:0.0119
26-05-04 22:56:07.671 : [epoch 190] val_loss: 0.0803, PSNR: 21.6449, SSIM: 0.4118, Best PSNR: 21.7463 @ epoch 170
26-05-04 22:57:25.776 : epoch:[191/1000], loss:-0.0565, rec:0.0813, sparse:0.3575, gate:-2.7664, orth:0.0119
26-05-04 22:58:43.976 : epoch:[192/1000], loss:-0.0577, rec:0.0802, sparse:0.3574, gate:-2.7663, orth:0.0119
26-05-04 23:00:01.945 : epoch:[193/1000], loss:-0.0562, rec:0.0816, sparse:0.3575, gate:-2.7664, orth:0.0119
26-05-04 23:01:19.860 : epoch:[194/1000], loss:-0.0567, rec:0.0811, sparse:0.3576, gate:-2.7664, orth:0.0119
26-05-04 23:02:37.690 : epoch:[195/1000], loss:-0.0561, rec:0.0817, sparse:0.3576, gate:-2.7664, orth:0.0119
26-05-04 23:03:55.737 : epoch:[196/1000], loss:-0.0561, rec:0.0817, sparse:0.3575, gate:-2.7664, orth:0.0119
26-05-04 23:05:13.476 : epoch:[197/1000], loss:-0.0555, rec:0.0824, sparse:0.3577, gate:-2.7665, orth:0.0119
26-05-04 23:06:31.203 : epoch:[198/1000], loss:-0.0563, rec:0.0815, sparse:0.3578, gate:-2.7664, orth:0.0119
26-05-04 23:07:49.341 : epoch:[199/1000], loss:-0.0567, rec:0.0812, sparse:0.3579, gate:-2.7664, orth:0.0119
26-05-04 23:09:07.378 : epoch:[200/1000], loss:-0.0572, rec:0.0806, sparse:0.3579, gate:-2.7663, orth:0.0119
26-05-04 23:14:42.044 : [epoch 200] val_loss: 0.0799, PSNR: 21.7274, SSIM: 0.4119, Best PSNR: 21.7463 @ epoch 170
26-05-04 23:16:00.206 : epoch:[201/1000], loss:-0.0564, rec:0.0815, sparse:0.3579, gate:-2.7664, orth:0.0119
26-05-04 23:17:18.272 : epoch:[202/1000], loss:-0.0572, rec:0.0806, sparse:0.3582, gate:-2.7663, orth:0.0119
26-05-04 23:18:36.262 : epoch:[203/1000], loss:-0.0561, rec:0.0818, sparse:0.3581, gate:-2.7665, orth:0.0119
26-05-04 23:19:54.377 : epoch:[204/1000], loss:-0.0565, rec:0.0813, sparse:0.3581, gate:-2.7666, orth:0.0119
26-05-04 23:21:12.268 : epoch:[205/1000], loss:-0.0561, rec:0.0818, sparse:0.3582, gate:-2.7665, orth:0.0119
26-05-04 23:22:30.326 : epoch:[206/1000], loss:-0.0566, rec:0.0812, sparse:0.3584, gate:-2.7665, orth:0.0119
26-05-04 23:23:48.270 : epoch:[207/1000], loss:-0.0561, rec:0.0817, sparse:0.3586, gate:-2.7665, orth:0.0119
26-05-04 23:25:06.331 : epoch:[208/1000], loss:-0.0571, rec:0.0807, sparse:0.3586, gate:-2.7665, orth:0.0119
26-05-04 23:26:24.262 : epoch:[209/1000], loss:-0.0568, rec:0.0811, sparse:0.3586, gate:-2.7664, orth:0.0119
26-05-04 23:27:41.948 : epoch:[210/1000], loss:-0.0564, rec:0.0815, sparse:0.3588, gate:-2.7664, orth:0.0119
26-05-04 23:33:14.800 : [epoch 210] val_loss: 0.0798, PSNR: 21.7275, SSIM: 0.4119, Best PSNR: 21.7463 @ epoch 170
26-05-04 23:34:32.656 : epoch:[211/1000], loss:-0.0560, rec:0.0819, sparse:0.3587, gate:-2.7665, orth:0.0119
26-05-04 23:35:50.220 : epoch:[212/1000], loss:-0.0569, rec:0.0809, sparse:0.3587, gate:-2.7664, orth:0.0119
26-05-04 23:37:07.994 : epoch:[213/1000], loss:-0.0579, rec:0.0800, sparse:0.3590, gate:-2.7665, orth:0.0119
26-05-04 23:38:26.261 : epoch:[214/1000], loss:-0.0568, rec:0.0811, sparse:0.3588, gate:-2.7664, orth:0.0119
26-05-04 23:39:44.666 : epoch:[215/1000], loss:-0.0569, rec:0.0810, sparse:0.3592, gate:-2.7664, orth:0.0119
26-05-04 23:41:02.734 : epoch:[216/1000], loss:-0.0558, rec:0.0821, sparse:0.3589, gate:-2.7665, orth:0.0119
26-05-04 23:42:20.882 : epoch:[217/1000], loss:-0.0570, rec:0.0808, sparse:0.3591, gate:-2.7664, orth:0.0119
26-05-04 23:43:43.041 : epoch:[218/1000], loss:-0.0559, rec:0.0819, sparse:0.3592, gate:-2.7665, orth:0.0119
26-05-04 23:45:03.106 : epoch:[219/1000], loss:-0.0566, rec:0.0812, sparse:0.3590, gate:-2.7664, orth:0.0119
26-05-04 23:46:21.398 : epoch:[220/1000], loss:-0.0569, rec:0.0809, sparse:0.3591, gate:-2.7664, orth:0.0119
26-05-04 23:51:54.394 : [epoch 220] val_loss: 0.0801, PSNR: 21.6856, SSIM: 0.4119, Best PSNR: 21.7463 @ epoch 170
26-05-04 23:53:12.656 : epoch:[221/1000], loss:-0.0568, rec:0.0811, sparse:0.3592, gate:-2.7664, orth:0.0119
26-05-04 23:54:30.591 : epoch:[222/1000], loss:-0.0561, rec:0.0817, sparse:0.3592, gate:-2.7665, orth:0.0119
26-05-04 23:55:48.788 : epoch:[223/1000], loss:-0.0560, rec:0.0819, sparse:0.3593, gate:-2.7665, orth:0.0119
26-05-04 23:57:06.806 : epoch:[224/1000], loss:-0.0566, rec:0.0813, sparse:0.3593, gate:-2.7665, orth:0.0119
26-05-04 23:58:24.606 : epoch:[225/1000], loss:-0.0565, rec:0.0814, sparse:0.3592, gate:-2.7665, orth:0.0119
26-05-04 23:59:42.717 : epoch:[226/1000], loss:-0.0567, rec:0.0812, sparse:0.3594, gate:-2.7664, orth:0.0119
26-05-05 00:01:00.377 : epoch:[227/1000], loss:-0.0557, rec:0.0821, sparse:0.3594, gate:-2.7665, orth:0.0119
26-05-05 00:02:18.094 : epoch:[228/1000], loss:-0.0563, rec:0.0816, sparse:0.3596, gate:-2.7665, orth:0.0119
26-05-05 00:03:35.974 : epoch:[229/1000], loss:-0.0561, rec:0.0818, sparse:0.3596, gate:-2.7664, orth:0.0119
26-05-05 00:04:53.710 : epoch:[230/1000], loss:-0.0571, rec:0.0807, sparse:0.3594, gate:-2.7665, orth:0.0119
26-05-05 00:10:26.426 : [epoch 230] val_loss: 0.0799, PSNR: 21.7106, SSIM: 0.4119, Best PSNR: 21.7463 @ epoch 170
26-05-05 00:11:44.397 : epoch:[231/1000], loss:-0.0567, rec:0.0811, sparse:0.3594, gate:-2.7664, orth:0.0119
26-05-05 00:13:02.204 : epoch:[232/1000], loss:-0.0571, rec:0.0808, sparse:0.3594, gate:-2.7664, orth:0.0119
26-05-05 00:14:19.884 : epoch:[233/1000], loss:-0.0573, rec:0.0806, sparse:0.3595, gate:-2.7664, orth:0.0119
26-05-05 00:15:38.156 : epoch:[234/1000], loss:-0.0558, rec:0.0821, sparse:0.3596, gate:-2.7665, orth:0.0119
26-05-05 00:16:56.125 : epoch:[235/1000], loss:-0.0567, rec:0.0811, sparse:0.3597, gate:-2.7665, orth:0.0119
26-05-05 00:18:14.273 : epoch:[236/1000], loss:-0.0570, rec:0.0809, sparse:0.3597, gate:-2.7664, orth:0.0119
26-05-05 00:19:32.400 : epoch:[237/1000], loss:-0.0561, rec:0.0818, sparse:0.3596, gate:-2.7665, orth:0.0119
26-05-05 00:20:50.421 : epoch:[238/1000], loss:-0.0567, rec:0.0812, sparse:0.3598, gate:-2.7664, orth:0.0119
26-05-05 00:22:08.353 : epoch:[239/1000], loss:-0.0567, rec:0.0811, sparse:0.3597, gate:-2.7664, orth:0.0119
26-05-05 00:23:26.296 : epoch:[240/1000], loss:-0.0568, rec:0.0810, sparse:0.3598, gate:-2.7665, orth:0.0119
26-05-05 00:28:58.806 : [epoch 240] val_loss: 0.0801, PSNR: 21.6707, SSIM: 0.4119, Best PSNR: 21.7463 @ epoch 170
26-05-05 00:30:17.140 : epoch:[241/1000], loss:-0.0552, rec:0.0826, sparse:0.3598, gate:-2.7666, orth:0.0119
26-05-05 00:31:35.175 : epoch:[242/1000], loss:-0.0562, rec:0.0817, sparse:0.3598, gate:-2.7665, orth:0.0119
26-05-05 00:32:53.153 : epoch:[243/1000], loss:-0.0562, rec:0.0816, sparse:0.3599, gate:-2.7665, orth:0.0119
26-05-05 00:34:11.026 : epoch:[244/1000], loss:-0.0574, rec:0.0804, sparse:0.3598, gate:-2.7664, orth:0.0119
26-05-05 00:35:28.713 : epoch:[245/1000], loss:-0.0561, rec:0.0817, sparse:0.3598, gate:-2.7666, orth:0.0119
26-05-05 00:36:46.732 : epoch:[246/1000], loss:-0.0565, rec:0.0814, sparse:0.3600, gate:-2.7665, orth:0.0119
26-05-05 00:38:04.723 : epoch:[247/1000], loss:-0.0564, rec:0.0814, sparse:0.3599, gate:-2.7665, orth:0.0119
26-05-05 00:39:22.870 : epoch:[248/1000], loss:-0.0554, rec:0.0824, sparse:0.3599, gate:-2.7666, orth:0.0119
26-05-05 00:40:40.895 : epoch:[249/1000], loss:-0.0568, rec:0.0810, sparse:0.3602, gate:-2.7664, orth:0.0119
26-05-05 00:41:59.018 : epoch:[250/1000], loss:-0.0570, rec:0.0808, sparse:0.3601, gate:-2.7665, orth:0.0119
26-05-05 00:47:31.557 : [epoch 250] val_loss: 0.0802, PSNR: 21.6643, SSIM: 0.4119, Best PSNR: 21.7463 @ epoch 170
26-05-05 00:48:49.777 : epoch:[251/1000], loss:-0.0562, rec:0.0816, sparse:0.3601, gate:-2.7665, orth:0.0119
26-05-05 00:50:07.530 : epoch:[252/1000], loss:-0.0568, rec:0.0810, sparse:0.3601, gate:-2.7665, orth:0.0119
26-05-05 00:51:25.579 : epoch:[253/1000], loss:-0.0561, rec:0.0818, sparse:0.3601, gate:-2.7665, orth:0.0119
26-05-05 00:52:43.532 : epoch:[254/1000], loss:-0.0562, rec:0.0817, sparse:0.3602, gate:-2.7665, orth:0.0119
26-05-05 00:54:01.442 : epoch:[255/1000], loss:-0.0569, rec:0.0810, sparse:0.3602, gate:-2.7665, orth:0.0119
26-05-05 00:55:19.334 : epoch:[256/1000], loss:-0.0568, rec:0.0811, sparse:0.3602, gate:-2.7664, orth:0.0119
26-05-05 00:56:37.323 : epoch:[257/1000], loss:-0.0572, rec:0.0807, sparse:0.3601, gate:-2.7665, orth:0.0119
26-05-05 00:57:55.236 : epoch:[258/1000], loss:-0.0567, rec:0.0811, sparse:0.3601, gate:-2.7665, orth:0.0119
26-05-05 00:59:13.120 : epoch:[259/1000], loss:-0.0569, rec:0.0810, sparse:0.3602, gate:-2.7665, orth:0.0119
26-05-05 01:00:31.215 : epoch:[260/1000], loss:-0.0566, rec:0.0813, sparse:0.3603, gate:-2.7665, orth:0.0119
26-05-05 01:06:03.793 : [epoch 260] val_loss: 0.0800, PSNR: 21.6904, SSIM: 0.4119, Best PSNR: 21.7463 @ epoch 170
26-05-05 01:07:21.925 : epoch:[261/1000], loss:-0.0568, rec:0.0811, sparse:0.3602, gate:-2.7665, orth:0.0119
26-05-05 01:08:39.962 : epoch:[262/1000], loss:-0.0571, rec:0.0808, sparse:0.3603, gate:-2.7665, orth:0.0119
26-05-05 01:09:57.768 : epoch:[263/1000], loss:-0.0558, rec:0.0821, sparse:0.3602, gate:-2.7665, orth:0.0119
26-05-05 01:11:15.669 : epoch:[264/1000], loss:-0.0569, rec:0.0809, sparse:0.3603, gate:-2.7665, orth:0.0119
26-05-05 01:12:33.605 : epoch:[265/1000], loss:-0.0564, rec:0.0814, sparse:0.3603, gate:-2.7665, orth:0.0119
26-05-05 01:13:51.626 : epoch:[266/1000], loss:-0.0564, rec:0.0815, sparse:0.3604, gate:-2.7665, orth:0.0119
26-05-05 01:15:09.672 : epoch:[267/1000], loss:-0.0563, rec:0.0815, sparse:0.3604, gate:-2.7665, orth:0.0119
26-05-05 01:16:27.631 : epoch:[268/1000], loss:-0.0568, rec:0.0811, sparse:0.3603, gate:-2.7665, orth:0.0119
26-05-05 01:17:45.688 : epoch:[269/1000], loss:-0.0575, rec:0.0803, sparse:0.3604, gate:-2.7664, orth:0.0119
26-05-05 01:19:03.391 : epoch:[270/1000], loss:-0.0566, rec:0.0812, sparse:0.3603, gate:-2.7666, orth:0.0119
26-05-05 01:24:36.050 : [epoch 270] val_loss: 0.0800, PSNR: 21.6935, SSIM: 0.4119, Best PSNR: 21.7463 @ epoch 170
26-05-05 01:24:36.434 : 总训练时间: 8.36小时
