26-04-23 15:23:31.548 :   task: train
  gpu_ids: [0]
  log_path: ./log
  model_save: ./model_save
  pretained_path:[
    index: False
    path: ./model_save/model_best_mix.pth
  ]
  batch_size: 4
  nc: [16, 1]
  patch_size: [128, 128]
  stride_size: [16, 16]
  atoms: 50
  d_size: 3
  max_epoch: 1000
  stage: 1
  lr: 0.0001
  loss_function_index: 1
  n_channels: 1
  train:[
    dataroot_H: ./dataset/gray_train_all
    H_size: 128
    n_channels: 1
    blur_type: motion_defocus_mix
    motion_kernel_size_list: [3, 5, 7, 9]
    motion_angle_list: [90]
    defocus_radius_list: [0, 1, 2, 3]
  ]
  valid:[
    dataroot_H: ./dataset/gray_test
    n_channels: 1
    blur_type: motion_defocus_mix
    motion_kernel_size_list: [5, 9]
    motion_angle_list: [90]
    defocus_radius_list: [0, 2, 3]
  ]
  opt_path: ./options/train_options.json
  is_train: True
  scale: 1

26-04-23 15:23:31.598 : 训练集大小: 1120
26-04-23 15:23:31.598 : 验证集数量: 1440
26-04-23 15:23:32.701 : Number of parameter: 3.25M
26-04-23 15:23:32.701 : start training...
26-04-23 15:24:29.384 : epoch:[1/1000], 平均loss: 0.0832
26-04-23 15:25:31.239 : epoch:[2/1000], 平均loss: 0.0364
26-04-23 15:26:34.112 : epoch:[3/1000], 平均loss: 0.0313
26-04-23 15:27:35.034 : epoch:[4/1000], 平均loss: 0.0293
26-04-23 15:28:37.084 : epoch:[5/1000], 平均loss: 0.0288
26-04-23 15:29:33.358 : epoch:[6/1000], 平均loss: 0.0280
26-04-23 15:30:28.157 : epoch:[7/1000], 平均loss: 0.0282
26-04-23 15:31:25.169 : epoch:[8/1000], 平均loss: 0.0278
26-04-23 15:32:21.952 : epoch:[9/1000], 平均loss: 0.0274
26-04-23 15:33:24.339 : epoch:[10/1000], 平均loss: 0.0262
