26-05-01 23:32:45.475 :   task: train
  gpu_ids: [0]
  log_path: ./log
  model_save: ./model_save
  pretained_path:[
    index: False
    path: ./model_save/model_best1.pth
  ]
  batch_size: 4
  nc: [16, 1]
  patch_size: [128, 128]
  stride_size: [16, 16]
  d_size: 3
  max_epoch: 1000
  stage: 1
  lr: 0.0001
  loss_function_index: 1
  n_channels: 1
  m_channels: 8
  n_atoms: 16
  topk_atoms: 2
  lambda_sparse: 0.01
  lambda_gate: 0.001
  lambda_orth: 0.001
  eval_num: 10
  sigma: 0.0
  train:[
    sigma: [0]
    dataroot_H: ./dataset/gray_train_all
    H_size: 128
    n_channels: 1
  ]
  valid:[
    sigma: [0]
    dataroot_H: ./dataset/gray_valid_all
    n_channels: 1
  ]
  opt_path: ./options/train_options.json
  is_train: True
  scale: 1

26-05-01 23:32:45.482 : 训练集大小: 1120
26-05-01 23:32:45.482 : 验证集数量: 240
26-05-01 23:32:46.469 : Number of parameter: 0.88M
26-05-01 23:32:46.470 : start training...
26-05-01 23:34:07.995 : epoch:[1/1000], loss:0.2053, rec:0.2033, sparse:0.1291, gate:0.6884, orth:0.0032
26-05-01 23:35:28.764 : epoch:[2/1000], loss:0.1049, rec:0.1029, sparse:0.1349, gate:0.6841, orth:0.0024
26-05-01 23:36:49.639 : epoch:[3/1000], loss:0.0510, rec:0.0494, sparse:0.0943, gate:0.6886, orth:0.0033
26-05-01 23:38:10.269 : epoch:[4/1000], loss:0.0336, rec:0.0321, sparse:0.0851, gate:0.6853, orth:0.0033
26-05-01 23:39:30.747 : epoch:[5/1000], loss:0.0263, rec:0.0248, sparse:0.0868, gate:0.6734, orth:0.0038
26-05-01 23:40:51.098 : epoch:[6/1000], loss:0.0226, rec:0.0211, sparse:0.0896, gate:0.6511, orth:0.0045
26-05-01 23:42:11.323 : epoch:[7/1000], loss:0.0186, rec:0.0171, sparse:0.0929, gate:0.6183, orth:0.0054
26-05-01 23:43:34.408 : epoch:[8/1000], loss:0.0160, rec:0.0144, sparse:0.0952, gate:0.5783, orth:0.0062
26-05-01 23:44:55.752 : epoch:[9/1000], loss:0.0132, rec:0.0117, sparse:0.0961, gate:0.5246, orth:0.0075
26-05-01 23:46:16.712 : epoch:[10/1000], loss:0.0120, rec:0.0106, sparse:0.0949, gate:0.4728, orth:0.0081
26-05-01 23:51:41.992 : [epoch 10] val_loss: 0.0099, PSNR: 38.5581, SSIM: 0.9780, Best PSNR: 38.5581 @ epoch 10
26-05-01 23:53:02.428 : epoch:[11/1000], loss:0.0110, rec:0.0096, sparse:0.0943, gate:0.4280, orth:0.0085
26-05-01 23:54:22.514 : epoch:[12/1000], loss:0.0104, rec:0.0091, sparse:0.0933, gate:0.3765, orth:0.0089
26-05-01 23:55:42.734 : epoch:[13/1000], loss:0.0099, rec:0.0087, sparse:0.0925, gate:0.3224, orth:0.0092
26-05-01 23:57:02.823 : epoch:[14/1000], loss:0.0098, rec:0.0086, sparse:0.0916, gate:0.2735, orth:0.0093
26-05-01 23:58:23.131 : epoch:[15/1000], loss:0.0093, rec:0.0081, sparse:0.0907, gate:0.2246, orth:0.0096
26-05-01 23:59:43.709 : epoch:[16/1000], loss:0.0090, rec:0.0079, sparse:0.0903, gate:0.1777, orth:0.0099
26-05-02 00:01:03.812 : epoch:[17/1000], loss:0.0086, rec:0.0076, sparse:0.0894, gate:0.1421, orth:0.0096
26-05-02 00:02:23.813 : epoch:[18/1000], loss:0.0085, rec:0.0075, sparse:0.0890, gate:0.1082, orth:0.0096
26-05-02 00:03:43.825 : epoch:[19/1000], loss:0.0081, rec:0.0071, sparse:0.0883, gate:0.0862, orth:0.0096
26-05-02 00:05:03.969 : epoch:[20/1000], loss:0.0076, rec:0.0067, sparse:0.0883, gate:0.0684, orth:0.0095
26-05-02 00:10:29.114 : [epoch 20] val_loss: 0.0072, PSNR: 41.4895, SSIM: 0.9897, Best PSNR: 41.4895 @ epoch 20
26-05-02 00:11:49.461 : epoch:[21/1000], loss:0.0072, rec:0.0063, sparse:0.0879, gate:0.0523, orth:0.0092
26-05-02 00:13:09.735 : epoch:[22/1000], loss:0.0067, rec:0.0058, sparse:0.0875, gate:0.0406, orth:0.0089
26-05-02 00:14:29.683 : epoch:[23/1000], loss:0.0063, rec:0.0054, sparse:0.0874, gate:0.0316, orth:0.0086
26-05-02 00:15:49.767 : epoch:[24/1000], loss:0.0061, rec:0.0051, sparse:0.0871, gate:0.0265, orth:0.0082
26-05-02 00:17:09.628 : epoch:[25/1000], loss:0.0056, rec:0.0047, sparse:0.0867, gate:0.0225, orth:0.0079
26-05-02 00:18:29.689 : epoch:[26/1000], loss:0.0055, rec:0.0046, sparse:0.0866, gate:0.0186, orth:0.0076
26-05-02 00:19:49.803 : epoch:[27/1000], loss:0.0053, rec:0.0044, sparse:0.0864, gate:0.0157, orth:0.0072
26-05-02 00:21:10.162 : epoch:[28/1000], loss:0.0049, rec:0.0040, sparse:0.0864, gate:0.0136, orth:0.0069
26-05-02 00:22:30.529 : epoch:[29/1000], loss:0.0048, rec:0.0039, sparse:0.0859, gate:0.0120, orth:0.0066
26-05-02 00:23:50.888 : epoch:[30/1000], loss:0.0047, rec:0.0038, sparse:0.0861, gate:0.0104, orth:0.0063
26-05-02 00:29:15.962 : [epoch 30] val_loss: 0.0057, PSNR: 43.6557, SSIM: 0.9954, Best PSNR: 43.6557 @ epoch 30
26-05-02 00:30:35.999 : epoch:[31/1000], loss:0.0045, rec:0.0037, sparse:0.0857, gate:0.0091, orth:0.0059
26-05-02 00:31:56.141 : epoch:[32/1000], loss:0.0044, rec:0.0035, sparse:0.0857, gate:0.0078, orth:0.0056
26-05-02 00:33:16.247 : epoch:[33/1000], loss:0.0044, rec:0.0035, sparse:0.0856, gate:0.0069, orth:0.0053
26-05-02 00:34:36.035 : epoch:[34/1000], loss:0.0043, rec:0.0035, sparse:0.0853, gate:0.0060, orth:0.0050
26-05-02 00:35:55.861 : epoch:[35/1000], loss:0.0042, rec:0.0033, sparse:0.0852, gate:0.0052, orth:0.0046
26-05-02 00:37:15.779 : epoch:[36/1000], loss:0.0041, rec:0.0033, sparse:0.0847, gate:0.0045, orth:0.0043
26-05-02 00:38:35.774 : epoch:[37/1000], loss:0.0040, rec:0.0031, sparse:0.0847, gate:0.0039, orth:0.0040
26-05-02 00:39:55.809 : epoch:[38/1000], loss:0.0039, rec:0.0031, sparse:0.0849, gate:0.0035, orth:0.0038
26-05-02 00:41:15.868 : epoch:[39/1000], loss:0.0039, rec:0.0030, sparse:0.0846, gate:0.0031, orth:0.0035
26-05-02 00:42:35.999 : epoch:[40/1000], loss:0.0039, rec:0.0031, sparse:0.0845, gate:0.0027, orth:0.0033
26-05-02 00:48:01.319 : [epoch 40] val_loss: 0.0039, PSNR: 46.4480, SSIM: 0.9967, Best PSNR: 46.4480 @ epoch 40
26-05-02 00:49:21.649 : epoch:[41/1000], loss:0.0037, rec:0.0029, sparse:0.0844, gate:0.0024, orth:0.0030
26-05-02 00:50:41.894 : epoch:[42/1000], loss:0.0037, rec:0.0029, sparse:0.0843, gate:0.0021, orth:0.0028
26-05-02 00:52:01.983 : epoch:[43/1000], loss:0.0036, rec:0.0028, sparse:0.0843, gate:0.0018, orth:0.0026
26-05-02 00:53:22.232 : epoch:[44/1000], loss:0.0036, rec:0.0027, sparse:0.0840, gate:0.0016, orth:0.0024
26-05-02 00:54:42.563 : epoch:[45/1000], loss:0.0036, rec:0.0028, sparse:0.0840, gate:0.0014, orth:0.0022
26-05-02 00:56:02.793 : epoch:[46/1000], loss:0.0035, rec:0.0027, sparse:0.0841, gate:0.0012, orth:0.0020
26-05-02 00:57:23.035 : epoch:[47/1000], loss:0.0035, rec:0.0027, sparse:0.0838, gate:0.0011, orth:0.0019
26-05-02 00:58:43.332 : epoch:[48/1000], loss:0.0035, rec:0.0026, sparse:0.0836, gate:0.0010, orth:0.0018
26-05-02 01:00:03.958 : epoch:[49/1000], loss:0.0034, rec:0.0026, sparse:0.0837, gate:0.0009, orth:0.0016
26-05-02 01:01:24.133 : epoch:[50/1000], loss:0.0034, rec:0.0025, sparse:0.0837, gate:0.0008, orth:0.0015
26-05-02 01:06:49.464 : [epoch 50] val_loss: 0.0033, PSNR: 47.6509, SSIM: 0.9971, Best PSNR: 47.6509 @ epoch 50
26-05-02 01:08:09.774 : epoch:[51/1000], loss:0.0033, rec:0.0025, sparse:0.0834, gate:0.0007, orth:0.0014
26-05-02 01:09:30.108 : epoch:[52/1000], loss:0.0033, rec:0.0025, sparse:0.0835, gate:0.0007, orth:0.0012
26-05-02 01:10:50.362 : epoch:[53/1000], loss:0.0033, rec:0.0024, sparse:0.0833, gate:0.0006, orth:0.0011
26-05-02 01:12:10.633 : epoch:[54/1000], loss:0.0033, rec:0.0025, sparse:0.0830, gate:0.0005, orth:0.0010
26-05-02 01:13:30.841 : epoch:[55/1000], loss:0.0033, rec:0.0024, sparse:0.0831, gate:0.0005, orth:0.0009
26-05-02 01:14:50.988 : epoch:[56/1000], loss:0.0033, rec:0.0025, sparse:0.0831, gate:0.0004, orth:0.0008
26-05-02 01:16:11.227 : epoch:[57/1000], loss:0.0032, rec:0.0024, sparse:0.0829, gate:0.0004, orth:0.0007
26-05-02 01:17:31.379 : epoch:[58/1000], loss:0.0032, rec:0.0024, sparse:0.0829, gate:0.0003, orth:0.0006
26-05-02 01:18:51.628 : epoch:[59/1000], loss:0.0032, rec:0.0023, sparse:0.0832, gate:0.0003, orth:0.0005
26-05-02 01:20:11.757 : epoch:[60/1000], loss:0.0032, rec:0.0024, sparse:0.0828, gate:0.0003, orth:0.0004
26-05-02 01:25:37.312 : [epoch 60] val_loss: 0.0032, PSNR: 47.8109, SSIM: 0.9975, Best PSNR: 47.8109 @ epoch 60
26-05-02 01:26:57.683 : epoch:[61/1000], loss:0.0032, rec:0.0023, sparse:0.0830, gate:0.0002, orth:0.0003
26-05-02 01:28:17.763 : epoch:[62/1000], loss:0.0031, rec:0.0023, sparse:0.0829, gate:0.0002, orth:0.0003
26-05-02 01:29:37.890 : epoch:[63/1000], loss:0.0031, rec:0.0023, sparse:0.0830, gate:0.0002, orth:0.0002
26-05-02 01:30:57.965 : epoch:[64/1000], loss:0.0031, rec:0.0023, sparse:0.0826, gate:0.0002, orth:0.0002
26-05-02 01:32:18.178 : epoch:[65/1000], loss:0.0031, rec:0.0023, sparse:0.0828, gate:0.0001, orth:0.0001
26-05-02 01:33:38.214 : epoch:[66/1000], loss:0.0031, rec:0.0022, sparse:0.0823, gate:0.0001, orth:0.0001
26-05-02 01:34:58.536 : epoch:[67/1000], loss:0.0031, rec:0.0023, sparse:0.0824, gate:0.0001, orth:0.0001
26-05-02 01:36:18.637 : epoch:[68/1000], loss:0.0031, rec:0.0022, sparse:0.0823, gate:0.0001, orth:0.0001
26-05-02 01:37:38.936 : epoch:[69/1000], loss:0.0031, rec:0.0022, sparse:0.0823, gate:0.0001, orth:0.0000
26-05-02 01:38:59.055 : epoch:[70/1000], loss:0.0030, rec:0.0022, sparse:0.0821, gate:0.0001, orth:0.0000
26-05-02 01:44:24.512 : [epoch 70] val_loss: 0.0032, PSNR: 47.8148, SSIM: 0.9976, Best PSNR: 47.8148 @ epoch 70
26-05-02 01:45:44.920 : epoch:[71/1000], loss:0.0030, rec:0.0021, sparse:0.0818, gate:0.0001, orth:0.0000
26-05-02 01:47:05.196 : epoch:[72/1000], loss:0.0029, rec:0.0021, sparse:0.0821, gate:0.0001, orth:0.0000
26-05-02 01:48:25.211 : epoch:[73/1000], loss:0.0030, rec:0.0022, sparse:0.0824, gate:0.0001, orth:0.0000
26-05-02 01:49:45.828 : epoch:[74/1000], loss:0.0029, rec:0.0021, sparse:0.0821, gate:0.0001, orth:0.0000
26-05-02 01:51:06.243 : epoch:[75/1000], loss:0.0029, rec:0.0021, sparse:0.0819, gate:0.0000, orth:0.0000
26-05-02 01:52:26.379 : epoch:[76/1000], loss:0.0029, rec:0.0021, sparse:0.0818, gate:0.0000, orth:0.0000
26-05-02 01:53:46.751 : epoch:[77/1000], loss:0.0029, rec:0.0021, sparse:0.0819, gate:0.0000, orth:0.0000
26-05-02 01:55:07.184 : epoch:[78/1000], loss:0.0029, rec:0.0021, sparse:0.0816, gate:0.0000, orth:0.0000
26-05-02 01:56:27.727 : epoch:[79/1000], loss:0.0029, rec:0.0021, sparse:0.0818, gate:0.0000, orth:0.0000
26-05-02 01:57:48.339 : epoch:[80/1000], loss:0.0029, rec:0.0020, sparse:0.0819, gate:0.0000, orth:0.0000
26-05-02 02:03:13.544 : [epoch 80] val_loss: 0.0031, PSNR: 48.0204, SSIM: 0.9976, Best PSNR: 48.0204 @ epoch 80
26-05-02 02:04:33.847 : epoch:[81/1000], loss:0.0029, rec:0.0020, sparse:0.0818, gate:0.0000, orth:0.0000
26-05-02 02:05:54.002 : epoch:[82/1000], loss:0.0028, rec:0.0020, sparse:0.0815, gate:0.0000, orth:0.0000
26-05-02 02:07:13.818 : epoch:[83/1000], loss:0.0028, rec:0.0020, sparse:0.0814, gate:0.0000, orth:0.0000
26-05-02 02:08:33.910 : epoch:[84/1000], loss:0.0028, rec:0.0020, sparse:0.0816, gate:0.0000, orth:0.0000
26-05-02 02:09:54.219 : epoch:[85/1000], loss:0.0028, rec:0.0020, sparse:0.0813, gate:0.0000, orth:0.0000
26-05-02 02:11:14.267 : epoch:[86/1000], loss:0.0028, rec:0.0020, sparse:0.0812, gate:0.0000, orth:0.0000
26-05-02 02:12:34.344 : epoch:[87/1000], loss:0.0028, rec:0.0020, sparse:0.0814, gate:0.0000, orth:0.0000
26-05-02 02:13:54.439 : epoch:[88/1000], loss:0.0028, rec:0.0020, sparse:0.0814, gate:0.0000, orth:0.0000
26-05-02 02:15:14.622 : epoch:[89/1000], loss:0.0027, rec:0.0019, sparse:0.0813, gate:0.0000, orth:0.0000
26-05-02 02:16:34.819 : epoch:[90/1000], loss:0.0027, rec:0.0019, sparse:0.0811, gate:0.0000, orth:0.0000
26-05-02 02:22:00.152 : [epoch 90] val_loss: 0.0030, PSNR: 48.2927, SSIM: 0.9977, Best PSNR: 48.2927 @ epoch 90
26-05-02 02:23:20.548 : epoch:[91/1000], loss:0.0027, rec:0.0019, sparse:0.0813, gate:0.0000, orth:0.0000
26-05-02 02:24:40.452 : epoch:[92/1000], loss:0.0027, rec:0.0019, sparse:0.0813, gate:0.0000, orth:0.0000
26-05-02 02:26:00.345 : epoch:[93/1000], loss:0.0027, rec:0.0019, sparse:0.0809, gate:0.0000, orth:0.0000
26-05-02 02:27:20.163 : epoch:[94/1000], loss:0.0027, rec:0.0019, sparse:0.0809, gate:0.0000, orth:0.0000
26-05-02 02:28:39.990 : epoch:[95/1000], loss:0.0027, rec:0.0019, sparse:0.0810, gate:0.0000, orth:0.0000
26-05-02 02:29:59.996 : epoch:[96/1000], loss:0.0027, rec:0.0019, sparse:0.0810, gate:0.0000, orth:0.0000
26-05-02 02:31:20.009 : epoch:[97/1000], loss:0.0027, rec:0.0019, sparse:0.0808, gate:0.0000, orth:0.0000
26-05-02 02:32:40.113 : epoch:[98/1000], loss:0.0026, rec:0.0018, sparse:0.0811, gate:0.0000, orth:0.0000
26-05-02 02:34:00.235 : epoch:[99/1000], loss:0.0026, rec:0.0018, sparse:0.0811, gate:0.0000, orth:0.0000
26-05-02 02:35:20.462 : epoch:[100/1000], loss:0.0027, rec:0.0019, sparse:0.0808, gate:0.0000, orth:0.0000
26-05-02 02:40:45.953 : [epoch 100] val_loss: 0.0029, PSNR: 48.7026, SSIM: 0.9977, Best PSNR: 48.7026 @ epoch 100
26-05-02 02:42:06.112 : epoch:[101/1000], loss:0.0026, rec:0.0018, sparse:0.0810, gate:0.0000, orth:0.0000
26-05-02 02:43:26.313 : epoch:[102/1000], loss:0.0026, rec:0.0018, sparse:0.0805, gate:0.0000, orth:0.0000
26-05-02 02:44:46.187 : epoch:[103/1000], loss:0.0026, rec:0.0018, sparse:0.0808, gate:0.0000, orth:0.0000
26-05-02 02:46:06.245 : epoch:[104/1000], loss:0.0026, rec:0.0018, sparse:0.0806, gate:0.0000, orth:0.0000
26-05-02 02:47:26.324 : epoch:[105/1000], loss:0.0026, rec:0.0018, sparse:0.0807, gate:0.0000, orth:0.0000
26-05-02 02:48:46.337 : epoch:[106/1000], loss:0.0026, rec:0.0018, sparse:0.0804, gate:0.0000, orth:0.0000
26-05-02 02:50:06.388 : epoch:[107/1000], loss:0.0026, rec:0.0018, sparse:0.0803, gate:0.0000, orth:0.0000
26-05-02 02:51:26.372 : epoch:[108/1000], loss:0.0026, rec:0.0018, sparse:0.0807, gate:0.0000, orth:0.0000
26-05-02 02:52:46.601 : epoch:[109/1000], loss:0.0026, rec:0.0018, sparse:0.0803, gate:0.0000, orth:0.0000
26-05-02 02:54:06.803 : epoch:[110/1000], loss:0.0025, rec:0.0017, sparse:0.0806, gate:0.0000, orth:0.0000
26-05-02 02:59:32.188 : [epoch 110] val_loss: 0.0030, PSNR: 48.4308, SSIM: 0.9975, Best PSNR: 48.7026 @ epoch 100
26-05-02 03:00:52.611 : epoch:[111/1000], loss:0.0025, rec:0.0017, sparse:0.0806, gate:0.0000, orth:0.0000
26-05-02 03:02:12.973 : epoch:[112/1000], loss:0.0025, rec:0.0017, sparse:0.0807, gate:0.0000, orth:0.0000
26-05-02 03:03:33.225 : epoch:[113/1000], loss:0.0026, rec:0.0018, sparse:0.0801, gate:0.0000, orth:0.0000
26-05-02 03:04:53.640 : epoch:[114/1000], loss:0.0025, rec:0.0017, sparse:0.0806, gate:0.0000, orth:0.0000
26-05-02 03:06:14.261 : epoch:[115/1000], loss:0.0025, rec:0.0017, sparse:0.0805, gate:0.0000, orth:0.0000
26-05-02 03:07:34.643 : epoch:[116/1000], loss:0.0025, rec:0.0017, sparse:0.0801, gate:0.0000, orth:0.0000
26-05-02 03:08:54.678 : epoch:[117/1000], loss:0.0025, rec:0.0017, sparse:0.0803, gate:0.0000, orth:0.0000
26-05-02 03:10:14.910 : epoch:[118/1000], loss:0.0025, rec:0.0017, sparse:0.0801, gate:0.0000, orth:0.0000
26-05-02 03:11:35.193 : epoch:[119/1000], loss:0.0025, rec:0.0017, sparse:0.0803, gate:0.0000, orth:0.0000
26-05-02 03:12:55.410 : epoch:[120/1000], loss:0.0025, rec:0.0017, sparse:0.0803, gate:0.0000, orth:0.0000
26-05-02 03:18:20.871 : [epoch 120] val_loss: 0.0029, PSNR: 48.5374, SSIM: 0.9973, Best PSNR: 48.7026 @ epoch 100
26-05-02 03:19:41.517 : epoch:[121/1000], loss:0.0025, rec:0.0017, sparse:0.0800, gate:0.0000, orth:0.0000
26-05-02 03:21:01.827 : epoch:[122/1000], loss:0.0025, rec:0.0017, sparse:0.0800, gate:0.0000, orth:0.0000
26-05-02 03:22:22.331 : epoch:[123/1000], loss:0.0024, rec:0.0016, sparse:0.0799, gate:0.0000, orth:0.0000
26-05-02 03:23:42.630 : epoch:[124/1000], loss:0.0025, rec:0.0017, sparse:0.0798, gate:0.0000, orth:0.0000
26-05-02 03:25:02.987 : epoch:[125/1000], loss:0.0024, rec:0.0016, sparse:0.0799, gate:0.0000, orth:0.0000
26-05-02 03:26:23.104 : epoch:[126/1000], loss:0.0024, rec:0.0016, sparse:0.0800, gate:0.0000, orth:0.0000
26-05-02 03:27:43.430 : epoch:[127/1000], loss:0.0024, rec:0.0016, sparse:0.0799, gate:0.0000, orth:0.0000
26-05-02 03:29:03.544 : epoch:[128/1000], loss:0.0024, rec:0.0016, sparse:0.0798, gate:0.0000, orth:0.0000
26-05-02 03:30:23.706 : epoch:[129/1000], loss:0.0024, rec:0.0016, sparse:0.0800, gate:0.0000, orth:0.0000
26-05-02 03:31:44.070 : epoch:[130/1000], loss:0.0024, rec:0.0016, sparse:0.0798, gate:0.0000, orth:0.0000
26-05-02 03:37:09.448 : [epoch 130] val_loss: 0.0030, PSNR: 48.3742, SSIM: 0.9971, Best PSNR: 48.7026 @ epoch 100
26-05-02 03:38:29.845 : epoch:[131/1000], loss:0.0024, rec:0.0016, sparse:0.0798, gate:0.0000, orth:0.0000
26-05-02 03:39:50.125 : epoch:[132/1000], loss:0.0024, rec:0.0016, sparse:0.0799, gate:0.0000, orth:0.0000
26-05-02 03:41:10.297 : epoch:[133/1000], loss:0.0024, rec:0.0016, sparse:0.0797, gate:0.0000, orth:0.0000
26-05-02 03:42:30.399 : epoch:[134/1000], loss:0.0024, rec:0.0016, sparse:0.0799, gate:0.0000, orth:0.0000
26-05-02 03:43:50.669 : epoch:[135/1000], loss:0.0024, rec:0.0016, sparse:0.0798, gate:0.0000, orth:0.0000
26-05-02 03:45:10.875 : epoch:[136/1000], loss:0.0024, rec:0.0016, sparse:0.0796, gate:0.0000, orth:0.0000
26-05-02 03:46:31.071 : epoch:[137/1000], loss:0.0024, rec:0.0016, sparse:0.0796, gate:0.0000, orth:0.0000
26-05-02 03:47:52.109 : epoch:[138/1000], loss:0.0024, rec:0.0016, sparse:0.0796, gate:0.0000, orth:0.0000
26-05-02 03:49:15.737 : epoch:[139/1000], loss:0.0024, rec:0.0016, sparse:0.0794, gate:0.0000, orth:0.0000
26-05-02 03:50:36.817 : epoch:[140/1000], loss:0.0024, rec:0.0016, sparse:0.0799, gate:0.0000, orth:0.0000
26-05-02 03:56:01.817 : [epoch 140] val_loss: 0.0029, PSNR: 48.5823, SSIM: 0.9971, Best PSNR: 48.7026 @ epoch 100
26-05-02 03:57:22.401 : epoch:[141/1000], loss:0.0023, rec:0.0015, sparse:0.0798, gate:0.0000, orth:0.0000
26-05-02 03:58:42.469 : epoch:[142/1000], loss:0.0023, rec:0.0015, sparse:0.0793, gate:0.0000, orth:0.0000
26-05-02 04:00:02.990 : epoch:[143/1000], loss:0.0023, rec:0.0015, sparse:0.0797, gate:0.0000, orth:0.0000
26-05-02 04:01:23.093 : epoch:[144/1000], loss:0.0024, rec:0.0016, sparse:0.0797, gate:0.0000, orth:0.0000
26-05-02 04:02:43.158 : epoch:[145/1000], loss:0.0023, rec:0.0015, sparse:0.0793, gate:0.0000, orth:0.0000
26-05-02 04:04:03.698 : epoch:[146/1000], loss:0.0023, rec:0.0016, sparse:0.0794, gate:0.0000, orth:0.0000
26-05-02 04:05:23.956 : epoch:[147/1000], loss:0.0023, rec:0.0015, sparse:0.0796, gate:0.0000, orth:0.0000
26-05-02 04:06:44.225 : epoch:[148/1000], loss:0.0023, rec:0.0015, sparse:0.0793, gate:0.0000, orth:0.0000
26-05-02 04:08:04.406 : epoch:[149/1000], loss:0.0023, rec:0.0015, sparse:0.0794, gate:0.0000, orth:0.0000
26-05-02 04:09:24.586 : epoch:[150/1000], loss:0.0023, rec:0.0015, sparse:0.0796, gate:0.0000, orth:0.0000
26-05-02 04:14:49.636 : [epoch 150] val_loss: 0.0029, PSNR: 48.5200, SSIM: 0.9971, Best PSNR: 48.7026 @ epoch 100
26-05-02 04:16:10.008 : epoch:[151/1000], loss:0.0023, rec:0.0015, sparse:0.0793, gate:0.0000, orth:0.0000
26-05-02 04:17:30.023 : epoch:[152/1000], loss:0.0023, rec:0.0015, sparse:0.0792, gate:0.0000, orth:0.0000
26-05-02 04:18:50.345 : epoch:[153/1000], loss:0.0023, rec:0.0015, sparse:0.0793, gate:0.0000, orth:0.0000
26-05-02 04:20:10.280 : epoch:[154/1000], loss:0.0023, rec:0.0015, sparse:0.0790, gate:0.0000, orth:0.0000
26-05-02 04:21:30.359 : epoch:[155/1000], loss:0.0023, rec:0.0015, sparse:0.0794, gate:0.0000, orth:0.0000
26-05-02 04:22:50.482 : epoch:[156/1000], loss:0.0023, rec:0.0015, sparse:0.0793, gate:0.0000, orth:0.0000
26-05-02 04:24:10.755 : epoch:[157/1000], loss:0.0023, rec:0.0015, sparse:0.0792, gate:0.0000, orth:0.0000
26-05-02 04:25:30.734 : epoch:[158/1000], loss:0.0023, rec:0.0015, sparse:0.0792, gate:0.0000, orth:0.0000
26-05-02 04:26:50.805 : epoch:[159/1000], loss:0.0023, rec:0.0015, sparse:0.0790, gate:0.0000, orth:0.0000
26-05-02 04:28:10.959 : epoch:[160/1000], loss:0.0023, rec:0.0015, sparse:0.0792, gate:0.0000, orth:0.0000
26-05-02 04:33:36.190 : [epoch 160] val_loss: 0.0028, PSNR: 48.7871, SSIM: 0.9972, Best PSNR: 48.7871 @ epoch 160
26-05-02 04:34:56.438 : epoch:[161/1000], loss:0.0023, rec:0.0015, sparse:0.0793, gate:0.0000, orth:0.0000
26-05-02 04:36:16.479 : epoch:[162/1000], loss:0.0023, rec:0.0015, sparse:0.0790, gate:0.0000, orth:0.0000
26-05-02 04:37:36.598 : epoch:[163/1000], loss:0.0023, rec:0.0015, sparse:0.0789, gate:0.0000, orth:0.0000
26-05-02 04:38:56.725 : epoch:[164/1000], loss:0.0022, rec:0.0015, sparse:0.0790, gate:0.0000, orth:0.0000
26-05-02 04:40:16.825 : epoch:[165/1000], loss:0.0022, rec:0.0015, sparse:0.0789, gate:0.0000, orth:0.0000
26-05-02 04:41:37.116 : epoch:[166/1000], loss:0.0023, rec:0.0015, sparse:0.0791, gate:0.0000, orth:0.0000
26-05-02 04:42:57.239 : epoch:[167/1000], loss:0.0023, rec:0.0015, sparse:0.0791, gate:0.0000, orth:0.0000
26-05-02 04:44:17.532 : epoch:[168/1000], loss:0.0023, rec:0.0015, sparse:0.0791, gate:0.0000, orth:0.0000
26-05-02 04:45:37.547 : epoch:[169/1000], loss:0.0023, rec:0.0015, sparse:0.0790, gate:0.0000, orth:0.0000
26-05-02 04:46:57.761 : epoch:[170/1000], loss:0.0022, rec:0.0014, sparse:0.0787, gate:0.0000, orth:0.0000
26-05-02 04:52:23.055 : [epoch 170] val_loss: 0.0027, PSNR: 48.9789, SSIM: 0.9972, Best PSNR: 48.9789 @ epoch 170
26-05-02 04:53:43.382 : epoch:[171/1000], loss:0.0023, rec:0.0015, sparse:0.0789, gate:0.0000, orth:0.0000
26-05-02 04:55:03.573 : epoch:[172/1000], loss:0.0023, rec:0.0015, sparse:0.0792, gate:0.0000, orth:0.0000
26-05-02 04:56:23.724 : epoch:[173/1000], loss:0.0022, rec:0.0014, sparse:0.0791, gate:0.0000, orth:0.0000
26-05-02 04:57:43.753 : epoch:[174/1000], loss:0.0022, rec:0.0015, sparse:0.0789, gate:0.0000, orth:0.0000
26-05-02 04:59:03.543 : epoch:[175/1000], loss:0.0022, rec:0.0014, sparse:0.0789, gate:0.0000, orth:0.0000
26-05-02 05:00:24.051 : epoch:[176/1000], loss:0.0022, rec:0.0014, sparse:0.0790, gate:0.0000, orth:0.0000
26-05-02 05:01:44.268 : epoch:[177/1000], loss:0.0022, rec:0.0014, sparse:0.0789, gate:0.0000, orth:0.0000
26-05-02 05:03:04.402 : epoch:[178/1000], loss:0.0022, rec:0.0014, sparse:0.0787, gate:0.0000, orth:0.0000
26-05-02 05:04:24.528 : epoch:[179/1000], loss:0.0022, rec:0.0014, sparse:0.0792, gate:0.0000, orth:0.0000
26-05-02 05:05:44.710 : epoch:[180/1000], loss:0.0022, rec:0.0014, sparse:0.0788, gate:0.0000, orth:0.0000
26-05-02 05:11:10.009 : [epoch 180] val_loss: 0.0027, PSNR: 48.9510, SSIM: 0.9973, Best PSNR: 48.9789 @ epoch 170
26-05-02 05:12:30.037 : epoch:[181/1000], loss:0.0022, rec:0.0014, sparse:0.0786, gate:0.0000, orth:0.0000
26-05-02 05:13:50.284 : epoch:[182/1000], loss:0.0022, rec:0.0014, sparse:0.0786, gate:0.0000, orth:0.0000
26-05-02 05:15:10.418 : epoch:[183/1000], loss:0.0022, rec:0.0014, sparse:0.0787, gate:0.0000, orth:0.0000
26-05-02 05:16:30.662 : epoch:[184/1000], loss:0.0022, rec:0.0014, sparse:0.0788, gate:0.0000, orth:0.0000
26-05-02 05:17:50.756 : epoch:[185/1000], loss:0.0022, rec:0.0014, sparse:0.0789, gate:0.0000, orth:0.0000
26-05-02 05:19:10.802 : epoch:[186/1000], loss:0.0022, rec:0.0014, sparse:0.0786, gate:0.0000, orth:0.0000
26-05-02 05:20:30.826 : epoch:[187/1000], loss:0.0022, rec:0.0014, sparse:0.0788, gate:0.0000, orth:0.0000
26-05-02 05:21:50.926 : epoch:[188/1000], loss:0.0022, rec:0.0014, sparse:0.0787, gate:0.0000, orth:0.0000
26-05-02 05:23:11.205 : epoch:[189/1000], loss:0.0022, rec:0.0014, sparse:0.0787, gate:0.0000, orth:0.0000
26-05-02 05:24:31.130 : epoch:[190/1000], loss:0.0022, rec:0.0014, sparse:0.0789, gate:0.0000, orth:0.0000
26-05-02 05:29:56.570 : [epoch 190] val_loss: 0.0027, PSNR: 49.1453, SSIM: 0.9973, Best PSNR: 49.1453 @ epoch 190
26-05-02 05:31:16.807 : epoch:[191/1000], loss:0.0022, rec:0.0014, sparse:0.0786, gate:0.0000, orth:0.0000
26-05-02 05:32:37.035 : epoch:[192/1000], loss:0.0022, rec:0.0014, sparse:0.0787, gate:0.0000, orth:0.0000
26-05-02 05:33:56.964 : epoch:[193/1000], loss:0.0022, rec:0.0014, sparse:0.0788, gate:0.0000, orth:0.0000
26-05-02 05:35:17.059 : epoch:[194/1000], loss:0.0022, rec:0.0014, sparse:0.0784, gate:0.0000, orth:0.0000
26-05-02 05:36:37.346 : epoch:[195/1000], loss:0.0022, rec:0.0014, sparse:0.0787, gate:0.0000, orth:0.0000
26-05-02 05:37:57.550 : epoch:[196/1000], loss:0.0022, rec:0.0014, sparse:0.0783, gate:0.0000, orth:0.0000
26-05-02 05:39:17.718 : epoch:[197/1000], loss:0.0022, rec:0.0014, sparse:0.0788, gate:0.0000, orth:0.0000
26-05-02 05:40:37.771 : epoch:[198/1000], loss:0.0022, rec:0.0014, sparse:0.0787, gate:0.0000, orth:0.0000
26-05-02 05:41:57.842 : epoch:[199/1000], loss:0.0022, rec:0.0014, sparse:0.0784, gate:0.0000, orth:0.0000
26-05-02 05:43:17.948 : epoch:[200/1000], loss:0.0022, rec:0.0014, sparse:0.0786, gate:0.0000, orth:0.0000
26-05-02 05:48:43.460 : [epoch 200] val_loss: 0.0027, PSNR: 49.1710, SSIM: 0.9973, Best PSNR: 49.1710 @ epoch 200
26-05-02 05:50:04.506 : epoch:[201/1000], loss:0.0022, rec:0.0014, sparse:0.0788, gate:0.0000, orth:0.0000
26-05-02 05:51:24.682 : epoch:[202/1000], loss:0.0022, rec:0.0014, sparse:0.0787, gate:0.0000, orth:0.0000
26-05-02 05:52:44.845 : epoch:[203/1000], loss:0.0022, rec:0.0014, sparse:0.0787, gate:0.0000, orth:0.0000
26-05-02 05:54:04.834 : epoch:[204/1000], loss:0.0022, rec:0.0014, sparse:0.0786, gate:0.0000, orth:0.0000
26-05-02 05:55:24.998 : epoch:[205/1000], loss:0.0022, rec:0.0014, sparse:0.0786, gate:0.0000, orth:0.0000
26-05-02 05:56:44.961 : epoch:[206/1000], loss:0.0022, rec:0.0014, sparse:0.0785, gate:0.0000, orth:0.0000
26-05-02 05:58:05.095 : epoch:[207/1000], loss:0.0021, rec:0.0014, sparse:0.0784, gate:0.0000, orth:0.0000
26-05-02 05:59:25.405 : epoch:[208/1000], loss:0.0022, rec:0.0014, sparse:0.0785, gate:0.0000, orth:0.0000
26-05-02 06:00:45.680 : epoch:[209/1000], loss:0.0022, rec:0.0014, sparse:0.0786, gate:0.0000, orth:0.0000
26-05-02 06:02:05.748 : epoch:[210/1000], loss:0.0022, rec:0.0014, sparse:0.0784, gate:0.0000, orth:0.0000
26-05-02 06:07:31.240 : [epoch 210] val_loss: 0.0027, PSNR: 49.1705, SSIM: 0.9974, Best PSNR: 49.1710 @ epoch 200
26-05-02 06:08:51.420 : epoch:[211/1000], loss:0.0022, rec:0.0014, sparse:0.0783, gate:0.0000, orth:0.0000
26-05-02 06:10:11.661 : epoch:[212/1000], loss:0.0022, rec:0.0014, sparse:0.0785, gate:0.0000, orth:0.0000
26-05-02 06:11:31.764 : epoch:[213/1000], loss:0.0021, rec:0.0014, sparse:0.0782, gate:0.0000, orth:0.0000
26-05-02 06:12:52.005 : epoch:[214/1000], loss:0.0022, rec:0.0014, sparse:0.0782, gate:0.0000, orth:0.0000
26-05-02 06:14:11.997 : epoch:[215/1000], loss:0.0022, rec:0.0014, sparse:0.0785, gate:0.0000, orth:0.0000
26-05-02 06:15:32.175 : epoch:[216/1000], loss:0.0022, rec:0.0014, sparse:0.0784, gate:0.0000, orth:0.0000
26-05-02 06:16:52.076 : epoch:[217/1000], loss:0.0022, rec:0.0014, sparse:0.0785, gate:0.0000, orth:0.0000
26-05-02 06:18:12.305 : epoch:[218/1000], loss:0.0022, rec:0.0014, sparse:0.0787, gate:0.0000, orth:0.0000
26-05-02 06:19:32.536 : epoch:[219/1000], loss:0.0022, rec:0.0014, sparse:0.0783, gate:0.0000, orth:0.0000
26-05-02 06:20:52.749 : epoch:[220/1000], loss:0.0022, rec:0.0014, sparse:0.0784, gate:0.0000, orth:0.0000
26-05-02 06:26:18.397 : [epoch 220] val_loss: 0.0027, PSNR: 49.1764, SSIM: 0.9974, Best PSNR: 49.1764 @ epoch 220
26-05-02 06:27:38.687 : epoch:[221/1000], loss:0.0022, rec:0.0014, sparse:0.0783, gate:0.0000, orth:0.0000
26-05-02 06:28:58.816 : epoch:[222/1000], loss:0.0022, rec:0.0014, sparse:0.0783, gate:0.0000, orth:0.0000
26-05-02 06:30:18.965 : epoch:[223/1000], loss:0.0021, rec:0.0014, sparse:0.0783, gate:0.0000, orth:0.0000
26-05-02 06:31:39.084 : epoch:[224/1000], loss:0.0022, rec:0.0014, sparse:0.0786, gate:0.0000, orth:0.0000
26-05-02 06:32:59.034 : epoch:[225/1000], loss:0.0022, rec:0.0014, sparse:0.0781, gate:0.0000, orth:0.0000
26-05-02 06:34:19.061 : epoch:[226/1000], loss:0.0021, rec:0.0014, sparse:0.0783, gate:0.0000, orth:0.0000
26-05-02 06:35:39.108 : epoch:[227/1000], loss:0.0022, rec:0.0014, sparse:0.0782, gate:0.0000, orth:0.0000
26-05-02 06:36:59.257 : epoch:[228/1000], loss:0.0021, rec:0.0014, sparse:0.0786, gate:0.0000, orth:0.0000
26-05-02 06:38:19.498 : epoch:[229/1000], loss:0.0021, rec:0.0014, sparse:0.0780, gate:0.0000, orth:0.0000
26-05-02 06:39:39.632 : epoch:[230/1000], loss:0.0022, rec:0.0014, sparse:0.0785, gate:0.0000, orth:0.0000
26-05-02 06:45:05.102 : [epoch 230] val_loss: 0.0027, PSNR: 49.1690, SSIM: 0.9974, Best PSNR: 49.1764 @ epoch 220
26-05-02 06:46:25.378 : epoch:[231/1000], loss:0.0021, rec:0.0013, sparse:0.0783, gate:0.0000, orth:0.0000
26-05-02 06:47:49.655 : epoch:[232/1000], loss:0.0021, rec:0.0013, sparse:0.0782, gate:0.0000, orth:0.0000
26-05-02 06:49:09.799 : epoch:[233/1000], loss:0.0022, rec:0.0014, sparse:0.0782, gate:0.0000, orth:0.0000
26-05-02 06:50:29.914 : epoch:[234/1000], loss:0.0021, rec:0.0014, sparse:0.0785, gate:0.0000, orth:0.0000
26-05-02 06:51:49.996 : epoch:[235/1000], loss:0.0022, rec:0.0014, sparse:0.0782, gate:0.0000, orth:0.0000
26-05-02 06:53:10.157 : epoch:[236/1000], loss:0.0021, rec:0.0014, sparse:0.0784, gate:0.0000, orth:0.0000
26-05-02 06:54:30.260 : epoch:[237/1000], loss:0.0021, rec:0.0014, sparse:0.0785, gate:0.0000, orth:0.0000
26-05-02 06:55:50.238 : epoch:[238/1000], loss:0.0022, rec:0.0014, sparse:0.0781, gate:0.0000, orth:0.0000
26-05-02 06:57:10.264 : epoch:[239/1000], loss:0.0022, rec:0.0014, sparse:0.0783, gate:0.0000, orth:0.0000
26-05-02 06:58:30.389 : epoch:[240/1000], loss:0.0021, rec:0.0014, sparse:0.0783, gate:0.0000, orth:0.0000
26-05-02 07:03:55.845 : [epoch 240] val_loss: 0.0027, PSNR: 49.1655, SSIM: 0.9974, Best PSNR: 49.1764 @ epoch 220
26-05-02 07:05:16.243 : epoch:[241/1000], loss:0.0021, rec:0.0014, sparse:0.0783, gate:0.0000, orth:0.0000
26-05-02 07:06:36.260 : epoch:[242/1000], loss:0.0021, rec:0.0014, sparse:0.0786, gate:0.0000, orth:0.0000
26-05-02 07:07:56.418 : epoch:[243/1000], loss:0.0021, rec:0.0013, sparse:0.0782, gate:0.0000, orth:0.0000
26-05-02 07:09:16.584 : epoch:[244/1000], loss:0.0021, rec:0.0013, sparse:0.0784, gate:0.0000, orth:0.0000
26-05-02 07:10:36.767 : epoch:[245/1000], loss:0.0021, rec:0.0014, sparse:0.0782, gate:0.0000, orth:0.0000
26-05-02 07:11:56.922 : epoch:[246/1000], loss:0.0021, rec:0.0013, sparse:0.0782, gate:0.0000, orth:0.0000
26-05-02 07:13:17.269 : epoch:[247/1000], loss:0.0021, rec:0.0013, sparse:0.0784, gate:0.0000, orth:0.0000
26-05-02 07:14:37.473 : epoch:[248/1000], loss:0.0021, rec:0.0014, sparse:0.0779, gate:0.0000, orth:0.0000
26-05-02 07:15:57.539 : epoch:[249/1000], loss:0.0021, rec:0.0013, sparse:0.0782, gate:0.0000, orth:0.0000
26-05-02 07:17:17.847 : epoch:[250/1000], loss:0.0022, rec:0.0014, sparse:0.0783, gate:0.0000, orth:0.0000
26-05-02 07:22:43.551 : [epoch 250] val_loss: 0.0027, PSNR: 49.1941, SSIM: 0.9974, Best PSNR: 49.1941 @ epoch 250
26-05-02 07:24:04.012 : epoch:[251/1000], loss:0.0021, rec:0.0013, sparse:0.0781, gate:0.0000, orth:0.0000
26-05-02 07:25:24.004 : epoch:[252/1000], loss:0.0021, rec:0.0013, sparse:0.0781, gate:0.0000, orth:0.0000
26-05-02 07:26:44.244 : epoch:[253/1000], loss:0.0021, rec:0.0013, sparse:0.0783, gate:0.0000, orth:0.0000
26-05-02 07:28:04.302 : epoch:[254/1000], loss:0.0021, rec:0.0013, sparse:0.0782, gate:0.0000, orth:0.0000
26-05-02 07:29:24.537 : epoch:[255/1000], loss:0.0021, rec:0.0013, sparse:0.0782, gate:0.0000, orth:0.0000
26-05-02 07:30:44.565 : epoch:[256/1000], loss:0.0021, rec:0.0014, sparse:0.0785, gate:0.0000, orth:0.0000
26-05-02 07:32:04.767 : epoch:[257/1000], loss:0.0021, rec:0.0014, sparse:0.0782, gate:0.0000, orth:0.0000
26-05-02 07:33:24.923 : epoch:[258/1000], loss:0.0021, rec:0.0014, sparse:0.0786, gate:0.0000, orth:0.0000
26-05-02 07:34:45.039 : epoch:[259/1000], loss:0.0021, rec:0.0013, sparse:0.0784, gate:0.0000, orth:0.0000
26-05-02 07:36:05.302 : epoch:[260/1000], loss:0.0021, rec:0.0013, sparse:0.0782, gate:0.0000, orth:0.0000
26-05-02 07:41:31.089 : [epoch 260] val_loss: 0.0027, PSNR: 49.2362, SSIM: 0.9974, Best PSNR: 49.2362 @ epoch 260
26-05-02 07:42:51.358 : epoch:[261/1000], loss:0.0021, rec:0.0013, sparse:0.0783, gate:0.0000, orth:0.0000
26-05-02 07:44:11.403 : epoch:[262/1000], loss:0.0021, rec:0.0014, sparse:0.0784, gate:0.0000, orth:0.0000
26-05-02 07:45:31.458 : epoch:[263/1000], loss:0.0021, rec:0.0013, sparse:0.0781, gate:0.0000, orth:0.0000
26-05-02 07:46:51.610 : epoch:[264/1000], loss:0.0021, rec:0.0013, sparse:0.0780, gate:0.0000, orth:0.0000
26-05-02 07:48:11.773 : epoch:[265/1000], loss:0.0021, rec:0.0013, sparse:0.0782, gate:0.0000, orth:0.0000
26-05-02 07:49:32.123 : epoch:[266/1000], loss:0.0021, rec:0.0014, sparse:0.0782, gate:0.0000, orth:0.0000
26-05-02 07:50:53.008 : epoch:[267/1000], loss:0.0021, rec:0.0013, sparse:0.0781, gate:0.0000, orth:0.0000
26-05-02 07:52:16.500 : epoch:[268/1000], loss:0.0021, rec:0.0013, sparse:0.0783, gate:0.0000, orth:0.0000
26-05-02 07:53:36.704 : epoch:[269/1000], loss:0.0021, rec:0.0014, sparse:0.0781, gate:0.0000, orth:0.0000
26-05-02 07:54:57.043 : epoch:[270/1000], loss:0.0021, rec:0.0013, sparse:0.0783, gate:0.0000, orth:0.0000
26-05-02 08:00:22.819 : [epoch 270] val_loss: 0.0026, PSNR: 49.3128, SSIM: 0.9974, Best PSNR: 49.3128 @ epoch 270
26-05-02 08:01:43.160 : epoch:[271/1000], loss:0.0021, rec:0.0013, sparse:0.0782, gate:0.0000, orth:0.0000
26-05-02 08:03:03.249 : epoch:[272/1000], loss:0.0021, rec:0.0013, sparse:0.0783, gate:0.0000, orth:0.0000
26-05-02 08:04:23.308 : epoch:[273/1000], loss:0.0021, rec:0.0013, sparse:0.0783, gate:0.0000, orth:0.0000
26-05-02 08:05:43.503 : epoch:[274/1000], loss:0.0021, rec:0.0013, sparse:0.0784, gate:0.0000, orth:0.0000
26-05-02 08:07:03.686 : epoch:[275/1000], loss:0.0021, rec:0.0014, sparse:0.0780, gate:0.0000, orth:0.0000
26-05-02 08:08:23.969 : epoch:[276/1000], loss:0.0021, rec:0.0013, sparse:0.0780, gate:0.0000, orth:0.0000
26-05-02 08:09:44.230 : epoch:[277/1000], loss:0.0021, rec:0.0013, sparse:0.0782, gate:0.0000, orth:0.0000
26-05-02 08:11:04.314 : epoch:[278/1000], loss:0.0021, rec:0.0013, sparse:0.0779, gate:0.0000, orth:0.0000
26-05-02 08:12:24.413 : epoch:[279/1000], loss:0.0021, rec:0.0013, sparse:0.0784, gate:0.0000, orth:0.0000
26-05-02 08:13:44.703 : epoch:[280/1000], loss:0.0021, rec:0.0013, sparse:0.0781, gate:0.0000, orth:0.0000
26-05-02 08:19:10.234 : [epoch 280] val_loss: 0.0027, PSNR: 49.1982, SSIM: 0.9974, Best PSNR: 49.3128 @ epoch 270
26-05-02 08:20:30.549 : epoch:[281/1000], loss:0.0021, rec:0.0013, sparse:0.0783, gate:0.0000, orth:0.0000
26-05-02 08:21:50.871 : epoch:[282/1000], loss:0.0021, rec:0.0013, sparse:0.0780, gate:0.0000, orth:0.0000
26-05-02 08:23:11.143 : epoch:[283/1000], loss:0.0021, rec:0.0013, sparse:0.0780, gate:0.0000, orth:0.0000
26-05-02 08:24:31.519 : epoch:[284/1000], loss:0.0021, rec:0.0013, sparse:0.0778, gate:0.0000, orth:0.0000
26-05-02 08:25:51.726 : epoch:[285/1000], loss:0.0021, rec:0.0013, sparse:0.0779, gate:0.0000, orth:0.0000
26-05-02 08:27:11.827 : epoch:[286/1000], loss:0.0021, rec:0.0013, sparse:0.0783, gate:0.0000, orth:0.0000
26-05-02 08:28:32.003 : epoch:[287/1000], loss:0.0021, rec:0.0013, sparse:0.0782, gate:0.0000, orth:0.0000
26-05-02 08:29:52.351 : epoch:[288/1000], loss:0.0021, rec:0.0013, sparse:0.0782, gate:0.0000, orth:0.0000
26-05-02 08:31:12.431 : epoch:[289/1000], loss:0.0021, rec:0.0013, sparse:0.0781, gate:0.0000, orth:0.0000
26-05-02 08:32:32.784 : epoch:[290/1000], loss:0.0021, rec:0.0013, sparse:0.0782, gate:0.0000, orth:0.0000
26-05-02 08:37:58.359 : [epoch 290] val_loss: 0.0027, PSNR: 49.1890, SSIM: 0.9974, Best PSNR: 49.3128 @ epoch 270
26-05-02 08:39:18.624 : epoch:[291/1000], loss:0.0021, rec:0.0013, sparse:0.0784, gate:0.0000, orth:0.0000
26-05-02 08:40:38.757 : epoch:[292/1000], loss:0.0021, rec:0.0013, sparse:0.0781, gate:0.0000, orth:0.0000
26-05-02 08:41:58.867 : epoch:[293/1000], loss:0.0021, rec:0.0013, sparse:0.0781, gate:0.0000, orth:0.0000
26-05-02 08:43:18.940 : epoch:[294/1000], loss:0.0021, rec:0.0013, sparse:0.0780, gate:0.0000, orth:0.0000
26-05-02 08:44:38.926 : epoch:[295/1000], loss:0.0021, rec:0.0013, sparse:0.0783, gate:0.0000, orth:0.0000
26-05-02 08:45:58.987 : epoch:[296/1000], loss:0.0021, rec:0.0013, sparse:0.0781, gate:0.0000, orth:0.0000
26-05-02 08:47:19.046 : epoch:[297/1000], loss:0.0021, rec:0.0013, sparse:0.0778, gate:0.0000, orth:0.0000
26-05-02 08:48:39.129 : epoch:[298/1000], loss:0.0021, rec:0.0013, sparse:0.0780, gate:0.0000, orth:0.0000
26-05-02 08:49:59.182 : epoch:[299/1000], loss:0.0021, rec:0.0013, sparse:0.0780, gate:0.0000, orth:0.0000
26-05-02 08:51:19.406 : epoch:[300/1000], loss:0.0021, rec:0.0013, sparse:0.0780, gate:0.0000, orth:0.0000
26-05-02 08:56:45.044 : [epoch 300] val_loss: 0.0027, PSNR: 49.1740, SSIM: 0.9974, Best PSNR: 49.3128 @ epoch 270
26-05-02 08:58:05.260 : epoch:[301/1000], loss:0.0021, rec:0.0013, sparse:0.0782, gate:0.0000, orth:0.0000
26-05-02 08:59:25.472 : epoch:[302/1000], loss:0.0021, rec:0.0013, sparse:0.0780, gate:0.0000, orth:0.0000
26-05-02 09:00:45.690 : epoch:[303/1000], loss:0.0021, rec:0.0013, sparse:0.0780, gate:0.0000, orth:0.0000
26-05-02 09:02:05.729 : epoch:[304/1000], loss:0.0021, rec:0.0013, sparse:0.0781, gate:0.0000, orth:0.0000
26-05-02 09:03:25.802 : epoch:[305/1000], loss:0.0021, rec:0.0013, sparse:0.0782, gate:0.0000, orth:0.0000
26-05-02 09:04:45.859 : epoch:[306/1000], loss:0.0021, rec:0.0013, sparse:0.0780, gate:0.0000, orth:0.0000
26-05-02 09:06:05.828 : epoch:[307/1000], loss:0.0021, rec:0.0013, sparse:0.0783, gate:0.0000, orth:0.0000
26-05-02 09:07:25.913 : epoch:[308/1000], loss:0.0021, rec:0.0013, sparse:0.0783, gate:0.0000, orth:0.0000
26-05-02 09:08:46.265 : epoch:[309/1000], loss:0.0021, rec:0.0013, sparse:0.0781, gate:0.0000, orth:0.0000
26-05-02 09:10:06.600 : epoch:[310/1000], loss:0.0021, rec:0.0013, sparse:0.0778, gate:0.0000, orth:0.0000
26-05-02 09:15:32.271 : [epoch 310] val_loss: 0.0027, PSNR: 49.1731, SSIM: 0.9974, Best PSNR: 49.3128 @ epoch 270
26-05-02 09:16:52.625 : epoch:[311/1000], loss:0.0021, rec:0.0013, sparse:0.0782, gate:0.0000, orth:0.0000
26-05-02 09:18:12.956 : epoch:[312/1000], loss:0.0021, rec:0.0013, sparse:0.0782, gate:0.0000, orth:0.0000
26-05-02 09:19:33.138 : epoch:[313/1000], loss:0.0021, rec:0.0013, sparse:0.0783, gate:0.0000, orth:0.0000
26-05-02 09:20:53.306 : epoch:[314/1000], loss:0.0021, rec:0.0013, sparse:0.0778, gate:0.0000, orth:0.0000
26-05-02 09:22:13.460 : epoch:[315/1000], loss:0.0021, rec:0.0013, sparse:0.0781, gate:0.0000, orth:0.0000
26-05-02 09:23:33.641 : epoch:[316/1000], loss:0.0021, rec:0.0013, sparse:0.0778, gate:0.0000, orth:0.0000
26-05-02 09:24:53.768 : epoch:[317/1000], loss:0.0021, rec:0.0013, sparse:0.0782, gate:0.0000, orth:0.0000
26-05-02 09:26:13.859 : epoch:[318/1000], loss:0.0021, rec:0.0013, sparse:0.0783, gate:0.0000, orth:0.0000
26-05-02 09:27:34.061 : epoch:[319/1000], loss:0.0021, rec:0.0013, sparse:0.0783, gate:0.0000, orth:0.0000
26-05-02 09:28:54.110 : epoch:[320/1000], loss:0.0021, rec:0.0013, sparse:0.0782, gate:0.0000, orth:0.0000
26-05-02 09:34:19.807 : [epoch 320] val_loss: 0.0027, PSNR: 49.2044, SSIM: 0.9974, Best PSNR: 49.3128 @ epoch 270
26-05-02 09:35:41.953 : epoch:[321/1000], loss:0.0021, rec:0.0013, sparse:0.0781, gate:0.0000, orth:0.0000
26-05-02 09:37:02.184 : epoch:[322/1000], loss:0.0021, rec:0.0013, sparse:0.0781, gate:0.0000, orth:0.0000
26-05-02 09:38:22.570 : epoch:[323/1000], loss:0.0021, rec:0.0013, sparse:0.0781, gate:0.0000, orth:0.0000
26-05-02 09:39:42.627 : epoch:[324/1000], loss:0.0021, rec:0.0013, sparse:0.0778, gate:0.0000, orth:0.0000
26-05-02 09:41:02.928 : epoch:[325/1000], loss:0.0021, rec:0.0013, sparse:0.0777, gate:0.0000, orth:0.0000
26-05-02 09:42:22.998 : epoch:[326/1000], loss:0.0021, rec:0.0013, sparse:0.0781, gate:0.0000, orth:0.0000
26-05-02 09:43:43.124 : epoch:[327/1000], loss:0.0021, rec:0.0013, sparse:0.0779, gate:0.0000, orth:0.0000
26-05-02 09:45:03.319 : epoch:[328/1000], loss:0.0021, rec:0.0013, sparse:0.0780, gate:0.0000, orth:0.0000
26-05-02 09:46:23.578 : epoch:[329/1000], loss:0.0021, rec:0.0013, sparse:0.0783, gate:0.0000, orth:0.0000
26-05-02 09:47:43.788 : epoch:[330/1000], loss:0.0021, rec:0.0013, sparse:0.0779, gate:0.0000, orth:0.0000
26-05-02 09:53:09.899 : [epoch 330] val_loss: 0.0027, PSNR: 49.2374, SSIM: 0.9974, Best PSNR: 49.3128 @ epoch 270
26-05-02 09:54:30.189 : epoch:[331/1000], loss:0.0021, rec:0.0013, sparse:0.0779, gate:0.0000, orth:0.0000
26-05-02 09:55:50.419 : epoch:[332/1000], loss:0.0021, rec:0.0013, sparse:0.0779, gate:0.0000, orth:0.0000
26-05-02 09:57:10.566 : epoch:[333/1000], loss:0.0021, rec:0.0013, sparse:0.0777, gate:0.0000, orth:0.0000
26-05-02 09:58:30.814 : epoch:[334/1000], loss:0.0021, rec:0.0013, sparse:0.0782, gate:0.0000, orth:0.0000
26-05-02 09:59:51.315 : epoch:[335/1000], loss:0.0021, rec:0.0013, sparse:0.0780, gate:0.0000, orth:0.0000
26-05-02 10:01:11.286 : epoch:[336/1000], loss:0.0021, rec:0.0013, sparse:0.0780, gate:0.0000, orth:0.0000
26-05-02 10:02:31.539 : epoch:[337/1000], loss:0.0021, rec:0.0013, sparse:0.0779, gate:0.0000, orth:0.0000
26-05-02 10:03:51.687 : epoch:[338/1000], loss:0.0021, rec:0.0013, sparse:0.0779, gate:0.0000, orth:0.0000
26-05-02 10:05:11.713 : epoch:[339/1000], loss:0.0021, rec:0.0013, sparse:0.0778, gate:0.0000, orth:0.0000
26-05-02 10:06:31.414 : epoch:[340/1000], loss:0.0021, rec:0.0013, sparse:0.0780, gate:0.0000, orth:0.0000
26-05-02 10:11:57.354 : [epoch 340] val_loss: 0.0027, PSNR: 49.2453, SSIM: 0.9974, Best PSNR: 49.3128 @ epoch 270
26-05-02 10:13:17.328 : epoch:[341/1000], loss:0.0021, rec:0.0013, sparse:0.0777, gate:0.0000, orth:0.0000
26-05-02 10:14:40.473 : epoch:[342/1000], loss:0.0021, rec:0.0013, sparse:0.0778, gate:0.0000, orth:0.0000
26-05-02 10:16:00.754 : epoch:[343/1000], loss:0.0021, rec:0.0013, sparse:0.0780, gate:0.0000, orth:0.0000
26-05-02 10:17:20.701 : epoch:[344/1000], loss:0.0021, rec:0.0013, sparse:0.0780, gate:0.0000, orth:0.0000
26-05-02 10:18:40.501 : epoch:[345/1000], loss:0.0021, rec:0.0013, sparse:0.0780, gate:0.0000, orth:0.0000
26-05-02 10:20:00.604 : epoch:[346/1000], loss:0.0021, rec:0.0013, sparse:0.0781, gate:0.0000, orth:0.0000
26-05-02 10:21:20.457 : epoch:[347/1000], loss:0.0021, rec:0.0013, sparse:0.0781, gate:0.0000, orth:0.0000
26-05-02 10:22:40.677 : epoch:[348/1000], loss:0.0021, rec:0.0013, sparse:0.0778, gate:0.0000, orth:0.0000
26-05-02 10:24:00.889 : epoch:[349/1000], loss:0.0021, rec:0.0013, sparse:0.0781, gate:0.0000, orth:0.0000
26-05-02 10:25:21.046 : epoch:[350/1000], loss:0.0021, rec:0.0013, sparse:0.0781, gate:0.0000, orth:0.0000
26-05-02 10:30:46.974 : [epoch 350] val_loss: 0.0027, PSNR: 49.2399, SSIM: 0.9974, Best PSNR: 49.3128 @ epoch 270
26-05-02 10:32:07.218 : epoch:[351/1000], loss:0.0021, rec:0.0013, sparse:0.0779, gate:0.0000, orth:0.0000
26-05-02 10:33:27.199 : epoch:[352/1000], loss:0.0021, rec:0.0013, sparse:0.0780, gate:0.0000, orth:0.0000
26-05-02 10:34:47.288 : epoch:[353/1000], loss:0.0021, rec:0.0013, sparse:0.0780, gate:0.0000, orth:0.0000
26-05-02 10:36:07.179 : epoch:[354/1000], loss:0.0021, rec:0.0013, sparse:0.0779, gate:0.0000, orth:0.0000
26-05-02 10:37:27.457 : epoch:[355/1000], loss:0.0021, rec:0.0013, sparse:0.0782, gate:0.0000, orth:0.0000
26-05-02 10:38:47.420 : epoch:[356/1000], loss:0.0021, rec:0.0013, sparse:0.0778, gate:0.0000, orth:0.0000
26-05-02 10:40:07.212 : epoch:[357/1000], loss:0.0021, rec:0.0013, sparse:0.0783, gate:0.0000, orth:0.0000
26-05-02 10:41:26.855 : epoch:[358/1000], loss:0.0021, rec:0.0013, sparse:0.0780, gate:0.0000, orth:0.0000
26-05-02 10:42:46.661 : epoch:[359/1000], loss:0.0021, rec:0.0013, sparse:0.0783, gate:0.0000, orth:0.0000
26-05-02 10:44:06.600 : epoch:[360/1000], loss:0.0021, rec:0.0013, sparse:0.0779, gate:0.0000, orth:0.0000
26-05-02 10:49:32.948 : [epoch 360] val_loss: 0.0027, PSNR: 49.2233, SSIM: 0.9974, Best PSNR: 49.3128 @ epoch 270
26-05-02 10:50:52.845 : epoch:[361/1000], loss:0.0021, rec:0.0013, sparse:0.0780, gate:0.0000, orth:0.0000
26-05-02 10:52:12.612 : epoch:[362/1000], loss:0.0021, rec:0.0013, sparse:0.0783, gate:0.0000, orth:0.0000
26-05-02 10:53:32.426 : epoch:[363/1000], loss:0.0021, rec:0.0013, sparse:0.0784, gate:0.0000, orth:0.0000
26-05-02 10:54:52.251 : epoch:[364/1000], loss:0.0021, rec:0.0013, sparse:0.0780, gate:0.0000, orth:0.0000
26-05-02 10:56:12.023 : epoch:[365/1000], loss:0.0021, rec:0.0013, sparse:0.0779, gate:0.0000, orth:0.0000
26-05-02 10:57:31.778 : epoch:[366/1000], loss:0.0021, rec:0.0013, sparse:0.0780, gate:0.0000, orth:0.0000
26-05-02 10:58:51.491 : epoch:[367/1000], loss:0.0021, rec:0.0013, sparse:0.0780, gate:0.0000, orth:0.0000
26-05-02 11:00:11.566 : epoch:[368/1000], loss:0.0021, rec:0.0013, sparse:0.0781, gate:0.0000, orth:0.0000
26-05-02 11:01:31.439 : epoch:[369/1000], loss:0.0021, rec:0.0013, sparse:0.0783, gate:0.0000, orth:0.0000
26-05-02 11:02:51.160 : epoch:[370/1000], loss:0.0021, rec:0.0013, sparse:0.0781, gate:0.0000, orth:0.0000
26-05-02 11:08:17.489 : [epoch 370] val_loss: 0.0027, PSNR: 49.2129, SSIM: 0.9974, Best PSNR: 49.3128 @ epoch 270
26-05-02 11:08:17.873 : 总训练时间: 11.59小时
