26-05-06 22:51:43.099 :   task: train
  gpu_ids: [0]
  log_path: ./log
  model_save: ./model_save
  pretained_path:[
    index: False
    path: ./model_save/model_best1.pth
  ]
  batch_size: 4
  nc: [16, 1]
  patch_size: [128, 128]
  stride_size: [16, 16]
  atoms: 50
  d_size: 3
  max_epoch: 1000
  stage: 3
  lr: 0.0001
  loss_function_index: 1
  n_channels: 1
  train:[
    sigma: [0]
    dataroot_H: ./dataset/gray_train_all
    H_size: 128
    n_channels: 1
  ]
  valid:[
    sigma: [0]
    dataroot_H: ./dataset/gray_valid_all
    n_channels: 1
  ]
  opt_path: ./options/train_options.json
  is_train: True
  scale: 1

26-05-06 22:51:43.106 : 训练集大小: 1120
26-05-06 22:51:43.106 : 验证集数量: 240 (每个 sigma 一个 Dataset)
26-05-06 22:51:44.172 : Number of parameter: 3.26M
26-05-06 22:51:44.172 : start training...
26-05-06 22:54:24.001 : epoch:[1/1000], 平均loss: 0.0228
26-05-06 22:57:04.593 : epoch:[2/1000], 平均loss: 0.0058
26-05-06 22:59:41.499 : epoch:[3/1000], 平均loss: 0.0043
26-05-06 23:02:24.286 : epoch:[4/1000], 平均loss: 0.0027
26-05-06 23:04:58.978 : epoch:[5/1000], 平均loss: 0.0020
26-05-06 23:07:33.980 : epoch:[6/1000], 平均loss: 0.0018
26-05-06 23:10:08.763 : epoch:[7/1000], 平均loss: 0.0017
26-05-06 23:12:46.014 : epoch:[8/1000], 平均loss: 0.0015
26-05-06 23:15:22.595 : epoch:[9/1000], 平均loss: 0.0013
26-05-06 23:17:59.135 : epoch:[10/1000], 平均loss: 0.0010
26-05-06 23:19:03.904 : [epoch 10 PSNR: 62.8092 Best: 62.8092]
26-05-06 23:21:41.235 : epoch:[11/1000], 平均loss: 0.0013
26-05-06 23:24:18.554 : epoch:[12/1000], 平均loss: 0.0009
26-05-06 23:26:53.714 : epoch:[13/1000], 平均loss: 0.0007
26-05-06 23:29:30.663 : epoch:[14/1000], 平均loss: 0.0009
26-05-06 23:32:07.502 : epoch:[15/1000], 平均loss: 0.0010
26-05-06 23:34:44.718 : epoch:[16/1000], 平均loss: 0.0008
26-05-06 23:37:19.813 : epoch:[17/1000], 平均loss: 0.0007
26-05-06 23:39:54.917 : epoch:[18/1000], 平均loss: 0.0008
26-05-06 23:42:29.644 : epoch:[19/1000], 平均loss: 0.0006
26-05-06 23:45:06.953 : epoch:[20/1000], 平均loss: 0.0005
26-05-06 23:46:11.571 : [epoch 20 PSNR: 68.2715 Best: 68.2715]
26-05-06 23:48:49.350 : epoch:[21/1000], 平均loss: 0.0006
26-05-06 23:51:27.385 : epoch:[22/1000], 平均loss: 0.0007
26-05-06 23:54:02.555 : epoch:[23/1000], 平均loss: 0.0006
26-05-06 23:56:40.102 : epoch:[24/1000], 平均loss: 0.0005
26-05-06 23:59:15.259 : epoch:[25/1000], 平均loss: 0.0005
26-05-07 00:01:50.494 : epoch:[26/1000], 平均loss: 0.0004
26-05-07 00:04:28.066 : epoch:[27/1000], 平均loss: 0.0006
26-05-07 00:07:05.749 : epoch:[28/1000], 平均loss: 0.0004
26-05-07 00:09:43.522 : epoch:[29/1000], 平均loss: 0.0004
26-05-07 00:12:18.695 : epoch:[30/1000], 平均loss: 0.0004
26-05-07 00:13:23.331 : [epoch 30 PSNR: 71.4616 Best: 71.4616]
26-05-07 00:15:58.303 : epoch:[31/1000], 平均loss: 0.0003
26-05-07 00:18:33.548 : epoch:[32/1000], 平均loss: 0.0003
26-05-07 00:21:11.060 : epoch:[33/1000], 平均loss: 0.0004
26-05-07 00:23:48.721 : epoch:[34/1000], 平均loss: 0.0003
26-05-07 00:26:23.975 : epoch:[35/1000], 平均loss: 0.0003
26-05-07 00:29:01.198 : epoch:[36/1000], 平均loss: 0.0005
26-05-07 00:31:36.769 : epoch:[37/1000], 平均loss: 0.0002
26-05-07 00:34:11.813 : epoch:[38/1000], 平均loss: 0.0002
26-05-07 00:36:49.259 : epoch:[39/1000], 平均loss: 0.0002
26-05-07 00:39:24.604 : epoch:[40/1000], 平均loss: 0.0002
26-05-07 00:40:29.206 : [epoch 40 PSNR: 74.1399 Best: 74.1399]
26-05-07 00:43:06.756 : epoch:[41/1000], 平均loss: 0.0002
26-05-07 00:45:41.724 : epoch:[42/1000], 平均loss: 0.0002
26-05-07 00:48:16.802 : epoch:[43/1000], 平均loss: 0.0002
26-05-07 00:50:54.101 : epoch:[44/1000], 平均loss: 0.0002
26-05-07 00:53:31.593 : epoch:[45/1000], 平均loss: 0.0002
26-05-07 00:56:08.778 : epoch:[46/1000], 平均loss: 0.0002
26-05-07 00:58:43.820 : epoch:[47/1000], 平均loss: 0.0002
26-05-07 01:01:18.661 : epoch:[48/1000], 平均loss: 0.0002
26-05-07 01:03:53.435 : epoch:[49/1000], 平均loss: 0.0002
26-05-07 01:06:28.249 : epoch:[50/1000], 平均loss: 0.0002
26-05-07 01:07:32.759 : [epoch 50 PSNR: 76.0738 Best: 76.0738]
26-05-07 01:10:07.868 : epoch:[51/1000], 平均loss: 0.0002
26-05-07 01:12:44.916 : epoch:[52/1000], 平均loss: 0.0002
26-05-07 01:15:22.077 : epoch:[53/1000], 平均loss: 0.0001
26-05-07 01:17:58.821 : epoch:[54/1000], 平均loss: 0.0002
26-05-07 01:20:33.860 : epoch:[55/1000], 平均loss: 0.0001
26-05-07 01:23:08.944 : epoch:[56/1000], 平均loss: 0.0001
26-05-07 01:25:43.962 : epoch:[57/1000], 平均loss: 0.0002
26-05-07 01:28:21.421 : epoch:[58/1000], 平均loss: 0.0001
26-05-07 01:30:58.778 : epoch:[59/1000], 平均loss: 0.0001
26-05-07 01:33:35.367 : epoch:[60/1000], 平均loss: 0.0001
26-05-07 01:34:39.970 : [epoch 60 PSNR: 77.6957 Best: 77.6957]
26-05-07 01:37:16.207 : epoch:[61/1000], 平均loss: 0.0001
26-05-07 01:39:51.220 : epoch:[62/1000], 平均loss: 0.0001
26-05-07 01:42:26.148 : epoch:[63/1000], 平均loss: 0.0001
26-05-07 01:45:03.315 : epoch:[64/1000], 平均loss: 0.0001
26-05-07 01:47:39.498 : epoch:[65/1000], 平均loss: 0.0001
26-05-07 01:50:15.156 : epoch:[66/1000], 平均loss: 0.0001
26-05-07 01:52:55.742 : epoch:[67/1000], 平均loss: 0.0001
26-05-07 01:55:30.617 : epoch:[68/1000], 平均loss: 0.0001
26-05-07 01:58:08.036 : epoch:[69/1000], 平均loss: 0.0001
26-05-07 02:00:45.302 : epoch:[70/1000], 平均loss: 0.0001
26-05-07 02:01:49.829 : [epoch 70 PSNR: 78.9966 Best: 78.9966]
26-05-07 02:04:26.972 : epoch:[71/1000], 平均loss: 0.0001
26-05-07 02:07:04.302 : epoch:[72/1000], 平均loss: 0.0001
26-05-07 02:09:39.509 : epoch:[73/1000], 平均loss: 0.0001
26-05-07 02:12:16.634 : epoch:[74/1000], 平均loss: 0.0001
26-05-07 02:14:54.130 : epoch:[75/1000], 平均loss: 0.0001
26-05-07 02:17:29.278 : epoch:[76/1000], 平均loss: 0.0001
26-05-07 02:20:06.448 : epoch:[77/1000], 平均loss: 0.0001
26-05-07 02:22:44.023 : epoch:[78/1000], 平均loss: 0.0001
26-05-07 02:25:21.566 : epoch:[79/1000], 平均loss: 0.0001
26-05-07 02:27:56.679 : epoch:[80/1000], 平均loss: 0.0001
26-05-07 02:29:01.230 : [epoch 80 PSNR: 80.3753 Best: 80.3753]
26-05-07 02:31:36.273 : epoch:[81/1000], 平均loss: 0.0001
26-05-07 02:34:11.262 : epoch:[82/1000], 平均loss: 0.0001
26-05-07 02:36:46.272 : epoch:[83/1000], 平均loss: 0.0001
26-05-07 02:39:23.962 : epoch:[84/1000], 平均loss: 0.0001
26-05-07 02:42:01.431 : epoch:[85/1000], 平均loss: 0.0001
26-05-07 02:44:38.966 : epoch:[86/1000], 平均loss: 0.0001
26-05-07 02:47:16.520 : epoch:[87/1000], 平均loss: 0.0001
26-05-07 02:49:53.344 : epoch:[88/1000], 平均loss: 0.0001
26-05-07 02:52:28.463 : epoch:[89/1000], 平均loss: 0.0001
26-05-07 02:55:03.438 : epoch:[90/1000], 平均loss: 0.0001
26-05-07 02:56:07.925 : [epoch 90 PSNR: 81.3210 Best: 81.3210]
26-05-07 02:58:43.214 : epoch:[91/1000], 平均loss: 0.0001
26-05-07 03:01:18.379 : epoch:[92/1000], 平均loss: 0.0001
26-05-07 03:03:53.557 : epoch:[93/1000], 平均loss: 0.0001
26-05-07 03:06:30.800 : epoch:[94/1000], 平均loss: 0.0001
26-05-07 03:09:08.718 : epoch:[95/1000], 平均loss: 0.0001
26-05-07 03:11:43.881 : epoch:[96/1000], 平均loss: 0.0001
26-05-07 03:14:21.409 : epoch:[97/1000], 平均loss: 0.0001
26-05-07 03:16:58.796 : epoch:[98/1000], 平均loss: 0.0001
26-05-07 03:19:37.016 : epoch:[99/1000], 平均loss: 0.0001
26-05-07 03:22:17.978 : epoch:[100/1000], 平均loss: 0.0001
26-05-07 03:23:22.866 : [epoch 100 PSNR: inf Best: inf]
26-05-07 03:25:58.105 : epoch:[101/1000], 平均loss: 0.0001
26-05-07 03:28:35.389 : epoch:[102/1000], 平均loss: 0.0001
26-05-07 03:31:12.851 : epoch:[103/1000], 平均loss: 0.0001
26-05-07 03:33:49.559 : epoch:[104/1000], 平均loss: 0.0001
26-05-07 03:36:26.943 : epoch:[105/1000], 平均loss: 0.0001
26-05-07 03:39:02.352 : epoch:[106/1000], 平均loss: 0.0001
26-05-07 03:41:37.407 : epoch:[107/1000], 平均loss: 0.0001
26-05-07 03:44:14.971 : epoch:[108/1000], 平均loss: 0.0001
26-05-07 03:46:52.564 : epoch:[109/1000], 平均loss: 0.0001
26-05-07 03:49:27.613 : epoch:[110/1000], 平均loss: 0.0001
26-05-07 03:50:32.526 : [epoch 110 PSNR: inf Best: inf]
26-05-07 03:53:10.090 : epoch:[111/1000], 平均loss: 0.0001
26-05-07 03:55:45.408 : epoch:[112/1000], 平均loss: 0.0001
26-05-07 03:58:20.589 : epoch:[113/1000], 平均loss: 0.0001
26-05-07 04:00:55.776 : epoch:[114/1000], 平均loss: 0.0001
26-05-07 04:03:30.985 : epoch:[115/1000], 平均loss: 0.0001
26-05-07 04:06:06.234 : epoch:[116/1000], 平均loss: 0.0001
26-05-07 04:08:43.966 : epoch:[117/1000], 平均loss: 0.0001
26-05-07 04:11:19.309 : epoch:[118/1000], 平均loss: 0.0001
26-05-07 04:13:54.644 : epoch:[119/1000], 平均loss: 0.0001
26-05-07 04:16:30.105 : epoch:[120/1000], 平均loss: 0.0001
26-05-07 04:17:34.727 : [epoch 120 PSNR: inf Best: inf]
26-05-07 04:20:11.817 : epoch:[121/1000], 平均loss: 0.0001
26-05-07 04:22:49.526 : epoch:[122/1000], 平均loss: 0.0001
26-05-07 04:25:26.017 : epoch:[123/1000], 平均loss: 0.0001
26-05-07 04:28:03.525 : epoch:[124/1000], 平均loss: 0.0001
26-05-07 04:30:41.106 : epoch:[125/1000], 平均loss: 0.0001
26-05-07 04:33:18.863 : epoch:[126/1000], 平均loss: 0.0001
26-05-07 04:35:55.579 : epoch:[127/1000], 平均loss: 0.0001
26-05-07 04:38:31.081 : epoch:[128/1000], 平均loss: 0.0001
26-05-07 04:41:08.481 : epoch:[129/1000], 平均loss: 0.0001
26-05-07 04:43:45.692 : epoch:[130/1000], 平均loss: 0.0001
26-05-07 04:44:50.290 : [epoch 130 PSNR: inf Best: inf]
26-05-07 04:47:25.566 : epoch:[131/1000], 平均loss: 0.0001
26-05-07 04:50:00.413 : epoch:[132/1000], 平均loss: 0.0001
26-05-07 04:52:35.443 : epoch:[133/1000], 平均loss: 0.0001
26-05-07 04:55:10.675 : epoch:[134/1000], 平均loss: 0.0001
26-05-07 04:57:45.905 : epoch:[135/1000], 平均loss: 0.0001
26-05-07 05:00:21.251 : epoch:[136/1000], 平均loss: 0.0001
26-05-07 05:02:56.516 : epoch:[137/1000], 平均loss: 0.0001
26-05-07 05:05:31.804 : epoch:[138/1000], 平均loss: 0.0001
26-05-07 05:08:07.254 : epoch:[139/1000], 平均loss: 0.0001
26-05-07 05:10:43.028 : epoch:[140/1000], 平均loss: 0.0001
26-05-07 05:11:47.669 : [epoch 140 PSNR: inf Best: inf]
26-05-07 05:14:25.222 : epoch:[141/1000], 平均loss: 0.0001
26-05-07 05:17:03.277 : epoch:[142/1000], 平均loss: 0.0001
26-05-07 05:19:40.533 : epoch:[143/1000], 平均loss: 0.0001
26-05-07 05:22:17.633 : epoch:[144/1000], 平均loss: 0.0001
26-05-07 05:24:55.381 : epoch:[145/1000], 平均loss: 0.0001
26-05-07 05:27:30.834 : epoch:[146/1000], 平均loss: 0.0001
26-05-07 05:30:06.147 : epoch:[147/1000], 平均loss: 0.0001
26-05-07 05:32:41.392 : epoch:[148/1000], 平均loss: 0.0001
26-05-07 05:35:16.470 : epoch:[149/1000], 平均loss: 0.0001
26-05-07 05:37:53.099 : epoch:[150/1000], 平均loss: 0.0001
26-05-07 05:38:57.667 : [epoch 150 PSNR: inf Best: inf]
26-05-07 05:41:32.882 : epoch:[151/1000], 平均loss: 0.0001
26-05-07 05:44:07.946 : epoch:[152/1000], 平均loss: 0.0001
26-05-07 05:46:45.568 : epoch:[153/1000], 平均loss: 0.0001
26-05-07 05:49:26.738 : epoch:[154/1000], 平均loss: 0.0001
26-05-07 05:52:03.921 : epoch:[155/1000], 平均loss: 0.0001
26-05-07 05:54:39.214 : epoch:[156/1000], 平均loss: 0.0001
26-05-07 05:57:14.349 : epoch:[157/1000], 平均loss: 0.0001
26-05-07 05:59:49.398 : epoch:[158/1000], 平均loss: 0.0001
26-05-07 06:02:24.662 : epoch:[159/1000], 平均loss: 0.0001
26-05-07 06:04:59.914 : epoch:[160/1000], 平均loss: 0.0001
26-05-07 06:06:04.410 : [epoch 160 PSNR: inf Best: inf]
26-05-07 06:08:42.286 : epoch:[161/1000], 平均loss: 0.0001
26-05-07 06:11:17.469 : epoch:[162/1000], 平均loss: 0.0001
26-05-07 06:13:55.019 : epoch:[163/1000], 平均loss: 0.0001
26-05-07 06:16:32.546 : epoch:[164/1000], 平均loss: 0.0001
26-05-07 06:19:10.219 : epoch:[165/1000], 平均loss: 0.0001
26-05-07 06:21:46.761 : epoch:[166/1000], 平均loss: 0.0001
26-05-07 06:24:24.303 : epoch:[167/1000], 平均loss: 0.0001
26-05-07 06:27:01.817 : epoch:[168/1000], 平均loss: 0.0001
26-05-07 06:29:37.076 : epoch:[169/1000], 平均loss: 0.0001
26-05-07 06:32:12.166 : epoch:[170/1000], 平均loss: 0.0001
26-05-07 06:33:16.649 : [epoch 170 PSNR: inf Best: inf]
26-05-07 06:35:51.806 : epoch:[171/1000], 平均loss: 0.0001
26-05-07 06:38:28.888 : epoch:[172/1000], 平均loss: 0.0001
26-05-07 06:41:06.309 : epoch:[173/1000], 平均loss: 0.0001
26-05-07 06:43:43.807 : epoch:[174/1000], 平均loss: 0.0001
26-05-07 06:46:19.111 : epoch:[175/1000], 平均loss: 0.0001
26-05-07 06:48:54.363 : epoch:[176/1000], 平均loss: 0.0001
26-05-07 06:51:31.345 : epoch:[177/1000], 平均loss: 0.0001
26-05-07 06:54:07.996 : epoch:[178/1000], 平均loss: 0.0001
26-05-07 06:56:45.062 : epoch:[179/1000], 平均loss: 0.0001
26-05-07 06:59:19.898 : epoch:[180/1000], 平均loss: 0.0001
26-05-07 07:00:24.590 : [epoch 180 PSNR: inf Best: inf]
26-05-07 07:02:59.661 : epoch:[181/1000], 平均loss: 0.0001
26-05-07 07:05:34.730 : epoch:[182/1000], 平均loss: 0.0001
26-05-07 07:08:09.844 : epoch:[183/1000], 平均loss: 0.0001
26-05-07 07:10:44.968 : epoch:[184/1000], 平均loss: 0.0001
26-05-07 07:13:22.479 : epoch:[185/1000], 平均loss: 0.0001
26-05-07 07:16:00.179 : epoch:[186/1000], 平均loss: 0.0001
26-05-07 07:18:37.583 : epoch:[187/1000], 平均loss: 0.0001
26-05-07 07:21:12.651 : epoch:[188/1000], 平均loss: 0.0001
26-05-07 07:23:48.085 : epoch:[189/1000], 平均loss: 0.0001
26-05-07 07:26:23.392 : epoch:[190/1000], 平均loss: 0.0001
26-05-07 07:27:27.906 : [epoch 190 PSNR: inf Best: inf]
26-05-07 07:30:05.376 : epoch:[191/1000], 平均loss: 0.0001
26-05-07 07:32:42.807 : epoch:[192/1000], 平均loss: 0.0001
26-05-07 07:35:19.852 : epoch:[193/1000], 平均loss: 0.0001
26-05-07 07:37:54.803 : epoch:[194/1000], 平均loss: 0.0001
26-05-07 07:40:31.019 : epoch:[195/1000], 平均loss: 0.0001
26-05-07 07:43:06.372 : epoch:[196/1000], 平均loss: 0.0001
26-05-07 07:45:44.002 : epoch:[197/1000], 平均loss: 0.0001
26-05-07 07:48:21.911 : epoch:[198/1000], 平均loss: 0.0001
26-05-07 07:50:57.812 : epoch:[199/1000], 平均loss: 0.0001
26-05-07 07:53:34.720 : epoch:[200/1000], 平均loss: 0.0001
26-05-07 07:54:39.146 : [epoch 200 PSNR: inf Best: inf]
26-05-07 07:54:39.298 : 总训练时间: 9.05小时
