26-05-07 14:16:21.390 :   task: train
  gpu_ids: [0]
  log_path: ./log
  model_save: ./model_save
  pretained_path:[
    index: False
    path: ./model_save/model_best1.pth
  ]
  batch_size: 4
  nc: [16, 1]
  patch_size: [128, 128]
  stride_size: [16, 16]
  atoms: 50
  d_size: 3
  max_epoch: 1000
  stage: 3
  lr: 0.0001
  loss_function_index: 1
  n_channels: 1
  train:[
    sigma: [0]
    dataroot_H: ./dataset/gray_train_all
    H_size: 128
    n_channels: 1
  ]
  valid:[
    sigma: [0]
    dataroot_H: ./dataset/gray_valid_all
    n_channels: 1
  ]
  opt_path: ./options/train_options.json
  is_train: True
  scale: 1

26-05-07 14:16:21.398 : 训练集大小: 1120
26-05-07 14:16:21.398 : 验证集数量: 240 (每个 sigma 一个 Dataset)
26-05-07 14:16:22.616 : Number of parameter: 3.26M
26-05-07 14:16:22.617 : start training...
26-05-07 14:18:59.519 : epoch:[1/1000], 平均loss: 0.0298
26-05-07 14:21:36.385 : epoch:[2/1000], 平均loss: 0.0041
26-05-07 14:24:12.868 : epoch:[3/1000], 平均loss: 0.0026
26-05-07 14:26:48.738 : epoch:[4/1000], 平均loss: 0.0018
26-05-07 14:29:25.256 : epoch:[5/1000], 平均loss: 0.0015
26-05-07 14:32:01.657 : epoch:[6/1000], 平均loss: 0.0011
26-05-07 14:34:38.066 : epoch:[7/1000], 平均loss: 0.0009
26-05-07 14:37:14.440 : epoch:[8/1000], 平均loss: 0.0009
26-05-07 14:39:50.564 : epoch:[9/1000], 平均loss: 0.0010
26-05-07 14:42:26.619 : epoch:[10/1000], 平均loss: 0.0006
26-05-07 14:43:33.626 : [epoch 10 PSNR: 61.9532 Best: 61.9532]
26-05-07 14:46:25.865 : epoch:[11/1000], 平均loss: 0.0006
26-05-07 14:49:11.365 : epoch:[12/1000], 平均loss: 0.0006
26-05-07 14:51:56.726 : epoch:[13/1000], 平均loss: 0.0006
26-05-07 14:54:42.686 : epoch:[14/1000], 平均loss: 0.0006
26-05-07 14:57:30.626 : epoch:[15/1000], 平均loss: 0.0005
26-05-07 15:00:19.009 : epoch:[16/1000], 平均loss: 0.0005
