26-04-05 17:39:29.858 :   task: train
  gpu_ids: [0]
  log_path: ./log
  model_save: ./model_save
  pretained_path:[
    index: False
    path: ./model_save/model_best1.pth
  ]
  batch_size: 4
  nc: [16, 1]
  patch_size: [128, 128]
  stride_size: [16, 16]
  atoms: 50
  d_size: 3
  max_epoch: 1000
  stage: 3
  lr: 0.0001
  loss_function_index: 1
  n_channels: 1
  train:[
    sigma: [15, 50]
    dataroot_H: ./dataset/gray_train_all
    H_size: 128
    n_channels: 1
  ]
  valid:[
    sigma: [15, 25, 50]
    dataroot_H: ./dataset/gray_test
    n_channels: 1
  ]
  opt_path: ./options/train_options.json
  is_train: True
  scale: 1

26-04-05 17:39:29.866 : 训练集大小: 1120
26-04-05 17:39:29.867 : 验证集数量: 720 (每个 sigma 一个 Dataset)
26-04-05 17:39:31.045 : Number of parameter: 3.25M
26-04-05 17:39:31.045 : start training...
26-04-05 17:42:15.045 : epoch:[1/1000], 平均loss: 0.0539
26-04-05 17:44:58.482 : epoch:[2/1000], 平均loss: 0.0340
26-04-05 17:47:39.541 : epoch:[3/1000], 平均loss: 0.0317
26-04-05 17:50:22.003 : epoch:[4/1000], 平均loss: 0.0305
26-04-05 17:53:05.100 : epoch:[5/1000], 平均loss: 0.0292
26-04-05 17:55:44.878 : epoch:[6/1000], 平均loss: 0.0289
26-04-05 17:58:24.296 : epoch:[7/1000], 平均loss: 0.0287
26-04-05 18:01:03.920 : epoch:[8/1000], 平均loss: 0.0281
26-04-05 18:03:45.713 : epoch:[9/1000], 平均loss: 0.0275
26-04-05 18:06:25.999 : epoch:[10/1000], 平均loss: 0.0273
26-04-05 18:09:38.917 : [epoch 10 PSNR: 30.2928 Best: 30.2928]
26-04-05 18:12:19.372 : epoch:[11/1000], 平均loss: 0.0268
26-04-05 18:15:02.444 : epoch:[12/1000], 平均loss: 0.0272
26-04-05 18:17:45.431 : epoch:[13/1000], 平均loss: 0.0266
26-04-05 18:20:28.349 : epoch:[14/1000], 平均loss: 0.0267
26-04-05 18:23:09.600 : epoch:[15/1000], 平均loss: 0.0263
26-04-05 18:25:50.621 : epoch:[16/1000], 平均loss: 0.0265
26-04-05 18:28:31.747 : epoch:[17/1000], 平均loss: 0.0261
26-04-05 18:31:12.342 : epoch:[18/1000], 平均loss: 0.0260
26-04-05 18:33:52.538 : epoch:[19/1000], 平均loss: 0.0257
26-04-05 18:36:32.739 : epoch:[20/1000], 平均loss: 0.0257
26-04-05 18:39:45.956 : [epoch 20 PSNR: 30.7624 Best: 30.7624]
26-04-05 18:42:27.708 : epoch:[21/1000], 平均loss: 0.0256
26-04-05 18:45:08.679 : epoch:[22/1000], 平均loss: 0.0260
26-04-05 18:47:50.052 : epoch:[23/1000], 平均loss: 0.0255
26-04-05 18:50:31.140 : epoch:[24/1000], 平均loss: 0.0257
26-04-05 18:53:11.019 : epoch:[25/1000], 平均loss: 0.0254
26-04-05 18:55:51.987 : epoch:[26/1000], 平均loss: 0.0252
26-04-05 18:58:34.442 : epoch:[27/1000], 平均loss: 0.0253
26-04-05 19:01:16.647 : epoch:[28/1000], 平均loss: 0.0251
26-04-05 19:03:58.918 : epoch:[29/1000], 平均loss: 0.0252
26-04-05 19:06:39.004 : epoch:[30/1000], 平均loss: 0.0252
26-04-05 19:09:52.620 : [epoch 30 PSNR: 30.9779 Best: 30.9779]
26-04-05 19:12:33.171 : epoch:[31/1000], 平均loss: 0.0250
26-04-05 19:15:13.390 : epoch:[32/1000], 平均loss: 0.0252
26-04-05 19:17:53.712 : epoch:[33/1000], 平均loss: 0.0253
26-04-05 19:20:33.632 : epoch:[34/1000], 平均loss: 0.0247
26-04-05 19:23:16.305 : epoch:[35/1000], 平均loss: 0.0249
26-04-05 19:25:56.661 : epoch:[36/1000], 平均loss: 0.0247
26-04-05 19:28:39.218 : epoch:[37/1000], 平均loss: 0.0248
26-04-05 19:31:22.159 : epoch:[38/1000], 平均loss: 0.0247
26-04-05 19:34:05.206 : epoch:[39/1000], 平均loss: 0.0246
26-04-05 19:36:47.805 : epoch:[40/1000], 平均loss: 0.0243
26-04-05 19:40:00.984 : [epoch 40 PSNR: 31.0762 Best: 31.0762]
26-04-05 19:42:44.173 : epoch:[41/1000], 平均loss: 0.0247
26-04-05 19:45:24.605 : epoch:[42/1000], 平均loss: 0.0246
26-04-05 19:48:05.097 : epoch:[43/1000], 平均loss: 0.0245
26-04-05 19:50:45.636 : epoch:[44/1000], 平均loss: 0.0247
26-04-05 19:53:26.080 : epoch:[45/1000], 平均loss: 0.0247
26-04-05 19:56:06.331 : epoch:[46/1000], 平均loss: 0.0244
26-04-05 19:58:46.552 : epoch:[47/1000], 平均loss: 0.0245
26-04-05 20:01:26.979 : epoch:[48/1000], 平均loss: 0.0244
26-04-05 20:04:07.725 : epoch:[49/1000], 平均loss: 0.0243
26-04-05 20:06:50.287 : epoch:[50/1000], 平均loss: 0.0244
26-04-05 20:10:03.716 : [epoch 50 PSNR: 31.1379 Best: 31.1379]
26-04-05 20:12:46.109 : epoch:[51/1000], 平均loss: 0.0245
26-04-05 20:15:26.281 : epoch:[52/1000], 平均loss: 0.0243
26-04-05 20:18:06.461 : epoch:[53/1000], 平均loss: 0.0243
26-04-05 20:20:46.783 : epoch:[54/1000], 平均loss: 0.0241
26-04-05 20:23:29.220 : epoch:[55/1000], 平均loss: 0.0242
26-04-05 20:26:09.351 : epoch:[56/1000], 平均loss: 0.0245
26-04-05 20:28:51.883 : epoch:[57/1000], 平均loss: 0.0244
26-04-05 20:31:32.033 : epoch:[58/1000], 平均loss: 0.0242
26-04-05 20:34:12.242 : epoch:[59/1000], 平均loss: 0.0243
26-04-05 20:36:52.552 : epoch:[60/1000], 平均loss: 0.0242
26-04-05 20:40:05.465 : [epoch 60 PSNR: 31.1647 Best: 31.1647]
26-04-05 20:42:46.088 : epoch:[61/1000], 平均loss: 0.0243
26-04-05 20:45:28.799 : epoch:[62/1000], 平均loss: 0.0241
26-04-05 20:48:10.973 : epoch:[63/1000], 平均loss: 0.0242
26-04-05 20:50:53.716 : epoch:[64/1000], 平均loss: 0.0242
26-04-05 20:53:36.516 : epoch:[65/1000], 平均loss: 0.0241
26-04-05 20:56:19.158 : epoch:[66/1000], 平均loss: 0.0243
26-04-05 20:59:01.524 : epoch:[67/1000], 平均loss: 0.0241
26-04-05 21:01:42.329 : epoch:[68/1000], 平均loss: 0.0241
26-04-05 21:04:22.364 : epoch:[69/1000], 平均loss: 0.0241
26-04-05 21:07:04.332 : epoch:[70/1000], 平均loss: 0.0241
26-04-05 21:10:18.244 : [epoch 70 PSNR: 31.1846 Best: 31.1846]
26-04-05 21:13:00.727 : epoch:[71/1000], 平均loss: 0.0238
26-04-05 21:15:40.606 : epoch:[72/1000], 平均loss: 0.0241
26-04-05 21:18:20.607 : epoch:[73/1000], 平均loss: 0.0240
26-04-05 21:21:03.014 : epoch:[74/1000], 平均loss: 0.0241
26-04-05 21:23:43.179 : epoch:[75/1000], 平均loss: 0.0241
26-04-05 21:26:23.627 : epoch:[76/1000], 平均loss: 0.0239
26-04-05 21:29:05.081 : epoch:[77/1000], 平均loss: 0.0242
26-04-05 21:31:45.282 : epoch:[78/1000], 平均loss: 0.0241
26-04-05 21:34:30.333 : epoch:[79/1000], 平均loss: 0.0241
26-04-05 21:37:11.260 : epoch:[80/1000], 平均loss: 0.0239
26-04-05 21:40:25.534 : [epoch 80 PSNR: 31.2457 Best: 31.2457]
26-04-05 21:43:07.593 : epoch:[81/1000], 平均loss: 0.0241
26-04-05 21:45:51.078 : epoch:[82/1000], 平均loss: 0.0240
26-04-05 21:48:32.033 : epoch:[83/1000], 平均loss: 0.0239
26-04-05 21:51:12.971 : epoch:[84/1000], 平均loss: 0.0238
26-04-05 21:53:53.287 : epoch:[85/1000], 平均loss: 0.0240
26-04-05 21:56:36.017 : epoch:[86/1000], 平均loss: 0.0241
26-04-05 21:59:16.619 : epoch:[87/1000], 平均loss: 0.0240
26-04-05 22:01:57.668 : epoch:[88/1000], 平均loss: 0.0239
26-04-05 22:04:39.284 : epoch:[89/1000], 平均loss: 0.0242
26-04-05 22:07:20.284 : epoch:[90/1000], 平均loss: 0.0240
26-04-05 22:10:34.069 : [epoch 90 PSNR: 31.2359 Best: 31.2457]
26-04-05 22:13:18.001 : epoch:[91/1000], 平均loss: 0.0238
26-04-05 22:16:01.098 : epoch:[92/1000], 平均loss: 0.0241
26-04-05 22:18:42.072 : epoch:[93/1000], 平均loss: 0.0237
26-04-05 22:21:22.556 : epoch:[94/1000], 平均loss: 0.0239
26-04-05 22:24:03.595 : epoch:[95/1000], 平均loss: 0.0240
26-04-05 22:26:45.082 : epoch:[96/1000], 平均loss: 0.0239
26-04-05 22:29:25.517 : epoch:[97/1000], 平均loss: 0.0241
26-04-05 22:32:06.674 : epoch:[98/1000], 平均loss: 0.0238
26-04-05 22:34:47.969 : epoch:[99/1000], 平均loss: 0.0240
26-04-05 22:37:29.323 : epoch:[100/1000], 平均loss: 0.0241
26-04-05 22:40:43.965 : [epoch 100 PSNR: 31.2589 Best: 31.2589]
26-04-05 22:43:24.725 : epoch:[101/1000], 平均loss: 0.0240
26-04-05 22:46:05.252 : epoch:[102/1000], 平均loss: 0.0238
26-04-05 22:48:48.410 : epoch:[103/1000], 平均loss: 0.0238
26-04-05 22:51:31.048 : epoch:[104/1000], 平均loss: 0.0240
26-04-05 22:54:13.069 : epoch:[105/1000], 平均loss: 0.0239
26-04-05 22:56:55.859 : epoch:[106/1000], 平均loss: 0.0239
26-04-05 22:59:36.158 : epoch:[107/1000], 平均loss: 0.0236
26-04-05 23:02:16.917 : epoch:[108/1000], 平均loss: 0.0238
26-04-05 23:05:00.861 : epoch:[109/1000], 平均loss: 0.0241
26-04-05 23:07:44.059 : epoch:[110/1000], 平均loss: 0.0239
26-04-05 23:10:56.927 : [epoch 110 PSNR: 31.2596 Best: 31.2596]
26-04-05 23:13:38.233 : epoch:[111/1000], 平均loss: 0.0239
26-04-05 23:16:20.547 : epoch:[112/1000], 平均loss: 0.0238
26-04-05 23:19:01.068 : epoch:[113/1000], 平均loss: 0.0239
26-04-05 23:21:41.792 : epoch:[114/1000], 平均loss: 0.0238
26-04-05 23:24:22.340 : epoch:[115/1000], 平均loss: 0.0239
26-04-05 23:27:02.662 : epoch:[116/1000], 平均loss: 0.0239
26-04-05 23:29:42.831 : epoch:[117/1000], 平均loss: 0.0239
26-04-05 23:32:25.801 : epoch:[118/1000], 平均loss: 0.0240
26-04-05 23:35:08.540 : epoch:[119/1000], 平均loss: 0.0238
26-04-05 23:37:50.562 : epoch:[120/1000], 平均loss: 0.0237
26-04-05 23:41:04.839 : [epoch 120 PSNR: 31.3006 Best: 31.3006]
26-04-05 23:43:45.533 : epoch:[121/1000], 平均loss: 0.0238
26-04-05 23:46:25.783 : epoch:[122/1000], 平均loss: 0.0239
26-04-05 23:49:07.814 : epoch:[123/1000], 平均loss: 0.0238
26-04-05 23:51:50.200 : epoch:[124/1000], 平均loss: 0.0238
26-04-05 23:54:32.513 : epoch:[125/1000], 平均loss: 0.0238
26-04-05 23:57:15.312 : epoch:[126/1000], 平均loss: 0.0239
26-04-05 23:59:57.762 : epoch:[127/1000], 平均loss: 0.0237
26-04-06 00:02:38.034 : epoch:[128/1000], 平均loss: 0.0238
26-04-06 00:05:20.674 : epoch:[129/1000], 平均loss: 0.0239
26-04-06 00:08:06.034 : epoch:[130/1000], 平均loss: 0.0237
26-04-06 00:11:22.371 : [epoch 130 PSNR: 31.2957 Best: 31.3006]
26-04-06 00:14:08.212 : epoch:[131/1000], 平均loss: 0.0238
26-04-06 00:16:53.313 : epoch:[132/1000], 平均loss: 0.0237
26-04-06 00:19:38.191 : epoch:[133/1000], 平均loss: 0.0237
26-04-06 00:22:20.717 : epoch:[134/1000], 平均loss: 0.0236
26-04-06 00:25:03.321 : epoch:[135/1000], 平均loss: 0.0238
26-04-06 00:27:45.481 : epoch:[136/1000], 平均loss: 0.0238
26-04-06 00:30:25.148 : epoch:[137/1000], 平均loss: 0.0237
26-04-06 00:33:05.255 : epoch:[138/1000], 平均loss: 0.0238
26-04-06 00:35:45.091 : epoch:[139/1000], 平均loss: 0.0238
26-04-06 00:38:27.299 : epoch:[140/1000], 平均loss: 0.0233
26-04-06 00:41:40.738 : [epoch 140 PSNR: 31.3146 Best: 31.3146]
26-04-06 00:44:21.732 : epoch:[141/1000], 平均loss: 0.0237
26-04-06 00:47:01.215 : epoch:[142/1000], 平均loss: 0.0238
26-04-06 00:49:43.264 : epoch:[143/1000], 平均loss: 0.0236
26-04-06 00:52:25.333 : epoch:[144/1000], 平均loss: 0.0240
26-04-06 00:55:07.593 : epoch:[145/1000], 平均loss: 0.0236
26-04-06 00:57:49.324 : epoch:[146/1000], 平均loss: 0.0239
26-04-06 01:00:29.659 : epoch:[147/1000], 平均loss: 0.0238
26-04-06 01:03:09.627 : epoch:[148/1000], 平均loss: 0.0237
26-04-06 01:05:49.830 : epoch:[149/1000], 平均loss: 0.0235
26-04-06 01:08:29.983 : epoch:[150/1000], 平均loss: 0.0237
26-04-06 01:11:43.365 : [epoch 150 PSNR: 31.3230 Best: 31.3230]
26-04-06 01:14:24.065 : epoch:[151/1000], 平均loss: 0.0237
26-04-06 01:17:03.743 : epoch:[152/1000], 平均loss: 0.0237
26-04-06 01:19:44.252 : epoch:[153/1000], 平均loss: 0.0237
26-04-06 01:22:23.873 : epoch:[154/1000], 平均loss: 0.0235
26-04-06 01:25:04.123 : epoch:[155/1000], 平均loss: 0.0237
26-04-06 01:27:46.334 : epoch:[156/1000], 平均loss: 0.0238
26-04-06 01:30:29.144 : epoch:[157/1000], 平均loss: 0.0236
26-04-06 01:33:09.455 : epoch:[158/1000], 平均loss: 0.0237
26-04-06 01:35:51.109 : epoch:[159/1000], 平均loss: 0.0236
26-04-06 01:38:31.169 : epoch:[160/1000], 平均loss: 0.0237
26-04-06 01:41:43.335 : [epoch 160 PSNR: 31.3229 Best: 31.3230]
26-04-06 01:44:24.784 : epoch:[161/1000], 平均loss: 0.0235
26-04-06 01:47:04.877 : epoch:[162/1000], 平均loss: 0.0237
26-04-06 01:49:45.634 : epoch:[163/1000], 平均loss: 0.0236
26-04-06 01:52:25.840 : epoch:[164/1000], 平均loss: 0.0237
26-04-06 01:55:07.013 : epoch:[165/1000], 平均loss: 0.0236
26-04-06 01:57:47.769 : epoch:[166/1000], 平均loss: 0.0235
26-04-06 02:00:30.035 : epoch:[167/1000], 平均loss: 0.0237
26-04-06 02:03:10.304 : epoch:[168/1000], 平均loss: 0.0239
26-04-06 02:05:50.556 : epoch:[169/1000], 平均loss: 0.0237
26-04-06 02:08:31.677 : epoch:[170/1000], 平均loss: 0.0236
26-04-06 02:11:45.080 : [epoch 170 PSNR: 31.3181 Best: 31.3230]
26-04-06 02:14:27.096 : epoch:[171/1000], 平均loss: 0.0235
26-04-06 02:17:09.258 : epoch:[172/1000], 平均loss: 0.0236
26-04-06 02:19:51.049 : epoch:[173/1000], 平均loss: 0.0236
26-04-06 02:22:33.140 : epoch:[174/1000], 平均loss: 0.0237
26-04-06 02:25:15.589 : epoch:[175/1000], 平均loss: 0.0238
26-04-06 02:27:55.581 : epoch:[176/1000], 平均loss: 0.0239
26-04-06 02:30:35.307 : epoch:[177/1000], 平均loss: 0.0235
26-04-06 02:33:17.535 : epoch:[178/1000], 平均loss: 0.0236
26-04-06 02:35:59.580 : epoch:[179/1000], 平均loss: 0.0236
26-04-06 02:38:41.804 : epoch:[180/1000], 平均loss: 0.0235
26-04-06 02:41:54.586 : [epoch 180 PSNR: 31.3298 Best: 31.3298]
26-04-06 02:44:34.897 : epoch:[181/1000], 平均loss: 0.0236
26-04-06 02:47:14.858 : epoch:[182/1000], 平均loss: 0.0238
26-04-06 02:49:55.026 : epoch:[183/1000], 平均loss: 0.0234
26-04-06 02:52:34.959 : epoch:[184/1000], 平均loss: 0.0236
26-04-06 02:55:14.976 : epoch:[185/1000], 平均loss: 0.0237
26-04-06 02:57:55.573 : epoch:[186/1000], 平均loss: 0.0237
26-04-06 03:00:35.677 : epoch:[187/1000], 平均loss: 0.0238
26-04-06 03:03:15.651 : epoch:[188/1000], 平均loss: 0.0237
26-04-06 03:05:55.293 : epoch:[189/1000], 平均loss: 0.0236
26-04-06 03:08:35.650 : epoch:[190/1000], 平均loss: 0.0239
26-04-06 03:11:48.663 : [epoch 190 PSNR: 31.3369 Best: 31.3369]
26-04-06 03:14:30.505 : epoch:[191/1000], 平均loss: 0.0237
26-04-06 03:17:12.599 : epoch:[192/1000], 平均loss: 0.0237
26-04-06 03:19:55.318 : epoch:[193/1000], 平均loss: 0.0236
26-04-06 03:22:35.175 : epoch:[194/1000], 平均loss: 0.0237
26-04-06 03:25:15.492 : epoch:[195/1000], 平均loss: 0.0237
26-04-06 03:27:57.939 : epoch:[196/1000], 平均loss: 0.0235
26-04-06 03:30:39.594 : epoch:[197/1000], 平均loss: 0.0237
26-04-06 03:33:20.242 : epoch:[198/1000], 平均loss: 0.0237
26-04-06 03:36:02.491 : epoch:[199/1000], 平均loss: 0.0236
26-04-06 03:38:45.169 : epoch:[200/1000], 平均loss: 0.0236
26-04-06 03:41:59.220 : [epoch 200 PSNR: 31.3317 Best: 31.3369]
26-04-06 03:44:39.712 : epoch:[201/1000], 平均loss: 0.0237
26-04-06 03:47:19.497 : epoch:[202/1000], 平均loss: 0.0235
26-04-06 03:49:59.538 : epoch:[203/1000], 平均loss: 0.0238
26-04-06 03:52:41.814 : epoch:[204/1000], 平均loss: 0.0236
26-04-06 03:55:24.036 : epoch:[205/1000], 平均loss: 0.0237
26-04-06 03:58:04.915 : epoch:[206/1000], 平均loss: 0.0237
26-04-06 04:00:47.348 : epoch:[207/1000], 平均loss: 0.0236
26-04-06 04:03:29.896 : epoch:[208/1000], 平均loss: 0.0236
26-04-06 04:06:12.080 : epoch:[209/1000], 平均loss: 0.0236
26-04-06 04:08:52.249 : epoch:[210/1000], 平均loss: 0.0236
26-04-06 04:12:05.669 : [epoch 210 PSNR: 31.3326 Best: 31.3369]
26-04-06 04:14:48.175 : epoch:[211/1000], 平均loss: 0.0237
26-04-06 04:17:30.602 : epoch:[212/1000], 平均loss: 0.0238
26-04-06 04:20:13.423 : epoch:[213/1000], 平均loss: 0.0235
26-04-06 04:22:55.655 : epoch:[214/1000], 平均loss: 0.0236
26-04-06 04:25:36.903 : epoch:[215/1000], 平均loss: 0.0238
26-04-06 04:28:19.208 : epoch:[216/1000], 平均loss: 0.0236
26-04-06 04:31:01.400 : epoch:[217/1000], 平均loss: 0.0235
26-04-06 04:33:43.973 : epoch:[218/1000], 平均loss: 0.0237
26-04-06 04:36:23.823 : epoch:[219/1000], 平均loss: 0.0236
26-04-06 04:39:04.113 : epoch:[220/1000], 平均loss: 0.0236
26-04-06 04:42:17.751 : [epoch 220 PSNR: 31.3427 Best: 31.3427]
26-04-06 04:45:00.417 : epoch:[221/1000], 平均loss: 0.0236
26-04-06 04:47:42.893 : epoch:[222/1000], 平均loss: 0.0236
26-04-06 04:50:24.915 : epoch:[223/1000], 平均loss: 0.0238
26-04-06 04:53:04.830 : epoch:[224/1000], 平均loss: 0.0235
26-04-06 04:55:46.036 : epoch:[225/1000], 平均loss: 0.0234
26-04-06 04:58:29.101 : epoch:[226/1000], 平均loss: 0.0238
26-04-06 05:01:08.896 : epoch:[227/1000], 平均loss: 0.0238
26-04-06 05:03:49.536 : epoch:[228/1000], 平均loss: 0.0237
26-04-06 05:06:30.621 : epoch:[229/1000], 平均loss: 0.0239
26-04-06 05:09:10.612 : epoch:[230/1000], 平均loss: 0.0236
26-04-06 05:12:23.048 : [epoch 230 PSNR: 31.3524 Best: 31.3524]
26-04-06 05:15:05.379 : epoch:[231/1000], 平均loss: 0.0236
26-04-06 05:17:47.402 : epoch:[232/1000], 平均loss: 0.0234
26-04-06 05:20:28.849 : epoch:[233/1000], 平均loss: 0.0236
26-04-06 05:23:11.602 : epoch:[234/1000], 平均loss: 0.0235
26-04-06 05:25:54.271 : epoch:[235/1000], 平均loss: 0.0237
26-04-06 05:28:36.717 : epoch:[236/1000], 平均loss: 0.0236
26-04-06 05:31:20.124 : epoch:[237/1000], 平均loss: 0.0240
26-04-06 05:34:01.777 : epoch:[238/1000], 平均loss: 0.0238
26-04-06 05:36:41.296 : epoch:[239/1000], 平均loss: 0.0234
26-04-06 05:39:21.458 : epoch:[240/1000], 平均loss: 0.0237
26-04-06 05:42:34.720 : [epoch 240 PSNR: 31.3413 Best: 31.3524]
26-04-06 05:45:16.766 : epoch:[241/1000], 平均loss: 0.0237
26-04-06 05:47:58.298 : epoch:[242/1000], 平均loss: 0.0237
26-04-06 05:50:40.806 : epoch:[243/1000], 平均loss: 0.0238
26-04-06 05:53:23.138 : epoch:[244/1000], 平均loss: 0.0235
26-04-06 05:56:05.687 : epoch:[245/1000], 平均loss: 0.0237
26-04-06 05:58:45.634 : epoch:[246/1000], 平均loss: 0.0237
26-04-06 06:01:25.480 : epoch:[247/1000], 平均loss: 0.0234
26-04-06 06:04:07.561 : epoch:[248/1000], 平均loss: 0.0236
26-04-06 06:06:50.047 : epoch:[249/1000], 平均loss: 0.0237
26-04-06 06:09:32.093 : epoch:[250/1000], 平均loss: 0.0237
26-04-06 06:12:45.677 : [epoch 250 PSNR: 31.3507 Best: 31.3524]
26-04-06 06:15:25.793 : epoch:[251/1000], 平均loss: 0.0236
26-04-06 06:18:06.356 : epoch:[252/1000], 平均loss: 0.0235
26-04-06 06:20:46.745 : epoch:[253/1000], 平均loss: 0.0236
26-04-06 06:23:26.862 : epoch:[254/1000], 平均loss: 0.0235
26-04-06 06:26:09.228 : epoch:[255/1000], 平均loss: 0.0236
26-04-06 06:28:49.589 : epoch:[256/1000], 平均loss: 0.0237
26-04-06 06:31:29.719 : epoch:[257/1000], 平均loss: 0.0236
26-04-06 06:34:13.101 : epoch:[258/1000], 平均loss: 0.0236
26-04-06 06:36:56.897 : epoch:[259/1000], 平均loss: 0.0236
26-04-06 06:39:36.556 : epoch:[260/1000], 平均loss: 0.0240
26-04-06 06:42:49.188 : [epoch 260 PSNR: 31.3485 Best: 31.3524]
26-04-06 06:45:31.645 : epoch:[261/1000], 平均loss: 0.0238
26-04-06 06:48:13.689 : epoch:[262/1000], 平均loss: 0.0236
26-04-06 06:50:55.659 : epoch:[263/1000], 平均loss: 0.0237
26-04-06 06:53:38.161 : epoch:[264/1000], 平均loss: 0.0237
26-04-06 06:56:20.040 : epoch:[265/1000], 平均loss: 0.0238
26-04-06 06:59:00.526 : epoch:[266/1000], 平均loss: 0.0236
26-04-06 07:01:40.894 : epoch:[267/1000], 平均loss: 0.0235
26-04-06 07:04:21.525 : epoch:[268/1000], 平均loss: 0.0235
26-04-06 07:07:01.705 : epoch:[269/1000], 平均loss: 0.0236
26-04-06 07:09:42.216 : epoch:[270/1000], 平均loss: 0.0236
26-04-06 07:12:55.353 : [epoch 270 PSNR: 31.3508 Best: 31.3524]
26-04-06 07:15:37.772 : epoch:[271/1000], 平均loss: 0.0237
26-04-06 07:18:19.972 : epoch:[272/1000], 平均loss: 0.0234
26-04-06 07:21:02.450 : epoch:[273/1000], 平均loss: 0.0235
26-04-06 07:23:44.272 : epoch:[274/1000], 平均loss: 0.0237
26-04-06 07:26:25.185 : epoch:[275/1000], 平均loss: 0.0237
26-04-06 07:29:08.603 : epoch:[276/1000], 平均loss: 0.0236
26-04-06 07:31:51.311 : epoch:[277/1000], 平均loss: 0.0235
26-04-06 07:34:33.689 : epoch:[278/1000], 平均loss: 0.0235
26-04-06 07:37:13.677 : epoch:[279/1000], 平均loss: 0.0237
26-04-06 07:39:55.463 : epoch:[280/1000], 平均loss: 0.0236
26-04-06 07:43:09.317 : [epoch 280 PSNR: 31.3473 Best: 31.3524]
26-04-06 07:45:49.368 : epoch:[281/1000], 平均loss: 0.0236
26-04-06 07:48:29.869 : epoch:[282/1000], 平均loss: 0.0236
26-04-06 07:51:09.491 : epoch:[283/1000], 平均loss: 0.0238
26-04-06 07:53:50.102 : epoch:[284/1000], 平均loss: 0.0239
26-04-06 07:56:30.323 : epoch:[285/1000], 平均loss: 0.0236
26-04-06 07:59:10.017 : epoch:[286/1000], 平均loss: 0.0235
26-04-06 08:01:50.052 : epoch:[287/1000], 平均loss: 0.0237
26-04-06 08:04:30.628 : epoch:[288/1000], 平均loss: 0.0235
26-04-06 08:07:10.903 : epoch:[289/1000], 平均loss: 0.0238
26-04-06 08:09:50.820 : epoch:[290/1000], 平均loss: 0.0237
26-04-06 08:13:03.647 : [epoch 290 PSNR: 31.3494 Best: 31.3524]
26-04-06 08:15:46.477 : epoch:[291/1000], 平均loss: 0.0237
26-04-06 08:18:27.954 : epoch:[292/1000], 平均loss: 0.0236
26-04-06 08:21:07.845 : epoch:[293/1000], 平均loss: 0.0234
26-04-06 08:23:48.678 : epoch:[294/1000], 平均loss: 0.0236
26-04-06 08:26:30.753 : epoch:[295/1000], 平均loss: 0.0236
26-04-06 08:29:10.807 : epoch:[296/1000], 平均loss: 0.0238
26-04-06 08:31:53.800 : epoch:[297/1000], 平均loss: 0.0237
26-04-06 08:34:36.317 : epoch:[298/1000], 平均loss: 0.0236
26-04-06 08:37:16.198 : epoch:[299/1000], 平均loss: 0.0237
26-04-06 08:39:56.821 : epoch:[300/1000], 平均loss: 0.0235
26-04-06 08:43:10.627 : [epoch 300 PSNR: 31.3498 Best: 31.3524]
26-04-06 08:45:52.521 : epoch:[301/1000], 平均loss: 0.0238
26-04-06 08:48:32.491 : epoch:[302/1000], 平均loss: 0.0235
26-04-06 08:51:12.638 : epoch:[303/1000], 平均loss: 0.0235
26-04-06 08:53:53.014 : epoch:[304/1000], 平均loss: 0.0238
26-04-06 08:56:33.603 : epoch:[305/1000], 平均loss: 0.0236
26-04-06 08:59:15.941 : epoch:[306/1000], 平均loss: 0.0233
26-04-06 09:01:58.069 : epoch:[307/1000], 平均loss: 0.0236
26-04-06 09:04:40.235 : epoch:[308/1000], 平均loss: 0.0237
26-04-06 09:07:22.662 : epoch:[309/1000], 平均loss: 0.0236
26-04-06 09:10:05.064 : epoch:[310/1000], 平均loss: 0.0235
26-04-06 09:13:17.979 : [epoch 310 PSNR: 31.3480 Best: 31.3524]
26-04-06 09:16:01.675 : epoch:[311/1000], 平均loss: 0.0238
26-04-06 09:18:42.087 : epoch:[312/1000], 平均loss: 0.0236
26-04-06 09:21:22.067 : epoch:[313/1000], 平均loss: 0.0235
26-04-06 09:24:02.667 : epoch:[314/1000], 平均loss: 0.0236
26-04-06 09:26:45.078 : epoch:[315/1000], 平均loss: 0.0236
26-04-06 09:29:28.059 : epoch:[316/1000], 平均loss: 0.0235
26-04-06 09:32:10.474 : epoch:[317/1000], 平均loss: 0.0236
26-04-06 09:34:53.323 : epoch:[318/1000], 平均loss: 0.0236
26-04-06 09:37:35.990 : epoch:[319/1000], 平均loss: 0.0234
26-04-06 09:40:15.854 : epoch:[320/1000], 平均loss: 0.0237
26-04-06 09:43:29.288 : [epoch 320 PSNR: 31.3494 Best: 31.3524]
26-04-06 09:46:11.917 : epoch:[321/1000], 平均loss: 0.0237
26-04-06 09:48:53.799 : epoch:[322/1000], 平均loss: 0.0236
26-04-06 09:51:36.626 : epoch:[323/1000], 平均loss: 0.0237
26-04-06 09:54:19.376 : epoch:[324/1000], 平均loss: 0.0235
26-04-06 09:57:00.711 : epoch:[325/1000], 平均loss: 0.0239
26-04-06 09:59:40.616 : epoch:[326/1000], 平均loss: 0.0235
26-04-06 10:02:20.881 : epoch:[327/1000], 平均loss: 0.0234
26-04-06 10:05:00.687 : epoch:[328/1000], 平均loss: 0.0236
26-04-06 10:07:42.951 : epoch:[329/1000], 平均loss: 0.0237
26-04-06 10:10:25.448 : epoch:[330/1000], 平均loss: 0.0236
26-04-06 10:13:38.378 : [epoch 330 PSNR: 31.3480 Best: 31.3524]
26-04-06 10:13:38.529 : 总训练时间: 16.57小时
