26-05-07 10:42:57.105 :   task: train
  gpu_ids: [0]
  log_path: ./log
  model_save: ./model_save
  pretained_path:[
    index: False
    path: ./model_save/model_best1.pth
  ]
  batch_size: 4
  nc: [16, 1]
  patch_size: [128, 128]
  stride_size: [16, 16]
  atoms: 50
  d_size: 3
  max_epoch: 1000
  stage: 3
  lr: 0.0001
  loss_function_index: 1
  n_channels: 1
  train:[
    sigma: [0]
    dataroot_H: ./dataset/gray_train_all
    H_size: 128
    n_channels: 1
  ]
  valid:[
    sigma: [0]
    dataroot_H: ./dataset/gray_valid_all
    n_channels: 1
  ]
  opt_path: ./options/train_options.json
  is_train: True
  scale: 1

26-05-07 10:42:58.142 : Number of parameter: 3.26M
26-05-07 10:42:58.142 : start training...
26-05-07 10:45:34.641 : epoch:[1/1000], 平均loss: 0.0314
26-05-07 10:48:11.168 : epoch:[2/1000], 平均loss: 0.0034
26-05-07 10:50:47.630 : epoch:[3/1000], 平均loss: 0.0023
26-05-07 10:53:24.170 : epoch:[4/1000], 平均loss: 0.0017
26-05-07 10:55:59.794 : epoch:[5/1000], 平均loss: 0.0016
26-05-07 11:11:17.215 : 保存最佳模型，PSNR: 34.3072
26-05-07 11:11:17.216 : [epoch 5 PSNR: 34.3072 Best_PSNR: 34.3072 (epoch 5)]
26-05-07 11:11:17.216 : Test metrics - Loss: 0.0021, SSIM: 0.9995, 有效batch数: 240
26-05-07 11:13:51.371 : epoch:[6/1000], 平均loss: 0.0014
26-05-07 11:16:25.414 : epoch:[7/1000], 平均loss: 0.0012
26-05-07 11:18:58.998 : epoch:[8/1000], 平均loss: 0.0013
26-05-07 11:21:32.241 : epoch:[9/1000], 平均loss: 0.0010
26-05-07 11:24:05.620 : epoch:[10/1000], 平均loss: 0.0008
26-05-07 11:39:27.624 : 保存最佳模型，PSNR: 34.3452
26-05-07 11:39:27.624 : [epoch 10 PSNR: 34.3452 Best_PSNR: 34.3452 (epoch 10)]
26-05-07 11:39:27.624 : Test metrics - Loss: 0.0017, SSIM: 0.9998, 有效batch数: 240
26-05-07 11:39:27.821 : 保存检查点: model_epoch_10.pth
26-05-07 11:42:02.506 : epoch:[11/1000], 平均loss: 0.0008
26-05-07 11:44:37.378 : epoch:[12/1000], 平均loss: 0.0007
26-05-07 11:47:11.491 : epoch:[13/1000], 平均loss: 0.0007
26-05-07 11:49:45.970 : epoch:[14/1000], 平均loss: 0.0006
26-05-07 11:52:21.115 : epoch:[15/1000], 平均loss: 0.0007
26-05-07 12:07:36.833 : 保存最佳模型，PSNR: 34.3481
26-05-07 12:07:36.833 : [epoch 15 PSNR: 34.3481 Best_PSNR: 34.3481 (epoch 15)]
26-05-07 12:07:36.833 : Test metrics - Loss: 0.0014, SSIM: 0.9998, 有效batch数: 240
26-05-07 12:10:12.063 : epoch:[16/1000], 平均loss: 0.0007
26-05-07 12:12:47.019 : epoch:[17/1000], 平均loss: 0.0006
26-05-07 12:15:22.078 : epoch:[18/1000], 平均loss: 0.0006
26-05-07 12:17:57.359 : epoch:[19/1000], 平均loss: 0.0004
26-05-07 12:20:32.637 : epoch:[20/1000], 平均loss: 0.0004
26-05-07 12:35:50.491 : 保存最佳模型，PSNR: 34.3487
26-05-07 12:35:50.491 : [epoch 20 PSNR: 34.3487 Best_PSNR: 34.3487 (epoch 20)]
26-05-07 12:35:50.492 : Test metrics - Loss: 0.0016, SSIM: 0.9998, 有效batch数: 240
26-05-07 12:35:50.692 : 保存检查点: model_epoch_20.pth
26-05-07 12:38:25.900 : epoch:[21/1000], 平均loss: 0.0004
26-05-07 12:41:01.071 : epoch:[22/1000], 平均loss: 0.0004
26-05-07 12:43:36.038 : epoch:[23/1000], 平均loss: 0.0005
26-05-07 12:46:10.925 : epoch:[24/1000], 平均loss: 0.0004
26-05-07 12:48:45.828 : epoch:[25/1000], 平均loss: 0.0004
26-05-07 13:04:04.319 : 保存最佳模型，PSNR: 34.3489
26-05-07 13:04:04.320 : [epoch 25 PSNR: 34.3489 Best_PSNR: 34.3489 (epoch 25)]
26-05-07 13:04:04.320 : Test metrics - Loss: 0.0013, SSIM: 0.9998, 有效batch数: 240
26-05-07 13:06:40.017 : epoch:[26/1000], 平均loss: 0.0003
26-05-07 13:09:15.227 : epoch:[27/1000], 平均loss: 0.0003
26-05-07 13:11:50.179 : epoch:[28/1000], 平均loss: 0.0003
26-05-07 13:14:25.068 : epoch:[29/1000], 平均loss: 0.0003
26-05-07 13:17:00.652 : epoch:[30/1000], 平均loss: 0.0003
26-05-07 13:32:22.202 : 保存最佳模型，PSNR: 34.3490
26-05-07 13:32:22.203 : [epoch 30 PSNR: 34.3490 Best_PSNR: 34.3490 (epoch 30)]
26-05-07 13:32:22.203 : Test metrics - Loss: 0.0014, SSIM: 0.9998, 有效batch数: 240
26-05-07 13:32:22.405 : 保存检查点: model_epoch_30.pth
26-05-07 13:34:59.124 : epoch:[31/1000], 平均loss: 0.0003
26-05-07 13:37:36.515 : epoch:[32/1000], 平均loss: 0.0003
26-05-07 13:40:16.806 : epoch:[33/1000], 平均loss: 0.0003
26-05-07 13:42:53.555 : epoch:[34/1000], 平均loss: 0.0003
26-05-07 13:45:30.725 : epoch:[35/1000], 平均loss: 0.0002
26-05-07 14:00:51.982 : [epoch 35 PSNR: 34.3490 Best_PSNR: 34.3490 (epoch 30)]
26-05-07 14:00:51.982 : Test metrics - Loss: 0.0014, SSIM: 0.9998, 有效batch数: 240
26-05-07 14:03:28.575 : epoch:[36/1000], 平均loss: 0.0003
26-05-07 14:06:04.863 : epoch:[37/1000], 平均loss: 0.0002
26-05-07 14:08:41.145 : epoch:[38/1000], 平均loss: 0.0002
26-05-07 14:11:17.592 : epoch:[39/1000], 平均loss: 0.0002
26-05-07 14:13:54.460 : epoch:[40/1000], 平均loss: 0.0002
