26-03-23 15:13:08.575 :   task: train
  gpu_ids: [0]
  log_path: ./log
  model_save: ./model_save
  pretained_path:[
    index: False
    path: ./model_save/model_best1.pth
  ]
  batch_size: 4
  nc: [16, 1]
  patch_size: [128, 128]
  stride_size: [16, 16]
  atoms: 50
  d_size: 3
  max_epoch: 1000
  stage: 3
  lr: 0.0001
  loss_function_index: 1
  n_channels: 1
  train:[
    sigma: [15, 50]
    dataroot_H: ./dataset/gray_train_all
    H_size: 128
    n_channels: 1
  ]
  valid:[
    sigma: [15, 25, 50]
    dataroot_H: ./dataset/gray_test
    n_channels: 1
  ]
  opt_path: ./options/train_options.json
  is_train: True
  scale: 1

26-03-23 15:13:08.584 : 训练集大小: 1120
26-03-23 15:13:08.584 : 验证集数量: 720 (每个 sigma 一个 Dataset)
26-03-23 15:13:09.603 : Number of parameter: 3.27M
26-03-23 15:13:09.604 : start training...
26-03-23 15:16:01.453 : epoch:[1/1000], 平均loss: 0.0512
26-03-23 15:18:51.973 : epoch:[2/1000], 平均loss: 0.0375
26-03-23 15:21:42.317 : epoch:[3/1000], 平均loss: 0.0360
26-03-23 15:24:32.657 : epoch:[4/1000], 平均loss: 0.0336
26-03-23 15:27:23.642 : epoch:[5/1000], 平均loss: 0.0316
26-03-23 15:30:14.345 : epoch:[6/1000], 平均loss: 0.0303
26-03-23 15:33:04.569 : epoch:[7/1000], 平均loss: 0.0295
26-03-23 15:35:53.965 : epoch:[8/1000], 平均loss: 0.0287
26-03-23 15:38:43.579 : epoch:[9/1000], 平均loss: 0.0282
26-03-23 15:41:32.295 : epoch:[10/1000], 平均loss: 0.0278
26-03-23 15:44:53.486 : [epoch 10 PSNR: 30.0766 Best: 30.0766]
26-03-23 15:47:43.173 : epoch:[11/1000], 平均loss: 0.0274
26-03-23 15:50:33.253 : epoch:[12/1000], 平均loss: 0.0271
26-03-23 15:53:23.166 : epoch:[13/1000], 平均loss: 0.0272
26-03-23 15:56:12.373 : epoch:[14/1000], 平均loss: 0.0271
26-03-23 15:59:02.084 : epoch:[15/1000], 平均loss: 0.0265
26-03-23 16:01:51.684 : epoch:[16/1000], 平均loss: 0.0265
26-03-23 16:04:41.189 : epoch:[17/1000], 平均loss: 0.0267
26-03-23 16:07:29.871 : epoch:[18/1000], 平均loss: 0.0262
26-03-23 16:10:18.343 : epoch:[19/1000], 平均loss: 0.0258
26-03-23 16:13:07.975 : epoch:[20/1000], 平均loss: 0.0259
26-03-23 16:16:28.516 : [epoch 20 PSNR: 30.6662 Best: 30.6662]
26-03-23 16:19:17.656 : epoch:[21/1000], 平均loss: 0.0256
26-03-23 16:22:08.844 : epoch:[22/1000], 平均loss: 0.0258
26-03-23 16:25:03.344 : epoch:[23/1000], 平均loss: 0.0256
26-03-23 16:27:51.952 : epoch:[24/1000], 平均loss: 0.0256
26-03-23 16:30:41.267 : epoch:[25/1000], 平均loss: 0.0259
26-03-23 16:33:29.621 : epoch:[26/1000], 平均loss: 0.0256
26-03-23 16:36:18.831 : epoch:[27/1000], 平均loss: 0.0255
26-03-23 16:39:08.464 : epoch:[28/1000], 平均loss: 0.0253
26-03-23 16:41:58.112 : epoch:[29/1000], 平均loss: 0.0250
26-03-23 16:44:47.570 : epoch:[30/1000], 平均loss: 0.0252
26-03-23 16:48:08.742 : [epoch 30 PSNR: 30.9222 Best: 30.9222]
26-03-23 16:50:58.106 : epoch:[31/1000], 平均loss: 0.0251
26-03-23 16:53:46.643 : epoch:[32/1000], 平均loss: 0.0251
26-03-23 16:56:34.818 : epoch:[33/1000], 平均loss: 0.0249
26-03-23 16:59:22.543 : epoch:[34/1000], 平均loss: 0.0250
26-03-23 17:02:12.321 : epoch:[35/1000], 平均loss: 0.0249
26-03-23 17:05:00.472 : epoch:[36/1000], 平均loss: 0.0250
26-03-23 17:07:47.663 : epoch:[37/1000], 平均loss: 0.0249
26-03-23 17:10:35.227 : epoch:[38/1000], 平均loss: 0.0247
26-03-23 17:13:21.729 : epoch:[39/1000], 平均loss: 0.0249
26-03-23 17:16:09.318 : epoch:[40/1000], 平均loss: 0.0247
26-03-23 17:19:29.545 : [epoch 40 PSNR: 31.0012 Best: 31.0012]
26-03-23 17:22:18.376 : epoch:[41/1000], 平均loss: 0.0246
26-03-23 17:25:06.453 : epoch:[42/1000], 平均loss: 0.0249
26-03-23 17:27:54.049 : epoch:[43/1000], 平均loss: 0.0246
26-03-23 17:30:41.506 : epoch:[44/1000], 平均loss: 0.0246
26-03-23 17:33:30.000 : epoch:[45/1000], 平均loss: 0.0246
26-03-23 17:36:17.215 : epoch:[46/1000], 平均loss: 0.0246
26-03-23 17:39:04.735 : epoch:[47/1000], 平均loss: 0.0243
26-03-23 17:41:51.980 : epoch:[48/1000], 平均loss: 0.0243
26-03-23 17:44:39.502 : epoch:[49/1000], 平均loss: 0.0241
26-03-23 17:47:28.844 : epoch:[50/1000], 平均loss: 0.0244
26-03-23 17:50:48.452 : [epoch 50 PSNR: 31.0691 Best: 31.0691]
26-03-23 17:53:38.096 : epoch:[51/1000], 平均loss: 0.0243
26-03-23 17:56:29.025 : epoch:[52/1000], 平均loss: 0.0243
26-03-23 17:59:18.890 : epoch:[53/1000], 平均loss: 0.0243
26-03-23 18:02:09.981 : epoch:[54/1000], 平均loss: 0.0242
26-03-23 18:04:59.543 : epoch:[55/1000], 平均loss: 0.0245
26-03-23 18:07:50.395 : epoch:[56/1000], 平均loss: 0.0242
26-03-23 18:10:41.214 : epoch:[57/1000], 平均loss: 0.0243
26-03-23 18:13:31.167 : epoch:[58/1000], 平均loss: 0.0242
26-03-23 18:16:21.053 : epoch:[59/1000], 平均loss: 0.0242
26-03-23 18:19:10.360 : epoch:[60/1000], 平均loss: 0.0242
26-03-23 18:22:32.487 : [epoch 60 PSNR: 31.1313 Best: 31.1313]
26-03-23 18:25:24.536 : epoch:[61/1000], 平均loss: 0.0243
26-03-23 18:28:14.401 : epoch:[62/1000], 平均loss: 0.0241
26-03-23 18:31:04.116 : epoch:[63/1000], 平均loss: 0.0243
26-03-23 18:33:54.100 : epoch:[64/1000], 平均loss: 0.0243
26-03-23 18:36:43.290 : epoch:[65/1000], 平均loss: 0.0242
26-03-23 18:39:31.908 : epoch:[66/1000], 平均loss: 0.0241
26-03-23 18:42:21.751 : epoch:[67/1000], 平均loss: 0.0242
26-03-23 18:45:13.459 : epoch:[68/1000], 平均loss: 0.0242
26-03-23 18:48:02.891 : epoch:[69/1000], 平均loss: 0.0243
26-03-23 18:50:54.815 : epoch:[70/1000], 平均loss: 0.0241
26-03-23 18:54:16.304 : [epoch 70 PSNR: 31.2054 Best: 31.2054]
26-03-23 18:57:07.768 : epoch:[71/1000], 平均loss: 0.0240
26-03-23 18:59:57.756 : epoch:[72/1000], 平均loss: 0.0240
26-03-23 19:02:46.660 : epoch:[73/1000], 平均loss: 0.0240
26-03-23 19:05:34.550 : epoch:[74/1000], 平均loss: 0.0240
26-03-23 19:08:18.931 : epoch:[75/1000], 平均loss: 0.0238
26-03-23 19:11:03.493 : epoch:[76/1000], 平均loss: 0.0239
26-03-23 19:13:47.309 : epoch:[77/1000], 平均loss: 0.0243
26-03-23 19:16:31.939 : epoch:[78/1000], 平均loss: 0.0242
26-03-23 19:19:16.897 : epoch:[79/1000], 平均loss: 0.0239
26-03-23 19:22:03.796 : epoch:[80/1000], 平均loss: 0.0239
26-03-23 19:25:24.847 : [epoch 80 PSNR: 31.2114 Best: 31.2114]
