26-04-19 23:11:54.730 :   task: train
  gpu_ids: [0]
  log_path: ./log
  model_save: ./model_save
  pretained_path:[
    index: False
    path: ./model_save/model_best1.pth
  ]
  batch_size: 4
  nc: [16, 1]
  patch_size: [128, 128]
  stride_size: [16, 16]
  atoms: 50
  d_size: 3
  max_epoch: 1000
  stage: 3
  lr: 0.0001
  loss_function_index: 1
  n_channels: 1
  train:[
    sigma: [0]
    dataroot_H: ./dataset/gray_train_all
    H_size: 128
    n_channels: 1
  ]
  valid:[
    sigma: [0]
    dataroot_H: ./dataset/gray_test
    n_channels: 1
  ]
  opt_path: ./options/train_options.json
  is_train: True
  scale: 1

26-04-19 23:11:54.746 : 训练集大小: 1120
26-04-19 23:11:54.746 : 验证集数量: 240 (每个 sigma 一个 Dataset)
26-04-19 23:11:55.835 : Number of parameter: 3.26M
26-04-19 23:11:55.835 : start training...
26-04-19 23:14:36.476 : epoch:[1/1000], 平均loss: 0.2445
26-04-19 23:17:15.942 : epoch:[2/1000], 平均loss: 0.0051
26-04-19 23:19:53.915 : epoch:[3/1000], 平均loss: 0.0031
26-04-19 23:22:32.050 : epoch:[4/1000], 平均loss: 0.0024
26-04-19 23:25:10.035 : epoch:[5/1000], 平均loss: 0.0021
26-04-19 23:27:48.121 : epoch:[6/1000], 平均loss: 0.0016
26-04-19 23:30:26.229 : epoch:[7/1000], 平均loss: 0.0015
26-04-19 23:33:04.646 : epoch:[8/1000], 平均loss: 0.0016
26-04-19 23:35:43.305 : epoch:[9/1000], 平均loss: 0.0013
26-04-19 23:38:21.431 : epoch:[10/1000], 平均loss: 0.0010
26-04-19 23:39:12.908 : [epoch 10 PSNR: 59.5516 Best: 59.5516]
26-04-19 23:41:51.305 : epoch:[11/1000], 平均loss: 0.0009
26-04-19 23:44:29.563 : epoch:[12/1000], 平均loss: 0.0009
26-04-19 23:47:07.838 : epoch:[13/1000], 平均loss: 0.0008
26-04-19 23:49:46.846 : epoch:[14/1000], 平均loss: 0.0007
26-04-19 23:52:24.915 : epoch:[15/1000], 平均loss: 0.0007
26-04-19 23:55:02.979 : epoch:[16/1000], 平均loss: 0.0008
26-04-19 23:57:41.415 : epoch:[17/1000], 平均loss: 0.0007
26-04-20 00:00:19.515 : epoch:[18/1000], 平均loss: 0.0008
26-04-20 00:02:57.473 : epoch:[19/1000], 平均loss: 0.0005
26-04-20 00:05:35.728 : epoch:[20/1000], 平均loss: 0.0005
26-04-20 00:06:27.120 : [epoch 20 PSNR: 64.4220 Best: 64.4220]
26-04-20 00:09:11.768 : epoch:[21/1000], 平均loss: 0.0005
26-04-20 00:11:59.662 : epoch:[22/1000], 平均loss: 0.0005
26-04-20 00:14:46.161 : epoch:[23/1000], 平均loss: 0.0005
26-04-20 00:17:34.230 : epoch:[24/1000], 平均loss: 0.0004
26-04-20 00:20:22.803 : epoch:[25/1000], 平均loss: 0.0004
26-04-20 00:23:09.104 : epoch:[26/1000], 平均loss: 0.0004
26-04-20 00:25:57.138 : epoch:[27/1000], 平均loss: 0.0004
26-04-20 00:28:45.323 : epoch:[28/1000], 平均loss: 0.0003
26-04-20 00:31:33.040 : epoch:[29/1000], 平均loss: 0.0004
26-04-20 00:34:21.686 : epoch:[30/1000], 平均loss: 0.0003
26-04-20 00:35:15.266 : [epoch 30 PSNR: 68.0067 Best: 68.0067]
26-04-20 00:38:01.967 : epoch:[31/1000], 平均loss: 0.0003
26-04-20 00:40:47.863 : epoch:[32/1000], 平均loss: 0.0003
26-04-20 00:43:33.916 : epoch:[33/1000], 平均loss: 0.0003
26-04-20 00:46:19.761 : epoch:[34/1000], 平均loss: 0.0003
26-04-20 00:49:05.460 : epoch:[35/1000], 平均loss: 0.0003
26-04-20 00:51:51.504 : epoch:[36/1000], 平均loss: 0.0003
26-04-20 00:54:39.937 : epoch:[37/1000], 平均loss: 0.0003
26-04-20 00:57:28.033 : epoch:[38/1000], 平均loss: 0.0003
26-04-20 01:00:16.234 : epoch:[39/1000], 平均loss: 0.0003
26-04-20 01:03:02.265 : epoch:[40/1000], 平均loss: 0.0003
26-04-20 01:03:55.863 : [epoch 40 PSNR: 69.1009 Best: 69.1009]
26-04-20 01:06:42.036 : epoch:[41/1000], 平均loss: 0.0002
26-04-20 01:09:28.370 : epoch:[42/1000], 平均loss: 0.0002
26-04-20 01:12:14.384 : epoch:[43/1000], 平均loss: 0.0002
26-04-20 01:15:00.519 : epoch:[44/1000], 平均loss: 0.0003
26-04-20 01:17:46.623 : epoch:[45/1000], 平均loss: 0.0002
26-04-20 01:20:32.639 : epoch:[46/1000], 平均loss: 0.0002
26-04-20 01:23:18.611 : epoch:[47/1000], 平均loss: 0.0002
26-04-20 01:26:07.114 : epoch:[48/1000], 平均loss: 0.0002
26-04-20 01:28:55.135 : epoch:[49/1000], 平均loss: 0.0002
26-04-20 01:31:43.698 : epoch:[50/1000], 平均loss: 0.0002
26-04-20 01:32:37.202 : [epoch 50 PSNR: 70.8444 Best: 70.8444]
26-04-20 01:35:25.176 : epoch:[51/1000], 平均loss: 0.0002
26-04-20 01:38:11.508 : epoch:[52/1000], 平均loss: 0.0002
26-04-20 01:40:57.710 : epoch:[53/1000], 平均loss: 0.0002
26-04-20 01:43:44.257 : epoch:[54/1000], 平均loss: 0.0002
26-04-20 01:46:33.048 : epoch:[55/1000], 平均loss: 0.0002
26-04-20 01:49:21.846 : epoch:[56/1000], 平均loss: 0.0002
26-04-20 01:52:15.270 : epoch:[57/1000], 平均loss: 0.0002
26-04-20 01:55:03.337 : epoch:[58/1000], 平均loss: 0.0002
26-04-20 01:57:51.951 : epoch:[59/1000], 平均loss: 0.0002
26-04-20 02:00:40.236 : epoch:[60/1000], 平均loss: 0.0002
26-04-20 02:01:33.928 : [epoch 60 PSNR: 71.9819 Best: 71.9819]
26-04-20 02:04:21.657 : epoch:[61/1000], 平均loss: 0.0002
26-04-20 02:07:10.446 : epoch:[62/1000], 平均loss: 0.0002
26-04-20 02:09:56.771 : epoch:[63/1000], 平均loss: 0.0002
26-04-20 02:12:45.266 : epoch:[64/1000], 平均loss: 0.0002
26-04-20 02:15:33.422 : epoch:[65/1000], 平均loss: 0.0002
26-04-20 02:18:19.648 : epoch:[66/1000], 平均loss: 0.0002
26-04-20 02:21:06.982 : epoch:[67/1000], 平均loss: 0.0002
26-04-20 02:23:53.364 : epoch:[68/1000], 平均loss: 0.0002
26-04-20 02:26:41.661 : epoch:[69/1000], 平均loss: 0.0002
26-04-20 02:29:30.273 : epoch:[70/1000], 平均loss: 0.0002
26-04-20 02:30:23.917 : [epoch 70 PSNR: 72.0559 Best: 72.0559]
26-04-20 02:33:10.156 : epoch:[71/1000], 平均loss: 0.0002
26-04-20 02:35:56.537 : epoch:[72/1000], 平均loss: 0.0002
26-04-20 02:38:45.794 : epoch:[73/1000], 平均loss: 0.0002
26-04-20 02:41:32.031 : epoch:[74/1000], 平均loss: 0.0002
26-04-20 02:44:20.415 : epoch:[75/1000], 平均loss: 0.0002
26-04-20 02:47:08.533 : epoch:[76/1000], 平均loss: 0.0002
26-04-20 02:49:56.915 : epoch:[77/1000], 平均loss: 0.0002
26-04-20 02:52:43.216 : epoch:[78/1000], 平均loss: 0.0002
26-04-20 02:55:31.784 : epoch:[79/1000], 平均loss: 0.0002
26-04-20 02:58:20.101 : epoch:[80/1000], 平均loss: 0.0002
26-04-20 02:59:13.780 : [epoch 80 PSNR: 73.5256 Best: 73.5256]
26-04-20 03:02:02.194 : epoch:[81/1000], 平均loss: 0.0002
26-04-20 03:04:50.061 : epoch:[82/1000], 平均loss: 0.0002
26-04-20 03:07:39.260 : epoch:[83/1000], 平均loss: 0.0002
26-04-20 03:10:25.571 : epoch:[84/1000], 平均loss: 0.0002
26-04-20 03:13:12.129 : epoch:[85/1000], 平均loss: 0.0002
26-04-20 03:16:00.688 : epoch:[86/1000], 平均loss: 0.0002
26-04-20 03:18:46.693 : epoch:[87/1000], 平均loss: 0.0002
26-04-20 03:21:33.131 : epoch:[88/1000], 平均loss: 0.0002
26-04-20 03:24:19.468 : epoch:[89/1000], 平均loss: 0.0002
26-04-20 03:27:07.857 : epoch:[90/1000], 平均loss: 0.0001
26-04-20 03:28:01.477 : [epoch 90 PSNR: 74.3287 Best: 74.3287]
26-04-20 03:30:49.980 : epoch:[91/1000], 平均loss: 0.0002
26-04-20 03:33:35.906 : epoch:[92/1000], 平均loss: 0.0001
26-04-20 03:36:22.017 : epoch:[93/1000], 平均loss: 0.0001
26-04-20 03:39:11.410 : epoch:[94/1000], 平均loss: 0.0001
26-04-20 03:41:57.591 : epoch:[95/1000], 平均loss: 0.0001
26-04-20 03:44:44.384 : epoch:[96/1000], 平均loss: 0.0001
26-04-20 03:47:32.780 : epoch:[97/1000], 平均loss: 0.0001
26-04-20 03:50:25.449 : epoch:[98/1000], 平均loss: 0.0001
26-04-20 03:53:11.544 : epoch:[99/1000], 平均loss: 0.0001
26-04-20 03:55:59.769 : epoch:[100/1000], 平均loss: 0.0001
26-04-20 03:56:53.516 : [epoch 100 PSNR: 74.7211 Best: 74.7211]
26-04-20 03:59:41.411 : epoch:[101/1000], 平均loss: 0.0001
26-04-20 04:02:27.205 : epoch:[102/1000], 平均loss: 0.0001
26-04-20 04:05:13.503 : epoch:[103/1000], 平均loss: 0.0001
26-04-20 04:08:02.676 : epoch:[104/1000], 平均loss: 0.0001
26-04-20 04:10:50.594 : epoch:[105/1000], 平均loss: 0.0001
26-04-20 04:13:38.982 : epoch:[106/1000], 平均loss: 0.0001
26-04-20 04:16:27.213 : epoch:[107/1000], 平均loss: 0.0001
26-04-20 04:19:14.834 : epoch:[108/1000], 平均loss: 0.0001
26-04-20 04:22:03.111 : epoch:[109/1000], 平均loss: 0.0001
26-04-20 04:24:51.303 : epoch:[110/1000], 平均loss: 0.0001
26-04-20 04:25:44.868 : [epoch 110 PSNR: 74.8826 Best: 74.8826]
26-04-20 04:28:30.718 : epoch:[111/1000], 平均loss: 0.0001
26-04-20 04:31:19.121 : epoch:[112/1000], 平均loss: 0.0001
26-04-20 04:34:04.712 : epoch:[113/1000], 平均loss: 0.0001
26-04-20 04:36:52.729 : epoch:[114/1000], 平均loss: 0.0001
26-04-20 04:39:39.082 : epoch:[115/1000], 平均loss: 0.0001
26-04-20 04:42:27.178 : epoch:[116/1000], 平均loss: 0.0001
26-04-20 04:45:15.587 : epoch:[117/1000], 平均loss: 0.0001
26-04-20 04:48:03.020 : epoch:[118/1000], 平均loss: 0.0001
26-04-20 04:50:48.995 : epoch:[119/1000], 平均loss: 0.0001
26-04-20 04:53:34.746 : epoch:[120/1000], 平均loss: 0.0001
26-04-20 04:54:28.285 : [epoch 120 PSNR: 75.3812 Best: 75.3812]
26-04-20 04:57:17.038 : epoch:[121/1000], 平均loss: 0.0001
26-04-20 05:00:05.154 : epoch:[122/1000], 平均loss: 0.0001
26-04-20 05:02:51.015 : epoch:[123/1000], 平均loss: 0.0001
26-04-20 05:05:39.094 : epoch:[124/1000], 平均loss: 0.0001
26-04-20 05:08:25.445 : epoch:[125/1000], 平均loss: 0.0001
26-04-20 05:11:13.672 : epoch:[126/1000], 平均loss: 0.0001
26-04-20 05:14:02.136 : epoch:[127/1000], 平均loss: 0.0001
26-04-20 05:16:48.083 : epoch:[128/1000], 平均loss: 0.0001
26-04-20 05:19:36.387 : epoch:[129/1000], 平均loss: 0.0001
26-04-20 05:22:25.111 : epoch:[130/1000], 平均loss: 0.0001
26-04-20 05:23:18.606 : [epoch 130 PSNR: 75.7787 Best: 75.7787]
26-04-20 05:26:04.550 : epoch:[131/1000], 平均loss: 0.0001
26-04-20 05:28:50.418 : epoch:[132/1000], 平均loss: 0.0001
26-04-20 05:31:38.775 : epoch:[133/1000], 平均loss: 0.0001
26-04-20 05:34:27.037 : epoch:[134/1000], 平均loss: 0.0001
26-04-20 05:37:13.678 : epoch:[135/1000], 平均loss: 0.0001
26-04-20 05:40:02.183 : epoch:[136/1000], 平均loss: 0.0001
26-04-20 05:42:47.895 : epoch:[137/1000], 平均loss: 0.0001
26-04-20 05:45:34.263 : epoch:[138/1000], 平均loss: 0.0001
26-04-20 05:48:22.212 : epoch:[139/1000], 平均loss: 0.0001
26-04-20 05:51:10.383 : epoch:[140/1000], 平均loss: 0.0001
26-04-20 05:52:04.014 : [epoch 140 PSNR: 75.5769 Best: 75.7787]
26-04-20 05:54:49.985 : epoch:[141/1000], 平均loss: 0.0001
26-04-20 05:57:36.088 : epoch:[142/1000], 平均loss: 0.0001
26-04-20 06:00:22.010 : epoch:[143/1000], 平均loss: 0.0001
26-04-20 06:03:08.089 : epoch:[144/1000], 平均loss: 0.0001
26-04-20 06:05:53.983 : epoch:[145/1000], 平均loss: 0.0001
26-04-20 06:08:40.200 : epoch:[146/1000], 平均loss: 0.0001
26-04-20 06:11:25.651 : epoch:[147/1000], 平均loss: 0.0001
26-04-20 06:14:13.332 : epoch:[148/1000], 平均loss: 0.0001
26-04-20 06:16:59.394 : epoch:[149/1000], 平均loss: 0.0001
26-04-20 06:19:47.283 : epoch:[150/1000], 平均loss: 0.0001
26-04-20 06:20:40.829 : [epoch 150 PSNR: 76.1278 Best: 76.1278]
26-04-20 06:23:28.677 : epoch:[151/1000], 平均loss: 0.0001
26-04-20 06:26:17.132 : epoch:[152/1000], 平均loss: 0.0001
26-04-20 06:29:05.480 : epoch:[153/1000], 平均loss: 0.0001
26-04-20 06:31:51.205 : epoch:[154/1000], 平均loss: 0.0001
26-04-20 06:34:36.898 : epoch:[155/1000], 平均loss: 0.0001
26-04-20 06:37:25.430 : epoch:[156/1000], 平均loss: 0.0001
26-04-20 06:40:13.886 : epoch:[157/1000], 平均loss: 0.0001
26-04-20 06:42:59.838 : epoch:[158/1000], 平均loss: 0.0001
26-04-20 06:45:45.831 : epoch:[159/1000], 平均loss: 0.0001
26-04-20 06:48:31.788 : epoch:[160/1000], 平均loss: 0.0001
26-04-20 06:49:25.211 : [epoch 160 PSNR: 76.6047 Best: 76.6047]
26-04-20 06:52:11.479 : epoch:[161/1000], 平均loss: 0.0001
26-04-20 06:54:59.386 : epoch:[162/1000], 平均loss: 0.0001
26-04-20 06:57:47.522 : epoch:[163/1000], 平均loss: 0.0001
26-04-20 07:00:35.538 : epoch:[164/1000], 平均loss: 0.0001
26-04-20 07:03:23.865 : epoch:[165/1000], 平均loss: 0.0001
26-04-20 07:06:11.891 : epoch:[166/1000], 平均loss: 0.0001
26-04-20 07:09:00.215 : epoch:[167/1000], 平均loss: 0.0001
26-04-20 07:11:48.167 : epoch:[168/1000], 平均loss: 0.0001
26-04-20 07:14:36.244 : epoch:[169/1000], 平均loss: 0.0001
26-04-20 07:17:24.285 : epoch:[170/1000], 平均loss: 0.0001
26-04-20 07:18:17.730 : [epoch 170 PSNR: 76.3637 Best: 76.6047]
26-04-20 07:21:05.314 : epoch:[171/1000], 平均loss: 0.0001
26-04-20 07:23:52.934 : epoch:[172/1000], 平均loss: 0.0001
26-04-20 07:26:38.727 : epoch:[173/1000], 平均loss: 0.0001
26-04-20 07:29:24.847 : epoch:[174/1000], 平均loss: 0.0001
26-04-20 07:32:12.008 : epoch:[175/1000], 平均loss: 0.0001
26-04-20 07:35:00.408 : epoch:[176/1000], 平均loss: 0.0001
26-04-20 07:37:46.710 : epoch:[177/1000], 平均loss: 0.0001
26-04-20 07:40:33.049 : epoch:[178/1000], 平均loss: 0.0001
26-04-20 07:43:19.194 : epoch:[179/1000], 平均loss: 0.0001
26-04-20 07:46:06.057 : epoch:[180/1000], 平均loss: 0.0001
26-04-20 07:46:59.584 : [epoch 180 PSNR: 76.7357 Best: 76.7357]
26-04-20 07:49:49.839 : epoch:[181/1000], 平均loss: 0.0001
26-04-20 07:52:35.616 : epoch:[182/1000], 平均loss: 0.0001
26-04-20 07:55:21.503 : epoch:[183/1000], 平均loss: 0.0001
26-04-20 07:58:07.331 : epoch:[184/1000], 平均loss: 0.0001
26-04-20 08:00:53.294 : epoch:[185/1000], 平均loss: 0.0001
26-04-20 08:03:39.124 : epoch:[186/1000], 平均loss: 0.0001
26-04-20 08:06:24.956 : epoch:[187/1000], 平均loss: 0.0001
26-04-20 08:09:11.035 : epoch:[188/1000], 平均loss: 0.0001
26-04-20 08:11:57.059 : epoch:[189/1000], 平均loss: 0.0001
26-04-20 08:14:42.988 : epoch:[190/1000], 平均loss: 0.0001
26-04-20 08:15:36.470 : [epoch 190 PSNR: 76.6995 Best: 76.7357]
26-04-20 08:18:25.175 : epoch:[191/1000], 平均loss: 0.0001
26-04-20 08:21:13.873 : epoch:[192/1000], 平均loss: 0.0001
26-04-20 08:24:00.225 : epoch:[193/1000], 平均loss: 0.0001
26-04-20 08:26:48.450 : epoch:[194/1000], 平均loss: 0.0001
26-04-20 08:29:36.275 : epoch:[195/1000], 平均loss: 0.0001
26-04-20 08:32:24.513 : epoch:[196/1000], 平均loss: 0.0001
26-04-20 08:35:13.236 : epoch:[197/1000], 平均loss: 0.0001
26-04-20 08:38:00.161 : epoch:[198/1000], 平均loss: 0.0001
26-04-20 08:40:46.379 : epoch:[199/1000], 平均loss: 0.0001
26-04-20 08:43:32.377 : epoch:[200/1000], 平均loss: 0.0001
26-04-20 08:44:25.964 : [epoch 200 PSNR: 77.0841 Best: 77.0841]
26-04-20 08:47:12.027 : epoch:[201/1000], 平均loss: 0.0001
26-04-20 08:49:59.008 : epoch:[202/1000], 平均loss: 0.0001
26-04-20 08:52:47.448 : epoch:[203/1000], 平均loss: 0.0001
26-04-20 08:55:35.227 : epoch:[204/1000], 平均loss: 0.0001
26-04-20 08:58:23.415 : epoch:[205/1000], 平均loss: 0.0001
26-04-20 09:01:09.365 : epoch:[206/1000], 平均loss: 0.0001
26-04-20 09:03:57.401 : epoch:[207/1000], 平均loss: 0.0001
26-04-20 09:06:46.114 : epoch:[208/1000], 平均loss: 0.0001
26-04-20 09:09:34.529 : epoch:[209/1000], 平均loss: 0.0001
26-04-20 09:12:23.178 : epoch:[210/1000], 平均loss: 0.0001
26-04-20 09:13:16.659 : [epoch 210 PSNR: 77.0273 Best: 77.0841]
26-04-20 09:16:02.663 : epoch:[211/1000], 平均loss: 0.0001
26-04-20 09:18:48.502 : epoch:[212/1000], 平均loss: 0.0001
26-04-20 09:21:34.637 : epoch:[213/1000], 平均loss: 0.0001
26-04-20 09:24:20.528 : epoch:[214/1000], 平均loss: 0.0001
26-04-20 09:27:08.790 : epoch:[215/1000], 平均loss: 0.0001
26-04-20 09:29:57.655 : epoch:[216/1000], 平均loss: 0.0001
26-04-20 09:32:43.526 : epoch:[217/1000], 平均loss: 0.0001
26-04-20 09:35:28.947 : epoch:[218/1000], 平均loss: 0.0001
26-04-20 09:38:15.690 : epoch:[219/1000], 平均loss: 0.0001
26-04-20 09:41:01.627 : epoch:[220/1000], 平均loss: 0.0001
26-04-20 09:41:55.290 : [epoch 220 PSNR: 76.9446 Best: 77.0841]
26-04-20 09:44:42.158 : epoch:[221/1000], 平均loss: 0.0001
26-04-20 09:47:28.241 : epoch:[222/1000], 平均loss: 0.0001
26-04-20 09:50:16.379 : epoch:[223/1000], 平均loss: 0.0001
26-04-20 09:53:05.270 : epoch:[224/1000], 平均loss: 0.0001
26-04-20 09:55:54.328 : epoch:[225/1000], 平均loss: 0.0001
26-04-20 09:58:43.053 : epoch:[226/1000], 平均loss: 0.0001
26-04-20 10:01:30.994 : epoch:[227/1000], 平均loss: 0.0001
26-04-20 10:04:18.762 : epoch:[228/1000], 平均loss: 0.0001
26-04-20 10:07:07.430 : epoch:[229/1000], 平均loss: 0.0001
26-04-20 10:09:55.531 : epoch:[230/1000], 平均loss: 0.0001
26-04-20 10:10:49.208 : [epoch 230 PSNR: 77.0143 Best: 77.0841]
26-04-20 10:13:35.980 : epoch:[231/1000], 平均loss: 0.0001
26-04-20 10:16:24.239 : epoch:[232/1000], 平均loss: 0.0001
26-04-20 10:19:12.560 : epoch:[233/1000], 平均loss: 0.0001
26-04-20 10:22:01.219 : epoch:[234/1000], 平均loss: 0.0001
26-04-20 10:24:47.710 : epoch:[235/1000], 平均loss: 0.0001
26-04-20 10:27:34.255 : epoch:[236/1000], 平均loss: 0.0001
26-04-20 10:30:22.736 : epoch:[237/1000], 平均loss: 0.0001
26-04-20 10:33:08.919 : epoch:[238/1000], 平均loss: 0.0001
26-04-20 10:35:55.101 : epoch:[239/1000], 平均loss: 0.0001
26-04-20 10:38:43.761 : epoch:[240/1000], 平均loss: 0.0001
26-04-20 10:39:37.322 : [epoch 240 PSNR: 76.9859 Best: 77.0841]
26-04-20 10:42:25.954 : epoch:[241/1000], 平均loss: 0.0001
26-04-20 10:45:14.158 : epoch:[242/1000], 平均loss: 0.0001
26-04-20 10:48:02.891 : epoch:[243/1000], 平均loss: 0.0001
26-04-20 10:50:51.113 : epoch:[244/1000], 平均loss: 0.0001
26-04-20 10:53:39.519 : epoch:[245/1000], 平均loss: 0.0001
26-04-20 10:56:27.722 : epoch:[246/1000], 平均loss: 0.0001
26-04-20 10:59:15.232 : epoch:[247/1000], 平均loss: 0.0001
26-04-20 11:02:03.417 : epoch:[248/1000], 平均loss: 0.0001
26-04-20 11:04:51.597 : epoch:[249/1000], 平均loss: 0.0001
26-04-20 11:07:39.853 : epoch:[250/1000], 平均loss: 0.0001
26-04-20 11:08:33.446 : [epoch 250 PSNR: 77.0620 Best: 77.0841]
26-04-20 11:11:21.174 : epoch:[251/1000], 平均loss: 0.0001
26-04-20 11:14:09.636 : epoch:[252/1000], 平均loss: 0.0001
26-04-20 11:16:57.976 : epoch:[253/1000], 平均loss: 0.0001
26-04-20 11:19:46.035 : epoch:[254/1000], 平均loss: 0.0001
26-04-20 11:22:38.040 : epoch:[255/1000], 平均loss: 0.0001
26-04-20 11:25:27.275 : epoch:[256/1000], 平均loss: 0.0001
26-04-20 11:28:13.024 : epoch:[257/1000], 平均loss: 0.0001
26-04-20 11:30:58.927 : epoch:[258/1000], 平均loss: 0.0001
26-04-20 11:33:47.447 : epoch:[259/1000], 平均loss: 0.0001
26-04-20 11:36:33.612 : epoch:[260/1000], 平均loss: 0.0001
26-04-20 11:37:27.309 : [epoch 260 PSNR: 77.0830 Best: 77.0841]
26-04-20 11:40:15.153 : epoch:[261/1000], 平均loss: 0.0001
26-04-20 11:43:03.224 : epoch:[262/1000], 平均loss: 0.0001
26-04-20 11:45:52.143 : epoch:[263/1000], 平均loss: 0.0001
26-04-20 11:48:38.650 : epoch:[264/1000], 平均loss: 0.0001
26-04-20 11:51:27.628 : epoch:[265/1000], 平均loss: 0.0001
26-04-20 11:54:15.355 : epoch:[266/1000], 平均loss: 0.0001
26-04-20 11:57:03.572 : epoch:[267/1000], 平均loss: 0.0001
26-04-20 11:59:51.770 : epoch:[268/1000], 平均loss: 0.0001
26-04-20 12:02:40.202 : epoch:[269/1000], 平均loss: 0.0001
26-04-20 12:05:26.278 : epoch:[270/1000], 平均loss: 0.0001
26-04-20 12:06:19.837 : [epoch 270 PSNR: 77.4664 Best: 77.4664]
26-04-20 12:09:06.337 : epoch:[271/1000], 平均loss: 0.0001
26-04-20 12:11:52.534 : epoch:[272/1000], 平均loss: 0.0001
26-04-20 12:14:38.558 : epoch:[273/1000], 平均loss: 0.0001
26-04-20 12:17:24.937 : epoch:[274/1000], 平均loss: 0.0001
26-04-20 12:20:11.090 : epoch:[275/1000], 平均loss: 0.0001
26-04-20 12:22:57.346 : epoch:[276/1000], 平均loss: 0.0001
26-04-20 12:25:42.917 : epoch:[277/1000], 平均loss: 0.0001
26-04-20 12:28:29.570 : epoch:[278/1000], 平均loss: 0.0001
26-04-20 12:31:16.591 : epoch:[279/1000], 平均loss: 0.0001
26-04-20 12:34:05.007 : epoch:[280/1000], 平均loss: 0.0001
26-04-20 12:34:58.543 : [epoch 280 PSNR: 77.3565 Best: 77.4664]
26-04-20 12:37:48.274 : epoch:[281/1000], 平均loss: 0.0001
26-04-20 12:40:35.275 : epoch:[282/1000], 平均loss: 0.0001
26-04-20 12:43:22.364 : epoch:[283/1000], 平均loss: 0.0001
26-04-20 12:46:09.064 : epoch:[284/1000], 平均loss: 0.0001
26-04-20 12:48:55.424 : epoch:[285/1000], 平均loss: 0.0001
26-04-20 12:51:43.418 : epoch:[286/1000], 平均loss: 0.0001
26-04-20 12:54:30.006 : epoch:[287/1000], 平均loss: 0.0001
26-04-20 12:57:17.703 : epoch:[288/1000], 平均loss: 0.0001
26-04-20 13:00:05.808 : epoch:[289/1000], 平均loss: 0.0001
26-04-20 13:02:52.022 : epoch:[290/1000], 平均loss: 0.0001
26-04-20 13:03:45.471 : [epoch 290 PSNR: 77.0059 Best: 77.4664]
26-04-20 13:06:35.978 : epoch:[291/1000], 平均loss: 0.0001
26-04-20 13:09:22.511 : epoch:[292/1000], 平均loss: 0.0001
26-04-20 13:12:10.796 : epoch:[293/1000], 平均loss: 0.0001
26-04-20 13:15:01.379 : epoch:[294/1000], 平均loss: 0.0001
26-04-20 13:17:49.834 : epoch:[295/1000], 平均loss: 0.0001
26-04-20 13:20:35.841 : epoch:[296/1000], 平均loss: 0.0001
26-04-20 13:23:22.340 : epoch:[297/1000], 平均loss: 0.0001
26-04-20 13:26:08.378 : epoch:[298/1000], 平均loss: 0.0001
26-04-20 13:28:54.739 : epoch:[299/1000], 平均loss: 0.0001
26-04-20 13:31:43.191 : epoch:[300/1000], 平均loss: 0.0001
26-04-20 13:32:36.742 : [epoch 300 PSNR: 77.3074 Best: 77.4664]
26-04-20 13:35:25.011 : epoch:[301/1000], 平均loss: 0.0001
26-04-20 13:38:12.607 : epoch:[302/1000], 平均loss: 0.0001
26-04-20 13:41:05.455 : epoch:[303/1000], 平均loss: 0.0001
26-04-20 13:43:54.634 : epoch:[304/1000], 平均loss: 0.0001
26-04-20 13:46:41.825 : epoch:[305/1000], 平均loss: 0.0001
26-04-20 13:49:30.578 : epoch:[306/1000], 平均loss: 0.0001
26-04-20 13:52:19.482 : epoch:[307/1000], 平均loss: 0.0001
26-04-20 13:55:05.946 : epoch:[308/1000], 平均loss: 0.0001
26-04-20 13:57:51.801 : epoch:[309/1000], 平均loss: 0.0001
26-04-20 14:00:37.854 : epoch:[310/1000], 平均loss: 0.0001
26-04-20 14:01:31.506 : [epoch 310 PSNR: 77.3815 Best: 77.4664]
26-04-20 14:04:17.685 : epoch:[311/1000], 平均loss: 0.0001
26-04-20 14:07:04.209 : epoch:[312/1000], 平均loss: 0.0001
26-04-20 14:09:50.677 : epoch:[313/1000], 平均loss: 0.0001
26-04-20 14:12:39.096 : epoch:[314/1000], 平均loss: 0.0001
26-04-20 14:15:27.444 : epoch:[315/1000], 平均loss: 0.0001
26-04-20 14:18:13.675 : epoch:[316/1000], 平均loss: 0.0001
26-04-20 14:21:00.122 : epoch:[317/1000], 平均loss: 0.0001
26-04-20 14:23:46.492 : epoch:[318/1000], 平均loss: 0.0001
26-04-20 14:26:32.673 : epoch:[319/1000], 平均loss: 0.0001
26-04-20 14:29:19.063 : epoch:[320/1000], 平均loss: 0.0001
26-04-20 14:30:12.560 : [epoch 320 PSNR: 77.2793 Best: 77.4664]
26-04-20 14:33:01.254 : epoch:[321/1000], 平均loss: 0.0001
26-04-20 14:35:49.868 : epoch:[322/1000], 平均loss: 0.0001
26-04-20 14:38:36.613 : epoch:[323/1000], 平均loss: 0.0001
26-04-20 14:41:22.589 : epoch:[324/1000], 平均loss: 0.0001
26-04-20 14:44:09.031 : epoch:[325/1000], 平均loss: 0.0001
26-04-20 14:46:55.243 : epoch:[326/1000], 平均loss: 0.0001
26-04-20 14:49:41.534 : epoch:[327/1000], 平均loss: 0.0001
26-04-20 14:52:27.734 : epoch:[328/1000], 平均loss: 0.0001
26-04-20 14:55:16.143 : epoch:[329/1000], 平均loss: 0.0001
26-04-20 14:58:04.790 : epoch:[330/1000], 平均loss: 0.0001
26-04-20 14:58:58.404 : [epoch 330 PSNR: 77.3716 Best: 77.4664]
26-04-20 15:01:47.188 : epoch:[331/1000], 平均loss: 0.0001
26-04-20 15:04:35.372 : epoch:[332/1000], 平均loss: 0.0001
26-04-20 15:07:23.952 : epoch:[333/1000], 平均loss: 0.0001
26-04-20 15:10:09.961 : epoch:[334/1000], 平均loss: 0.0001
26-04-20 15:12:58.426 : epoch:[335/1000], 平均loss: 0.0001
26-04-20 15:15:46.839 : epoch:[336/1000], 平均loss: 0.0001
26-04-20 15:18:32.999 : epoch:[337/1000], 平均loss: 0.0001
26-04-20 15:21:19.153 : epoch:[338/1000], 平均loss: 0.0001
26-04-20 15:24:05.431 : epoch:[339/1000], 平均loss: 0.0001
26-04-20 15:26:53.900 : epoch:[340/1000], 平均loss: 0.0001
26-04-20 15:27:47.345 : [epoch 340 PSNR: 76.5350 Best: 77.4664]
26-04-20 15:30:35.820 : epoch:[341/1000], 平均loss: 0.0001
26-04-20 15:33:21.988 : epoch:[342/1000], 平均loss: 0.0001
26-04-20 15:36:10.430 : epoch:[343/1000], 平均loss: 0.0001
26-04-20 15:38:59.783 : epoch:[344/1000], 平均loss: 0.0001
26-04-20 15:41:48.569 : epoch:[345/1000], 平均loss: 0.0001
26-04-20 15:44:35.571 : epoch:[346/1000], 平均loss: 0.0001
26-04-20 15:47:30.275 : epoch:[347/1000], 平均loss: 0.0001
26-04-20 15:50:24.125 : epoch:[348/1000], 平均loss: 0.0001
26-04-20 15:53:14.622 : epoch:[349/1000], 平均loss: 0.0001
26-04-20 15:56:02.626 : epoch:[350/1000], 平均loss: 0.0001
26-04-20 15:56:56.542 : [epoch 350 PSNR: 77.3284 Best: 77.4664]
26-04-20 15:59:45.716 : epoch:[351/1000], 平均loss: 0.0001
26-04-20 16:02:35.934 : epoch:[352/1000], 平均loss: 0.0001
26-04-20 16:05:26.204 : epoch:[353/1000], 平均loss: 0.0001
26-04-20 16:08:16.646 : epoch:[354/1000], 平均loss: 0.0001
26-04-20 16:11:05.881 : epoch:[355/1000], 平均loss: 0.0001
26-04-20 16:13:55.523 : epoch:[356/1000], 平均loss: 0.0001
26-04-20 16:16:48.159 : epoch:[357/1000], 平均loss: 0.0001
26-04-20 16:19:26.246 : epoch:[358/1000], 平均loss: 0.0001
26-04-20 16:22:04.582 : epoch:[359/1000], 平均loss: 0.0001
26-04-20 16:24:42.747 : epoch:[360/1000], 平均loss: 0.0001
26-04-20 16:25:34.124 : [epoch 360 PSNR: 77.3995 Best: 77.4664]
26-04-20 16:28:12.944 : epoch:[361/1000], 平均loss: 0.0001
26-04-20 16:30:51.081 : epoch:[362/1000], 平均loss: 0.0001
26-04-20 16:33:29.663 : epoch:[363/1000], 平均loss: 0.0001
26-04-20 16:36:08.378 : epoch:[364/1000], 平均loss: 0.0001
26-04-20 16:38:47.202 : epoch:[365/1000], 平均loss: 0.0001
26-04-20 16:41:26.078 : epoch:[366/1000], 平均loss: 0.0001
26-04-20 16:44:04.461 : epoch:[367/1000], 平均loss: 0.0001
26-04-20 16:46:42.674 : epoch:[368/1000], 平均loss: 0.0001
26-04-20 16:49:20.932 : epoch:[369/1000], 平均loss: 0.0001
26-04-20 16:51:59.413 : epoch:[370/1000], 平均loss: 0.0001
26-04-20 16:52:50.861 : [epoch 370 PSNR: 77.1731 Best: 77.4664]
26-04-20 16:52:51.017 : 总训练时间: 17.68小时
