26-04-21 23:05:42.243 :   task: train
  gpu_ids: [0]
  log_path: ./log
  model_save: ./model_save
  pretained_path:[
    index: False
    path: ./model_save/model_best_deblur.pth
  ]
  batch_size: 4
  nc: [16, 1]
  patch_size: [128, 128]
  stride_size: [16, 16]
  atoms: 50
  d_size: 3
  max_epoch: 1000
  stage: 3
  lr: 0.0001
  loss_function_index: 1
  n_channels: 1
  train:[
    blur_level: [7, 15]
    dataroot_H: ./dataset/gray_train_all
    H_size: 128
    n_channels: 1
  ]
  valid:[
    blur_level: [9, 13, 17]
    dataroot_H: ./dataset/gray_test
    n_channels: 1
  ]
  opt_path: ./options/train_options.json
  is_train: True
  scale: 1

26-04-21 23:05:42.253 : 训练集大小: 1120
26-04-21 23:05:42.253 : 验证集数量: 720 (每个 blur_level 一个 Dataset)
26-04-21 23:05:43.415 : Number of parameter: 3.25M
26-04-21 23:05:43.415 : start training...
26-04-21 23:08:24.739 : epoch:[1/1000], 平均loss: 0.0726
26-04-21 23:11:03.159 : epoch:[2/1000], 平均loss: 0.0410
