26-04-21 23:16:06.299 :   task: train
  gpu_ids: [0]
  log_path: ./log
  model_save: ./model_save
  pretained_path:[
    index: False
    path: ./model_save/model_best_deblur.pth
  ]
  batch_size: 4
  nc: [16, 1]
  patch_size: [128, 128]
  stride_size: [16, 16]
  atoms: 50
  d_size: 3
  max_epoch: 1000
  stage: 3
  lr: 0.0001
  loss_function_index: 1
  n_channels: 1
  train:[
    blur_level: [7, 15]
    dataroot_H: ./dataset/gray_train_all
    H_size: 128
    n_channels: 1
  ]
  valid:[
    blur_level: [9, 13, 17]
    dataroot_H: ./dataset/gray_test
    n_channels: 1
  ]
  opt_path: ./options/train_options.json
  is_train: True
  scale: 1

26-04-21 23:16:06.308 : 训练集大小: 1120
26-04-21 23:16:06.309 : 验证集数量: 720 (每个 blur_level 一个 Dataset)
26-04-21 23:16:07.343 : Number of parameter: 3.25M
26-04-21 23:16:07.343 : start training...
26-04-21 23:18:44.761 : epoch:[1/1000], 平均loss: 0.0685
26-04-21 23:21:29.947 : [epoch 1 PSNR: 25.9092 Best: 25.9092]
26-04-21 23:24:03.662 : epoch:[2/1000], 平均loss: 0.0420
26-04-21 23:26:46.841 : [epoch 2 PSNR: 26.8694 Best: 26.8694]
26-04-21 23:29:20.577 : epoch:[3/1000], 平均loss: 0.0415
26-04-21 23:32:03.976 : [epoch 3 PSNR: 26.9352 Best: 26.9352]
26-04-21 23:34:37.993 : epoch:[4/1000], 平均loss: 0.0414
26-04-21 23:37:21.385 : [epoch 4 PSNR: 27.0993 Best: 27.0993]
26-04-21 23:39:55.002 : epoch:[5/1000], 平均loss: 0.0412
26-04-21 23:42:37.954 : [epoch 5 PSNR: 27.0966 Best: 27.0993]
26-04-21 23:45:11.500 : epoch:[6/1000], 平均loss: 0.0412
26-04-21 23:47:54.401 : [epoch 6 PSNR: 27.2488 Best: 27.2488]
26-04-21 23:50:28.059 : epoch:[7/1000], 平均loss: 0.0408
26-04-21 23:53:11.112 : [epoch 7 PSNR: 26.9434 Best: 27.2488]
26-04-21 23:55:44.968 : epoch:[8/1000], 平均loss: 0.0397
26-04-21 23:58:28.323 : [epoch 8 PSNR: 27.2950 Best: 27.2950]
26-04-22 00:01:02.731 : epoch:[9/1000], 平均loss: 0.0401
26-04-22 00:03:45.378 : [epoch 9 PSNR: 27.1882 Best: 27.2950]
26-04-22 00:06:19.712 : epoch:[10/1000], 平均loss: 0.0396
26-04-22 00:09:02.645 : [epoch 10 PSNR: 27.3612 Best: 27.3612]
26-04-22 00:11:36.728 : epoch:[11/1000], 平均loss: 0.0402
26-04-22 00:14:20.108 : [epoch 11 PSNR: 27.3165 Best: 27.3612]
26-04-22 00:16:54.125 : epoch:[12/1000], 平均loss: 0.0388
26-04-22 00:19:37.166 : [epoch 12 PSNR: 27.3945 Best: 27.3945]
26-04-22 00:22:11.300 : epoch:[13/1000], 平均loss: 0.0389
26-04-22 00:24:54.349 : [epoch 13 PSNR: 27.5157 Best: 27.5157]
26-04-22 00:27:28.177 : epoch:[14/1000], 平均loss: 0.0393
26-04-22 00:30:10.903 : [epoch 14 PSNR: 27.4761 Best: 27.5157]
26-04-22 00:32:44.664 : epoch:[15/1000], 平均loss: 0.0389
26-04-22 00:35:27.673 : [epoch 15 PSNR: 27.5334 Best: 27.5334]
26-04-22 00:38:01.499 : epoch:[16/1000], 平均loss: 0.0385
26-04-22 00:40:44.653 : [epoch 16 PSNR: 27.4763 Best: 27.5334]
26-04-22 00:43:18.545 : epoch:[17/1000], 平均loss: 0.0383
26-04-22 00:46:01.425 : [epoch 17 PSNR: 27.6381 Best: 27.6381]
26-04-22 00:48:35.674 : epoch:[18/1000], 平均loss: 0.0378
26-04-22 00:51:18.787 : [epoch 18 PSNR: 27.1719 Best: 27.6381]
26-04-22 00:53:52.639 : epoch:[19/1000], 平均loss: 0.0379
26-04-22 00:56:35.647 : [epoch 19 PSNR: 27.6792 Best: 27.6792]
26-04-22 00:59:09.593 : epoch:[20/1000], 平均loss: 0.0378
26-04-22 01:01:52.596 : [epoch 20 PSNR: 27.6888 Best: 27.6888]
26-04-22 01:04:26.771 : epoch:[21/1000], 平均loss: 0.0370
26-04-22 01:07:09.504 : [epoch 21 PSNR: 27.6146 Best: 27.6888]
26-04-22 01:09:43.655 : epoch:[22/1000], 平均loss: 0.0370
26-04-22 01:12:26.870 : [epoch 22 PSNR: 27.8001 Best: 27.8001]
26-04-22 01:15:00.890 : epoch:[23/1000], 平均loss: 0.0371
26-04-22 01:17:43.450 : [epoch 23 PSNR: 27.7022 Best: 27.8001]
26-04-22 01:20:17.230 : epoch:[24/1000], 平均loss: 0.0368
26-04-22 01:23:00.134 : [epoch 24 PSNR: 27.8306 Best: 27.8306]
26-04-22 01:25:33.896 : epoch:[25/1000], 平均loss: 0.0372
26-04-22 01:28:16.849 : [epoch 25 PSNR: 27.7853 Best: 27.8306]
26-04-22 01:30:50.654 : epoch:[26/1000], 平均loss: 0.0366
26-04-22 01:33:33.609 : [epoch 26 PSNR: 27.8644 Best: 27.8644]
26-04-22 01:36:07.431 : epoch:[27/1000], 平均loss: 0.0367
26-04-22 01:38:50.251 : [epoch 27 PSNR: 27.6905 Best: 27.8644]
26-04-22 01:41:24.124 : epoch:[28/1000], 平均loss: 0.0363
26-04-22 01:44:07.554 : [epoch 28 PSNR: 28.0080 Best: 28.0080]
26-04-22 01:46:41.421 : epoch:[29/1000], 平均loss: 0.0360
26-04-22 01:49:24.350 : [epoch 29 PSNR: 27.9716 Best: 28.0080]
26-04-22 01:51:58.144 : epoch:[30/1000], 平均loss: 0.0359
26-04-22 01:54:40.967 : [epoch 30 PSNR: 27.9930 Best: 28.0080]
26-04-22 01:57:14.475 : epoch:[31/1000], 平均loss: 0.0358
26-04-22 01:59:57.172 : [epoch 31 PSNR: 27.9633 Best: 28.0080]
26-04-22 02:02:30.605 : epoch:[32/1000], 平均loss: 0.0347
26-04-22 02:05:13.546 : [epoch 32 PSNR: 28.0034 Best: 28.0080]
26-04-22 02:07:47.132 : epoch:[33/1000], 平均loss: 0.0359
26-04-22 02:10:30.272 : [epoch 33 PSNR: 28.0197 Best: 28.0197]
26-04-22 02:13:03.844 : epoch:[34/1000], 平均loss: 0.0355
26-04-22 02:15:46.683 : [epoch 34 PSNR: 28.1236 Best: 28.1236]
26-04-22 02:18:20.959 : epoch:[35/1000], 平均loss: 0.0359
26-04-22 02:21:04.375 : [epoch 35 PSNR: 28.1389 Best: 28.1389]
26-04-22 02:23:38.312 : epoch:[36/1000], 平均loss: 0.0350
26-04-22 02:26:21.299 : [epoch 36 PSNR: 28.1352 Best: 28.1389]
26-04-22 02:28:54.944 : epoch:[37/1000], 平均loss: 0.0346
26-04-22 02:31:37.615 : [epoch 37 PSNR: 28.1716 Best: 28.1716]
26-04-22 02:34:11.891 : epoch:[38/1000], 平均loss: 0.0353
26-04-22 02:36:54.789 : [epoch 38 PSNR: 28.1804 Best: 28.1804]
26-04-22 02:39:28.702 : epoch:[39/1000], 平均loss: 0.0351
26-04-22 02:42:11.581 : [epoch 39 PSNR: 28.1950 Best: 28.1950]
26-04-22 02:44:45.436 : epoch:[40/1000], 平均loss: 0.0349
26-04-22 02:47:28.533 : [epoch 40 PSNR: 28.1532 Best: 28.1950]
26-04-22 02:50:02.241 : epoch:[41/1000], 平均loss: 0.0347
26-04-22 02:52:45.060 : [epoch 41 PSNR: 28.1663 Best: 28.1950]
26-04-22 02:55:18.805 : epoch:[42/1000], 平均loss: 0.0346
26-04-22 02:58:01.424 : [epoch 42 PSNR: 28.2079 Best: 28.2079]
26-04-22 03:00:35.227 : epoch:[43/1000], 平均loss: 0.0341
26-04-22 03:03:17.879 : [epoch 43 PSNR: 28.3066 Best: 28.3066]
26-04-22 03:05:51.779 : epoch:[44/1000], 平均loss: 0.0345
26-04-22 03:08:34.433 : [epoch 44 PSNR: 28.2733 Best: 28.3066]
26-04-22 03:11:08.014 : epoch:[45/1000], 平均loss: 0.0346
26-04-22 03:13:50.882 : [epoch 45 PSNR: 28.3137 Best: 28.3137]
26-04-22 03:16:24.574 : epoch:[46/1000], 平均loss: 0.0342
26-04-22 03:19:07.431 : [epoch 46 PSNR: 28.2233 Best: 28.3137]
26-04-22 03:21:41.054 : epoch:[47/1000], 平均loss: 0.0340
26-04-22 03:24:24.005 : [epoch 47 PSNR: 28.3419 Best: 28.3419]
26-04-22 03:26:57.952 : epoch:[48/1000], 平均loss: 0.0337
26-04-22 03:29:40.739 : [epoch 48 PSNR: 28.3060 Best: 28.3419]
26-04-22 03:32:14.581 : epoch:[49/1000], 平均loss: 0.0339
26-04-22 03:34:57.639 : [epoch 49 PSNR: 28.3030 Best: 28.3419]
26-04-22 03:37:31.545 : epoch:[50/1000], 平均loss: 0.0339
26-04-22 03:40:14.770 : [epoch 50 PSNR: 28.3454 Best: 28.3454]
26-04-22 03:42:48.611 : epoch:[51/1000], 平均loss: 0.0341
26-04-22 03:45:31.565 : [epoch 51 PSNR: 28.3629 Best: 28.3629]
26-04-22 03:48:05.708 : epoch:[52/1000], 平均loss: 0.0339
26-04-22 03:50:48.786 : [epoch 52 PSNR: 28.3184 Best: 28.3629]
26-04-22 03:53:22.083 : epoch:[53/1000], 平均loss: 0.0337
26-04-22 03:56:05.309 : [epoch 53 PSNR: 28.3836 Best: 28.3836]
26-04-22 03:58:38.898 : epoch:[54/1000], 平均loss: 0.0344
26-04-22 04:01:21.335 : [epoch 54 PSNR: 28.3797 Best: 28.3836]
26-04-22 04:03:54.690 : epoch:[55/1000], 平均loss: 0.0335
26-04-22 04:06:37.323 : [epoch 55 PSNR: 28.3206 Best: 28.3836]
26-04-22 04:09:10.962 : epoch:[56/1000], 平均loss: 0.0339
26-04-22 04:11:53.359 : [epoch 56 PSNR: 28.3663 Best: 28.3836]
26-04-22 04:14:27.215 : epoch:[57/1000], 平均loss: 0.0339
26-04-22 04:17:09.921 : [epoch 57 PSNR: 28.3891 Best: 28.3891]
26-04-22 04:19:43.482 : epoch:[58/1000], 平均loss: 0.0334
26-04-22 04:22:26.262 : [epoch 58 PSNR: 28.4307 Best: 28.4307]
26-04-22 04:25:00.069 : epoch:[59/1000], 平均loss: 0.0336
26-04-22 04:27:42.861 : [epoch 59 PSNR: 28.3963 Best: 28.4307]
26-04-22 04:30:16.407 : epoch:[60/1000], 平均loss: 0.0338
26-04-22 04:32:59.030 : [epoch 60 PSNR: 28.4233 Best: 28.4307]
26-04-22 04:35:32.720 : epoch:[61/1000], 平均loss: 0.0335
26-04-22 04:38:15.395 : [epoch 61 PSNR: 28.4289 Best: 28.4307]
26-04-22 04:40:48.962 : epoch:[62/1000], 平均loss: 0.0336
26-04-22 04:43:31.653 : [epoch 62 PSNR: 28.4502 Best: 28.4502]
26-04-22 04:46:05.901 : epoch:[63/1000], 平均loss: 0.0340
26-04-22 04:48:48.618 : [epoch 63 PSNR: 28.4828 Best: 28.4828]
26-04-22 04:51:22.129 : epoch:[64/1000], 平均loss: 0.0334
26-04-22 04:54:05.004 : [epoch 64 PSNR: 28.4772 Best: 28.4828]
26-04-22 04:56:38.378 : epoch:[65/1000], 平均loss: 0.0340
26-04-22 04:59:20.905 : [epoch 65 PSNR: 28.4658 Best: 28.4828]
26-04-22 05:01:54.569 : epoch:[66/1000], 平均loss: 0.0331
26-04-22 05:04:37.122 : [epoch 66 PSNR: 28.4167 Best: 28.4828]
26-04-22 05:07:10.922 : epoch:[67/1000], 平均loss: 0.0334
26-04-22 05:09:53.577 : [epoch 67 PSNR: 28.4726 Best: 28.4828]
26-04-22 05:12:27.083 : epoch:[68/1000], 平均loss: 0.0329
26-04-22 05:15:09.695 : [epoch 68 PSNR: 28.4763 Best: 28.4828]
26-04-22 05:17:43.471 : epoch:[69/1000], 平均loss: 0.0337
26-04-22 05:20:26.035 : [epoch 69 PSNR: 28.5248 Best: 28.5248]
26-04-22 05:22:59.644 : epoch:[70/1000], 平均loss: 0.0336
26-04-22 05:25:42.055 : [epoch 70 PSNR: 28.4986 Best: 28.5248]
26-04-22 05:28:16.120 : epoch:[71/1000], 平均loss: 0.0331
26-04-22 05:30:58.926 : [epoch 71 PSNR: 28.5255 Best: 28.5255]
26-04-22 05:33:32.801 : epoch:[72/1000], 平均loss: 0.0333
26-04-22 05:36:15.796 : [epoch 72 PSNR: 28.4582 Best: 28.5255]
26-04-22 05:38:49.648 : epoch:[73/1000], 平均loss: 0.0334
26-04-22 05:41:32.348 : [epoch 73 PSNR: 28.5388 Best: 28.5388]
26-04-22 05:44:06.247 : epoch:[74/1000], 平均loss: 0.0337
26-04-22 05:46:48.794 : [epoch 74 PSNR: 28.5022 Best: 28.5388]
26-04-22 05:49:22.686 : epoch:[75/1000], 平均loss: 0.0332
26-04-22 05:52:05.190 : [epoch 75 PSNR: 28.5149 Best: 28.5388]
26-04-22 05:54:38.813 : epoch:[76/1000], 平均loss: 0.0334
26-04-22 05:57:21.455 : [epoch 76 PSNR: 28.5299 Best: 28.5388]
26-04-22 05:59:54.998 : epoch:[77/1000], 平均loss: 0.0333
26-04-22 06:02:37.718 : [epoch 77 PSNR: 28.5304 Best: 28.5388]
26-04-22 06:05:11.189 : epoch:[78/1000], 平均loss: 0.0335
26-04-22 06:07:53.994 : [epoch 78 PSNR: 28.5718 Best: 28.5718]
26-04-22 06:10:27.139 : epoch:[79/1000], 平均loss: 0.0330
26-04-22 06:13:09.491 : [epoch 79 PSNR: 28.5656 Best: 28.5718]
26-04-22 06:15:43.082 : epoch:[80/1000], 平均loss: 0.0330
26-04-22 06:18:26.095 : [epoch 80 PSNR: 28.5931 Best: 28.5931]
26-04-22 06:21:00.229 : epoch:[81/1000], 平均loss: 0.0328
26-04-22 06:23:42.660 : [epoch 81 PSNR: 28.5636 Best: 28.5931]
26-04-22 06:26:16.411 : epoch:[82/1000], 平均loss: 0.0335
26-04-22 06:28:58.959 : [epoch 82 PSNR: 28.5523 Best: 28.5931]
26-04-22 06:31:32.570 : epoch:[83/1000], 平均loss: 0.0323
26-04-22 06:34:15.512 : [epoch 83 PSNR: 28.5666 Best: 28.5931]
26-04-22 06:36:49.498 : epoch:[84/1000], 平均loss: 0.0329
26-04-22 06:39:32.257 : [epoch 84 PSNR: 28.5441 Best: 28.5931]
26-04-22 06:42:05.773 : epoch:[85/1000], 平均loss: 0.0328
26-04-22 06:44:48.536 : [epoch 85 PSNR: 28.6031 Best: 28.6031]
26-04-22 06:47:22.754 : epoch:[86/1000], 平均loss: 0.0330
26-04-22 06:50:05.872 : [epoch 86 PSNR: 28.5600 Best: 28.6031]
26-04-22 06:52:40.004 : epoch:[87/1000], 平均loss: 0.0328
26-04-22 06:55:23.278 : [epoch 87 PSNR: 28.6045 Best: 28.6045]
26-04-22 06:57:56.992 : epoch:[88/1000], 平均loss: 0.0329
26-04-22 07:00:40.285 : [epoch 88 PSNR: 28.5987 Best: 28.6045]
26-04-22 07:03:14.214 : epoch:[89/1000], 平均loss: 0.0328
26-04-22 07:05:57.133 : [epoch 89 PSNR: 28.5550 Best: 28.6045]
26-04-22 07:08:30.899 : epoch:[90/1000], 平均loss: 0.0321
26-04-22 07:11:13.978 : [epoch 90 PSNR: 28.5942 Best: 28.6045]
26-04-22 07:13:47.703 : epoch:[91/1000], 平均loss: 0.0326
26-04-22 07:16:31.001 : [epoch 91 PSNR: 28.6193 Best: 28.6193]
26-04-22 07:19:05.108 : epoch:[92/1000], 平均loss: 0.0329
26-04-22 07:21:48.171 : [epoch 92 PSNR: 28.5157 Best: 28.6193]
26-04-22 07:24:22.024 : epoch:[93/1000], 平均loss: 0.0327
26-04-22 07:27:04.991 : [epoch 93 PSNR: 28.6402 Best: 28.6402]
26-04-22 07:29:38.835 : epoch:[94/1000], 平均loss: 0.0330
26-04-22 07:32:21.619 : [epoch 94 PSNR: 28.6464 Best: 28.6464]
26-04-22 07:34:55.407 : epoch:[95/1000], 平均loss: 0.0330
26-04-22 07:37:38.447 : [epoch 95 PSNR: 28.6090 Best: 28.6464]
26-04-22 07:40:12.061 : epoch:[96/1000], 平均loss: 0.0327
26-04-22 07:42:54.795 : [epoch 96 PSNR: 28.6008 Best: 28.6464]
26-04-22 07:45:28.994 : epoch:[97/1000], 平均loss: 0.0324
26-04-22 07:48:11.913 : [epoch 97 PSNR: 28.6157 Best: 28.6464]
26-04-22 07:50:45.446 : epoch:[98/1000], 平均loss: 0.0328
26-04-22 07:53:28.260 : [epoch 98 PSNR: 28.6172 Best: 28.6464]
26-04-22 07:56:02.242 : epoch:[99/1000], 平均loss: 0.0320
26-04-22 07:58:45.316 : [epoch 99 PSNR: 28.6612 Best: 28.6612]
26-04-22 08:01:19.288 : epoch:[100/1000], 平均loss: 0.0324
26-04-22 08:04:02.398 : [epoch 100 PSNR: 28.6779 Best: 28.6779]
26-04-22 08:06:35.777 : epoch:[101/1000], 平均loss: 0.0326
26-04-22 08:09:18.766 : [epoch 101 PSNR: 28.6972 Best: 28.6972]
26-04-22 08:11:52.668 : epoch:[102/1000], 平均loss: 0.0324
26-04-22 08:14:35.663 : [epoch 102 PSNR: 28.7046 Best: 28.7046]
26-04-22 08:17:09.366 : epoch:[103/1000], 平均loss: 0.0325
26-04-22 08:19:52.194 : [epoch 103 PSNR: 28.6459 Best: 28.7046]
26-04-22 08:22:25.907 : epoch:[104/1000], 平均loss: 0.0327
26-04-22 08:25:08.605 : [epoch 104 PSNR: 28.6766 Best: 28.7046]
26-04-22 08:27:42.089 : epoch:[105/1000], 平均loss: 0.0323
26-04-22 08:30:24.884 : [epoch 105 PSNR: 28.7312 Best: 28.7312]
26-04-22 08:32:58.858 : epoch:[106/1000], 平均loss: 0.0330
26-04-22 08:35:41.783 : [epoch 106 PSNR: 28.6726 Best: 28.7312]
26-04-22 08:38:15.675 : epoch:[107/1000], 平均loss: 0.0331
26-04-22 08:40:58.502 : [epoch 107 PSNR: 28.7122 Best: 28.7312]
26-04-22 08:43:32.599 : epoch:[108/1000], 平均loss: 0.0328
26-04-22 08:46:15.745 : [epoch 108 PSNR: 28.7103 Best: 28.7312]
26-04-22 08:48:49.817 : epoch:[109/1000], 平均loss: 0.0323
26-04-22 08:51:32.917 : [epoch 109 PSNR: 28.7171 Best: 28.7312]
26-04-22 08:54:06.818 : epoch:[110/1000], 平均loss: 0.0326
26-04-22 08:56:49.684 : [epoch 110 PSNR: 28.7146 Best: 28.7312]
26-04-22 08:59:23.749 : epoch:[111/1000], 平均loss: 0.0330
26-04-22 09:02:06.621 : [epoch 111 PSNR: 28.7336 Best: 28.7336]
26-04-22 09:04:40.560 : epoch:[112/1000], 平均loss: 0.0322
26-04-22 09:07:23.296 : [epoch 112 PSNR: 28.7266 Best: 28.7336]
26-04-22 09:09:56.825 : epoch:[113/1000], 平均loss: 0.0327
26-04-22 09:12:39.687 : [epoch 113 PSNR: 28.7238 Best: 28.7336]
26-04-22 09:15:13.223 : epoch:[114/1000], 平均loss: 0.0326
26-04-22 09:17:56.167 : [epoch 114 PSNR: 28.7430 Best: 28.7430]
26-04-22 09:20:29.850 : epoch:[115/1000], 平均loss: 0.0319
26-04-22 09:23:12.585 : [epoch 115 PSNR: 28.7590 Best: 28.7590]
26-04-22 09:25:46.127 : epoch:[116/1000], 平均loss: 0.0327
26-04-22 09:28:29.145 : [epoch 116 PSNR: 28.7538 Best: 28.7590]
26-04-22 09:31:02.610 : epoch:[117/1000], 平均loss: 0.0324
26-04-22 09:33:45.378 : [epoch 117 PSNR: 28.7696 Best: 28.7696]
26-04-22 09:36:19.149 : epoch:[118/1000], 平均loss: 0.0324
26-04-22 09:39:01.784 : [epoch 118 PSNR: 28.7715 Best: 28.7715]
26-04-22 09:41:35.797 : epoch:[119/1000], 平均loss: 0.0323
26-04-22 09:44:18.814 : [epoch 119 PSNR: 28.7809 Best: 28.7809]
26-04-22 09:46:52.840 : epoch:[120/1000], 平均loss: 0.0325
26-04-22 09:49:35.721 : [epoch 120 PSNR: 28.7822 Best: 28.7822]
26-04-22 09:52:09.750 : epoch:[121/1000], 平均loss: 0.0326
26-04-22 09:54:52.838 : [epoch 121 PSNR: 28.7699 Best: 28.7822]
26-04-22 09:57:26.420 : epoch:[122/1000], 平均loss: 0.0321
26-04-22 10:00:09.676 : [epoch 122 PSNR: 28.7624 Best: 28.7822]
26-04-22 10:02:43.336 : epoch:[123/1000], 平均loss: 0.0323
26-04-22 10:05:26.310 : [epoch 123 PSNR: 28.7808 Best: 28.7822]
26-04-22 10:07:59.716 : epoch:[124/1000], 平均loss: 0.0319
26-04-22 10:10:42.248 : [epoch 124 PSNR: 28.7843 Best: 28.7843]
26-04-22 10:13:15.809 : epoch:[125/1000], 平均loss: 0.0324
26-04-22 10:15:58.572 : [epoch 125 PSNR: 28.7795 Best: 28.7843]
26-04-22 10:18:32.213 : epoch:[126/1000], 平均loss: 0.0324
26-04-22 10:21:15.219 : [epoch 126 PSNR: 28.8061 Best: 28.8061]
26-04-22 10:23:48.847 : epoch:[127/1000], 平均loss: 0.0326
26-04-22 10:26:31.896 : [epoch 127 PSNR: 28.8152 Best: 28.8152]
26-04-22 10:29:05.722 : epoch:[128/1000], 平均loss: 0.0320
26-04-22 10:31:48.892 : [epoch 128 PSNR: 28.7961 Best: 28.8152]
26-04-22 10:34:22.377 : epoch:[129/1000], 平均loss: 0.0324
26-04-22 10:37:05.362 : [epoch 129 PSNR: 28.8302 Best: 28.8302]
26-04-22 10:39:38.926 : epoch:[130/1000], 平均loss: 0.0321
26-04-22 10:42:21.590 : [epoch 130 PSNR: 28.7820 Best: 28.8302]
26-04-22 10:44:55.163 : epoch:[131/1000], 平均loss: 0.0322
26-04-22 10:47:37.795 : [epoch 131 PSNR: 28.8338 Best: 28.8338]
26-04-22 10:50:11.612 : epoch:[132/1000], 平均loss: 0.0316
26-04-22 10:52:54.455 : [epoch 132 PSNR: 28.7971 Best: 28.8338]
26-04-22 10:55:28.259 : epoch:[133/1000], 平均loss: 0.0319
26-04-22 10:58:11.453 : [epoch 133 PSNR: 28.7986 Best: 28.8338]
26-04-22 11:00:45.281 : epoch:[134/1000], 平均loss: 0.0322
26-04-22 11:03:28.418 : [epoch 134 PSNR: 28.7767 Best: 28.8338]
26-04-22 11:06:02.273 : epoch:[135/1000], 平均loss: 0.0320
26-04-22 11:08:45.612 : [epoch 135 PSNR: 28.8356 Best: 28.8356]
26-04-22 11:11:19.473 : epoch:[136/1000], 平均loss: 0.0322
26-04-22 11:14:02.334 : [epoch 136 PSNR: 28.7928 Best: 28.8356]
26-04-22 11:16:36.068 : epoch:[137/1000], 平均loss: 0.0321
26-04-22 11:19:18.662 : [epoch 137 PSNR: 28.8040 Best: 28.8356]
26-04-22 11:21:52.448 : epoch:[138/1000], 平均loss: 0.0318
26-04-22 11:24:35.188 : [epoch 138 PSNR: 28.8326 Best: 28.8356]
26-04-22 11:27:09.283 : epoch:[139/1000], 平均loss: 0.0320
26-04-22 11:29:52.014 : [epoch 139 PSNR: 28.8225 Best: 28.8356]
26-04-22 11:32:25.576 : epoch:[140/1000], 平均loss: 0.0321
26-04-22 11:35:09.012 : [epoch 140 PSNR: 28.8501 Best: 28.8501]
26-04-22 11:37:43.175 : epoch:[141/1000], 平均loss: 0.0325
26-04-22 11:40:25.931 : [epoch 141 PSNR: 28.8248 Best: 28.8501]
26-04-22 11:42:59.713 : epoch:[142/1000], 平均loss: 0.0320
26-04-22 11:45:42.806 : [epoch 142 PSNR: 28.8268 Best: 28.8501]
26-04-22 11:48:16.689 : epoch:[143/1000], 平均loss: 0.0319
26-04-22 11:50:59.429 : [epoch 143 PSNR: 28.8687 Best: 28.8687]
26-04-22 11:53:32.769 : epoch:[144/1000], 平均loss: 0.0321
26-04-22 11:56:15.495 : [epoch 144 PSNR: 28.8232 Best: 28.8687]
26-04-22 11:58:49.537 : epoch:[145/1000], 平均loss: 0.0322
26-04-22 12:01:32.408 : [epoch 145 PSNR: 28.8690 Best: 28.8690]
26-04-22 12:04:06.371 : epoch:[146/1000], 平均loss: 0.0312
26-04-22 12:06:49.190 : [epoch 146 PSNR: 28.8629 Best: 28.8690]
26-04-22 12:09:22.981 : epoch:[147/1000], 平均loss: 0.0320
26-04-22 12:12:05.621 : [epoch 147 PSNR: 28.8685 Best: 28.8690]
26-04-22 12:14:39.229 : epoch:[148/1000], 平均loss: 0.0320
26-04-22 12:17:22.167 : [epoch 148 PSNR: 28.8636 Best: 28.8690]
26-04-22 12:19:55.878 : epoch:[149/1000], 平均loss: 0.0324
26-04-22 12:22:39.479 : [epoch 149 PSNR: 28.8747 Best: 28.8747]
26-04-22 12:25:12.733 : epoch:[150/1000], 平均loss: 0.0320
26-04-22 12:27:55.862 : [epoch 150 PSNR: 28.8658 Best: 28.8747]
26-04-22 12:30:29.619 : epoch:[151/1000], 平均loss: 0.0316
26-04-22 12:33:12.866 : [epoch 151 PSNR: 28.8642 Best: 28.8747]
26-04-22 12:35:47.086 : epoch:[152/1000], 平均loss: 0.0320
26-04-22 12:38:30.504 : [epoch 152 PSNR: 28.8692 Best: 28.8747]
26-04-22 12:41:04.237 : epoch:[153/1000], 平均loss: 0.0316
26-04-22 12:43:47.403 : [epoch 153 PSNR: 28.8899 Best: 28.8899]
26-04-22 12:46:21.657 : epoch:[154/1000], 平均loss: 0.0318
26-04-22 12:49:04.750 : [epoch 154 PSNR: 28.8785 Best: 28.8899]
26-04-22 12:51:39.014 : epoch:[155/1000], 平均loss: 0.0322
26-04-22 12:54:22.396 : [epoch 155 PSNR: 28.8777 Best: 28.8899]
26-04-22 12:56:56.306 : epoch:[156/1000], 平均loss: 0.0317
26-04-22 12:59:41.082 : [epoch 156 PSNR: 28.8849 Best: 28.8899]
26-04-22 13:02:15.414 : epoch:[157/1000], 平均loss: 0.0321
26-04-22 13:04:58.724 : [epoch 157 PSNR: 28.8807 Best: 28.8899]
26-04-22 13:07:32.730 : epoch:[158/1000], 平均loss: 0.0320
26-04-22 13:10:15.896 : [epoch 158 PSNR: 28.8668 Best: 28.8899]
26-04-22 13:12:49.530 : epoch:[159/1000], 平均loss: 0.0311
26-04-22 13:15:32.962 : [epoch 159 PSNR: 28.8805 Best: 28.8899]
26-04-22 13:18:06.982 : epoch:[160/1000], 平均loss: 0.0314
26-04-22 13:20:50.135 : [epoch 160 PSNR: 28.8978 Best: 28.8978]
26-04-22 13:23:24.273 : epoch:[161/1000], 平均loss: 0.0318
26-04-22 13:26:07.916 : [epoch 161 PSNR: 28.9074 Best: 28.9074]
26-04-22 13:28:41.979 : epoch:[162/1000], 平均loss: 0.0309
26-04-22 13:31:25.274 : [epoch 162 PSNR: 28.9024 Best: 28.9074]
26-04-22 13:33:58.958 : epoch:[163/1000], 平均loss: 0.0312
26-04-22 13:36:42.299 : [epoch 163 PSNR: 28.9238 Best: 28.9238]
26-04-22 13:39:16.119 : epoch:[164/1000], 平均loss: 0.0319
26-04-22 13:41:59.145 : [epoch 164 PSNR: 28.9054 Best: 28.9238]
26-04-22 13:44:32.914 : epoch:[165/1000], 平均loss: 0.0318
26-04-22 13:47:16.546 : [epoch 165 PSNR: 28.8997 Best: 28.9238]
26-04-22 13:49:50.310 : epoch:[166/1000], 平均loss: 0.0318
26-04-22 13:52:33.296 : [epoch 166 PSNR: 28.9133 Best: 28.9238]
26-04-22 13:55:07.094 : epoch:[167/1000], 平均loss: 0.0313
26-04-22 13:57:50.555 : [epoch 167 PSNR: 28.9009 Best: 28.9238]
26-04-22 14:00:24.363 : epoch:[168/1000], 平均loss: 0.0317
26-04-22 14:03:07.824 : [epoch 168 PSNR: 28.8963 Best: 28.9238]
26-04-22 14:05:41.596 : epoch:[169/1000], 平均loss: 0.0317
26-04-22 14:08:24.922 : [epoch 169 PSNR: 28.9123 Best: 28.9238]
26-04-22 14:10:58.808 : epoch:[170/1000], 平均loss: 0.0313
26-04-22 14:13:41.865 : [epoch 170 PSNR: 28.9185 Best: 28.9238]
26-04-22 14:16:15.957 : epoch:[171/1000], 平均loss: 0.0314
26-04-22 14:18:59.311 : [epoch 171 PSNR: 28.9244 Best: 28.9244]
26-04-22 14:21:33.143 : epoch:[172/1000], 平均loss: 0.0320
26-04-22 14:24:16.489 : [epoch 172 PSNR: 28.9293 Best: 28.9293]
26-04-22 14:26:50.188 : epoch:[173/1000], 平均loss: 0.0320
26-04-22 14:29:33.340 : [epoch 173 PSNR: 28.9299 Best: 28.9299]
26-04-22 14:32:07.182 : epoch:[174/1000], 平均loss: 0.0317
26-04-22 14:34:49.946 : [epoch 174 PSNR: 28.9195 Best: 28.9299]
26-04-22 14:37:23.984 : epoch:[175/1000], 平均loss: 0.0320
26-04-22 14:40:06.976 : [epoch 175 PSNR: 28.9112 Best: 28.9299]
26-04-22 14:42:43.933 : epoch:[176/1000], 平均loss: 0.0315
26-04-22 14:45:27.214 : [epoch 176 PSNR: 28.9326 Best: 28.9326]
26-04-22 14:48:00.788 : epoch:[177/1000], 平均loss: 0.0315
26-04-22 14:50:43.986 : [epoch 177 PSNR: 28.9393 Best: 28.9393]
26-04-22 14:53:17.583 : epoch:[178/1000], 平均loss: 0.0319
26-04-22 14:56:00.577 : [epoch 178 PSNR: 28.9426 Best: 28.9426]
26-04-22 14:58:34.567 : epoch:[179/1000], 平均loss: 0.0320
26-04-22 15:01:17.611 : [epoch 179 PSNR: 28.9194 Best: 28.9426]
26-04-22 15:03:51.490 : epoch:[180/1000], 平均loss: 0.0315
26-04-22 15:06:34.560 : [epoch 180 PSNR: 28.9415 Best: 28.9426]
26-04-22 15:09:08.728 : epoch:[181/1000], 平均loss: 0.0315
26-04-22 15:11:51.963 : [epoch 181 PSNR: 28.9236 Best: 28.9426]
26-04-22 15:14:26.133 : epoch:[182/1000], 平均loss: 0.0313
26-04-22 15:17:09.260 : [epoch 182 PSNR: 28.9191 Best: 28.9426]
26-04-22 15:19:43.290 : epoch:[183/1000], 平均loss: 0.0315
26-04-22 15:22:26.242 : [epoch 183 PSNR: 28.9490 Best: 28.9490]
26-04-22 15:25:00.231 : epoch:[184/1000], 平均loss: 0.0317
26-04-22 15:27:43.279 : [epoch 184 PSNR: 28.9314 Best: 28.9490]
26-04-22 15:30:17.368 : epoch:[185/1000], 平均loss: 0.0318
26-04-22 15:33:00.785 : [epoch 185 PSNR: 28.9520 Best: 28.9520]
26-04-22 15:35:34.778 : epoch:[186/1000], 平均loss: 0.0315
26-04-22 15:38:18.205 : [epoch 186 PSNR: 28.9165 Best: 28.9520]
26-04-22 15:40:52.541 : epoch:[187/1000], 平均loss: 0.0322
26-04-22 15:43:35.712 : [epoch 187 PSNR: 28.9534 Best: 28.9534]
26-04-22 15:46:09.739 : epoch:[188/1000], 平均loss: 0.0316
26-04-22 15:48:53.548 : [epoch 188 PSNR: 28.9582 Best: 28.9582]
26-04-22 15:51:27.833 : epoch:[189/1000], 平均loss: 0.0314
26-04-22 15:54:11.233 : [epoch 189 PSNR: 28.9544 Best: 28.9582]
26-04-22 15:56:44.986 : epoch:[190/1000], 平均loss: 0.0316
26-04-22 15:59:28.378 : [epoch 190 PSNR: 28.9639 Best: 28.9639]
26-04-22 16:02:02.149 : epoch:[191/1000], 平均loss: 0.0320
26-04-22 16:04:45.574 : [epoch 191 PSNR: 28.9763 Best: 28.9763]
26-04-22 16:07:19.208 : epoch:[192/1000], 平均loss: 0.0319
26-04-22 16:10:02.413 : [epoch 192 PSNR: 28.9794 Best: 28.9794]
26-04-22 16:12:36.161 : epoch:[193/1000], 平均loss: 0.0317
26-04-22 16:15:19.290 : [epoch 193 PSNR: 28.9670 Best: 28.9794]
26-04-22 16:17:53.131 : epoch:[194/1000], 平均loss: 0.0315
26-04-22 16:20:36.032 : [epoch 194 PSNR: 28.9702 Best: 28.9794]
26-04-22 16:23:09.973 : epoch:[195/1000], 平均loss: 0.0318
26-04-22 16:25:53.374 : [epoch 195 PSNR: 28.9784 Best: 28.9794]
26-04-22 16:28:27.249 : epoch:[196/1000], 平均loss: 0.0317
26-04-22 16:31:10.807 : [epoch 196 PSNR: 28.9742 Best: 28.9794]
26-04-22 16:33:44.646 : epoch:[197/1000], 平均loss: 0.0319
26-04-22 16:36:27.802 : [epoch 197 PSNR: 28.9690 Best: 28.9794]
26-04-22 16:39:01.670 : epoch:[198/1000], 平均loss: 0.0318
26-04-22 16:41:44.941 : [epoch 198 PSNR: 28.9686 Best: 28.9794]
26-04-22 16:44:18.607 : epoch:[199/1000], 平均loss: 0.0314
26-04-22 16:47:01.843 : [epoch 199 PSNR: 28.9614 Best: 28.9794]
26-04-22 16:49:35.529 : epoch:[200/1000], 平均loss: 0.0312
26-04-22 16:52:18.947 : [epoch 200 PSNR: 28.9892 Best: 28.9892]
26-04-22 16:54:52.947 : epoch:[201/1000], 平均loss: 0.0311
26-04-22 16:57:36.275 : [epoch 201 PSNR: 28.9889 Best: 28.9892]
26-04-22 17:00:10.051 : epoch:[202/1000], 平均loss: 0.0315
26-04-22 17:02:53.424 : [epoch 202 PSNR: 28.9931 Best: 28.9931]
26-04-22 17:05:27.270 : epoch:[203/1000], 平均loss: 0.0316
26-04-22 17:08:10.798 : [epoch 203 PSNR: 28.9963 Best: 28.9963]
26-04-22 17:10:44.711 : epoch:[204/1000], 平均loss: 0.0314
26-04-22 17:13:28.103 : [epoch 204 PSNR: 28.9931 Best: 28.9963]
26-04-22 17:16:01.989 : epoch:[205/1000], 平均loss: 0.0313
26-04-22 17:18:45.203 : [epoch 205 PSNR: 28.9812 Best: 28.9963]
26-04-22 17:21:18.921 : epoch:[206/1000], 平均loss: 0.0307
26-04-22 17:24:02.143 : [epoch 206 PSNR: 28.9896 Best: 28.9963]
26-04-22 17:26:36.058 : epoch:[207/1000], 平均loss: 0.0323
26-04-22 17:29:19.488 : [epoch 207 PSNR: 28.9834 Best: 28.9963]
26-04-22 17:31:53.001 : epoch:[208/1000], 平均loss: 0.0315
26-04-22 17:34:36.090 : [epoch 208 PSNR: 28.9838 Best: 28.9963]
26-04-22 17:37:10.076 : epoch:[209/1000], 平均loss: 0.0315
26-04-22 17:39:53.516 : [epoch 209 PSNR: 28.9986 Best: 28.9986]
26-04-22 17:42:27.154 : epoch:[210/1000], 平均loss: 0.0313
26-04-22 17:45:10.471 : [epoch 210 PSNR: 28.9891 Best: 28.9986]
26-04-22 17:47:44.392 : epoch:[211/1000], 平均loss: 0.0312
26-04-22 17:50:27.706 : [epoch 211 PSNR: 29.0000 Best: 29.0000]
26-04-22 17:53:01.484 : epoch:[212/1000], 平均loss: 0.0311
26-04-22 17:55:44.694 : [epoch 212 PSNR: 29.0060 Best: 29.0060]
26-04-22 17:58:18.346 : epoch:[213/1000], 平均loss: 0.0312
26-04-22 18:01:01.366 : [epoch 213 PSNR: 28.9741 Best: 29.0060]
26-04-22 18:03:35.167 : epoch:[214/1000], 平均loss: 0.0318
26-04-22 18:06:18.207 : [epoch 214 PSNR: 28.9759 Best: 29.0060]
26-04-22 18:08:51.817 : epoch:[215/1000], 平均loss: 0.0312
26-04-22 18:11:34.619 : [epoch 215 PSNR: 28.9781 Best: 29.0060]
26-04-22 18:14:08.827 : epoch:[216/1000], 平均loss: 0.0320
26-04-22 18:16:51.940 : [epoch 216 PSNR: 28.9560 Best: 29.0060]
26-04-22 18:19:25.738 : epoch:[217/1000], 平均loss: 0.0313
26-04-22 18:22:08.630 : [epoch 217 PSNR: 29.0012 Best: 29.0060]
26-04-22 18:24:42.348 : epoch:[218/1000], 平均loss: 0.0312
26-04-22 18:27:25.398 : [epoch 218 PSNR: 28.9987 Best: 29.0060]
26-04-22 18:29:59.074 : epoch:[219/1000], 平均loss: 0.0316
26-04-22 18:32:42.129 : [epoch 219 PSNR: 29.0067 Best: 29.0067]
26-04-22 18:35:15.938 : epoch:[220/1000], 平均loss: 0.0314
26-04-22 18:37:59.099 : [epoch 220 PSNR: 29.0120 Best: 29.0120]
26-04-22 18:40:33.334 : epoch:[221/1000], 平均loss: 0.0319
26-04-22 18:43:16.412 : [epoch 221 PSNR: 28.9972 Best: 29.0120]
26-04-22 18:45:50.453 : epoch:[222/1000], 平均loss: 0.0314
26-04-22 18:48:34.095 : [epoch 222 PSNR: 28.9931 Best: 29.0120]
26-04-22 18:51:07.934 : epoch:[223/1000], 平均loss: 0.0315
26-04-22 18:53:51.489 : [epoch 223 PSNR: 28.9891 Best: 29.0120]
26-04-22 18:56:25.533 : epoch:[224/1000], 平均loss: 0.0315
26-04-22 18:59:08.942 : [epoch 224 PSNR: 28.9991 Best: 29.0120]
26-04-22 19:01:42.800 : epoch:[225/1000], 平均loss: 0.0314
26-04-22 19:04:26.452 : [epoch 225 PSNR: 28.9902 Best: 29.0120]
26-04-22 19:07:00.191 : epoch:[226/1000], 平均loss: 0.0320
26-04-22 19:09:42.994 : [epoch 226 PSNR: 29.0036 Best: 29.0120]
26-04-22 19:12:16.562 : epoch:[227/1000], 平均loss: 0.0308
26-04-22 19:14:59.744 : [epoch 227 PSNR: 29.0001 Best: 29.0120]
26-04-22 19:17:33.269 : epoch:[228/1000], 平均loss: 0.0309
26-04-22 19:20:16.285 : [epoch 228 PSNR: 28.9956 Best: 29.0120]
26-04-22 19:22:50.131 : epoch:[229/1000], 平均loss: 0.0317
26-04-22 19:25:33.299 : [epoch 229 PSNR: 29.0019 Best: 29.0120]
26-04-22 19:28:07.065 : epoch:[230/1000], 平均loss: 0.0315
26-04-22 19:30:50.071 : [epoch 230 PSNR: 28.9938 Best: 29.0120]
26-04-22 19:30:50.223 : 总训练时间: 20.25小时
