26-04-16 21:53:52.190 :   task: train
  gpu_ids: [0]
  log_path: ./log
  model_save: ./model_save
  pretained_path:[
    index: False
    path: ./model_save/model_best1.pth
  ]
  batch_size: 4
  nc: [16, 1]
  patch_size: [128, 128]
  stride_size: [16, 16]
  atoms: 50
  d_size: 3
  max_epoch: 1000
  stage: 3
  lr: 0.0001
  loss_function_index: 1
  n_channels: 1
  train:[
    sigma: [0]
    dataroot_H: ./dataset/gray_train_all
    H_size: 128
    n_channels: 1
  ]
  valid:[
    sigma: [0]
    dataroot_H: ./dataset/gray_test
    n_channels: 1
  ]
  opt_path: ./options/train_options.json
  is_train: True
  scale: 1

26-04-16 21:53:52.207 : 训练集大小: 1120
26-04-16 21:53:52.208 : 验证集数量: 240 (每个 sigma 一个 Dataset)
26-04-16 21:53:53.728 : Number of parameter: 3.25M
26-04-16 21:53:53.728 : start training...
26-04-16 21:56:56.749 : epoch:[1/1000], 平均loss: 0.0178
26-04-16 21:59:48.380 : epoch:[2/1000], 平均loss: 0.0040
26-04-16 22:02:41.362 : epoch:[3/1000], 平均loss: 0.0026
26-04-16 22:05:25.735 : epoch:[4/1000], 平均loss: 0.0023
26-04-16 22:08:16.359 : epoch:[5/1000], 平均loss: 0.0019
26-04-16 22:11:03.943 : epoch:[6/1000], 平均loss: 0.0017
26-04-16 22:13:45.863 : epoch:[7/1000], 平均loss: 0.0016
26-04-16 22:16:25.506 : epoch:[8/1000], 平均loss: 0.0013
26-04-16 22:19:05.113 : epoch:[9/1000], 平均loss: 0.0013
26-04-16 22:21:45.013 : epoch:[10/1000], 平均loss: 0.0009
26-04-16 22:22:36.792 : [epoch 10 PSNR: 54.2968 Best: 54.2968]
26-04-16 22:25:16.613 : epoch:[11/1000], 平均loss: 0.0009
26-04-16 22:27:56.363 : epoch:[12/1000], 平均loss: 0.0009
26-04-16 22:30:39.871 : epoch:[13/1000], 平均loss: 0.0008
26-04-16 22:33:19.461 : epoch:[14/1000], 平均loss: 0.0008
26-04-16 22:35:59.301 : epoch:[15/1000], 平均loss: 0.0008
26-04-16 22:38:39.034 : epoch:[16/1000], 平均loss: 0.0008
26-04-16 22:41:18.588 : epoch:[17/1000], 平均loss: 0.0007
26-04-16 22:43:58.153 : epoch:[18/1000], 平均loss: 0.0006
26-04-16 22:46:37.758 : epoch:[19/1000], 平均loss: 0.0005
26-04-16 22:49:17.229 : epoch:[20/1000], 平均loss: 0.0005
26-04-16 22:50:08.637 : [epoch 20 PSNR: 57.0267 Best: 57.0267]
26-04-16 22:52:48.090 : epoch:[21/1000], 平均loss: 0.0005
26-04-16 22:55:27.716 : epoch:[22/1000], 平均loss: 0.0005
26-04-16 22:58:07.254 : epoch:[23/1000], 平均loss: 0.0005
26-04-16 23:00:46.671 : epoch:[24/1000], 平均loss: 0.0005
26-04-16 23:03:25.941 : epoch:[25/1000], 平均loss: 0.0005
26-04-16 23:06:04.965 : epoch:[26/1000], 平均loss: 0.0004
26-04-16 23:08:44.238 : epoch:[27/1000], 平均loss: 0.0004
26-04-16 23:11:23.223 : epoch:[28/1000], 平均loss: 0.0004
26-04-16 23:14:02.288 : epoch:[29/1000], 平均loss: 0.0004
26-04-16 23:16:41.417 : epoch:[30/1000], 平均loss: 0.0004
26-04-16 23:17:32.994 : [epoch 30 PSNR: 58.2400 Best: 58.2400]
26-04-16 23:20:12.317 : epoch:[31/1000], 平均loss: 0.0004
26-04-16 23:22:54.855 : epoch:[32/1000], 平均loss: 0.0004
26-04-16 23:25:34.335 : epoch:[33/1000], 平均loss: 0.0004
26-04-16 23:28:13.666 : epoch:[34/1000], 平均loss: 0.0004
26-04-16 23:30:52.798 : epoch:[35/1000], 平均loss: 0.0003
26-04-16 23:33:34.950 : epoch:[36/1000], 平均loss: 0.0003
26-04-16 23:36:16.581 : epoch:[37/1000], 平均loss: 0.0003
26-04-16 23:38:59.262 : epoch:[38/1000], 平均loss: 0.0003
26-04-16 23:41:38.747 : epoch:[39/1000], 平均loss: 0.0003
26-04-16 23:44:18.325 : epoch:[40/1000], 平均loss: 0.0003
26-04-16 23:45:09.941 : [epoch 40 PSNR: 59.0297 Best: 59.0297]
26-04-16 23:47:49.432 : epoch:[41/1000], 平均loss: 0.0003
26-04-16 23:50:31.760 : epoch:[42/1000], 平均loss: 0.0003
26-04-16 23:53:13.818 : epoch:[43/1000], 平均loss: 0.0003
26-04-16 23:55:56.388 : epoch:[44/1000], 平均loss: 0.0003
26-04-16 23:58:39.016 : epoch:[45/1000], 平均loss: 0.0003
26-04-17 00:01:21.676 : epoch:[46/1000], 平均loss: 0.0003
26-04-17 00:04:04.099 : epoch:[47/1000], 平均loss: 0.0003
26-04-17 00:06:46.197 : epoch:[48/1000], 平均loss: 0.0003
26-04-17 00:09:31.030 : epoch:[49/1000], 平均loss: 0.0003
26-04-17 00:12:15.596 : epoch:[50/1000], 平均loss: 0.0003
26-04-17 00:13:07.191 : [epoch 50 PSNR: 59.4910 Best: 59.4910]
26-04-17 00:15:51.468 : epoch:[51/1000], 平均loss: 0.0003
26-04-17 00:18:35.783 : epoch:[52/1000], 平均loss: 0.0003
26-04-17 00:21:20.213 : epoch:[53/1000], 平均loss: 0.0002
26-04-17 00:24:10.323 : epoch:[54/1000], 平均loss: 0.0003
26-04-17 00:27:00.257 : epoch:[55/1000], 平均loss: 0.0002
26-04-17 00:29:50.413 : epoch:[56/1000], 平均loss: 0.0002
26-04-17 00:32:34.597 : epoch:[57/1000], 平均loss: 0.0002
26-04-17 00:35:18.319 : epoch:[58/1000], 平均loss: 0.0002
26-04-17 00:38:08.837 : epoch:[59/1000], 平均loss: 0.0002
26-04-17 00:40:53.078 : epoch:[60/1000], 平均loss: 0.0002
26-04-17 00:41:44.780 : [epoch 60 PSNR: 59.8734 Best: 59.8734]
26-04-17 00:44:28.866 : epoch:[61/1000], 平均loss: 0.0002
26-04-17 00:47:13.019 : epoch:[62/1000], 平均loss: 0.0002
26-04-17 00:50:02.752 : epoch:[63/1000], 平均loss: 0.0002
26-04-17 00:52:52.440 : epoch:[64/1000], 平均loss: 0.0002
26-04-17 00:55:36.681 : epoch:[65/1000], 平均loss: 0.0002
26-04-17 00:58:21.011 : epoch:[66/1000], 平均loss: 0.0002
26-04-17 01:01:04.942 : epoch:[67/1000], 平均loss: 0.0002
26-04-17 01:03:49.218 : epoch:[68/1000], 平均loss: 0.0002
26-04-17 01:06:38.977 : epoch:[69/1000], 平均loss: 0.0002
26-04-17 01:09:23.763 : epoch:[70/1000], 平均loss: 0.0002
26-04-17 01:10:15.186 : [epoch 70 PSNR: 60.1376 Best: 60.1376]
26-04-17 01:13:05.123 : epoch:[71/1000], 平均loss: 0.0002
26-04-17 01:15:55.032 : epoch:[72/1000], 平均loss: 0.0002
26-04-17 01:18:45.460 : epoch:[73/1000], 平均loss: 0.0002
26-04-17 01:21:35.680 : epoch:[74/1000], 平均loss: 0.0002
26-04-17 01:24:20.340 : epoch:[75/1000], 平均loss: 0.0002
26-04-17 01:27:04.638 : epoch:[76/1000], 平均loss: 0.0002
26-04-17 01:29:50.204 : epoch:[77/1000], 平均loss: 0.0002
26-04-17 01:32:34.187 : epoch:[78/1000], 平均loss: 0.0002
26-04-17 01:35:18.446 : epoch:[79/1000], 平均loss: 0.0002
26-04-17 01:38:08.499 : epoch:[80/1000], 平均loss: 0.0002
26-04-17 01:39:00.214 : [epoch 80 PSNR: 60.3245 Best: 60.3245]
26-04-17 01:41:50.437 : epoch:[81/1000], 平均loss: 0.0002
26-04-17 01:44:40.709 : epoch:[82/1000], 平均loss: 0.0002
26-04-17 01:47:30.682 : epoch:[83/1000], 平均loss: 0.0002
26-04-17 01:50:22.704 : epoch:[84/1000], 平均loss: 0.0002
26-04-17 01:53:07.236 : epoch:[85/1000], 平均loss: 0.0002
26-04-17 01:55:51.714 : epoch:[86/1000], 平均loss: 0.0002
26-04-17 01:58:35.885 : epoch:[87/1000], 平均loss: 0.0002
26-04-17 02:01:20.252 : epoch:[88/1000], 平均loss: 0.0002
26-04-17 02:04:04.796 : epoch:[89/1000], 平均loss: 0.0002
26-04-17 02:06:49.590 : epoch:[90/1000], 平均loss: 0.0002
26-04-17 02:07:41.151 : [epoch 90 PSNR: 60.5331 Best: 60.5331]
26-04-17 02:10:31.050 : epoch:[91/1000], 平均loss: 0.0002
26-04-17 02:13:21.185 : epoch:[92/1000], 平均loss: 0.0002
26-04-17 02:16:11.370 : epoch:[93/1000], 平均loss: 0.0002
26-04-17 02:19:01.263 : epoch:[94/1000], 平均loss: 0.0002
26-04-17 02:21:46.243 : epoch:[95/1000], 平均loss: 0.0002
26-04-17 02:24:36.014 : epoch:[96/1000], 平均loss: 0.0002
26-04-17 02:27:26.625 : epoch:[97/1000], 平均loss: 0.0002
26-04-17 02:30:16.838 : epoch:[98/1000], 平均loss: 0.0002
26-04-17 02:33:01.622 : epoch:[99/1000], 平均loss: 0.0002
26-04-17 02:35:46.047 : epoch:[100/1000], 平均loss: 0.0002
26-04-17 02:36:37.652 : [epoch 100 PSNR: 60.7309 Best: 60.7309]
26-04-17 02:39:22.595 : epoch:[101/1000], 平均loss: 0.0002
26-04-17 02:42:13.012 : epoch:[102/1000], 平均loss: 0.0002
26-04-17 02:45:02.824 : epoch:[103/1000], 平均loss: 0.0002
26-04-17 02:47:52.559 : epoch:[104/1000], 平均loss: 0.0002
26-04-17 02:50:42.562 : epoch:[105/1000], 平均loss: 0.0002
26-04-17 02:53:27.063 : epoch:[106/1000], 平均loss: 0.0002
26-04-17 02:56:16.925 : epoch:[107/1000], 平均loss: 0.0002
26-04-17 02:59:06.775 : epoch:[108/1000], 平均loss: 0.0002
26-04-17 03:01:56.845 : epoch:[109/1000], 平均loss: 0.0002
26-04-17 03:04:46.879 : epoch:[110/1000], 平均loss: 0.0002
26-04-17 03:05:38.259 : [epoch 110 PSNR: 60.8445 Best: 60.8445]
26-04-17 03:08:23.137 : epoch:[111/1000], 平均loss: 0.0002
26-04-17 03:11:07.563 : epoch:[112/1000], 平均loss: 0.0002
26-04-17 03:13:52.032 : epoch:[113/1000], 平均loss: 0.0002
26-04-17 03:16:42.276 : epoch:[114/1000], 平均loss: 0.0002
26-04-17 03:19:27.192 : epoch:[115/1000], 平均loss: 0.0002
26-04-17 03:22:11.823 : epoch:[116/1000], 平均loss: 0.0002
26-04-17 03:25:01.562 : epoch:[117/1000], 平均loss: 0.0002
26-04-17 03:27:51.699 : epoch:[118/1000], 平均loss: 0.0002
26-04-17 03:30:41.612 : epoch:[119/1000], 平均loss: 0.0002
26-04-17 03:33:26.448 : epoch:[120/1000], 平均loss: 0.0002
26-04-17 03:34:17.971 : [epoch 120 PSNR: 60.9724 Best: 60.9724]
26-04-17 03:37:02.677 : epoch:[121/1000], 平均loss: 0.0002
26-04-17 03:39:47.717 : epoch:[122/1000], 平均loss: 0.0002
26-04-17 03:42:38.158 : epoch:[123/1000], 平均loss: 0.0002
26-04-17 03:45:22.885 : epoch:[124/1000], 平均loss: 0.0002
26-04-17 03:48:15.376 : epoch:[125/1000], 平均loss: 0.0002
26-04-17 03:51:06.885 : epoch:[126/1000], 平均loss: 0.0002
26-04-17 03:53:51.782 : epoch:[127/1000], 平均loss: 0.0002
26-04-17 03:56:36.450 : epoch:[128/1000], 平均loss: 0.0002
26-04-17 03:59:21.066 : epoch:[129/1000], 平均loss: 0.0002
26-04-17 04:02:05.709 : epoch:[130/1000], 平均loss: 0.0002
26-04-17 04:02:57.208 : [epoch 130 PSNR: 61.0921 Best: 61.0921]
26-04-17 04:05:41.518 : epoch:[131/1000], 平均loss: 0.0002
26-04-17 04:08:26.738 : epoch:[132/1000], 平均loss: 0.0002
26-04-17 04:11:10.699 : epoch:[133/1000], 平均loss: 0.0002
26-04-17 04:14:00.252 : epoch:[134/1000], 平均loss: 0.0002
26-04-17 04:16:50.183 : epoch:[135/1000], 平均loss: 0.0002
26-04-17 04:19:39.789 : epoch:[136/1000], 平均loss: 0.0002
26-04-17 04:22:24.038 : epoch:[137/1000], 平均loss: 0.0002
26-04-17 04:25:14.720 : epoch:[138/1000], 平均loss: 0.0002
26-04-17 04:28:02.964 : epoch:[139/1000], 平均loss: 0.0002
26-04-17 04:30:47.766 : epoch:[140/1000], 平均loss: 0.0002
26-04-17 04:31:39.271 : [epoch 140 PSNR: 61.1803 Best: 61.1803]
26-04-17 04:34:24.147 : epoch:[141/1000], 平均loss: 0.0002
26-04-17 04:37:10.850 : epoch:[142/1000], 平均loss: 0.0002
26-04-17 04:39:53.554 : epoch:[143/1000], 平均loss: 0.0002
26-04-17 04:42:36.162 : epoch:[144/1000], 平均loss: 0.0002
26-04-17 04:45:18.537 : epoch:[145/1000], 平均loss: 0.0002
26-04-17 04:48:01.145 : epoch:[146/1000], 平均loss: 0.0002
26-04-17 04:50:40.492 : epoch:[147/1000], 平均loss: 0.0002
26-04-17 04:53:22.281 : epoch:[148/1000], 平均loss: 0.0002
26-04-17 04:56:04.914 : epoch:[149/1000], 平均loss: 0.0002
26-04-17 04:58:47.509 : epoch:[150/1000], 平均loss: 0.0002
26-04-17 04:59:38.856 : [epoch 150 PSNR: 61.2537 Best: 61.2537]
26-04-17 05:02:21.575 : epoch:[151/1000], 平均loss: 0.0002
26-04-17 05:05:04.288 : epoch:[152/1000], 平均loss: 0.0002
26-04-17 05:07:43.722 : epoch:[153/1000], 平均loss: 0.0002
26-04-17 05:10:23.261 : epoch:[154/1000], 平均loss: 0.0002
26-04-17 05:13:02.572 : epoch:[155/1000], 平均loss: 0.0002
26-04-17 05:15:42.105 : epoch:[156/1000], 平均loss: 0.0002
26-04-17 05:18:21.646 : epoch:[157/1000], 平均loss: 0.0002
26-04-17 05:21:01.425 : epoch:[158/1000], 平均loss: 0.0002
26-04-17 05:23:40.775 : epoch:[159/1000], 平均loss: 0.0002
26-04-17 05:26:23.532 : epoch:[160/1000], 平均loss: 0.0002
26-04-17 05:27:15.080 : [epoch 160 PSNR: 61.3276 Best: 61.3276]
26-04-17 05:29:58.055 : epoch:[161/1000], 平均loss: 0.0002
26-04-17 05:32:37.571 : epoch:[162/1000], 平均loss: 0.0002
26-04-17 05:35:16.603 : epoch:[163/1000], 平均loss: 0.0002
26-04-17 05:37:59.137 : epoch:[164/1000], 平均loss: 0.0002
26-04-17 05:40:38.308 : epoch:[165/1000], 平均loss: 0.0002
26-04-17 05:43:17.774 : epoch:[166/1000], 平均loss: 0.0002
26-04-17 05:45:57.525 : epoch:[167/1000], 平均loss: 0.0002
26-04-17 05:48:37.574 : epoch:[168/1000], 平均loss: 0.0002
26-04-17 05:51:17.081 : epoch:[169/1000], 平均loss: 0.0002
26-04-17 05:53:56.585 : epoch:[170/1000], 平均loss: 0.0002
26-04-17 05:54:47.811 : [epoch 170 PSNR: 61.4082 Best: 61.4082]
26-04-17 05:57:27.246 : epoch:[171/1000], 平均loss: 0.0002
26-04-17 06:00:06.502 : epoch:[172/1000], 平均loss: 0.0002
26-04-17 06:02:49.044 : epoch:[173/1000], 平均loss: 0.0002
26-04-17 06:05:31.366 : epoch:[174/1000], 平均loss: 0.0002
26-04-17 06:08:14.119 : epoch:[175/1000], 平均loss: 0.0002
26-04-17 06:10:53.319 : epoch:[176/1000], 平均loss: 0.0002
26-04-17 06:13:32.587 : epoch:[177/1000], 平均loss: 0.0002
26-04-17 06:16:11.827 : epoch:[178/1000], 平均loss: 0.0002
26-04-17 06:18:51.569 : epoch:[179/1000], 平均loss: 0.0002
26-04-17 06:21:30.926 : epoch:[180/1000], 平均loss: 0.0002
26-04-17 06:22:22.335 : [epoch 180 PSNR: 61.4740 Best: 61.4740]
26-04-17 06:25:03.978 : epoch:[181/1000], 平均loss: 0.0002
26-04-17 06:27:46.561 : epoch:[182/1000], 平均loss: 0.0002
26-04-17 06:30:29.107 : epoch:[183/1000], 平均loss: 0.0002
26-04-17 06:33:08.126 : epoch:[184/1000], 平均loss: 0.0002
26-04-17 06:35:53.992 : epoch:[185/1000], 平均loss: 0.0002
26-04-17 06:38:36.880 : epoch:[186/1000], 平均loss: 0.0002
26-04-17 06:41:18.472 : epoch:[187/1000], 平均loss: 0.0002
26-04-17 06:44:01.286 : epoch:[188/1000], 平均loss: 0.0002
26-04-17 06:46:44.045 : epoch:[189/1000], 平均loss: 0.0002
26-04-17 06:49:26.685 : epoch:[190/1000], 平均loss: 0.0002
26-04-17 06:50:18.063 : [epoch 190 PSNR: 61.5134 Best: 61.5134]
26-04-17 06:53:00.818 : epoch:[191/1000], 平均loss: 0.0002
26-04-17 06:55:39.868 : epoch:[192/1000], 平均loss: 0.0002
26-04-17 06:58:19.157 : epoch:[193/1000], 平均loss: 0.0002
26-04-17 07:00:58.344 : epoch:[194/1000], 平均loss: 0.0002
26-04-17 07:03:37.443 : epoch:[195/1000], 平均loss: 0.0002
26-04-17 07:06:17.062 : epoch:[196/1000], 平均loss: 0.0002
26-04-17 07:08:59.643 : epoch:[197/1000], 平均loss: 0.0002
26-04-17 07:11:38.703 : epoch:[198/1000], 平均loss: 0.0002
26-04-17 07:14:17.830 : epoch:[199/1000], 平均loss: 0.0002
26-04-17 07:16:57.133 : epoch:[200/1000], 平均loss: 0.0002
26-04-17 07:17:48.664 : [epoch 200 PSNR: 61.5620 Best: 61.5620]
26-04-17 07:20:31.368 : epoch:[201/1000], 平均loss: 0.0002
26-04-17 07:23:14.031 : epoch:[202/1000], 平均loss: 0.0002
26-04-17 07:25:53.196 : epoch:[203/1000], 平均loss: 0.0002
26-04-17 07:28:32.301 : epoch:[204/1000], 平均loss: 0.0002
26-04-17 07:31:11.556 : epoch:[205/1000], 平均loss: 0.0002
26-04-17 07:33:54.073 : epoch:[206/1000], 平均loss: 0.0002
26-04-17 07:36:33.681 : epoch:[207/1000], 平均loss: 0.0002
26-04-17 07:39:16.617 : epoch:[208/1000], 平均loss: 0.0002
26-04-17 07:41:56.065 : epoch:[209/1000], 平均loss: 0.0002
26-04-17 07:44:38.194 : epoch:[210/1000], 平均loss: 0.0002
26-04-17 07:45:29.608 : [epoch 210 PSNR: 61.6014 Best: 61.6014]
26-04-17 07:48:09.320 : epoch:[211/1000], 平均loss: 0.0002
26-04-17 07:50:52.463 : epoch:[212/1000], 平均loss: 0.0002
26-04-17 07:53:35.447 : epoch:[213/1000], 平均loss: 0.0002
26-04-17 07:56:18.545 : epoch:[214/1000], 平均loss: 0.0002
26-04-17 07:59:00.484 : epoch:[215/1000], 平均loss: 0.0002
26-04-17 08:01:43.470 : epoch:[216/1000], 平均loss: 0.0002
26-04-17 08:04:26.394 : epoch:[217/1000], 平均loss: 0.0002
26-04-17 08:07:09.108 : epoch:[218/1000], 平均loss: 0.0002
26-04-17 08:09:51.853 : epoch:[219/1000], 平均loss: 0.0002
26-04-17 08:12:34.418 : epoch:[220/1000], 平均loss: 0.0002
26-04-17 08:13:25.683 : [epoch 220 PSNR: 61.6346 Best: 61.6346]
26-04-17 08:16:08.230 : epoch:[221/1000], 平均loss: 0.0002
26-04-17 08:18:51.913 : epoch:[222/1000], 平均loss: 0.0002
26-04-17 08:21:38.141 : epoch:[223/1000], 平均loss: 0.0002
26-04-17 08:24:20.774 : epoch:[224/1000], 平均loss: 0.0002
26-04-17 08:27:03.383 : epoch:[225/1000], 平均loss: 0.0002
26-04-17 08:29:44.939 : epoch:[226/1000], 平均loss: 0.0002
26-04-17 08:32:27.430 : epoch:[227/1000], 平均loss: 0.0002
26-04-17 08:35:10.122 : epoch:[228/1000], 平均loss: 0.0002
26-04-17 08:37:49.972 : epoch:[229/1000], 平均loss: 0.0002
26-04-17 08:40:32.796 : epoch:[230/1000], 平均loss: 0.0002
26-04-17 08:41:24.199 : [epoch 230 PSNR: 61.6742 Best: 61.6742]
26-04-17 08:44:03.455 : epoch:[231/1000], 平均loss: 0.0002
26-04-17 08:46:42.804 : epoch:[232/1000], 平均loss: 0.0002
26-04-17 08:49:25.512 : epoch:[233/1000], 平均loss: 0.0002
26-04-17 08:52:08.245 : epoch:[234/1000], 平均loss: 0.0002
26-04-17 08:54:49.512 : epoch:[235/1000], 平均loss: 0.0002
26-04-17 08:57:35.050 : epoch:[236/1000], 平均loss: 0.0002
26-04-17 09:00:16.535 : epoch:[237/1000], 平均loss: 0.0002
26-04-17 09:02:59.652 : epoch:[238/1000], 平均loss: 0.0002
26-04-17 09:05:39.727 : epoch:[239/1000], 平均loss: 0.0002
26-04-17 09:08:22.723 : epoch:[240/1000], 平均loss: 0.0002
26-04-17 09:09:14.165 : [epoch 240 PSNR: 61.6916 Best: 61.6916]
26-04-17 09:11:57.126 : epoch:[241/1000], 平均loss: 0.0002
26-04-17 09:14:36.861 : epoch:[242/1000], 平均loss: 0.0002
26-04-17 09:17:16.714 : epoch:[243/1000], 平均loss: 0.0002
26-04-17 09:19:56.607 : epoch:[244/1000], 平均loss: 0.0002
26-04-17 09:22:36.333 : epoch:[245/1000], 平均loss: 0.0002
26-04-17 09:25:19.579 : epoch:[246/1000], 平均loss: 0.0002
26-04-17 09:28:02.892 : epoch:[247/1000], 平均loss: 0.0002
26-04-17 09:30:45.395 : epoch:[248/1000], 平均loss: 0.0002
26-04-17 09:33:24.951 : epoch:[249/1000], 平均loss: 0.0002
26-04-17 09:36:04.890 : epoch:[250/1000], 平均loss: 0.0002
26-04-17 09:36:56.739 : [epoch 250 PSNR: 61.7431 Best: 61.7431]
26-04-17 09:39:39.845 : epoch:[251/1000], 平均loss: 0.0002
26-04-17 09:42:22.972 : epoch:[252/1000], 平均loss: 0.0002
26-04-17 09:45:05.850 : epoch:[253/1000], 平均loss: 0.0002
26-04-17 09:47:48.249 : epoch:[254/1000], 平均loss: 0.0002
26-04-17 09:50:28.790 : epoch:[255/1000], 平均loss: 0.0002
26-04-17 09:53:10.177 : epoch:[256/1000], 平均loss: 0.0002
26-04-17 09:55:52.934 : epoch:[257/1000], 平均loss: 0.0002
26-04-17 09:58:35.824 : epoch:[258/1000], 平均loss: 0.0002
26-04-17 10:01:18.226 : epoch:[259/1000], 平均loss: 0.0002
26-04-17 10:04:00.769 : epoch:[260/1000], 平均loss: 0.0002
26-04-17 10:04:52.466 : [epoch 260 PSNR: 61.7458 Best: 61.7458]
26-04-17 10:07:36.050 : epoch:[261/1000], 平均loss: 0.0002
26-04-17 10:10:16.277 : epoch:[262/1000], 平均loss: 0.0002
26-04-17 10:12:56.322 : epoch:[263/1000], 平均loss: 0.0002
26-04-17 10:15:36.175 : epoch:[264/1000], 平均loss: 0.0002
26-04-17 10:18:16.149 : epoch:[265/1000], 平均loss: 0.0002
26-04-17 10:20:59.714 : epoch:[266/1000], 平均loss: 0.0002
26-04-17 10:23:43.071 : epoch:[267/1000], 平均loss: 0.0002
26-04-17 10:26:23.369 : epoch:[268/1000], 平均loss: 0.0002
26-04-17 10:29:06.920 : epoch:[269/1000], 平均loss: 0.0002
26-04-17 10:31:47.336 : epoch:[270/1000], 平均loss: 0.0002
26-04-17 10:32:38.827 : [epoch 270 PSNR: 61.7562 Best: 61.7562]
26-04-17 10:35:19.646 : epoch:[271/1000], 平均loss: 0.0002
26-04-17 10:38:03.779 : epoch:[272/1000], 平均loss: 0.0002
26-04-17 10:40:44.461 : epoch:[273/1000], 平均loss: 0.0002
26-04-17 10:43:27.969 : epoch:[274/1000], 平均loss: 0.0002
26-04-17 10:46:11.490 : epoch:[275/1000], 平均loss: 0.0002
26-04-17 10:48:53.976 : epoch:[276/1000], 平均loss: 0.0002
26-04-17 10:51:34.152 : epoch:[277/1000], 平均loss: 0.0002
26-04-17 10:54:17.530 : epoch:[278/1000], 平均loss: 0.0002
26-04-17 10:57:00.764 : epoch:[279/1000], 平均loss: 0.0002
26-04-17 10:59:43.900 : epoch:[280/1000], 平均loss: 0.0002
26-04-17 11:00:35.338 : [epoch 280 PSNR: 61.7820 Best: 61.7820]
26-04-17 11:03:17.301 : epoch:[281/1000], 平均loss: 0.0002
26-04-17 11:06:00.008 : epoch:[282/1000], 平均loss: 0.0002
26-04-17 11:08:44.677 : epoch:[283/1000], 平均loss: 0.0002
26-04-17 11:11:27.448 : epoch:[284/1000], 平均loss: 0.0002
26-04-17 11:14:10.385 : epoch:[285/1000], 平均loss: 0.0002
26-04-17 11:16:53.139 : epoch:[286/1000], 平均loss: 0.0002
26-04-17 11:19:34.929 : epoch:[287/1000], 平均loss: 0.0002
26-04-17 11:22:17.509 : epoch:[288/1000], 平均loss: 0.0002
26-04-17 11:24:56.646 : epoch:[289/1000], 平均loss: 0.0002
26-04-17 11:27:35.983 : epoch:[290/1000], 平均loss: 0.0002
26-04-17 11:28:27.287 : [epoch 290 PSNR: 61.7966 Best: 61.7966]
26-04-17 11:31:06.589 : epoch:[291/1000], 平均loss: 0.0002
26-04-17 11:33:48.358 : epoch:[292/1000], 平均loss: 0.0002
26-04-17 11:36:27.677 : epoch:[293/1000], 平均loss: 0.0002
26-04-17 11:39:07.265 : epoch:[294/1000], 平均loss: 0.0002
26-04-17 11:41:50.252 : epoch:[295/1000], 平均loss: 0.0002
26-04-17 11:44:33.468 : epoch:[296/1000], 平均loss: 0.0001
26-04-17 11:47:13.177 : epoch:[297/1000], 平均loss: 0.0001
26-04-17 11:49:53.463 : epoch:[298/1000], 平均loss: 0.0001
26-04-17 11:52:33.300 : epoch:[299/1000], 平均loss: 0.0002
26-04-17 11:55:16.525 : epoch:[300/1000], 平均loss: 0.0002
26-04-17 11:56:07.870 : [epoch 300 PSNR: 61.8175 Best: 61.8175]
26-04-17 11:58:50.897 : epoch:[301/1000], 平均loss: 0.0002
26-04-17 12:01:33.781 : epoch:[302/1000], 平均loss: 0.0001
26-04-17 12:04:15.937 : epoch:[303/1000], 平均loss: 0.0002
26-04-17 12:06:58.710 : epoch:[304/1000], 平均loss: 0.0002
26-04-17 12:09:41.611 : epoch:[305/1000], 平均loss: 0.0002
26-04-17 12:12:24.665 : epoch:[306/1000], 平均loss: 0.0001
26-04-17 12:15:07.643 : epoch:[307/1000], 平均loss: 0.0002
26-04-17 12:17:50.692 : epoch:[308/1000], 平均loss: 0.0002
26-04-17 12:20:30.434 : epoch:[309/1000], 平均loss: 0.0002
26-04-17 12:23:13.319 : epoch:[310/1000], 平均loss: 0.0002
26-04-17 12:24:04.764 : [epoch 310 PSNR: 61.8197 Best: 61.8197]
26-04-17 12:26:44.451 : epoch:[311/1000], 平均loss: 0.0002
26-04-17 12:29:24.187 : epoch:[312/1000], 平均loss: 0.0002
26-04-17 12:32:07.168 : epoch:[313/1000], 平均loss: 0.0001
26-04-17 12:34:49.792 : epoch:[314/1000], 平均loss: 0.0001
26-04-17 12:37:32.523 : epoch:[315/1000], 平均loss: 0.0002
26-04-17 12:40:12.212 : epoch:[316/1000], 平均loss: 0.0002
26-04-17 12:42:52.037 : epoch:[317/1000], 平均loss: 0.0001
26-04-17 12:45:31.750 : epoch:[318/1000], 平均loss: 0.0001
26-04-17 12:48:13.375 : epoch:[319/1000], 平均loss: 0.0002
26-04-17 12:50:56.851 : epoch:[320/1000], 平均loss: 0.0002
26-04-17 12:51:48.344 : [epoch 320 PSNR: 61.8204 Best: 61.8204]
26-04-17 12:54:32.314 : epoch:[321/1000], 平均loss: 0.0002
26-04-17 12:57:12.252 : epoch:[322/1000], 平均loss: 0.0002
26-04-17 12:59:55.262 : epoch:[323/1000], 平均loss: 0.0002
26-04-17 13:02:38.317 : epoch:[324/1000], 平均loss: 0.0002
26-04-17 13:05:21.310 : epoch:[325/1000], 平均loss: 0.0002
26-04-17 13:08:03.756 : epoch:[326/1000], 平均loss: 0.0001
26-04-17 13:10:46.936 : epoch:[327/1000], 平均loss: 0.0002
26-04-17 13:13:30.998 : epoch:[328/1000], 平均loss: 0.0001
26-04-17 13:16:11.097 : epoch:[329/1000], 平均loss: 0.0002
26-04-17 13:18:54.076 : epoch:[330/1000], 平均loss: 0.0002
26-04-17 13:19:45.610 : [epoch 330 PSNR: 61.8297 Best: 61.8297]
26-04-17 13:22:25.980 : epoch:[331/1000], 平均loss: 0.0001
26-04-17 13:25:05.735 : epoch:[332/1000], 平均loss: 0.0002
26-04-17 13:27:45.522 : epoch:[333/1000], 平均loss: 0.0001
26-04-17 13:30:25.524 : epoch:[334/1000], 平均loss: 0.0001
26-04-17 13:33:08.611 : epoch:[335/1000], 平均loss: 0.0001
26-04-17 13:35:51.613 : epoch:[336/1000], 平均loss: 0.0002
26-04-17 13:38:34.944 : epoch:[337/1000], 平均loss: 0.0001
26-04-17 13:41:14.722 : epoch:[338/1000], 平均loss: 0.0001
26-04-17 13:43:54.884 : epoch:[339/1000], 平均loss: 0.0001
26-04-17 13:46:36.612 : epoch:[340/1000], 平均loss: 0.0002
26-04-17 13:47:28.269 : [epoch 340 PSNR: 61.8294 Best: 61.8297]
26-04-17 13:50:11.868 : epoch:[341/1000], 平均loss: 0.0001
26-04-17 13:52:51.915 : epoch:[342/1000], 平均loss: 0.0001
26-04-17 13:55:35.890 : epoch:[343/1000], 平均loss: 0.0001
26-04-17 13:58:16.109 : epoch:[344/1000], 平均loss: 0.0001
26-04-17 14:00:59.471 : epoch:[345/1000], 平均loss: 0.0002
26-04-17 14:03:42.931 : epoch:[346/1000], 平均loss: 0.0002
26-04-17 14:06:26.046 : epoch:[347/1000], 平均loss: 0.0001
26-04-17 14:09:06.237 : epoch:[348/1000], 平均loss: 0.0002
26-04-17 14:11:49.630 : epoch:[349/1000], 平均loss: 0.0001
26-04-17 14:14:32.810 : epoch:[350/1000], 平均loss: 0.0001
26-04-17 14:15:24.368 : [epoch 350 PSNR: 61.8351 Best: 61.8351]
26-04-17 14:18:07.640 : epoch:[351/1000], 平均loss: 0.0001
26-04-17 14:20:50.675 : epoch:[352/1000], 平均loss: 0.0001
26-04-17 14:23:33.340 : epoch:[353/1000], 平均loss: 0.0002
26-04-17 14:26:16.104 : epoch:[354/1000], 平均loss: 0.0001
26-04-17 14:28:56.004 : epoch:[355/1000], 平均loss: 0.0001
26-04-17 14:31:39.108 : epoch:[356/1000], 平均loss: 0.0001
26-04-17 14:34:22.188 : epoch:[357/1000], 平均loss: 0.0002
26-04-17 14:37:02.165 : epoch:[358/1000], 平均loss: 0.0001
26-04-17 14:39:41.875 : epoch:[359/1000], 平均loss: 0.0001
26-04-17 14:42:24.984 : epoch:[360/1000], 平均loss: 0.0001
26-04-17 14:43:16.388 : [epoch 360 PSNR: 61.8348 Best: 61.8351]
26-04-17 14:45:59.603 : epoch:[361/1000], 平均loss: 0.0001
26-04-17 14:48:42.924 : epoch:[362/1000], 平均loss: 0.0001
26-04-17 14:51:26.141 : epoch:[363/1000], 平均loss: 0.0001
26-04-17 14:54:08.538 : epoch:[364/1000], 平均loss: 0.0002
26-04-17 14:56:48.305 : epoch:[365/1000], 平均loss: 0.0001
26-04-17 14:59:27.707 : epoch:[366/1000], 平均loss: 0.0002
26-04-17 15:02:07.363 : epoch:[367/1000], 平均loss: 0.0001
26-04-17 15:04:47.242 : epoch:[368/1000], 平均loss: 0.0002
26-04-17 15:07:27.170 : epoch:[369/1000], 平均loss: 0.0002
26-04-17 15:10:06.780 : epoch:[370/1000], 平均loss: 0.0001
26-04-17 15:10:58.041 : [epoch 370 PSNR: 61.8418 Best: 61.8418]
26-04-17 15:13:37.839 : epoch:[371/1000], 平均loss: 0.0001
26-04-17 15:16:17.728 : epoch:[372/1000], 平均loss: 0.0001
26-04-17 15:19:00.539 : epoch:[373/1000], 平均loss: 0.0001
26-04-17 15:21:49.944 : epoch:[374/1000], 平均loss: 0.0001
26-04-17 15:24:39.685 : epoch:[375/1000], 平均loss: 0.0001
26-04-17 15:27:22.462 : epoch:[376/1000], 平均loss: 0.0001
26-04-17 15:30:02.523 : epoch:[377/1000], 平均loss: 0.0002
26-04-17 15:32:45.774 : epoch:[378/1000], 平均loss: 0.0001
26-04-17 15:35:29.557 : epoch:[379/1000], 平均loss: 0.0002
26-04-17 15:38:13.076 : epoch:[380/1000], 平均loss: 0.0001
26-04-17 15:39:04.498 : [epoch 380 PSNR: 61.8511 Best: 61.8511]
26-04-17 15:41:46.781 : epoch:[381/1000], 平均loss: 0.0001
26-04-17 15:44:27.167 : epoch:[382/1000], 平均loss: 0.0002
26-04-17 15:47:10.357 : epoch:[383/1000], 平均loss: 0.0001
26-04-17 15:49:50.967 : epoch:[384/1000], 平均loss: 0.0001
26-04-17 15:52:30.864 : epoch:[385/1000], 平均loss: 0.0001
26-04-17 15:55:10.511 : epoch:[386/1000], 平均loss: 0.0001
26-04-17 15:57:49.943 : epoch:[387/1000], 平均loss: 0.0001
26-04-17 16:00:29.731 : epoch:[388/1000], 平均loss: 0.0001
26-04-17 16:03:12.805 : epoch:[389/1000], 平均loss: 0.0001
26-04-17 16:05:56.058 : epoch:[390/1000], 平均loss: 0.0001
26-04-17 16:06:47.481 : [epoch 390 PSNR: 61.8595 Best: 61.8595]
26-04-17 16:09:30.788 : epoch:[391/1000], 平均loss: 0.0001
26-04-17 16:12:10.645 : epoch:[392/1000], 平均loss: 0.0001
26-04-17 16:14:50.391 : epoch:[393/1000], 平均loss: 0.0001
26-04-17 16:17:30.228 : epoch:[394/1000], 平均loss: 0.0002
26-04-17 16:20:10.010 : epoch:[395/1000], 平均loss: 0.0001
26-04-17 16:22:50.305 : epoch:[396/1000], 平均loss: 0.0001
26-04-17 16:25:33.732 : epoch:[397/1000], 平均loss: 0.0002
26-04-17 16:28:16.792 : epoch:[398/1000], 平均loss: 0.0001
26-04-17 16:30:56.693 : epoch:[399/1000], 平均loss: 0.0001
26-04-17 16:33:39.893 : epoch:[400/1000], 平均loss: 0.0001
26-04-17 16:34:31.320 : [epoch 400 PSNR: 61.8653 Best: 61.8653]
26-04-17 16:37:11.902 : epoch:[401/1000], 平均loss: 0.0001
26-04-17 16:39:52.174 : epoch:[402/1000], 平均loss: 0.0001
26-04-17 16:42:32.224 : epoch:[403/1000], 平均loss: 0.0002
26-04-17 16:45:13.316 : epoch:[404/1000], 平均loss: 0.0001
26-04-17 16:47:56.451 : epoch:[405/1000], 平均loss: 0.0001
26-04-17 16:50:36.235 : epoch:[406/1000], 平均loss: 0.0002
26-04-17 16:53:19.428 : epoch:[407/1000], 平均loss: 0.0001
26-04-17 16:55:59.270 : epoch:[408/1000], 平均loss: 0.0001
26-04-17 16:58:42.207 : epoch:[409/1000], 平均loss: 0.0001
26-04-17 17:01:24.340 : epoch:[410/1000], 平均loss: 0.0001
26-04-17 17:02:15.857 : [epoch 410 PSNR: 61.8750 Best: 61.8750]
26-04-17 17:04:58.887 : epoch:[411/1000], 平均loss: 0.0002
26-04-17 17:07:38.848 : epoch:[412/1000], 平均loss: 0.0001
26-04-17 17:10:18.454 : epoch:[413/1000], 平均loss: 0.0001
26-04-17 17:12:58.342 : epoch:[414/1000], 平均loss: 0.0001
26-04-17 17:15:39.977 : epoch:[415/1000], 平均loss: 0.0001
26-04-17 17:18:23.084 : epoch:[416/1000], 平均loss: 0.0001
26-04-17 17:21:02.747 : epoch:[417/1000], 平均loss: 0.0001
26-04-17 17:23:42.724 : epoch:[418/1000], 平均loss: 0.0001
26-04-17 17:26:26.033 : epoch:[419/1000], 平均loss: 0.0001
26-04-17 17:29:09.244 : epoch:[420/1000], 平均loss: 0.0001
26-04-17 17:30:00.589 : [epoch 420 PSNR: 61.8810 Best: 61.8810]
26-04-17 17:32:40.661 : epoch:[421/1000], 平均loss: 0.0001
26-04-17 17:35:20.580 : epoch:[422/1000], 平均loss: 0.0001
26-04-17 17:38:03.844 : epoch:[423/1000], 平均loss: 0.0001
26-04-17 17:40:47.029 : epoch:[424/1000], 平均loss: 0.0001
26-04-17 17:43:30.245 : epoch:[425/1000], 平均loss: 0.0001
26-04-17 17:46:10.098 : epoch:[426/1000], 平均loss: 0.0001
26-04-17 17:48:53.642 : epoch:[427/1000], 平均loss: 0.0001
26-04-17 17:51:37.032 : epoch:[428/1000], 平均loss: 0.0001
26-04-17 17:54:17.168 : epoch:[429/1000], 平均loss: 0.0001
26-04-17 17:56:57.045 : epoch:[430/1000], 平均loss: 0.0001
26-04-17 17:57:48.663 : [epoch 430 PSNR: 61.8881 Best: 61.8881]
26-04-17 18:00:28.310 : epoch:[431/1000], 平均loss: 0.0001
26-04-17 18:03:10.904 : epoch:[432/1000], 平均loss: 0.0001
26-04-17 18:05:53.897 : epoch:[433/1000], 平均loss: 0.0001
26-04-17 18:08:37.069 : epoch:[434/1000], 平均loss: 0.0001
26-04-17 18:11:20.089 : epoch:[435/1000], 平均loss: 0.0001
26-04-17 18:14:03.144 : epoch:[436/1000], 平均loss: 0.0001
26-04-17 18:16:45.874 : epoch:[437/1000], 平均loss: 0.0001
26-04-17 18:19:28.847 : epoch:[438/1000], 平均loss: 0.0001
26-04-17 18:22:12.276 : epoch:[439/1000], 平均loss: 0.0001
26-04-17 18:24:52.372 : epoch:[440/1000], 平均loss: 0.0001
26-04-17 18:25:43.882 : [epoch 440 PSNR: 61.8859 Best: 61.8881]
26-04-17 18:28:23.577 : epoch:[441/1000], 平均loss: 0.0001
26-04-17 18:31:03.199 : epoch:[442/1000], 平均loss: 0.0002
26-04-17 18:33:45.804 : epoch:[443/1000], 平均loss: 0.0001
26-04-17 18:36:25.756 : epoch:[444/1000], 平均loss: 0.0001
26-04-17 18:39:08.918 : epoch:[445/1000], 平均loss: 0.0001
26-04-17 18:41:49.054 : epoch:[446/1000], 平均loss: 0.0001
26-04-17 18:44:29.203 : epoch:[447/1000], 平均loss: 0.0001
26-04-17 18:47:09.137 : epoch:[448/1000], 平均loss: 0.0001
26-04-17 18:49:48.927 : epoch:[449/1000], 平均loss: 0.0001
26-04-17 18:52:29.163 : epoch:[450/1000], 平均loss: 0.0002
26-04-17 18:53:20.751 : [epoch 450 PSNR: 61.8941 Best: 61.8941]
26-04-17 18:56:00.725 : epoch:[451/1000], 平均loss: 0.0001
26-04-17 18:58:40.526 : epoch:[452/1000], 平均loss: 0.0001
26-04-17 19:01:20.654 : epoch:[453/1000], 平均loss: 0.0001
26-04-17 19:04:00.226 : epoch:[454/1000], 平均loss: 0.0001
26-04-17 19:06:39.962 : epoch:[455/1000], 平均loss: 0.0001
26-04-17 19:09:19.893 : epoch:[456/1000], 平均loss: 0.0001
26-04-17 19:12:02.940 : epoch:[457/1000], 平均loss: 0.0001
26-04-17 19:14:46.154 : epoch:[458/1000], 平均loss: 0.0001
26-04-17 19:17:29.266 : epoch:[459/1000], 平均loss: 0.0001
26-04-17 19:20:11.370 : epoch:[460/1000], 平均loss: 0.0001
26-04-17 19:21:02.995 : [epoch 460 PSNR: 61.8964 Best: 61.8964]
26-04-17 19:23:46.476 : epoch:[461/1000], 平均loss: 0.0001
26-04-17 19:26:26.588 : epoch:[462/1000], 平均loss: 0.0001
26-04-17 19:29:06.489 : epoch:[463/1000], 平均loss: 0.0002
26-04-17 19:31:49.556 : epoch:[464/1000], 平均loss: 0.0001
26-04-17 19:34:32.029 : epoch:[465/1000], 平均loss: 0.0001
26-04-17 19:37:14.970 : epoch:[466/1000], 平均loss: 0.0001
26-04-17 19:39:58.113 : epoch:[467/1000], 平均loss: 0.0001
26-04-17 19:42:41.292 : epoch:[468/1000], 平均loss: 0.0001
26-04-17 19:45:24.456 : epoch:[469/1000], 平均loss: 0.0001
26-04-17 19:48:04.427 : epoch:[470/1000], 平均loss: 0.0001
26-04-17 19:48:56.387 : [epoch 470 PSNR: 61.8931 Best: 61.8964]
26-04-17 19:51:39.893 : epoch:[471/1000], 平均loss: 0.0001
26-04-17 19:54:22.990 : epoch:[472/1000], 平均loss: 0.0001
26-04-17 19:57:06.080 : epoch:[473/1000], 平均loss: 0.0001
26-04-17 19:59:49.152 : epoch:[474/1000], 平均loss: 0.0001
26-04-17 20:02:32.407 : epoch:[475/1000], 平均loss: 0.0001
26-04-17 20:05:14.805 : epoch:[476/1000], 平均loss: 0.0001
26-04-17 20:07:57.709 : epoch:[477/1000], 平均loss: 0.0001
26-04-17 20:10:40.835 : epoch:[478/1000], 平均loss: 0.0001
26-04-17 20:13:24.053 : epoch:[479/1000], 平均loss: 0.0001
26-04-17 20:16:07.220 : epoch:[480/1000], 平均loss: 0.0001
26-04-17 20:16:58.709 : [epoch 480 PSNR: 61.9006 Best: 61.9006]
26-04-17 20:19:38.747 : epoch:[481/1000], 平均loss: 0.0001
26-04-17 20:22:21.486 : epoch:[482/1000], 平均loss: 0.0001
26-04-17 20:25:01.710 : epoch:[483/1000], 平均loss: 0.0001
26-04-17 20:27:41.621 : epoch:[484/1000], 平均loss: 0.0001
26-04-17 20:30:21.412 : epoch:[485/1000], 平均loss: 0.0001
26-04-17 20:33:04.641 : epoch:[486/1000], 平均loss: 0.0001
26-04-17 20:35:47.532 : epoch:[487/1000], 平均loss: 0.0001
26-04-17 20:38:30.298 : epoch:[488/1000], 平均loss: 0.0001
26-04-17 20:41:10.192 : epoch:[489/1000], 平均loss: 0.0001
26-04-17 20:43:53.287 : epoch:[490/1000], 平均loss: 0.0001
26-04-17 20:44:44.694 : [epoch 490 PSNR: 61.8980 Best: 61.9006]
26-04-17 20:47:27.670 : epoch:[491/1000], 平均loss: 0.0001
26-04-17 20:50:07.375 : epoch:[492/1000], 平均loss: 0.0001
26-04-17 20:52:49.963 : epoch:[493/1000], 平均loss: 0.0001
26-04-17 20:55:32.995 : epoch:[494/1000], 平均loss: 0.0001
26-04-17 20:58:16.227 : epoch:[495/1000], 平均loss: 0.0001
26-04-17 21:00:59.422 : epoch:[496/1000], 平均loss: 0.0001
26-04-17 21:03:42.782 : epoch:[497/1000], 平均loss: 0.0001
26-04-17 21:06:22.785 : epoch:[498/1000], 平均loss: 0.0001
26-04-17 21:09:05.270 : epoch:[499/1000], 平均loss: 0.0001
26-04-17 21:11:44.983 : epoch:[500/1000], 平均loss: 0.0001
26-04-17 21:12:36.545 : [epoch 500 PSNR: 61.8909 Best: 61.9006]
26-04-17 21:15:19.818 : epoch:[501/1000], 平均loss: 0.0001
26-04-17 21:18:03.303 : epoch:[502/1000], 平均loss: 0.0001
26-04-17 21:20:43.176 : epoch:[503/1000], 平均loss: 0.0001
26-04-17 21:23:24.142 : epoch:[504/1000], 平均loss: 0.0001
26-04-17 21:26:03.981 : epoch:[505/1000], 平均loss: 0.0001
26-04-17 21:28:43.872 : epoch:[506/1000], 平均loss: 0.0001
26-04-17 21:31:26.535 : epoch:[507/1000], 平均loss: 0.0001
26-04-17 21:34:09.298 : epoch:[508/1000], 平均loss: 0.0001
26-04-17 21:36:49.372 : epoch:[509/1000], 平均loss: 0.0001
26-04-17 21:39:31.557 : epoch:[510/1000], 平均loss: 0.0001
26-04-17 21:40:22.909 : [epoch 510 PSNR: 61.9060 Best: 61.9060]
26-04-17 21:43:02.916 : epoch:[511/1000], 平均loss: 0.0001
26-04-17 21:45:46.218 : epoch:[512/1000], 平均loss: 0.0001
26-04-17 21:48:26.681 : epoch:[513/1000], 平均loss: 0.0001
26-04-17 21:51:06.713 : epoch:[514/1000], 平均loss: 0.0001
26-04-17 21:53:48.851 : epoch:[515/1000], 平均loss: 0.0001
26-04-17 21:56:32.003 : epoch:[516/1000], 平均loss: 0.0001
26-04-17 21:59:17.231 : epoch:[517/1000], 平均loss: 0.0001
26-04-17 22:02:00.021 : epoch:[518/1000], 平均loss: 0.0001
26-04-17 22:04:40.071 : epoch:[519/1000], 平均loss: 0.0001
26-04-17 22:07:23.197 : epoch:[520/1000], 平均loss: 0.0001
26-04-17 22:08:14.398 : [epoch 520 PSNR: 61.9109 Best: 61.9109]
26-04-17 22:10:54.304 : epoch:[521/1000], 平均loss: 0.0001
26-04-17 22:13:34.328 : epoch:[522/1000], 平均loss: 0.0001
26-04-17 22:16:14.157 : epoch:[523/1000], 平均loss: 0.0001
26-04-17 22:18:57.253 : epoch:[524/1000], 平均loss: 0.0001
26-04-17 22:21:40.658 : epoch:[525/1000], 平均loss: 0.0001
26-04-17 22:24:23.422 : epoch:[526/1000], 平均loss: 0.0001
26-04-17 22:27:06.218 : epoch:[527/1000], 平均loss: 0.0001
26-04-17 22:29:46.055 : epoch:[528/1000], 平均loss: 0.0001
26-04-17 22:32:29.332 : epoch:[529/1000], 平均loss: 0.0001
26-04-17 22:35:12.433 : epoch:[530/1000], 平均loss: 0.0001
26-04-17 22:36:03.932 : [epoch 530 PSNR: 61.9221 Best: 61.9221]
26-04-17 22:38:46.866 : epoch:[531/1000], 平均loss: 0.0001
26-04-17 22:41:29.545 : epoch:[532/1000], 平均loss: 0.0001
26-04-17 22:44:12.879 : epoch:[533/1000], 平均loss: 0.0001
26-04-17 22:46:56.365 : epoch:[534/1000], 平均loss: 0.0001
26-04-17 22:49:39.664 : epoch:[535/1000], 平均loss: 0.0001
26-04-17 22:52:23.063 : epoch:[536/1000], 平均loss: 0.0001
26-04-17 22:55:02.566 : epoch:[537/1000], 平均loss: 0.0001
26-04-17 22:57:42.168 : epoch:[538/1000], 平均loss: 0.0001
26-04-17 23:00:21.962 : epoch:[539/1000], 平均loss: 0.0001
26-04-17 23:03:02.277 : epoch:[540/1000], 平均loss: 0.0001
26-04-17 23:03:53.855 : [epoch 540 PSNR: 61.9211 Best: 61.9221]
26-04-17 23:06:33.989 : epoch:[541/1000], 平均loss: 0.0001
26-04-17 23:09:16.977 : epoch:[542/1000], 平均loss: 0.0001
26-04-17 23:11:57.032 : epoch:[543/1000], 平均loss: 0.0001
26-04-17 23:14:36.907 : epoch:[544/1000], 平均loss: 0.0001
26-04-17 23:17:16.752 : epoch:[545/1000], 平均loss: 0.0001
26-04-17 23:19:57.001 : epoch:[546/1000], 平均loss: 0.0001
26-04-17 23:22:40.383 : epoch:[547/1000], 平均loss: 0.0001
26-04-17 23:25:23.713 : epoch:[548/1000], 平均loss: 0.0001
26-04-17 23:28:06.378 : epoch:[549/1000], 平均loss: 0.0001
26-04-17 23:30:49.892 : epoch:[550/1000], 平均loss: 0.0001
26-04-17 23:31:41.344 : [epoch 550 PSNR: 61.9312 Best: 61.9312]
26-04-17 23:34:21.154 : epoch:[551/1000], 平均loss: 0.0001
26-04-17 23:37:04.381 : epoch:[552/1000], 平均loss: 0.0001
26-04-17 23:39:47.782 : epoch:[553/1000], 平均loss: 0.0001
26-04-17 23:42:30.513 : epoch:[554/1000], 平均loss: 0.0001
26-04-17 23:45:14.370 : epoch:[555/1000], 平均loss: 0.0001
26-04-17 23:47:57.983 : epoch:[556/1000], 平均loss: 0.0001
26-04-17 23:50:39.128 : epoch:[557/1000], 平均loss: 0.0001
26-04-17 23:53:19.801 : epoch:[558/1000], 平均loss: 0.0001
26-04-17 23:56:00.353 : epoch:[559/1000], 平均loss: 0.0001
26-04-17 23:58:40.635 : epoch:[560/1000], 平均loss: 0.0001
26-04-17 23:59:32.295 : [epoch 560 PSNR: 61.9355 Best: 61.9355]
26-04-18 00:02:12.691 : epoch:[561/1000], 平均loss: 0.0001
26-04-18 00:04:52.913 : epoch:[562/1000], 平均loss: 0.0001
26-04-18 00:07:35.111 : epoch:[563/1000], 平均loss: 0.0001
26-04-18 00:10:20.361 : epoch:[564/1000], 平均loss: 0.0001
26-04-18 00:13:04.876 : epoch:[565/1000], 平均loss: 0.0001
26-04-18 00:15:55.041 : epoch:[566/1000], 平均loss: 0.0001
26-04-18 00:18:45.895 : epoch:[567/1000], 平均loss: 0.0001
26-04-18 00:21:36.749 : epoch:[568/1000], 平均loss: 0.0001
26-04-18 00:24:21.618 : epoch:[569/1000], 平均loss: 0.0001
26-04-18 00:27:12.148 : epoch:[570/1000], 平均loss: 0.0001
26-04-18 00:28:03.510 : [epoch 570 PSNR: 61.9415 Best: 61.9415]
26-04-18 00:30:53.666 : epoch:[571/1000], 平均loss: 0.0001
26-04-18 00:34:07.187 : epoch:[572/1000], 平均loss: 0.0001
26-04-18 00:36:57.228 : epoch:[573/1000], 平均loss: 0.0001
26-04-18 00:39:44.759 : epoch:[574/1000], 平均loss: 0.0001
26-04-18 00:42:29.326 : epoch:[575/1000], 平均loss: 0.0001
26-04-18 00:45:13.930 : epoch:[576/1000], 平均loss: 0.0001
26-04-18 00:47:58.330 : epoch:[577/1000], 平均loss: 0.0001
26-04-18 00:50:48.108 : epoch:[578/1000], 平均loss: 0.0001
26-04-18 00:53:38.101 : epoch:[579/1000], 平均loss: 0.0001
26-04-18 00:56:28.501 : epoch:[580/1000], 平均loss: 0.0001
26-04-18 00:57:20.007 : [epoch 580 PSNR: 61.9413 Best: 61.9415]
26-04-18 01:00:10.463 : epoch:[581/1000], 平均loss: 0.0001
26-04-18 01:02:55.096 : epoch:[582/1000], 平均loss: 0.0001
26-04-18 01:05:45.471 : epoch:[583/1000], 平均loss: 0.0001
26-04-18 01:08:35.989 : epoch:[584/1000], 平均loss: 0.0001
26-04-18 01:11:26.303 : epoch:[585/1000], 平均loss: 0.0001
26-04-18 01:14:16.679 : epoch:[586/1000], 平均loss: 0.0001
26-04-18 01:17:01.000 : epoch:[587/1000], 平均loss: 0.0001
26-04-18 01:19:45.914 : epoch:[588/1000], 平均loss: 0.0001
26-04-18 01:22:30.671 : epoch:[589/1000], 平均loss: 0.0001
26-04-18 01:25:20.866 : epoch:[590/1000], 平均loss: 0.0001
26-04-18 01:26:12.306 : [epoch 590 PSNR: 61.9476 Best: 61.9476]
26-04-18 01:28:57.368 : epoch:[591/1000], 平均loss: 0.0001
26-04-18 01:31:47.246 : epoch:[592/1000], 平均loss: 0.0001
26-04-18 01:34:37.210 : epoch:[593/1000], 平均loss: 0.0001
26-04-18 01:37:21.803 : epoch:[594/1000], 平均loss: 0.0001
26-04-18 01:40:06.461 : epoch:[595/1000], 平均loss: 0.0001
26-04-18 01:42:51.395 : epoch:[596/1000], 平均loss: 0.0001
26-04-18 01:45:36.548 : epoch:[597/1000], 平均loss: 0.0001
26-04-18 01:48:21.472 : epoch:[598/1000], 平均loss: 0.0001
26-04-18 01:51:14.217 : epoch:[599/1000], 平均loss: 0.0001
26-04-18 01:54:08.348 : epoch:[600/1000], 平均loss: 0.0001
26-04-18 01:54:59.807 : [epoch 600 PSNR: 61.9463 Best: 61.9476]
26-04-18 01:57:50.346 : epoch:[601/1000], 平均loss: 0.0001
26-04-18 02:00:40.354 : epoch:[602/1000], 平均loss: 0.0001
26-04-18 02:03:30.620 : epoch:[603/1000], 平均loss: 0.0001
26-04-18 02:06:20.767 : epoch:[604/1000], 平均loss: 0.0001
26-04-18 02:09:10.801 : epoch:[605/1000], 平均loss: 0.0001
26-04-18 02:12:00.783 : epoch:[606/1000], 平均loss: 0.0001
26-04-18 02:14:50.846 : epoch:[607/1000], 平均loss: 0.0001
26-04-18 02:17:41.065 : epoch:[608/1000], 平均loss: 0.0001
26-04-18 02:20:25.372 : epoch:[609/1000], 平均loss: 0.0001
26-04-18 02:23:15.085 : epoch:[610/1000], 平均loss: 0.0001
26-04-18 02:24:06.592 : [epoch 610 PSNR: 61.9519 Best: 61.9519]
26-04-18 02:26:56.559 : epoch:[611/1000], 平均loss: 0.0001
26-04-18 02:29:46.456 : epoch:[612/1000], 平均loss: 0.0001
26-04-18 02:32:30.836 : epoch:[613/1000], 平均loss: 0.0001
26-04-18 02:35:14.953 : epoch:[614/1000], 平均loss: 0.0001
26-04-18 02:38:04.720 : epoch:[615/1000], 平均loss: 0.0001
26-04-18 02:40:49.287 : epoch:[616/1000], 平均loss: 0.0001
26-04-18 02:43:34.142 : epoch:[617/1000], 平均loss: 0.0001
26-04-18 02:46:19.219 : epoch:[618/1000], 平均loss: 0.0001
26-04-18 02:49:04.190 : epoch:[619/1000], 平均loss: 0.0001
26-04-18 02:51:49.637 : epoch:[620/1000], 平均loss: 0.0001
26-04-18 02:52:41.141 : [epoch 620 PSNR: 61.9548 Best: 61.9548]
26-04-18 02:55:26.229 : epoch:[621/1000], 平均loss: 0.0001
26-04-18 02:58:11.433 : epoch:[622/1000], 平均loss: 0.0001
26-04-18 03:00:56.629 : epoch:[623/1000], 平均loss: 0.0001
26-04-18 03:03:41.777 : epoch:[624/1000], 平均loss: 0.0001
26-04-18 03:06:26.956 : epoch:[625/1000], 平均loss: 0.0001
26-04-18 03:09:11.988 : epoch:[626/1000], 平均loss: 0.0001
26-04-18 03:11:56.962 : epoch:[627/1000], 平均loss: 0.0001
26-04-18 03:14:42.225 : epoch:[628/1000], 平均loss: 0.0001
26-04-18 03:17:27.653 : epoch:[629/1000], 平均loss: 0.0001
26-04-18 03:20:12.708 : epoch:[630/1000], 平均loss: 0.0001
26-04-18 03:21:04.073 : [epoch 630 PSNR: 61.9639 Best: 61.9639]
26-04-18 03:23:49.464 : epoch:[631/1000], 平均loss: 0.0001
26-04-18 03:26:39.691 : epoch:[632/1000], 平均loss: 0.0001
26-04-18 03:29:30.460 : epoch:[633/1000], 平均loss: 0.0001
26-04-18 03:32:15.250 : epoch:[634/1000], 平均loss: 0.0001
26-04-18 03:35:00.331 : epoch:[635/1000], 平均loss: 0.0001
26-04-18 03:37:52.301 : epoch:[636/1000], 平均loss: 0.0001
26-04-18 03:40:37.342 : epoch:[637/1000], 平均loss: 0.0001
26-04-18 03:43:27.594 : epoch:[638/1000], 平均loss: 0.0001
26-04-18 03:46:18.508 : epoch:[639/1000], 平均loss: 0.0001
26-04-18 03:49:07.193 : epoch:[640/1000], 平均loss: 0.0001
26-04-18 03:49:58.581 : [epoch 640 PSNR: 61.9584 Best: 61.9639]
26-04-18 03:52:52.402 : epoch:[641/1000], 平均loss: 0.0001
26-04-18 03:55:42.258 : epoch:[642/1000], 平均loss: 0.0001
26-04-18 03:58:32.105 : epoch:[643/1000], 平均loss: 0.0001
26-04-18 04:01:21.969 : epoch:[644/1000], 平均loss: 0.0001
26-04-18 04:04:11.932 : epoch:[645/1000], 平均loss: 0.0001
26-04-18 04:06:57.354 : epoch:[646/1000], 平均loss: 0.0001
26-04-18 04:09:42.675 : epoch:[647/1000], 平均loss: 0.0001
26-04-18 04:12:27.062 : epoch:[648/1000], 平均loss: 0.0001
26-04-18 04:15:17.054 : epoch:[649/1000], 平均loss: 0.0001
26-04-18 04:18:01.367 : epoch:[650/1000], 平均loss: 0.0001
26-04-18 04:18:52.673 : [epoch 650 PSNR: 61.9613 Best: 61.9639]
26-04-18 04:21:37.831 : epoch:[651/1000], 平均loss: 0.0001
26-04-18 04:24:22.294 : epoch:[652/1000], 平均loss: 0.0001
26-04-18 04:27:06.553 : epoch:[653/1000], 平均loss: 0.0001
26-04-18 04:29:50.930 : epoch:[654/1000], 平均loss: 0.0001
26-04-18 04:32:40.821 : epoch:[655/1000], 平均loss: 0.0001
26-04-18 04:35:30.868 : epoch:[656/1000], 平均loss: 0.0001
26-04-18 04:38:16.025 : epoch:[657/1000], 平均loss: 0.0001
26-04-18 04:41:00.432 : epoch:[658/1000], 平均loss: 0.0001
26-04-18 04:43:50.465 : epoch:[659/1000], 平均loss: 0.0001
26-04-18 04:46:40.419 : epoch:[660/1000], 平均loss: 0.0001
26-04-18 04:47:32.086 : [epoch 660 PSNR: 61.9701 Best: 61.9701]
26-04-18 04:50:17.006 : epoch:[661/1000], 平均loss: 0.0001
26-04-18 04:53:01.820 : epoch:[662/1000], 平均loss: 0.0001
26-04-18 04:55:51.710 : epoch:[663/1000], 平均loss: 0.0001
26-04-18 04:58:41.797 : epoch:[664/1000], 平均loss: 0.0001
26-04-18 05:01:31.588 : epoch:[665/1000], 平均loss: 0.0001
26-04-18 05:04:21.631 : epoch:[666/1000], 平均loss: 0.0001
26-04-18 05:07:05.875 : epoch:[667/1000], 平均loss: 0.0001
26-04-18 05:09:55.665 : epoch:[668/1000], 平均loss: 0.0001
26-04-18 05:12:40.182 : epoch:[669/1000], 平均loss: 0.0001
26-04-18 05:15:24.057 : epoch:[670/1000], 平均loss: 0.0001
26-04-18 05:16:15.545 : [epoch 670 PSNR: 61.9715 Best: 61.9715]
26-04-18 05:19:05.367 : epoch:[671/1000], 平均loss: 0.0001
26-04-18 05:21:49.636 : epoch:[672/1000], 平均loss: 0.0001
26-04-18 05:24:39.462 : epoch:[673/1000], 平均loss: 0.0001
26-04-18 05:27:29.598 : epoch:[674/1000], 平均loss: 0.0001
26-04-18 05:30:19.074 : epoch:[675/1000], 平均loss: 0.0001
26-04-18 05:33:03.387 : epoch:[676/1000], 平均loss: 0.0001
26-04-18 05:35:53.317 : epoch:[677/1000], 平均loss: 0.0001
26-04-18 05:38:38.015 : epoch:[678/1000], 平均loss: 0.0001
26-04-18 05:41:22.567 : epoch:[679/1000], 平均loss: 0.0001
26-04-18 05:44:07.300 : epoch:[680/1000], 平均loss: 0.0001
26-04-18 05:44:58.968 : [epoch 680 PSNR: 61.9737 Best: 61.9737]
26-04-18 05:47:49.218 : epoch:[681/1000], 平均loss: 0.0001
26-04-18 05:50:35.687 : epoch:[682/1000], 平均loss: 0.0001
26-04-18 05:53:25.710 : epoch:[683/1000], 平均loss: 0.0001
26-04-18 05:56:15.420 : epoch:[684/1000], 平均loss: 0.0001
26-04-18 05:59:04.697 : epoch:[685/1000], 平均loss: 0.0001
26-04-18 06:01:54.264 : epoch:[686/1000], 平均loss: 0.0001
26-04-18 06:04:38.542 : epoch:[687/1000], 平均loss: 0.0001
26-04-18 06:07:23.211 : epoch:[688/1000], 平均loss: 0.0001
26-04-18 06:10:07.600 : epoch:[689/1000], 平均loss: 0.0001
26-04-18 06:12:57.619 : epoch:[690/1000], 平均loss: 0.0001
26-04-18 06:13:48.957 : [epoch 690 PSNR: 61.9794 Best: 61.9794]
26-04-18 06:16:39.330 : epoch:[691/1000], 平均loss: 0.0001
26-04-18 06:19:24.051 : epoch:[692/1000], 平均loss: 0.0001
26-04-18 06:22:08.405 : epoch:[693/1000], 平均loss: 0.0001
26-04-18 06:24:53.205 : epoch:[694/1000], 平均loss: 0.0001
26-04-18 06:27:37.448 : epoch:[695/1000], 平均loss: 0.0001
26-04-18 06:30:21.709 : epoch:[696/1000], 平均loss: 0.0001
26-04-18 06:33:11.463 : epoch:[697/1000], 平均loss: 0.0001
26-04-18 06:36:01.010 : epoch:[698/1000], 平均loss: 0.0001
26-04-18 06:38:45.635 : epoch:[699/1000], 平均loss: 0.0001
26-04-18 06:41:35.437 : epoch:[700/1000], 平均loss: 0.0001
26-04-18 06:42:26.763 : [epoch 700 PSNR: 61.9761 Best: 61.9794]
26-04-18 06:45:16.979 : epoch:[701/1000], 平均loss: 0.0001
26-04-18 06:48:06.787 : epoch:[702/1000], 平均loss: 0.0001
26-04-18 06:50:56.829 : epoch:[703/1000], 平均loss: 0.0001
26-04-18 06:53:47.326 : epoch:[704/1000], 平均loss: 0.0001
26-04-18 06:56:37.367 : epoch:[705/1000], 平均loss: 0.0001
26-04-18 06:59:27.599 : epoch:[706/1000], 平均loss: 0.0001
26-04-18 07:02:17.476 : epoch:[707/1000], 平均loss: 0.0001
26-04-18 07:05:07.738 : epoch:[708/1000], 平均loss: 0.0001
26-04-18 07:07:58.201 : epoch:[709/1000], 平均loss: 0.0001
26-04-18 07:10:48.062 : epoch:[710/1000], 平均loss: 0.0001
26-04-18 07:11:39.589 : [epoch 710 PSNR: 61.9906 Best: 61.9906]
26-04-18 07:14:29.806 : epoch:[711/1000], 平均loss: 0.0001
26-04-18 07:17:14.362 : epoch:[712/1000], 平均loss: 0.0001
26-04-18 07:19:59.407 : epoch:[713/1000], 平均loss: 0.0001
26-04-18 07:22:49.457 : epoch:[714/1000], 平均loss: 0.0001
26-04-18 07:25:39.386 : epoch:[715/1000], 平均loss: 0.0001
26-04-18 07:28:29.470 : epoch:[716/1000], 平均loss: 0.0001
26-04-18 07:31:22.928 : epoch:[717/1000], 平均loss: 0.0001
26-04-18 07:34:13.025 : epoch:[718/1000], 平均loss: 0.0001
26-04-18 07:36:57.548 : epoch:[719/1000], 平均loss: 0.0001
26-04-18 07:39:45.527 : epoch:[720/1000], 平均loss: 0.0001
26-04-18 07:40:37.137 : [epoch 720 PSNR: 61.9975 Best: 61.9975]
26-04-18 07:43:27.021 : epoch:[721/1000], 平均loss: 0.0001
26-04-18 07:46:11.408 : epoch:[722/1000], 平均loss: 0.0001
26-04-18 07:48:57.613 : epoch:[723/1000], 平均loss: 0.0001
26-04-18 07:51:47.685 : epoch:[724/1000], 平均loss: 0.0001
26-04-18 07:54:37.893 : epoch:[725/1000], 平均loss: 0.0001
26-04-18 07:57:27.663 : epoch:[726/1000], 平均loss: 0.0001
26-04-18 08:00:17.148 : epoch:[727/1000], 平均loss: 0.0001
26-04-18 08:03:06.987 : epoch:[728/1000], 平均loss: 0.0001
26-04-18 08:05:56.652 : epoch:[729/1000], 平均loss: 0.0001
26-04-18 08:08:46.805 : epoch:[730/1000], 平均loss: 0.0001
26-04-18 08:09:38.079 : [epoch 730 PSNR: 61.9962 Best: 61.9975]
26-04-18 08:12:28.136 : epoch:[731/1000], 平均loss: 0.0001
26-04-18 08:15:18.044 : epoch:[732/1000], 平均loss: 0.0001
26-04-18 08:18:08.011 : epoch:[733/1000], 平均loss: 0.0001
26-04-18 08:20:52.349 : epoch:[734/1000], 平均loss: 0.0001
26-04-18 08:23:36.774 : epoch:[735/1000], 平均loss: 0.0001
26-04-18 08:26:21.021 : epoch:[736/1000], 平均loss: 0.0001
26-04-18 08:29:05.620 : epoch:[737/1000], 平均loss: 0.0001
26-04-18 08:31:49.733 : epoch:[738/1000], 平均loss: 0.0001
26-04-18 08:34:34.171 : epoch:[739/1000], 平均loss: 0.0001
26-04-18 08:37:19.315 : epoch:[740/1000], 平均loss: 0.0001
26-04-18 08:38:10.729 : [epoch 740 PSNR: 62.0021 Best: 62.0021]
26-04-18 08:41:00.697 : epoch:[741/1000], 平均loss: 0.0001
26-04-18 08:43:50.924 : epoch:[742/1000], 平均loss: 0.0001
26-04-18 08:46:40.752 : epoch:[743/1000], 平均loss: 0.0001
26-04-18 08:49:30.671 : epoch:[744/1000], 平均loss: 0.0001
26-04-18 08:52:20.809 : epoch:[745/1000], 平均loss: 0.0001
26-04-18 08:55:04.976 : epoch:[746/1000], 平均loss: 0.0001
26-04-18 08:57:49.404 : epoch:[747/1000], 平均loss: 0.0001
26-04-18 09:00:33.705 : epoch:[748/1000], 平均loss: 0.0001
26-04-18 09:03:23.789 : epoch:[749/1000], 平均loss: 0.0001
26-04-18 09:06:19.434 : epoch:[750/1000], 平均loss: 0.0001
26-04-18 09:07:11.226 : [epoch 750 PSNR: 62.0059 Best: 62.0059]
26-04-18 09:10:01.477 : epoch:[751/1000], 平均loss: 0.0001
26-04-18 09:12:46.271 : epoch:[752/1000], 平均loss: 0.0001
26-04-18 09:15:30.957 : epoch:[753/1000], 平均loss: 0.0001
26-04-18 09:18:16.705 : epoch:[754/1000], 平均loss: 0.0001
26-04-18 09:21:02.722 : epoch:[755/1000], 平均loss: 0.0001
26-04-18 09:23:50.690 : epoch:[756/1000], 平均loss: 0.0001
26-04-18 09:26:34.960 : epoch:[757/1000], 平均loss: 0.0001
26-04-18 09:29:19.285 : epoch:[758/1000], 平均loss: 0.0001
26-04-18 09:32:05.629 : epoch:[759/1000], 平均loss: 0.0001
26-04-18 09:34:48.707 : epoch:[760/1000], 平均loss: 0.0001
26-04-18 09:35:40.005 : [epoch 760 PSNR: 62.0178 Best: 62.0178]
26-04-18 09:38:28.003 : epoch:[761/1000], 平均loss: 0.0001
26-04-18 09:41:09.558 : epoch:[762/1000], 平均loss: 0.0001
26-04-18 09:43:50.782 : epoch:[763/1000], 平均loss: 0.0001
26-04-18 09:46:33.894 : epoch:[764/1000], 平均loss: 0.0001
26-04-18 09:49:14.239 : epoch:[765/1000], 平均loss: 0.0001
26-04-18 09:51:53.784 : epoch:[766/1000], 平均loss: 0.0001
26-04-18 09:54:36.513 : epoch:[767/1000], 平均loss: 0.0001
26-04-18 09:57:18.853 : epoch:[768/1000], 平均loss: 0.0001
26-04-18 10:00:00.181 : epoch:[769/1000], 平均loss: 0.0001
26-04-18 10:02:42.764 : epoch:[770/1000], 平均loss: 0.0001
26-04-18 10:03:34.109 : [epoch 770 PSNR: 62.0156 Best: 62.0178]
26-04-18 10:06:16.695 : epoch:[771/1000], 平均loss: 0.0001
26-04-18 10:08:56.045 : epoch:[772/1000], 平均loss: 0.0001
26-04-18 10:11:35.160 : epoch:[773/1000], 平均loss: 0.0001
26-04-18 10:14:14.470 : epoch:[774/1000], 平均loss: 0.0001
26-04-18 10:16:56.704 : epoch:[775/1000], 平均loss: 0.0001
26-04-18 10:19:39.537 : epoch:[776/1000], 平均loss: 0.0001
26-04-18 10:22:18.752 : epoch:[777/1000], 平均loss: 0.0001
26-04-18 10:25:01.306 : epoch:[778/1000], 平均loss: 0.0001
26-04-18 10:27:43.774 : epoch:[779/1000], 平均loss: 0.0001
26-04-18 10:30:23.005 : epoch:[780/1000], 平均loss: 0.0001
26-04-18 10:31:14.103 : [epoch 780 PSNR: 62.0133 Best: 62.0178]
26-04-18 10:33:56.918 : epoch:[781/1000], 平均loss: 0.0001
26-04-18 10:36:36.214 : epoch:[782/1000], 平均loss: 0.0001
26-04-18 10:39:16.024 : epoch:[783/1000], 平均loss: 0.0001
26-04-18 10:41:58.890 : epoch:[784/1000], 平均loss: 0.0001
26-04-18 10:44:41.249 : epoch:[785/1000], 平均loss: 0.0001
26-04-18 10:47:23.392 : epoch:[786/1000], 平均loss: 0.0001
26-04-18 10:50:02.649 : epoch:[787/1000], 平均loss: 0.0001
26-04-18 10:52:42.376 : epoch:[788/1000], 平均loss: 0.0001
26-04-18 10:55:25.198 : epoch:[789/1000], 平均loss: 0.0001
26-04-18 10:58:08.040 : epoch:[790/1000], 平均loss: 0.0001
26-04-18 10:58:59.693 : [epoch 790 PSNR: 62.0178 Best: 62.0178]
26-04-18 11:01:41.452 : epoch:[791/1000], 平均loss: 0.0001
26-04-18 11:04:24.105 : epoch:[792/1000], 平均loss: 0.0001
26-04-18 11:07:06.928 : epoch:[793/1000], 平均loss: 0.0001
26-04-18 11:09:46.509 : epoch:[794/1000], 平均loss: 0.0001
26-04-18 11:12:29.226 : epoch:[795/1000], 平均loss: 0.0001
26-04-18 11:15:11.721 : epoch:[796/1000], 平均loss: 0.0001
26-04-18 11:17:51.114 : epoch:[797/1000], 平均loss: 0.0001
26-04-18 11:20:33.934 : epoch:[798/1000], 平均loss: 0.0001
26-04-18 11:23:16.688 : epoch:[799/1000], 平均loss: 0.0001
26-04-18 11:25:55.816 : epoch:[800/1000], 平均loss: 0.0001
26-04-18 11:26:47.280 : [epoch 800 PSNR: 62.0186 Best: 62.0186]
26-04-18 11:29:26.759 : epoch:[801/1000], 平均loss: 0.0001
26-04-18 11:32:08.822 : epoch:[802/1000], 平均loss: 0.0001
26-04-18 11:34:51.518 : epoch:[803/1000], 平均loss: 0.0001
26-04-18 11:37:31.579 : epoch:[804/1000], 平均loss: 0.0001
26-04-18 11:40:11.429 : epoch:[805/1000], 平均loss: 0.0001
26-04-18 11:42:54.467 : epoch:[806/1000], 平均loss: 0.0001
26-04-18 11:45:37.742 : epoch:[807/1000], 平均loss: 0.0001
26-04-18 11:48:17.563 : epoch:[808/1000], 平均loss: 0.0001
26-04-18 11:51:01.131 : epoch:[809/1000], 平均loss: 0.0001
26-04-18 11:53:40.867 : epoch:[810/1000], 平均loss: 0.0001
26-04-18 11:54:32.304 : [epoch 810 PSNR: 62.0210 Best: 62.0210]
26-04-18 11:57:11.974 : epoch:[811/1000], 平均loss: 0.0001
26-04-18 11:59:51.725 : epoch:[812/1000], 平均loss: 0.0001
26-04-18 12:02:33.643 : epoch:[813/1000], 平均loss: 0.0001
26-04-18 12:05:13.435 : epoch:[814/1000], 平均loss: 0.0001
26-04-18 12:07:53.704 : epoch:[815/1000], 平均loss: 0.0001
26-04-18 12:10:36.947 : epoch:[816/1000], 平均loss: 0.0001
26-04-18 12:13:16.688 : epoch:[817/1000], 平均loss: 0.0001
26-04-18 12:15:56.486 : epoch:[818/1000], 平均loss: 0.0001
26-04-18 12:18:36.414 : epoch:[819/1000], 平均loss: 0.0001
26-04-18 12:21:16.174 : epoch:[820/1000], 平均loss: 0.0001
26-04-18 12:22:07.825 : [epoch 820 PSNR: 62.0244 Best: 62.0244]
26-04-18 12:24:47.937 : epoch:[821/1000], 平均loss: 0.0001
26-04-18 12:27:27.618 : epoch:[822/1000], 平均loss: 0.0001
26-04-18 12:30:07.587 : epoch:[823/1000], 平均loss: 0.0001
26-04-18 12:32:47.220 : epoch:[824/1000], 平均loss: 0.0001
26-04-18 12:35:26.826 : epoch:[825/1000], 平均loss: 0.0001
26-04-18 12:38:06.934 : epoch:[826/1000], 平均loss: 0.0001
26-04-18 12:40:46.723 : epoch:[827/1000], 平均loss: 0.0001
26-04-18 12:43:26.579 : epoch:[828/1000], 平均loss: 0.0001
26-04-18 12:46:06.445 : epoch:[829/1000], 平均loss: 0.0001
26-04-18 12:48:45.940 : epoch:[830/1000], 平均loss: 0.0001
26-04-18 12:49:37.276 : [epoch 830 PSNR: 62.0289 Best: 62.0289]
26-04-18 12:52:16.914 : epoch:[831/1000], 平均loss: 0.0001
26-04-18 12:54:59.987 : epoch:[832/1000], 平均loss: 0.0001
26-04-18 12:57:43.321 : epoch:[833/1000], 平均loss: 0.0001
26-04-18 13:00:23.173 : epoch:[834/1000], 平均loss: 0.0001
26-04-18 13:03:06.066 : epoch:[835/1000], 平均loss: 0.0001
26-04-18 13:05:47.963 : epoch:[836/1000], 平均loss: 0.0001
26-04-18 13:08:27.838 : epoch:[837/1000], 平均loss: 0.0001
26-04-18 13:11:07.611 : epoch:[838/1000], 平均loss: 0.0001
26-04-18 13:13:47.666 : epoch:[839/1000], 平均loss: 0.0001
26-04-18 13:16:27.535 : epoch:[840/1000], 平均loss: 0.0001
26-04-18 13:17:19.080 : [epoch 840 PSNR: 62.0256 Best: 62.0289]
26-04-18 13:19:58.751 : epoch:[841/1000], 平均loss: 0.0001
26-04-18 13:22:42.573 : epoch:[842/1000], 平均loss: 0.0001
26-04-18 13:25:25.586 : epoch:[843/1000], 平均loss: 0.0001
26-04-18 13:28:08.889 : epoch:[844/1000], 平均loss: 0.0001
26-04-18 13:30:52.047 : epoch:[845/1000], 平均loss: 0.0001
26-04-18 13:33:31.644 : epoch:[846/1000], 平均loss: 0.0001
26-04-18 13:36:11.572 : epoch:[847/1000], 平均loss: 0.0001
26-04-18 13:38:56.550 : epoch:[848/1000], 平均loss: 0.0001
26-04-18 13:41:41.817 : epoch:[849/1000], 平均loss: 0.0001
26-04-18 13:44:25.153 : epoch:[850/1000], 平均loss: 0.0001
26-04-18 13:45:16.832 : [epoch 850 PSNR: 62.0286 Best: 62.0289]
26-04-18 13:47:57.052 : epoch:[851/1000], 平均loss: 0.0001
26-04-18 13:50:40.478 : epoch:[852/1000], 平均loss: 0.0001
26-04-18 13:53:20.362 : epoch:[853/1000], 平均loss: 0.0001
26-04-18 13:56:03.615 : epoch:[854/1000], 平均loss: 0.0001
26-04-18 13:58:46.666 : epoch:[855/1000], 平均loss: 0.0001
26-04-18 14:01:26.638 : epoch:[856/1000], 平均loss: 0.0001
26-04-18 14:04:06.425 : epoch:[857/1000], 平均loss: 0.0001
26-04-18 14:06:46.078 : epoch:[858/1000], 平均loss: 0.0001
26-04-18 14:09:25.657 : epoch:[859/1000], 平均loss: 0.0001
26-04-18 14:12:08.711 : epoch:[860/1000], 平均loss: 0.0001
26-04-18 14:13:00.240 : [epoch 860 PSNR: 62.0472 Best: 62.0472]
26-04-18 14:15:41.656 : epoch:[861/1000], 平均loss: 0.0001
26-04-18 14:18:21.600 : epoch:[862/1000], 平均loss: 0.0001
26-04-18 14:21:01.378 : epoch:[863/1000], 平均loss: 0.0001
26-04-18 14:23:41.211 : epoch:[864/1000], 平均loss: 0.0001
26-04-18 14:26:20.998 : epoch:[865/1000], 平均loss: 0.0001
26-04-18 14:29:00.990 : epoch:[866/1000], 平均loss: 0.0001
26-04-18 14:31:43.992 : epoch:[867/1000], 平均loss: 0.0001
26-04-18 14:34:27.203 : epoch:[868/1000], 平均loss: 0.0001
26-04-18 14:37:07.108 : epoch:[869/1000], 平均loss: 0.0001
26-04-18 14:39:47.210 : epoch:[870/1000], 平均loss: 0.0001
26-04-18 14:40:38.550 : [epoch 870 PSNR: 62.0533 Best: 62.0533]
26-04-18 14:43:18.701 : epoch:[871/1000], 平均loss: 0.0001
26-04-18 14:45:58.484 : epoch:[872/1000], 平均loss: 0.0001
26-04-18 14:48:38.357 : epoch:[873/1000], 平均loss: 0.0001
26-04-18 14:51:21.846 : epoch:[874/1000], 平均loss: 0.0001
26-04-18 14:54:04.522 : epoch:[875/1000], 平均loss: 0.0001
26-04-18 14:56:44.715 : epoch:[876/1000], 平均loss: 0.0001
26-04-18 14:59:24.909 : epoch:[877/1000], 平均loss: 0.0001
26-04-18 15:02:05.063 : epoch:[878/1000], 平均loss: 0.0001
26-04-18 15:04:44.967 : epoch:[879/1000], 平均loss: 0.0001
26-04-18 15:07:25.144 : epoch:[880/1000], 平均loss: 0.0001
26-04-18 15:08:16.458 : [epoch 880 PSNR: 62.0510 Best: 62.0533]
26-04-18 15:10:56.353 : epoch:[881/1000], 平均loss: 0.0001
26-04-18 15:13:36.419 : epoch:[882/1000], 平均loss: 0.0001
26-04-18 15:16:19.713 : epoch:[883/1000], 平均loss: 0.0001
26-04-18 15:19:03.144 : epoch:[884/1000], 平均loss: 0.0001
26-04-18 15:21:46.476 : epoch:[885/1000], 平均loss: 0.0001
26-04-18 15:24:26.538 : epoch:[886/1000], 平均loss: 0.0001
26-04-18 15:27:06.266 : epoch:[887/1000], 平均loss: 0.0001
26-04-18 15:29:46.240 : epoch:[888/1000], 平均loss: 0.0001
26-04-18 15:32:29.259 : epoch:[889/1000], 平均loss: 0.0001
26-04-18 15:35:12.573 : epoch:[890/1000], 平均loss: 0.0001
26-04-18 15:36:04.838 : [epoch 890 PSNR: 62.0587 Best: 62.0587]
26-04-18 15:38:47.077 : epoch:[891/1000], 平均loss: 0.0001
26-04-18 15:41:26.970 : epoch:[892/1000], 平均loss: 0.0001
26-04-18 15:44:10.084 : epoch:[893/1000], 平均loss: 0.0001
26-04-18 15:46:53.404 : epoch:[894/1000], 平均loss: 0.0001
26-04-18 15:49:35.745 : epoch:[895/1000], 平均loss: 0.0001
26-04-18 15:52:15.481 : epoch:[896/1000], 平均loss: 0.0001
26-04-18 15:54:58.323 : epoch:[897/1000], 平均loss: 0.0001
26-04-18 15:57:40.620 : epoch:[898/1000], 平均loss: 0.0001
26-04-18 16:00:23.807 : epoch:[899/1000], 平均loss: 0.0001
26-04-18 16:03:06.960 : epoch:[900/1000], 平均loss: 0.0001
26-04-18 16:03:58.300 : [epoch 900 PSNR: 62.0640 Best: 62.0640]
26-04-18 16:06:41.369 : epoch:[901/1000], 平均loss: 0.0001
26-04-18 16:09:24.477 : epoch:[902/1000], 平均loss: 0.0001
26-04-18 16:12:06.637 : epoch:[903/1000], 平均loss: 0.0001
26-04-18 16:14:49.771 : epoch:[904/1000], 平均loss: 0.0001
26-04-18 16:17:29.940 : epoch:[905/1000], 平均loss: 0.0001
26-04-18 16:20:13.315 : epoch:[906/1000], 平均loss: 0.0001
26-04-18 16:22:53.414 : epoch:[907/1000], 平均loss: 0.0001
26-04-18 16:25:36.617 : epoch:[908/1000], 平均loss: 0.0001
26-04-18 16:28:19.019 : epoch:[909/1000], 平均loss: 0.0001
26-04-18 16:30:58.778 : epoch:[910/1000], 平均loss: 0.0001
26-04-18 16:31:50.218 : [epoch 910 PSNR: 62.0682 Best: 62.0682]
26-04-18 16:34:33.429 : epoch:[911/1000], 平均loss: 0.0001
26-04-18 16:37:13.176 : epoch:[912/1000], 平均loss: 0.0001
26-04-18 16:39:56.322 : epoch:[913/1000], 平均loss: 0.0001
26-04-18 16:42:35.994 : epoch:[914/1000], 平均loss: 0.0001
26-04-18 16:45:18.971 : epoch:[915/1000], 平均loss: 0.0001
26-04-18 16:48:01.860 : epoch:[916/1000], 平均loss: 0.0001
26-04-18 16:50:44.527 : epoch:[917/1000], 平均loss: 0.0001
26-04-18 16:53:27.639 : epoch:[918/1000], 平均loss: 0.0001
26-04-18 16:56:07.484 : epoch:[919/1000], 平均loss: 0.0001
26-04-18 16:58:47.132 : epoch:[920/1000], 平均loss: 0.0001
26-04-18 16:59:38.594 : [epoch 920 PSNR: 62.0722 Best: 62.0722]
26-04-18 17:02:18.757 : epoch:[921/1000], 平均loss: 0.0001
26-04-18 17:05:01.989 : epoch:[922/1000], 平均loss: 0.0001
26-04-18 17:07:45.346 : epoch:[923/1000], 平均loss: 0.0001
26-04-18 17:10:28.583 : epoch:[924/1000], 平均loss: 0.0001
26-04-18 17:13:10.650 : epoch:[925/1000], 平均loss: 0.0001
26-04-18 17:15:50.428 : epoch:[926/1000], 平均loss: 0.0001
26-04-18 17:18:33.473 : epoch:[927/1000], 平均loss: 0.0001
26-04-18 17:21:16.475 : epoch:[928/1000], 平均loss: 0.0001
26-04-18 17:23:59.436 : epoch:[929/1000], 平均loss: 0.0001
26-04-18 17:26:39.245 : epoch:[930/1000], 平均loss: 0.0001
26-04-18 17:27:30.724 : [epoch 930 PSNR: 62.0762 Best: 62.0762]
26-04-18 17:30:10.433 : epoch:[931/1000], 平均loss: 0.0001
26-04-18 17:32:53.386 : epoch:[932/1000], 平均loss: 0.0001
26-04-18 17:35:36.223 : epoch:[933/1000], 平均loss: 0.0001
26-04-18 17:38:16.028 : epoch:[934/1000], 平均loss: 0.0001
26-04-18 17:40:55.974 : epoch:[935/1000], 平均loss: 0.0001
26-04-18 17:43:35.799 : epoch:[936/1000], 平均loss: 0.0001
26-04-18 17:46:15.926 : epoch:[937/1000], 平均loss: 0.0001
26-04-18 17:48:56.188 : epoch:[938/1000], 平均loss: 0.0001
26-04-18 17:51:39.747 : epoch:[939/1000], 平均loss: 0.0001
26-04-18 17:54:19.474 : epoch:[940/1000], 平均loss: 0.0001
26-04-18 17:55:10.963 : [epoch 940 PSNR: 62.0785 Best: 62.0785]
26-04-18 17:57:50.829 : epoch:[941/1000], 平均loss: 0.0001
26-04-18 18:00:30.420 : epoch:[942/1000], 平均loss: 0.0001
26-04-18 18:03:13.309 : epoch:[943/1000], 平均loss: 0.0001
26-04-18 18:05:56.297 : epoch:[944/1000], 平均loss: 0.0001
26-04-18 18:08:39.321 : epoch:[945/1000], 平均loss: 0.0001
26-04-18 18:11:22.165 : epoch:[946/1000], 平均loss: 0.0001
26-04-18 18:14:01.929 : epoch:[947/1000], 平均loss: 0.0001
26-04-18 18:16:44.157 : epoch:[948/1000], 平均loss: 0.0001
26-04-18 18:19:27.207 : epoch:[949/1000], 平均loss: 0.0001
26-04-18 18:22:06.962 : epoch:[950/1000], 平均loss: 0.0001
26-04-18 18:22:58.400 : [epoch 950 PSNR: 62.0861 Best: 62.0861]
26-04-18 18:25:41.515 : epoch:[951/1000], 平均loss: 0.0001
26-04-18 18:28:24.637 : epoch:[952/1000], 平均loss: 0.0001
26-04-18 18:31:06.593 : epoch:[953/1000], 平均loss: 0.0001
26-04-18 18:33:46.458 : epoch:[954/1000], 平均loss: 0.0001
26-04-18 18:36:26.160 : epoch:[955/1000], 平均loss: 0.0001
26-04-18 18:39:06.522 : epoch:[956/1000], 平均loss: 0.0001
26-04-18 18:41:46.315 : epoch:[957/1000], 平均loss: 0.0001
26-04-18 18:44:25.943 : epoch:[958/1000], 平均loss: 0.0001
26-04-18 18:47:07.483 : epoch:[959/1000], 平均loss: 0.0001
26-04-18 18:49:50.334 : epoch:[960/1000], 平均loss: 0.0001
26-04-18 18:50:41.802 : [epoch 960 PSNR: 62.0887 Best: 62.0887]
26-04-18 18:53:24.956 : epoch:[961/1000], 平均loss: 0.0001
26-04-18 18:56:04.547 : epoch:[962/1000], 平均loss: 0.0001
26-04-18 18:58:44.358 : epoch:[963/1000], 平均loss: 0.0001
26-04-18 19:01:23.947 : epoch:[964/1000], 平均loss: 0.0001
26-04-18 19:04:03.945 : epoch:[965/1000], 平均loss: 0.0001
26-04-18 19:06:43.841 : epoch:[966/1000], 平均loss: 0.0001
26-04-18 19:09:26.803 : epoch:[967/1000], 平均loss: 0.0001
26-04-18 19:12:06.778 : epoch:[968/1000], 平均loss: 0.0001
26-04-18 19:14:47.905 : epoch:[969/1000], 平均loss: 0.0001
26-04-18 19:17:30.274 : epoch:[970/1000], 平均loss: 0.0001
26-04-18 19:18:21.567 : [epoch 970 PSNR: 62.0879 Best: 62.0887]
26-04-18 19:21:04.386 : epoch:[971/1000], 平均loss: 0.0001
26-04-18 19:23:47.326 : epoch:[972/1000], 平均loss: 0.0001
26-04-18 19:26:26.904 : epoch:[973/1000], 平均loss: 0.0001
26-04-18 19:29:06.586 : epoch:[974/1000], 平均loss: 0.0001
26-04-18 19:31:49.317 : epoch:[975/1000], 平均loss: 0.0001
26-04-18 19:34:31.636 : epoch:[976/1000], 平均loss: 0.0001
26-04-18 19:37:11.580 : epoch:[977/1000], 平均loss: 0.0001
26-04-18 19:39:54.671 : epoch:[978/1000], 平均loss: 0.0001
26-04-18 19:42:34.461 : epoch:[979/1000], 平均loss: 0.0001
26-04-18 19:45:14.503 : epoch:[980/1000], 平均loss: 0.0001
26-04-18 19:46:05.904 : [epoch 980 PSNR: 62.0917 Best: 62.0917]
26-04-18 19:48:46.015 : epoch:[981/1000], 平均loss: 0.0001
26-04-18 19:51:27.501 : epoch:[982/1000], 平均loss: 0.0001
26-04-18 19:54:07.092 : epoch:[983/1000], 平均loss: 0.0001
26-04-18 19:56:46.703 : epoch:[984/1000], 平均loss: 0.0001
26-04-18 19:59:26.404 : epoch:[985/1000], 平均loss: 0.0001
26-04-18 20:02:05.921 : epoch:[986/1000], 平均loss: 0.0001
26-04-18 20:04:45.190 : epoch:[987/1000], 平均loss: 0.0001
26-04-18 20:07:24.988 : epoch:[988/1000], 平均loss: 0.0001
26-04-18 20:10:04.368 : epoch:[989/1000], 平均loss: 0.0001
26-04-18 20:12:47.205 : epoch:[990/1000], 平均loss: 0.0001
26-04-18 20:13:38.721 : [epoch 990 PSNR: 62.0970 Best: 62.0970]
26-04-18 20:16:18.205 : epoch:[991/1000], 平均loss: 0.0001
26-04-18 20:18:58.071 : epoch:[992/1000], 平均loss: 0.0001
26-04-18 20:21:37.713 : epoch:[993/1000], 平均loss: 0.0001
26-04-18 20:24:20.699 : epoch:[994/1000], 平均loss: 0.0001
26-04-18 20:27:00.394 : epoch:[995/1000], 平均loss: 0.0001
26-04-18 20:29:40.236 : epoch:[996/1000], 平均loss: 0.0001
26-04-18 20:32:23.380 : epoch:[997/1000], 平均loss: 0.0001
26-04-18 20:35:05.744 : epoch:[998/1000], 平均loss: 0.0001
26-04-18 20:37:45.537 : epoch:[999/1000], 平均loss: 0.0001
26-04-18 20:40:28.569 : epoch:[1000/1000], 平均loss: 0.0001
26-04-18 20:41:19.914 : [epoch 1000 PSNR: 62.0946 Best: 62.0970]
26-04-18 20:41:20.070 : 总训练时间: 46.79小时
