26-03-25 14:58:10.667 :   task: train
  gpu_ids: [0]
  log_path: ./log
  model_save: ./model_save
  pretained_path:[
    index: False
    path: ./model_save/model_best1.pth
  ]
  batch_size: 4
  nc: [16, 1]
  patch_size: [128, 128]
  stride_size: [16, 16]
  atoms: 50
  d_size: 3
  max_epoch: 1000
  stage: 3
  lr: 0.0001
  loss_function_index: 1
  n_channels: 1
  train:[
    sigma: [15, 50]
    dataroot_H: ./dataset/gray_train_all
    H_size: 128
    n_channels: 1
  ]
  valid:[
    sigma: [15, 25, 50]
    dataroot_H: ./dataset/gray_test
    n_channels: 1
  ]
  opt_path: ./options/train_options.json
  is_train: True
  scale: 1

26-03-25 14:58:10.676 : 训练集大小: 1120
26-03-25 14:58:10.676 : 验证集数量: 720 (每个 sigma 一个 Dataset)
26-03-25 14:58:11.878 : Number of parameter: 3.26M
26-03-25 14:58:11.879 : start training...
26-03-25 15:01:05.758 : epoch:[1/1000], 平均loss: 0.0565
26-03-25 15:04:01.287 : epoch:[2/1000], 平均loss: 0.0343
26-03-25 15:06:55.087 : epoch:[3/1000], 平均loss: 0.0318
26-03-25 15:09:49.020 : epoch:[4/1000], 平均loss: 0.0304
26-03-25 15:12:43.971 : epoch:[5/1000], 平均loss: 0.0287
26-03-25 15:15:40.268 : epoch:[6/1000], 平均loss: 0.0287
26-03-25 15:18:35.830 : epoch:[7/1000], 平均loss: 0.0281
26-03-25 15:21:31.310 : epoch:[8/1000], 平均loss: 0.0277
26-03-25 15:24:24.628 : epoch:[9/1000], 平均loss: 0.0270
26-03-25 15:27:10.927 : epoch:[10/1000], 平均loss: 0.0265
26-03-25 15:30:30.733 : [epoch 10 PSNR: 30.0869 Best: 30.0869]
26-03-25 15:33:19.084 : epoch:[11/1000], 平均loss: 0.0265
26-03-25 15:36:04.076 : epoch:[12/1000], 平均loss: 0.0262
26-03-25 15:38:47.858 : epoch:[13/1000], 平均loss: 0.0262
26-03-25 15:41:31.303 : epoch:[14/1000], 平均loss: 0.0262
26-03-25 15:44:17.129 : epoch:[15/1000], 平均loss: 0.0259
26-03-25 15:47:03.509 : epoch:[16/1000], 平均loss: 0.0255
26-03-25 15:49:50.085 : epoch:[17/1000], 平均loss: 0.0257
26-03-25 15:52:36.574 : epoch:[18/1000], 平均loss: 0.0254
26-03-25 15:55:23.155 : epoch:[19/1000], 平均loss: 0.0252
26-03-25 15:58:07.802 : epoch:[20/1000], 平均loss: 0.0253
26-03-25 16:01:27.199 : [epoch 20 PSNR: 30.9379 Best: 30.9379]
26-03-25 16:04:15.078 : epoch:[21/1000], 平均loss: 0.0251
26-03-25 16:06:57.813 : epoch:[22/1000], 平均loss: 0.0252
26-03-25 16:09:38.421 : epoch:[23/1000], 平均loss: 0.0246
26-03-25 16:12:19.581 : epoch:[24/1000], 平均loss: 0.0245
26-03-25 16:15:00.140 : epoch:[25/1000], 平均loss: 0.0248
26-03-25 16:17:41.366 : epoch:[26/1000], 平均loss: 0.0248
26-03-25 16:20:22.409 : epoch:[27/1000], 平均loss: 0.0244
26-03-25 16:23:02.950 : epoch:[28/1000], 平均loss: 0.0246
26-03-25 16:25:43.960 : epoch:[29/1000], 平均loss: 0.0242
26-03-25 16:28:24.954 : epoch:[30/1000], 平均loss: 0.0244
26-03-25 16:31:42.182 : [epoch 30 PSNR: 31.1468 Best: 31.1468]
26-03-25 16:34:22.952 : epoch:[31/1000], 平均loss: 0.0241
26-03-25 16:37:03.595 : epoch:[32/1000], 平均loss: 0.0242
26-03-25 16:39:44.321 : epoch:[33/1000], 平均loss: 0.0244
26-03-25 16:42:25.097 : epoch:[34/1000], 平均loss: 0.0242
26-03-25 16:45:06.289 : epoch:[35/1000], 平均loss: 0.0241
26-03-25 16:47:46.798 : epoch:[36/1000], 平均loss: 0.0240
26-03-25 16:50:27.292 : epoch:[37/1000], 平均loss: 0.0238
26-03-25 16:53:08.034 : epoch:[38/1000], 平均loss: 0.0240
26-03-25 16:55:48.891 : epoch:[39/1000], 平均loss: 0.0241
26-03-25 16:58:29.968 : epoch:[40/1000], 平均loss: 0.0239
26-03-25 17:01:47.417 : [epoch 40 PSNR: 31.2690 Best: 31.2690]
26-03-25 17:04:28.318 : epoch:[41/1000], 平均loss: 0.0239
26-03-25 17:07:09.061 : epoch:[42/1000], 平均loss: 0.0240
26-03-25 17:09:49.820 : epoch:[43/1000], 平均loss: 0.0238
26-03-25 17:12:30.579 : epoch:[44/1000], 平均loss: 0.0240
26-03-25 17:15:12.355 : epoch:[45/1000], 平均loss: 0.0238
26-03-25 17:17:53.716 : epoch:[46/1000], 平均loss: 0.0238
26-03-25 17:20:35.074 : epoch:[47/1000], 平均loss: 0.0238
26-03-25 17:23:15.933 : epoch:[48/1000], 平均loss: 0.0237
26-03-25 17:25:57.144 : epoch:[49/1000], 平均loss: 0.0237
26-03-25 17:28:38.535 : epoch:[50/1000], 平均loss: 0.0237
26-03-25 17:31:56.006 : [epoch 50 PSNR: 31.3578 Best: 31.3578]
26-03-25 17:34:36.750 : epoch:[51/1000], 平均loss: 0.0237
26-03-25 17:37:17.361 : epoch:[52/1000], 平均loss: 0.0235
26-03-25 17:39:57.968 : epoch:[53/1000], 平均loss: 0.0235
26-03-25 17:42:38.663 : epoch:[54/1000], 平均loss: 0.0237
26-03-25 17:45:19.456 : epoch:[55/1000], 平均loss: 0.0236
26-03-25 17:47:59.981 : epoch:[56/1000], 平均loss: 0.0236
26-03-25 17:50:40.389 : epoch:[57/1000], 平均loss: 0.0237
26-03-25 17:53:20.833 : epoch:[58/1000], 平均loss: 0.0235
26-03-25 17:56:01.459 : epoch:[59/1000], 平均loss: 0.0236
26-03-25 17:58:42.752 : epoch:[60/1000], 平均loss: 0.0236
26-03-25 18:02:00.330 : [epoch 60 PSNR: 31.3900 Best: 31.3900]
26-03-25 18:04:40.817 : epoch:[61/1000], 平均loss: 0.0236
26-03-25 18:07:21.226 : epoch:[62/1000], 平均loss: 0.0235
26-03-25 18:10:01.769 : epoch:[63/1000], 平均loss: 0.0234
26-03-25 18:12:42.312 : epoch:[64/1000], 平均loss: 0.0237
26-03-25 18:15:22.971 : epoch:[65/1000], 平均loss: 0.0236
26-03-25 18:18:03.915 : epoch:[66/1000], 平均loss: 0.0235
26-03-25 18:20:44.907 : epoch:[67/1000], 平均loss: 0.0234
26-03-25 18:23:25.415 : epoch:[68/1000], 平均loss: 0.0235
26-03-25 18:26:06.408 : epoch:[69/1000], 平均loss: 0.0235
26-03-25 18:28:47.534 : epoch:[70/1000], 平均loss: 0.0235
26-03-25 18:32:04.971 : [epoch 70 PSNR: 31.4184 Best: 31.4184]
26-03-25 18:34:45.567 : epoch:[71/1000], 平均loss: 0.0234
26-03-25 18:37:26.176 : epoch:[72/1000], 平均loss: 0.0235
26-03-25 18:40:06.667 : epoch:[73/1000], 平均loss: 0.0234
26-03-25 18:42:48.078 : epoch:[74/1000], 平均loss: 0.0234
26-03-25 18:45:28.770 : epoch:[75/1000], 平均loss: 0.0236
26-03-25 18:48:09.981 : epoch:[76/1000], 平均loss: 0.0234
26-03-25 18:50:51.473 : epoch:[77/1000], 平均loss: 0.0236
26-03-25 18:53:33.082 : epoch:[78/1000], 平均loss: 0.0233
26-03-25 18:56:14.274 : epoch:[79/1000], 平均loss: 0.0234
26-03-25 18:58:55.351 : epoch:[80/1000], 平均loss: 0.0234
26-03-25 19:02:12.922 : [epoch 80 PSNR: 31.4447 Best: 31.4447]
26-03-25 19:04:54.234 : epoch:[81/1000], 平均loss: 0.0232
26-03-25 19:07:34.808 : epoch:[82/1000], 平均loss: 0.0235
26-03-25 19:10:15.535 : epoch:[83/1000], 平均loss: 0.0233
26-03-25 19:12:56.294 : epoch:[84/1000], 平均loss: 0.0231
26-03-25 19:15:40.703 : epoch:[85/1000], 平均loss: 0.0233
26-03-25 19:18:22.048 : epoch:[86/1000], 平均loss: 0.0236
26-03-25 19:21:02.704 : epoch:[87/1000], 平均loss: 0.0234
26-03-25 19:23:43.432 : epoch:[88/1000], 平均loss: 0.0232
26-03-25 19:26:24.707 : epoch:[89/1000], 平均loss: 0.0232
26-03-25 19:29:05.783 : epoch:[90/1000], 平均loss: 0.0233
26-03-25 19:32:23.520 : [epoch 90 PSNR: 31.4593 Best: 31.4593]
26-03-25 19:35:04.883 : epoch:[91/1000], 平均loss: 0.0233
26-03-25 19:37:46.076 : epoch:[92/1000], 平均loss: 0.0231
26-03-25 19:40:27.351 : epoch:[93/1000], 平均loss: 0.0233
26-03-25 19:43:07.978 : epoch:[94/1000], 平均loss: 0.0233
26-03-25 19:45:48.703 : epoch:[95/1000], 平均loss: 0.0234
26-03-25 19:48:29.478 : epoch:[96/1000], 平均loss: 0.0234
26-03-25 19:51:10.054 : epoch:[97/1000], 平均loss: 0.0232
26-03-25 19:53:50.781 : epoch:[98/1000], 平均loss: 0.0232
26-03-25 19:56:31.589 : epoch:[99/1000], 平均loss: 0.0235
26-03-25 19:59:12.365 : epoch:[100/1000], 平均loss: 0.0231
26-03-25 20:02:29.748 : [epoch 100 PSNR: 31.4768 Best: 31.4768]
26-03-25 20:05:10.481 : epoch:[101/1000], 平均loss: 0.0231
26-03-25 20:07:51.106 : epoch:[102/1000], 平均loss: 0.0232
26-03-25 20:10:32.101 : epoch:[103/1000], 平均loss: 0.0230
26-03-25 20:13:13.160 : epoch:[104/1000], 平均loss: 0.0232
26-03-25 20:15:54.603 : epoch:[105/1000], 平均loss: 0.0232
26-03-25 20:18:35.929 : epoch:[106/1000], 平均loss: 0.0233
26-03-25 20:21:16.637 : epoch:[107/1000], 平均loss: 0.0232
26-03-25 20:23:57.630 : epoch:[108/1000], 平均loss: 0.0231
26-03-25 20:26:39.239 : epoch:[109/1000], 平均loss: 0.0231
26-03-25 20:29:20.548 : epoch:[110/1000], 平均loss: 0.0233
26-03-25 20:32:38.093 : [epoch 110 PSNR: 31.5089 Best: 31.5089]
26-03-25 20:35:19.348 : epoch:[111/1000], 平均loss: 0.0231
26-03-25 20:38:00.408 : epoch:[112/1000], 平均loss: 0.0234
26-03-25 20:40:41.567 : epoch:[113/1000], 平均loss: 0.0230
26-03-25 20:43:22.692 : epoch:[114/1000], 平均loss: 0.0232
26-03-25 20:46:03.385 : epoch:[115/1000], 平均loss: 0.0232
26-03-25 20:48:43.895 : epoch:[116/1000], 平均loss: 0.0232
26-03-25 20:51:24.453 : epoch:[117/1000], 平均loss: 0.0231
26-03-25 20:54:05.129 : epoch:[118/1000], 平均loss: 0.0233
26-03-25 20:56:45.721 : epoch:[119/1000], 平均loss: 0.0232
26-03-25 20:59:26.197 : epoch:[120/1000], 平均loss: 0.0231
26-03-25 21:02:43.825 : [epoch 120 PSNR: 31.5023 Best: 31.5089]
26-03-25 21:05:24.596 : epoch:[121/1000], 平均loss: 0.0231
26-03-25 21:08:05.223 : epoch:[122/1000], 平均loss: 0.0235
26-03-25 21:10:45.816 : epoch:[123/1000], 平均loss: 0.0235
26-03-25 21:13:26.709 : epoch:[124/1000], 平均loss: 0.0233
26-03-25 21:16:07.333 : epoch:[125/1000], 平均loss: 0.0230
26-03-25 21:18:48.010 : epoch:[126/1000], 平均loss: 0.0231
26-03-25 21:21:29.303 : epoch:[127/1000], 平均loss: 0.0230
26-03-25 21:24:10.595 : epoch:[128/1000], 平均loss: 0.0233
26-03-25 21:26:51.288 : epoch:[129/1000], 平均loss: 0.0232
26-03-25 21:29:31.896 : epoch:[130/1000], 平均loss: 0.0231
26-03-25 21:32:50.068 : [epoch 130 PSNR: 31.5120 Best: 31.5120]
26-03-25 21:35:32.163 : epoch:[131/1000], 平均loss: 0.0230
26-03-25 21:38:12.789 : epoch:[132/1000], 平均loss: 0.0230
26-03-25 21:40:53.483 : epoch:[133/1000], 平均loss: 0.0231
26-03-25 21:43:34.025 : epoch:[134/1000], 平均loss: 0.0230
26-03-25 21:46:14.717 : epoch:[135/1000], 平均loss: 0.0231
26-03-25 21:48:55.277 : epoch:[136/1000], 平均loss: 0.0231
26-03-25 21:51:35.819 : epoch:[137/1000], 平均loss: 0.0232
26-03-25 21:54:17.145 : epoch:[138/1000], 平均loss: 0.0231
26-03-25 21:56:57.704 : epoch:[139/1000], 平均loss: 0.0230
26-03-25 21:59:38.530 : epoch:[140/1000], 平均loss: 0.0231
26-03-25 22:02:55.484 : [epoch 140 PSNR: 31.5137 Best: 31.5137]
26-03-25 22:05:36.648 : epoch:[141/1000], 平均loss: 0.0230
26-03-25 22:08:17.440 : epoch:[142/1000], 平均loss: 0.0232
26-03-25 22:10:58.449 : epoch:[143/1000], 平均loss: 0.0231
26-03-25 22:13:39.375 : epoch:[144/1000], 平均loss: 0.0232
26-03-25 22:16:19.951 : epoch:[145/1000], 平均loss: 0.0231
26-03-25 22:19:00.241 : epoch:[146/1000], 平均loss: 0.0230
26-03-25 22:21:41.202 : epoch:[147/1000], 平均loss: 0.0232
26-03-25 22:24:22.079 : epoch:[148/1000], 平均loss: 0.0230
26-03-25 22:27:02.503 : epoch:[149/1000], 平均loss: 0.0232
26-03-25 22:29:43.030 : epoch:[150/1000], 平均loss: 0.0231
26-03-25 22:33:00.350 : [epoch 150 PSNR: 31.5291 Best: 31.5291]
26-03-25 22:35:40.963 : epoch:[151/1000], 平均loss: 0.0230
26-03-25 22:38:21.389 : epoch:[152/1000], 平均loss: 0.0230
26-03-25 22:41:02.080 : epoch:[153/1000], 平均loss: 0.0232
26-03-25 22:43:42.657 : epoch:[154/1000], 平均loss: 0.0231
26-03-25 22:46:23.633 : epoch:[155/1000], 平均loss: 0.0231
26-03-25 22:49:03.943 : epoch:[156/1000], 平均loss: 0.0232
26-03-25 22:51:44.151 : epoch:[157/1000], 平均loss: 0.0231
26-03-25 22:54:24.477 : epoch:[158/1000], 平均loss: 0.0232
26-03-25 22:57:04.615 : epoch:[159/1000], 平均loss: 0.0232
26-03-25 22:59:44.813 : epoch:[160/1000], 平均loss: 0.0232
26-03-25 23:03:02.483 : [epoch 160 PSNR: 31.5452 Best: 31.5452]
26-03-25 23:05:43.329 : epoch:[161/1000], 平均loss: 0.0230
26-03-25 23:08:24.223 : epoch:[162/1000], 平均loss: 0.0231
26-03-25 23:11:05.198 : epoch:[163/1000], 平均loss: 0.0230
26-03-25 23:13:46.340 : epoch:[164/1000], 平均loss: 0.0230
26-03-25 23:16:27.216 : epoch:[165/1000], 平均loss: 0.0231
26-03-25 23:19:07.592 : epoch:[166/1000], 平均loss: 0.0230
26-03-25 23:21:48.701 : epoch:[167/1000], 平均loss: 0.0231
26-03-25 23:24:29.861 : epoch:[168/1000], 平均loss: 0.0229
26-03-25 23:27:10.452 : epoch:[169/1000], 平均loss: 0.0232
26-03-25 23:29:50.994 : epoch:[170/1000], 平均loss: 0.0231
26-03-25 23:33:08.518 : [epoch 170 PSNR: 31.5454 Best: 31.5454]
26-03-25 23:35:49.046 : epoch:[171/1000], 平均loss: 0.0233
26-03-25 23:38:29.689 : epoch:[172/1000], 平均loss: 0.0231
26-03-25 23:41:10.965 : epoch:[173/1000], 平均loss: 0.0231
26-03-25 23:43:52.257 : epoch:[174/1000], 平均loss: 0.0229
26-03-25 23:46:33.214 : epoch:[175/1000], 平均loss: 0.0229
26-03-25 23:49:14.309 : epoch:[176/1000], 平均loss: 0.0230
26-03-25 23:51:55.534 : epoch:[177/1000], 平均loss: 0.0232
26-03-25 23:54:36.743 : epoch:[178/1000], 平均loss: 0.0231
26-03-25 23:57:18.203 : epoch:[179/1000], 平均loss: 0.0229
26-03-25 23:59:59.346 : epoch:[180/1000], 平均loss: 0.0233
26-03-26 00:03:17.032 : [epoch 180 PSNR: 31.5502 Best: 31.5502]
26-03-26 00:05:57.744 : epoch:[181/1000], 平均loss: 0.0231
26-03-26 00:08:37.987 : epoch:[182/1000], 平均loss: 0.0232
26-03-26 00:11:18.296 : epoch:[183/1000], 平均loss: 0.0231
26-03-26 00:13:58.705 : epoch:[184/1000], 平均loss: 0.0232
26-03-26 00:16:39.448 : epoch:[185/1000], 平均loss: 0.0231
26-03-26 00:19:19.957 : epoch:[186/1000], 平均loss: 0.0229
26-03-26 00:22:01.051 : epoch:[187/1000], 平均loss: 0.0228
26-03-26 00:24:42.226 : epoch:[188/1000], 平均loss: 0.0230
26-03-26 00:27:23.319 : epoch:[189/1000], 平均loss: 0.0229
26-03-26 00:30:09.677 : epoch:[190/1000], 平均loss: 0.0231
26-03-26 00:33:31.231 : [epoch 190 PSNR: 31.5561 Best: 31.5561]
26-03-26 00:36:12.327 : epoch:[191/1000], 平均loss: 0.0227
26-03-26 00:38:53.187 : epoch:[192/1000], 平均loss: 0.0230
26-03-26 00:41:34.130 : epoch:[193/1000], 平均loss: 0.0230
26-03-26 00:44:15.421 : epoch:[194/1000], 平均loss: 0.0230
26-03-26 00:46:56.096 : epoch:[195/1000], 平均loss: 0.0230
26-03-26 00:49:37.423 : epoch:[196/1000], 平均loss: 0.0230
26-03-26 00:52:18.549 : epoch:[197/1000], 平均loss: 0.0232
26-03-26 00:54:59.107 : epoch:[198/1000], 平均loss: 0.0230
26-03-26 00:57:39.650 : epoch:[199/1000], 平均loss: 0.0228
26-03-26 01:00:20.442 : epoch:[200/1000], 平均loss: 0.0231
26-03-26 01:03:37.854 : [epoch 200 PSNR: 31.5541 Best: 31.5561]
26-03-26 01:06:18.543 : epoch:[201/1000], 平均loss: 0.0230
26-03-26 01:08:59.452 : epoch:[202/1000], 平均loss: 0.0230
26-03-26 01:11:40.278 : epoch:[203/1000], 平均loss: 0.0231
26-03-26 01:14:21.371 : epoch:[204/1000], 平均loss: 0.0230
26-03-26 01:17:02.381 : epoch:[205/1000], 平均loss: 0.0230
26-03-26 01:19:43.372 : epoch:[206/1000], 平均loss: 0.0229
26-03-26 01:22:23.881 : epoch:[207/1000], 平均loss: 0.0230
26-03-26 01:25:04.358 : epoch:[208/1000], 平均loss: 0.0229
26-03-26 01:27:45.383 : epoch:[209/1000], 平均loss: 0.0229
26-03-26 01:30:26.710 : epoch:[210/1000], 平均loss: 0.0231
26-03-26 01:33:43.937 : [epoch 210 PSNR: 31.5520 Best: 31.5561]
26-03-26 01:36:27.791 : epoch:[211/1000], 平均loss: 0.0232
26-03-26 01:39:08.185 : epoch:[212/1000], 平均loss: 0.0230
26-03-26 01:41:48.894 : epoch:[213/1000], 平均loss: 0.0231
26-03-26 01:44:29.736 : epoch:[214/1000], 平均loss: 0.0228
26-03-26 01:47:10.113 : epoch:[215/1000], 平均loss: 0.0229
26-03-26 01:49:50.739 : epoch:[216/1000], 平均loss: 0.0231
26-03-26 01:52:31.598 : epoch:[217/1000], 平均loss: 0.0230
26-03-26 01:55:12.890 : epoch:[218/1000], 平均loss: 0.0231
26-03-26 01:57:54.067 : epoch:[219/1000], 平均loss: 0.0229
26-03-26 02:00:35.425 : epoch:[220/1000], 平均loss: 0.0229
26-03-26 02:03:53.179 : [epoch 220 PSNR: 31.5635 Best: 31.5635]
26-03-26 02:06:34.492 : epoch:[221/1000], 平均loss: 0.0230
26-03-26 02:09:15.701 : epoch:[222/1000], 平均loss: 0.0229
26-03-26 02:11:56.710 : epoch:[223/1000], 平均loss: 0.0231
26-03-26 02:14:37.936 : epoch:[224/1000], 平均loss: 0.0231
26-03-26 02:17:18.361 : epoch:[225/1000], 平均loss: 0.0229
26-03-26 02:19:58.919 : epoch:[226/1000], 平均loss: 0.0230
26-03-26 02:22:39.713 : epoch:[227/1000], 平均loss: 0.0233
26-03-26 02:25:20.807 : epoch:[228/1000], 平均loss: 0.0230
26-03-26 02:28:01.282 : epoch:[229/1000], 平均loss: 0.0227
26-03-26 02:30:42.773 : epoch:[230/1000], 平均loss: 0.0231
26-03-26 02:34:00.378 : [epoch 230 PSNR: 31.5679 Best: 31.5679]
26-03-26 02:36:45.408 : epoch:[231/1000], 平均loss: 0.0229
26-03-26 02:39:26.666 : epoch:[232/1000], 平均loss: 0.0230
26-03-26 02:42:07.860 : epoch:[233/1000], 平均loss: 0.0230
26-03-26 02:44:49.018 : epoch:[234/1000], 平均loss: 0.0230
26-03-26 02:47:29.575 : epoch:[235/1000], 平均loss: 0.0228
26-03-26 02:50:10.120 : epoch:[236/1000], 平均loss: 0.0229
26-03-26 02:52:50.494 : epoch:[237/1000], 平均loss: 0.0229
26-03-26 02:55:30.972 : epoch:[238/1000], 平均loss: 0.0230
26-03-26 02:58:11.647 : epoch:[239/1000], 平均loss: 0.0230
26-03-26 03:00:52.490 : epoch:[240/1000], 平均loss: 0.0230
26-03-26 03:04:09.583 : [epoch 240 PSNR: 31.5637 Best: 31.5679]
26-03-26 03:06:50.355 : epoch:[241/1000], 平均loss: 0.0228
26-03-26 03:09:30.849 : epoch:[242/1000], 平均loss: 0.0230
26-03-26 03:12:11.441 : epoch:[243/1000], 平均loss: 0.0230
26-03-26 03:14:52.416 : epoch:[244/1000], 平均loss: 0.0231
26-03-26 03:17:33.460 : epoch:[245/1000], 平均loss: 0.0229
26-03-26 03:20:14.420 : epoch:[246/1000], 平均loss: 0.0231
26-03-26 03:22:55.362 : epoch:[247/1000], 平均loss: 0.0229
26-03-26 03:25:36.354 : epoch:[248/1000], 平均loss: 0.0231
26-03-26 03:28:16.796 : epoch:[249/1000], 平均loss: 0.0230
26-03-26 03:30:58.139 : epoch:[250/1000], 平均loss: 0.0231
26-03-26 03:34:15.484 : [epoch 250 PSNR: 31.5609 Best: 31.5679]
26-03-26 03:36:56.155 : epoch:[251/1000], 平均loss: 0.0231
26-03-26 03:39:36.781 : epoch:[252/1000], 平均loss: 0.0231
26-03-26 03:42:17.808 : epoch:[253/1000], 平均loss: 0.0229
26-03-26 03:44:58.832 : epoch:[254/1000], 平均loss: 0.0229
26-03-26 03:47:39.561 : epoch:[255/1000], 平均loss: 0.0230
26-03-26 03:50:20.620 : epoch:[256/1000], 平均loss: 0.0230
26-03-26 03:53:01.578 : epoch:[257/1000], 平均loss: 0.0228
26-03-26 03:55:42.854 : epoch:[258/1000], 平均loss: 0.0227
26-03-26 03:58:23.696 : epoch:[259/1000], 平均loss: 0.0229
26-03-26 04:01:04.989 : epoch:[260/1000], 平均loss: 0.0229
26-03-26 04:04:22.298 : [epoch 260 PSNR: 31.5656 Best: 31.5679]
26-03-26 04:07:03.270 : epoch:[261/1000], 平均loss: 0.0230
26-03-26 04:09:44.331 : epoch:[262/1000], 平均loss: 0.0230
26-03-26 04:12:25.473 : epoch:[263/1000], 平均loss: 0.0227
26-03-26 04:15:06.566 : epoch:[264/1000], 平均loss: 0.0230
26-03-26 04:17:47.041 : epoch:[265/1000], 平均loss: 0.0228
26-03-26 04:20:27.584 : epoch:[266/1000], 平均loss: 0.0231
26-03-26 04:23:08.227 : epoch:[267/1000], 平均loss: 0.0232
26-03-26 04:25:48.585 : epoch:[268/1000], 平均loss: 0.0230
26-03-26 04:28:28.961 : epoch:[269/1000], 平均loss: 0.0228
26-03-26 04:31:10.102 : epoch:[270/1000], 平均loss: 0.0231
26-03-26 04:34:27.349 : [epoch 270 PSNR: 31.5654 Best: 31.5679]
26-03-26 04:37:08.370 : epoch:[271/1000], 平均loss: 0.0228
26-03-26 04:39:48.697 : epoch:[272/1000], 平均loss: 0.0232
26-03-26 04:42:29.372 : epoch:[273/1000], 平均loss: 0.0230
26-03-26 04:45:10.197 : epoch:[274/1000], 平均loss: 0.0229
26-03-26 04:47:50.924 : epoch:[275/1000], 平均loss: 0.0228
26-03-26 04:50:31.650 : epoch:[276/1000], 平均loss: 0.0231
26-03-26 04:53:12.060 : epoch:[277/1000], 平均loss: 0.0229
26-03-26 04:55:58.122 : epoch:[278/1000], 平均loss: 0.0230
26-03-26 04:58:39.317 : epoch:[279/1000], 平均loss: 0.0230
26-03-26 05:01:20.443 : epoch:[280/1000], 平均loss: 0.0231
26-03-26 05:04:37.862 : [epoch 280 PSNR: 31.5684 Best: 31.5684]
26-03-26 05:07:19.174 : epoch:[281/1000], 平均loss: 0.0228
26-03-26 05:10:00.334 : epoch:[282/1000], 平均loss: 0.0230
26-03-26 05:12:41.880 : epoch:[283/1000], 平均loss: 0.0229
26-03-26 05:15:23.552 : epoch:[284/1000], 平均loss: 0.0232
26-03-26 05:18:04.310 : epoch:[285/1000], 平均loss: 0.0228
26-03-26 05:20:44.985 : epoch:[286/1000], 平均loss: 0.0231
26-03-26 05:23:26.346 : epoch:[287/1000], 平均loss: 0.0229
26-03-26 05:26:06.974 : epoch:[288/1000], 平均loss: 0.0232
26-03-26 05:28:47.648 : epoch:[289/1000], 平均loss: 0.0228
26-03-26 05:31:28.340 : epoch:[290/1000], 平均loss: 0.0231
26-03-26 05:34:45.778 : [epoch 290 PSNR: 31.5700 Best: 31.5700]
26-03-26 05:37:26.223 : epoch:[291/1000], 平均loss: 0.0229
26-03-26 05:40:06.883 : epoch:[292/1000], 平均loss: 0.0230
26-03-26 05:42:47.507 : epoch:[293/1000], 平均loss: 0.0230
26-03-26 05:45:28.285 : epoch:[294/1000], 平均loss: 0.0228
26-03-26 05:48:09.478 : epoch:[295/1000], 平均loss: 0.0230
26-03-26 05:50:50.752 : epoch:[296/1000], 平均loss: 0.0232
26-03-26 05:53:31.847 : epoch:[297/1000], 平均loss: 0.0231
26-03-26 05:56:13.005 : epoch:[298/1000], 平均loss: 0.0230
26-03-26 05:58:54.112 : epoch:[299/1000], 平均loss: 0.0229
26-03-26 06:01:35.256 : epoch:[300/1000], 平均loss: 0.0230
26-03-26 06:04:52.718 : [epoch 300 PSNR: 31.5705 Best: 31.5705]
26-03-26 06:07:33.739 : epoch:[301/1000], 平均loss: 0.0228
26-03-26 06:10:14.615 : epoch:[302/1000], 平均loss: 0.0228
26-03-26 06:12:55.391 : epoch:[303/1000], 平均loss: 0.0230
26-03-26 06:15:36.434 : epoch:[304/1000], 平均loss: 0.0230
26-03-26 06:18:16.943 : epoch:[305/1000], 平均loss: 0.0229
26-03-26 06:20:57.721 : epoch:[306/1000], 平均loss: 0.0229
26-03-26 06:23:38.662 : epoch:[307/1000], 平均loss: 0.0229
26-03-26 06:26:18.986 : epoch:[308/1000], 平均loss: 0.0230
26-03-26 06:28:59.414 : epoch:[309/1000], 平均loss: 0.0228
26-03-26 06:31:39.873 : epoch:[310/1000], 平均loss: 0.0231
26-03-26 06:34:57.482 : [epoch 310 PSNR: 31.5680 Best: 31.5705]
26-03-26 06:37:38.507 : epoch:[311/1000], 平均loss: 0.0230
26-03-26 06:40:19.665 : epoch:[312/1000], 平均loss: 0.0234
26-03-26 06:43:00.140 : epoch:[313/1000], 平均loss: 0.0228
26-03-26 06:45:40.993 : epoch:[314/1000], 平均loss: 0.0232
26-03-26 06:48:22.060 : epoch:[315/1000], 平均loss: 0.0230
26-03-26 06:51:03.036 : epoch:[316/1000], 平均loss: 0.0229
26-03-26 06:53:43.960 : epoch:[317/1000], 平均loss: 0.0230
26-03-26 06:56:25.203 : epoch:[318/1000], 平均loss: 0.0231
26-03-26 06:59:06.196 : epoch:[319/1000], 平均loss: 0.0229
26-03-26 07:01:46.871 : epoch:[320/1000], 平均loss: 0.0230
26-03-26 07:05:04.442 : [epoch 320 PSNR: 31.5713 Best: 31.5713]
26-03-26 07:07:45.787 : epoch:[321/1000], 平均loss: 0.0230
26-03-26 07:10:26.947 : epoch:[322/1000], 平均loss: 0.0229
26-03-26 07:13:08.189 : epoch:[323/1000], 平均loss: 0.0229
26-03-26 07:15:49.682 : epoch:[324/1000], 平均loss: 0.0231
26-03-26 07:18:30.356 : epoch:[325/1000], 平均loss: 0.0230
26-03-26 07:21:11.700 : epoch:[326/1000], 平均loss: 0.0231
26-03-26 07:23:53.011 : epoch:[327/1000], 平均loss: 0.0231
26-03-26 07:26:33.888 : epoch:[328/1000], 平均loss: 0.0228
26-03-26 07:29:15.312 : epoch:[329/1000], 平均loss: 0.0229
26-03-26 07:31:56.255 : epoch:[330/1000], 平均loss: 0.0229
26-03-26 07:35:13.981 : [epoch 330 PSNR: 31.5705 Best: 31.5713]
26-03-26 07:37:54.937 : epoch:[331/1000], 平均loss: 0.0229
26-03-26 07:40:35.696 : epoch:[332/1000], 平均loss: 0.0229
26-03-26 07:43:17.039 : epoch:[333/1000], 平均loss: 0.0232
26-03-26 07:45:58.114 : epoch:[334/1000], 平均loss: 0.0230
26-03-26 07:48:38.690 : epoch:[335/1000], 平均loss: 0.0229
26-03-26 07:51:19.266 : epoch:[336/1000], 平均loss: 0.0229
26-03-26 07:53:59.958 : epoch:[337/1000], 平均loss: 0.0231
26-03-26 07:56:40.634 : epoch:[338/1000], 平均loss: 0.0228
26-03-26 07:59:21.077 : epoch:[339/1000], 平均loss: 0.0230
26-03-26 08:02:02.386 : epoch:[340/1000], 平均loss: 0.0230
26-03-26 08:05:19.814 : [epoch 340 PSNR: 31.5672 Best: 31.5713]
26-03-26 08:08:00.436 : epoch:[341/1000], 平均loss: 0.0232
26-03-26 08:10:41.012 : epoch:[342/1000], 平均loss: 0.0229
26-03-26 08:13:21.539 : epoch:[343/1000], 平均loss: 0.0230
26-03-26 08:16:02.447 : epoch:[344/1000], 平均loss: 0.0229
26-03-26 08:18:43.189 : epoch:[345/1000], 平均loss: 0.0230
26-03-26 08:21:24.232 : epoch:[346/1000], 平均loss: 0.0228
26-03-26 08:24:04.690 : epoch:[347/1000], 平均loss: 0.0228
26-03-26 08:26:45.182 : epoch:[348/1000], 平均loss: 0.0229
26-03-26 08:29:25.759 : epoch:[349/1000], 平均loss: 0.0231
26-03-26 08:32:06.168 : epoch:[350/1000], 平均loss: 0.0232
26-03-26 08:35:23.547 : [epoch 350 PSNR: 31.5698 Best: 31.5713]
26-03-26 08:38:04.218 : epoch:[351/1000], 平均loss: 0.0229
26-03-26 08:40:44.827 : epoch:[352/1000], 平均loss: 0.0230
26-03-26 08:43:25.536 : epoch:[353/1000], 平均loss: 0.0228
26-03-26 08:46:06.864 : epoch:[354/1000], 平均loss: 0.0230
26-03-26 08:48:47.473 : epoch:[355/1000], 平均loss: 0.0229
26-03-26 08:51:28.064 : epoch:[356/1000], 平均loss: 0.0230
26-03-26 08:54:08.591 : epoch:[357/1000], 平均loss: 0.0229
26-03-26 08:56:49.649 : epoch:[358/1000], 平均loss: 0.0231
26-03-26 08:59:30.809 : epoch:[359/1000], 平均loss: 0.0230
26-03-26 09:02:12.107 : epoch:[360/1000], 平均loss: 0.0230
26-03-26 09:05:29.496 : [epoch 360 PSNR: 31.5703 Best: 31.5713]
26-03-26 09:08:10.585 : epoch:[361/1000], 平均loss: 0.0230
26-03-26 09:10:51.795 : epoch:[362/1000], 平均loss: 0.0231
26-03-26 09:13:33.237 : epoch:[363/1000], 平均loss: 0.0229
26-03-26 09:16:14.263 : epoch:[364/1000], 平均loss: 0.0230
26-03-26 09:18:55.456 : epoch:[365/1000], 平均loss: 0.0230
26-03-26 09:21:35.981 : epoch:[366/1000], 平均loss: 0.0230
26-03-26 09:24:16.222 : epoch:[367/1000], 平均loss: 0.0229
26-03-26 09:26:57.084 : epoch:[368/1000], 平均loss: 0.0230
26-03-26 09:29:38.042 : epoch:[369/1000], 平均loss: 0.0230
26-03-26 09:32:18.885 : epoch:[370/1000], 平均loss: 0.0228
26-03-26 09:35:36.261 : [epoch 370 PSNR: 31.5705 Best: 31.5713]
26-03-26 09:38:17.401 : epoch:[371/1000], 平均loss: 0.0229
26-03-26 09:40:58.844 : epoch:[372/1000], 平均loss: 0.0231
26-03-26 09:43:40.169 : epoch:[373/1000], 平均loss: 0.0229
26-03-26 09:46:21.429 : epoch:[374/1000], 平均loss: 0.0228
26-03-26 09:49:02.187 : epoch:[375/1000], 平均loss: 0.0231
26-03-26 09:51:43.179 : epoch:[376/1000], 平均loss: 0.0231
26-03-26 09:54:23.856 : epoch:[377/1000], 平均loss: 0.0231
26-03-26 09:57:04.548 : epoch:[378/1000], 平均loss: 0.0229
26-03-26 09:59:45.492 : epoch:[379/1000], 平均loss: 0.0230
26-03-26 10:02:26.633 : epoch:[380/1000], 平均loss: 0.0229
26-03-26 10:05:44.254 : [epoch 380 PSNR: 31.5713 Best: 31.5713]
26-03-26 10:08:25.117 : epoch:[381/1000], 平均loss: 0.0230
26-03-26 10:11:05.743 : epoch:[382/1000], 平均loss: 0.0231
26-03-26 10:13:46.751 : epoch:[383/1000], 平均loss: 0.0231
26-03-26 10:16:28.012 : epoch:[384/1000], 平均loss: 0.0229
26-03-26 10:19:09.304 : epoch:[385/1000], 平均loss: 0.0229
26-03-26 10:21:50.261 : epoch:[386/1000], 平均loss: 0.0229
26-03-26 10:24:31.238 : epoch:[387/1000], 平均loss: 0.0231
26-03-26 10:27:12.797 : epoch:[388/1000], 平均loss: 0.0230
26-03-26 10:29:54.324 : epoch:[389/1000], 平均loss: 0.0229
26-03-26 10:32:35.199 : epoch:[390/1000], 平均loss: 0.0232
26-03-26 10:35:52.852 : [epoch 390 PSNR: 31.5715 Best: 31.5715]
26-03-26 10:38:33.999 : epoch:[391/1000], 平均loss: 0.0226
26-03-26 10:41:15.159 : epoch:[392/1000], 平均loss: 0.0228
26-03-26 10:43:56.535 : epoch:[393/1000], 平均loss: 0.0230
26-03-26 10:46:37.293 : epoch:[394/1000], 平均loss: 0.0230
26-03-26 10:49:18.588 : epoch:[395/1000], 平均loss: 0.0231
26-03-26 10:51:59.895 : epoch:[396/1000], 平均loss: 0.0230
26-03-26 10:54:41.055 : epoch:[397/1000], 平均loss: 0.0230
26-03-26 10:57:22.347 : epoch:[398/1000], 平均loss: 0.0229
26-03-26 11:00:03.640 : epoch:[399/1000], 平均loss: 0.0229
26-03-26 11:02:44.531 : epoch:[400/1000], 平均loss: 0.0229
26-03-26 11:06:01.975 : [epoch 400 PSNR: 31.5702 Best: 31.5715]
26-03-26 11:08:42.947 : epoch:[401/1000], 平均loss: 0.0229
26-03-26 11:11:23.607 : epoch:[402/1000], 平均loss: 0.0231
26-03-26 11:14:04.400 : epoch:[403/1000], 平均loss: 0.0229
26-03-26 11:16:45.042 : epoch:[404/1000], 平均loss: 0.0229
26-03-26 11:19:26.968 : epoch:[405/1000], 平均loss: 0.0230
26-03-26 11:22:07.595 : epoch:[406/1000], 平均loss: 0.0229
26-03-26 11:24:48.335 : epoch:[407/1000], 平均loss: 0.0231
26-03-26 11:27:29.730 : epoch:[408/1000], 平均loss: 0.0229
26-03-26 11:30:11.022 : epoch:[409/1000], 平均loss: 0.0231
26-03-26 11:32:51.763 : epoch:[410/1000], 平均loss: 0.0230
26-03-26 11:36:09.309 : [epoch 410 PSNR: 31.5699 Best: 31.5715]
26-03-26 11:38:50.313 : epoch:[411/1000], 平均loss: 0.0229
26-03-26 11:41:31.244 : epoch:[412/1000], 平均loss: 0.0230
26-03-26 11:44:12.700 : epoch:[413/1000], 平均loss: 0.0231
26-03-26 11:46:53.991 : epoch:[414/1000], 平均loss: 0.0229
26-03-26 11:49:34.850 : epoch:[415/1000], 平均loss: 0.0229
26-03-26 11:52:15.459 : epoch:[416/1000], 平均loss: 0.0231
26-03-26 11:54:56.086 : epoch:[417/1000], 平均loss: 0.0230
26-03-26 11:57:36.778 : epoch:[418/1000], 平均loss: 0.0229
26-03-26 12:00:17.655 : epoch:[419/1000], 平均loss: 0.0230
26-03-26 12:02:58.863 : epoch:[420/1000], 平均loss: 0.0227
26-03-26 12:06:16.333 : [epoch 420 PSNR: 31.5719 Best: 31.5719]
26-03-26 12:08:57.245 : epoch:[421/1000], 平均loss: 0.0230
26-03-26 12:11:37.871 : epoch:[422/1000], 平均loss: 0.0231
26-03-26 12:14:18.698 : epoch:[423/1000], 平均loss: 0.0231
26-03-26 12:16:59.357 : epoch:[424/1000], 平均loss: 0.0229
26-03-26 12:19:40.183 : epoch:[425/1000], 平均loss: 0.0228
26-03-26 12:22:21.075 : epoch:[426/1000], 平均loss: 0.0230
26-03-26 12:25:02.185 : epoch:[427/1000], 平均loss: 0.0230
26-03-26 12:27:43.545 : epoch:[428/1000], 平均loss: 0.0229
26-03-26 12:30:24.970 : epoch:[429/1000], 平均loss: 0.0229
26-03-26 12:33:06.413 : epoch:[430/1000], 平均loss: 0.0230
26-03-26 12:36:23.700 : [epoch 430 PSNR: 31.5720 Best: 31.5720]
26-03-26 12:39:04.595 : epoch:[431/1000], 平均loss: 0.0231
26-03-26 12:41:45.187 : epoch:[432/1000], 平均loss: 0.0230
26-03-26 12:44:26.048 : epoch:[433/1000], 平均loss: 0.0232
26-03-26 12:47:06.739 : epoch:[434/1000], 平均loss: 0.0229
26-03-26 12:49:47.466 : epoch:[435/1000], 平均loss: 0.0232
26-03-26 12:52:28.292 : epoch:[436/1000], 平均loss: 0.0230
26-03-26 12:55:09.084 : epoch:[437/1000], 平均loss: 0.0230
26-03-26 12:57:49.777 : epoch:[438/1000], 平均loss: 0.0229
26-03-26 13:00:30.736 : epoch:[439/1000], 平均loss: 0.0227
26-03-26 13:03:20.095 : epoch:[440/1000], 平均loss: 0.0229
26-03-26 13:06:39.972 : [epoch 440 PSNR: 31.5698 Best: 31.5720]
26-03-26 13:09:24.718 : epoch:[441/1000], 平均loss: 0.0230
26-03-26 13:12:11.066 : epoch:[442/1000], 平均loss: 0.0232
26-03-26 13:14:55.727 : epoch:[443/1000], 平均loss: 0.0228
26-03-26 13:17:39.147 : epoch:[444/1000], 平均loss: 0.0230
26-03-26 13:20:21.514 : epoch:[445/1000], 平均loss: 0.0228
26-03-26 13:23:02.807 : epoch:[446/1000], 平均loss: 0.0229
26-03-26 13:25:43.398 : epoch:[447/1000], 平均loss: 0.0231
26-03-26 13:28:23.958 : epoch:[448/1000], 平均loss: 0.0231
26-03-26 13:31:04.817 : epoch:[449/1000], 平均loss: 0.0229
26-03-26 13:33:45.526 : epoch:[450/1000], 平均loss: 0.0229
26-03-26 13:37:03.220 : [epoch 450 PSNR: 31.5716 Best: 31.5720]
26-03-26 13:39:43.993 : epoch:[451/1000], 平均loss: 0.0229
26-03-26 13:42:24.653 : epoch:[452/1000], 平均loss: 0.0230
26-03-26 13:45:05.295 : epoch:[453/1000], 平均loss: 0.0229
26-03-26 13:47:46.004 : epoch:[454/1000], 平均loss: 0.0232
26-03-26 13:50:26.845 : epoch:[455/1000], 平均loss: 0.0231
26-03-26 13:53:07.605 : epoch:[456/1000], 平均loss: 0.0230
26-03-26 13:55:48.580 : epoch:[457/1000], 平均loss: 0.0230
26-03-26 13:58:29.408 : epoch:[458/1000], 平均loss: 0.0230
26-03-26 14:01:10.072 : epoch:[459/1000], 平均loss: 0.0232
26-03-26 14:03:51.260 : epoch:[460/1000], 平均loss: 0.0230
26-03-26 14:07:08.758 : [epoch 460 PSNR: 31.5728 Best: 31.5728]
26-03-26 14:09:49.608 : epoch:[461/1000], 平均loss: 0.0231
26-03-26 14:12:30.269 : epoch:[462/1000], 平均loss: 0.0230
26-03-26 14:15:11.176 : epoch:[463/1000], 平均loss: 0.0229
26-03-26 14:17:52.320 : epoch:[464/1000], 平均loss: 0.0229
26-03-26 14:20:33.396 : epoch:[465/1000], 平均loss: 0.0230
26-03-26 14:23:14.372 : epoch:[466/1000], 平均loss: 0.0228
26-03-26 14:25:55.581 : epoch:[467/1000], 平均loss: 0.0229
26-03-26 14:28:36.190 : epoch:[468/1000], 平均loss: 0.0229
26-03-26 14:31:16.782 : epoch:[469/1000], 平均loss: 0.0230
26-03-26 14:33:57.341 : epoch:[470/1000], 平均loss: 0.0228
26-03-26 14:37:14.968 : [epoch 470 PSNR: 31.5721 Best: 31.5728]
26-03-26 14:39:55.525 : epoch:[471/1000], 平均loss: 0.0229
26-03-26 14:42:36.184 : epoch:[472/1000], 平均loss: 0.0232
26-03-26 14:45:16.860 : epoch:[473/1000], 平均loss: 0.0232
26-03-26 14:47:58.020 : epoch:[474/1000], 平均loss: 0.0232
26-03-26 14:50:39.379 : epoch:[475/1000], 平均loss: 0.0230
26-03-26 14:53:20.572 : epoch:[476/1000], 平均loss: 0.0229
26-03-26 14:56:01.948 : epoch:[477/1000], 平均loss: 0.0229
26-03-26 14:58:43.240 : epoch:[478/1000], 平均loss: 0.0231
26-03-26 15:01:24.666 : epoch:[479/1000], 平均loss: 0.0231
26-03-26 15:04:05.157 : epoch:[480/1000], 平均loss: 0.0229
26-03-26 15:07:22.767 : [epoch 480 PSNR: 31.5730 Best: 31.5730]
26-03-26 15:10:03.907 : epoch:[481/1000], 平均loss: 0.0228
26-03-26 15:12:44.550 : epoch:[482/1000], 平均loss: 0.0231
26-03-26 15:15:25.476 : epoch:[483/1000], 平均loss: 0.0230
26-03-26 15:18:05.917 : epoch:[484/1000], 平均loss: 0.0229
26-03-26 15:20:46.611 : epoch:[485/1000], 平均loss: 0.0229
26-03-26 15:23:27.654 : epoch:[486/1000], 平均loss: 0.0231
26-03-26 15:26:08.312 : epoch:[487/1000], 平均loss: 0.0231
26-03-26 15:28:49.457 : epoch:[488/1000], 平均loss: 0.0228
26-03-26 15:31:30.180 : epoch:[489/1000], 平均loss: 0.0230
26-03-26 15:34:11.175 : epoch:[490/1000], 平均loss: 0.0229
26-03-26 15:37:28.469 : [epoch 490 PSNR: 31.5712 Best: 31.5730]
26-03-26 15:40:09.807 : epoch:[491/1000], 平均loss: 0.0230
26-03-26 15:42:50.967 : epoch:[492/1000], 平均loss: 0.0229
26-03-26 15:45:31.575 : epoch:[493/1000], 平均loss: 0.0231
26-03-26 15:48:12.118 : epoch:[494/1000], 平均loss: 0.0230
26-03-26 15:50:52.860 : epoch:[495/1000], 平均loss: 0.0232
26-03-26 15:53:33.202 : epoch:[496/1000], 平均loss: 0.0230
26-03-26 15:56:14.312 : epoch:[497/1000], 平均loss: 0.0230
26-03-26 15:58:55.505 : epoch:[498/1000], 平均loss: 0.0231
26-03-26 16:01:36.714 : epoch:[499/1000], 平均loss: 0.0231
26-03-26 16:04:17.222 : epoch:[500/1000], 平均loss: 0.0230
26-03-26 16:07:34.802 : [epoch 500 PSNR: 31.5713 Best: 31.5730]
26-03-26 16:10:15.773 : epoch:[501/1000], 平均loss: 0.0229
26-03-26 16:12:56.883 : epoch:[502/1000], 平均loss: 0.0231
26-03-26 16:15:38.130 : epoch:[503/1000], 平均loss: 0.0229
26-03-26 16:18:19.568 : epoch:[504/1000], 平均loss: 0.0230
26-03-26 16:21:00.660 : epoch:[505/1000], 平均loss: 0.0229
26-03-26 16:23:41.886 : epoch:[506/1000], 平均loss: 0.0230
26-03-26 16:26:31.280 : epoch:[507/1000], 平均loss: 0.0229
26-03-26 16:29:27.147 : epoch:[508/1000], 平均loss: 0.0228
26-03-26 16:32:25.152 : epoch:[509/1000], 平均loss: 0.0230
26-03-26 16:35:12.116 : epoch:[510/1000], 平均loss: 0.0230
26-03-26 16:38:31.912 : [epoch 510 PSNR: 31.5713 Best: 31.5730]
26-03-26 16:41:21.633 : epoch:[511/1000], 平均loss: 0.0229
26-03-26 16:44:10.091 : epoch:[512/1000], 平均loss: 0.0230
26-03-26 16:46:52.266 : epoch:[513/1000], 平均loss: 0.0229
26-03-26 16:49:34.043 : epoch:[514/1000], 平均loss: 0.0230
26-03-26 16:52:15.868 : epoch:[515/1000], 平均loss: 0.0230
26-03-26 16:54:57.079 : epoch:[516/1000], 平均loss: 0.0229
26-03-26 16:57:38.237 : epoch:[517/1000], 平均loss: 0.0229
26-03-26 17:00:19.627 : epoch:[518/1000], 平均loss: 0.0231
26-03-26 17:03:01.339 : epoch:[519/1000], 平均loss: 0.0228
26-03-26 17:05:42.297 : epoch:[520/1000], 平均loss: 0.0230
26-03-26 17:08:59.876 : [epoch 520 PSNR: 31.5729 Best: 31.5730]
26-03-26 17:11:41.214 : epoch:[521/1000], 平均loss: 0.0231
26-03-26 17:14:22.407 : epoch:[522/1000], 平均loss: 0.0231
26-03-26 17:17:03.865 : epoch:[523/1000], 平均loss: 0.0230
26-03-26 17:19:45.174 : epoch:[524/1000], 平均loss: 0.0227
26-03-26 17:22:27.134 : epoch:[525/1000], 平均loss: 0.0229
26-03-26 17:25:09.326 : epoch:[526/1000], 平均loss: 0.0230
26-03-26 17:27:50.468 : epoch:[527/1000], 平均loss: 0.0228
26-03-26 17:30:31.794 : epoch:[528/1000], 平均loss: 0.0231
26-03-26 17:33:13.039 : epoch:[529/1000], 平均loss: 0.0230
26-03-26 17:35:54.430 : epoch:[530/1000], 平均loss: 0.0231
26-03-26 17:39:12.317 : [epoch 530 PSNR: 31.5732 Best: 31.5732]
26-03-26 17:41:53.373 : epoch:[531/1000], 平均loss: 0.0229
26-03-26 17:44:36.955 : epoch:[532/1000], 平均loss: 0.0229
26-03-26 17:47:18.080 : epoch:[533/1000], 平均loss: 0.0231
26-03-26 17:49:59.223 : epoch:[534/1000], 平均loss: 0.0230
26-03-26 17:52:39.665 : epoch:[535/1000], 平均loss: 0.0229
26-03-26 17:55:20.025 : epoch:[536/1000], 平均loss: 0.0229
26-03-26 17:58:00.467 : epoch:[537/1000], 平均loss: 0.0229
26-03-26 18:00:40.992 : epoch:[538/1000], 平均loss: 0.0231
26-03-26 18:03:22.220 : epoch:[539/1000], 平均loss: 0.0229
26-03-26 18:06:02.645 : epoch:[540/1000], 平均loss: 0.0229
26-03-26 18:09:19.906 : [epoch 540 PSNR: 31.5730 Best: 31.5732]
26-03-26 18:12:00.361 : epoch:[541/1000], 平均loss: 0.0228
26-03-26 18:14:40.986 : epoch:[542/1000], 平均loss: 0.0232
26-03-26 18:17:22.431 : epoch:[543/1000], 平均loss: 0.0229
26-03-26 18:20:03.639 : epoch:[544/1000], 平均loss: 0.0231
26-03-26 18:22:44.282 : epoch:[545/1000], 平均loss: 0.0228
26-03-26 18:25:25.024 : epoch:[546/1000], 平均loss: 0.0227
26-03-26 18:28:06.200 : epoch:[547/1000], 平均loss: 0.0230
26-03-26 18:30:46.775 : epoch:[548/1000], 平均loss: 0.0229
26-03-26 18:33:27.869 : epoch:[549/1000], 平均loss: 0.0231
26-03-26 18:36:09.027 : epoch:[550/1000], 平均loss: 0.0230
26-03-26 18:39:27.172 : [epoch 550 PSNR: 31.5715 Best: 31.5732]
26-03-26 18:42:08.294 : epoch:[551/1000], 平均loss: 0.0230
26-03-26 18:44:49.354 : epoch:[552/1000], 平均loss: 0.0230
26-03-26 18:47:30.495 : epoch:[553/1000], 平均loss: 0.0230
26-03-26 18:50:11.488 : epoch:[554/1000], 平均loss: 0.0229
26-03-26 18:52:52.665 : epoch:[555/1000], 平均loss: 0.0229
26-03-26 18:55:33.790 : epoch:[556/1000], 平均loss: 0.0228
26-03-26 18:58:14.833 : epoch:[557/1000], 平均loss: 0.0232
26-03-26 19:00:56.142 : epoch:[558/1000], 平均loss: 0.0229
26-03-26 19:03:37.402 : epoch:[559/1000], 平均loss: 0.0229
26-03-26 19:06:18.026 : epoch:[560/1000], 平均loss: 0.0229
26-03-26 19:09:35.521 : [epoch 560 PSNR: 31.5728 Best: 31.5732]
26-03-26 19:12:16.242 : epoch:[561/1000], 平均loss: 0.0230
26-03-26 19:15:00.766 : epoch:[562/1000], 平均loss: 0.0228
26-03-26 19:17:43.411 : epoch:[563/1000], 平均loss: 0.0230
26-03-26 19:20:24.954 : epoch:[564/1000], 平均loss: 0.0230
26-03-26 19:23:06.245 : epoch:[565/1000], 平均loss: 0.0233
26-03-26 19:25:46.954 : epoch:[566/1000], 平均loss: 0.0231
26-03-26 19:28:27.748 : epoch:[567/1000], 平均loss: 0.0228
26-03-26 19:31:08.857 : epoch:[568/1000], 平均loss: 0.0229
26-03-26 19:33:49.382 : epoch:[569/1000], 平均loss: 0.0231
26-03-26 19:36:30.377 : epoch:[570/1000], 平均loss: 0.0229
26-03-26 19:39:47.803 : [epoch 570 PSNR: 31.5713 Best: 31.5732]
26-03-26 19:42:29.075 : epoch:[571/1000], 平均loss: 0.0228
26-03-26 19:45:10.351 : epoch:[572/1000], 平均loss: 0.0229
26-03-26 19:47:50.877 : epoch:[573/1000], 平均loss: 0.0230
26-03-26 19:50:31.688 : epoch:[574/1000], 平均loss: 0.0228
26-03-26 19:53:12.812 : epoch:[575/1000], 平均loss: 0.0229
26-03-26 19:55:54.105 : epoch:[576/1000], 平均loss: 0.0231
26-03-26 19:58:35.548 : epoch:[577/1000], 平均loss: 0.0229
26-03-26 20:01:17.157 : epoch:[578/1000], 平均loss: 0.0229
26-03-26 20:03:58.866 : epoch:[579/1000], 平均loss: 0.0230
26-03-26 20:06:39.875 : epoch:[580/1000], 平均loss: 0.0231
26-03-26 20:09:57.570 : [epoch 580 PSNR: 31.5740 Best: 31.5740]
26-03-26 20:12:38.523 : epoch:[581/1000], 平均loss: 0.0230
26-03-26 20:15:19.500 : epoch:[582/1000], 平均loss: 0.0229
26-03-26 20:18:01.994 : epoch:[583/1000], 平均loss: 0.0229
26-03-26 20:20:42.901 : epoch:[584/1000], 平均loss: 0.0230
26-03-26 20:23:24.479 : epoch:[585/1000], 平均loss: 0.0229
26-03-26 20:26:05.821 : epoch:[586/1000], 平均loss: 0.0228
26-03-26 20:28:47.281 : epoch:[587/1000], 平均loss: 0.0230
26-03-26 20:31:28.656 : epoch:[588/1000], 平均loss: 0.0232
26-03-26 20:34:10.200 : epoch:[589/1000], 平均loss: 0.0231
26-03-26 20:36:51.791 : epoch:[590/1000], 平均loss: 0.0229
26-03-26 20:40:08.850 : [epoch 590 PSNR: 31.5729 Best: 31.5740]
26-03-26 20:42:50.125 : epoch:[591/1000], 平均loss: 0.0230
26-03-26 20:45:31.401 : epoch:[592/1000], 平均loss: 0.0230
26-03-26 20:48:11.658 : epoch:[593/1000], 平均loss: 0.0230
26-03-26 20:50:55.918 : epoch:[594/1000], 平均loss: 0.0229
26-03-26 20:53:37.020 : epoch:[595/1000], 平均loss: 0.0231
26-03-26 20:56:18.845 : epoch:[596/1000], 平均loss: 0.0229
26-03-26 20:59:00.913 : epoch:[597/1000], 平均loss: 0.0230
26-03-26 21:01:42.067 : epoch:[598/1000], 平均loss: 0.0230
26-03-26 21:04:23.288 : epoch:[599/1000], 平均loss: 0.0229
26-03-26 21:07:05.323 : epoch:[600/1000], 平均loss: 0.0230
26-03-26 21:10:22.593 : [epoch 600 PSNR: 31.5745 Best: 31.5745]
26-03-26 21:13:04.782 : epoch:[601/1000], 平均loss: 0.0230
26-03-26 21:15:47.166 : epoch:[602/1000], 平均loss: 0.0229
26-03-26 21:18:29.375 : epoch:[603/1000], 平均loss: 0.0231
26-03-26 21:21:11.372 : epoch:[604/1000], 平均loss: 0.0229
26-03-26 21:23:53.659 : epoch:[605/1000], 平均loss: 0.0232
26-03-26 21:26:34.611 : epoch:[606/1000], 平均loss: 0.0227
26-03-26 21:29:17.067 : epoch:[607/1000], 平均loss: 0.0230
26-03-26 21:31:59.092 : epoch:[608/1000], 平均loss: 0.0229
26-03-26 21:34:40.231 : epoch:[609/1000], 平均loss: 0.0230
26-03-26 21:37:21.632 : epoch:[610/1000], 平均loss: 0.0230
26-03-26 21:40:38.698 : [epoch 610 PSNR: 31.5736 Best: 31.5745]
26-03-26 21:43:21.034 : epoch:[611/1000], 平均loss: 0.0230
26-03-26 21:46:03.162 : epoch:[612/1000], 平均loss: 0.0228
26-03-26 21:48:44.190 : epoch:[613/1000], 平均loss: 0.0229
26-03-26 21:51:25.992 : epoch:[614/1000], 平均loss: 0.0229
26-03-26 21:54:07.811 : epoch:[615/1000], 平均loss: 0.0230
26-03-26 21:56:49.860 : epoch:[616/1000], 平均loss: 0.0231
26-03-26 21:59:31.724 : epoch:[617/1000], 平均loss: 0.0227
26-03-26 22:02:13.240 : epoch:[618/1000], 平均loss: 0.0230
26-03-26 22:04:54.350 : epoch:[619/1000], 平均loss: 0.0231
26-03-26 22:07:36.304 : epoch:[620/1000], 平均loss: 0.0227
26-03-26 22:10:53.955 : [epoch 620 PSNR: 31.5761 Best: 31.5761]
26-03-26 22:13:36.206 : epoch:[621/1000], 平均loss: 0.0230
26-03-26 22:16:18.230 : epoch:[622/1000], 平均loss: 0.0231
26-03-26 22:18:59.568 : epoch:[623/1000], 平均loss: 0.0230
26-03-26 22:21:41.697 : epoch:[624/1000], 平均loss: 0.0230
26-03-26 22:24:23.790 : epoch:[625/1000], 平均loss: 0.0230
26-03-26 22:27:04.798 : epoch:[626/1000], 平均loss: 0.0230
26-03-26 22:29:46.083 : epoch:[627/1000], 平均loss: 0.0230
26-03-26 22:32:28.379 : epoch:[628/1000], 平均loss: 0.0228
26-03-26 22:35:10.509 : epoch:[629/1000], 平均loss: 0.0231
26-03-26 22:37:52.324 : epoch:[630/1000], 平均loss: 0.0230
26-03-26 22:41:09.765 : [epoch 630 PSNR: 31.5747 Best: 31.5761]
26-03-26 22:43:52.354 : epoch:[631/1000], 平均loss: 0.0227
26-03-26 22:46:33.707 : epoch:[632/1000], 平均loss: 0.0230
26-03-26 22:49:15.914 : epoch:[633/1000], 平均loss: 0.0227
26-03-26 22:51:57.992 : epoch:[634/1000], 平均loss: 0.0228
26-03-26 22:54:40.077 : epoch:[635/1000], 平均loss: 0.0228
26-03-26 22:57:22.136 : epoch:[636/1000], 平均loss: 0.0230
26-03-26 23:00:04.586 : epoch:[637/1000], 平均loss: 0.0229
26-03-26 23:02:46.795 : epoch:[638/1000], 平均loss: 0.0229
26-03-26 23:05:28.082 : epoch:[639/1000], 平均loss: 0.0232
26-03-26 23:08:09.251 : epoch:[640/1000], 平均loss: 0.0232
26-03-26 23:11:27.289 : [epoch 640 PSNR: 31.5761 Best: 31.5761]
26-03-26 23:14:08.947 : epoch:[641/1000], 平均loss: 0.0230
26-03-26 23:16:51.328 : epoch:[642/1000], 平均loss: 0.0229
26-03-26 23:19:32.464 : epoch:[643/1000], 平均loss: 0.0231
26-03-26 23:22:14.651 : epoch:[644/1000], 平均loss: 0.0230
26-03-26 23:24:56.676 : epoch:[645/1000], 平均loss: 0.0228
26-03-26 23:27:37.959 : epoch:[646/1000], 平均loss: 0.0231
26-03-26 23:30:19.658 : epoch:[647/1000], 平均loss: 0.0230
26-03-26 23:33:01.914 : epoch:[648/1000], 平均loss: 0.0229
26-03-26 23:35:44.173 : epoch:[649/1000], 平均loss: 0.0230
26-03-26 23:38:26.377 : epoch:[650/1000], 平均loss: 0.0230
26-03-26 23:41:44.362 : [epoch 650 PSNR: 31.5743 Best: 31.5761]
26-03-26 23:44:25.635 : epoch:[651/1000], 平均loss: 0.0230
26-03-26 23:47:07.113 : epoch:[652/1000], 平均loss: 0.0229
26-03-26 23:49:48.513 : epoch:[653/1000], 平均loss: 0.0227
26-03-26 23:52:29.987 : epoch:[654/1000], 平均loss: 0.0229
26-03-26 23:55:11.106 : epoch:[655/1000], 平均loss: 0.0229
26-03-26 23:57:52.329 : epoch:[656/1000], 平均loss: 0.0229
26-03-27 00:00:33.660 : epoch:[657/1000], 平均loss: 0.0229
26-03-27 00:03:15.788 : epoch:[658/1000], 平均loss: 0.0231
26-03-27 00:05:57.190 : epoch:[659/1000], 平均loss: 0.0230
26-03-27 00:08:38.540 : epoch:[660/1000], 平均loss: 0.0228
26-03-27 00:11:56.360 : [epoch 660 PSNR: 31.5731 Best: 31.5761]
26-03-27 00:14:37.961 : epoch:[661/1000], 平均loss: 0.0228
26-03-27 00:17:19.176 : epoch:[662/1000], 平均loss: 0.0229
26-03-27 00:20:00.384 : epoch:[663/1000], 平均loss: 0.0229
26-03-27 00:22:42.582 : epoch:[664/1000], 平均loss: 0.0230
26-03-27 00:25:24.511 : epoch:[665/1000], 平均loss: 0.0229
26-03-27 00:28:05.762 : epoch:[666/1000], 平均loss: 0.0229
26-03-27 00:30:47.028 : epoch:[667/1000], 平均loss: 0.0229
26-03-27 00:33:28.419 : epoch:[668/1000], 平均loss: 0.0231
26-03-27 00:36:09.923 : epoch:[669/1000], 平均loss: 0.0230
26-03-27 00:38:51.123 : epoch:[670/1000], 平均loss: 0.0229
26-03-27 00:42:09.077 : [epoch 670 PSNR: 31.5752 Best: 31.5761]
26-03-27 00:44:50.331 : epoch:[671/1000], 平均loss: 0.0229
26-03-27 00:47:32.633 : epoch:[672/1000], 平均loss: 0.0229
26-03-27 00:50:14.524 : epoch:[673/1000], 平均loss: 0.0230
26-03-27 00:52:56.469 : epoch:[674/1000], 平均loss: 0.0228
26-03-27 00:55:38.401 : epoch:[675/1000], 平均loss: 0.0231
26-03-27 00:58:19.519 : epoch:[676/1000], 平均loss: 0.0233
26-03-27 01:01:00.733 : epoch:[677/1000], 平均loss: 0.0229
26-03-27 01:03:42.862 : epoch:[678/1000], 平均loss: 0.0229
26-03-27 01:06:23.870 : epoch:[679/1000], 平均loss: 0.0231
26-03-27 01:09:05.038 : epoch:[680/1000], 平均loss: 0.0231
26-03-27 01:12:22.908 : [epoch 680 PSNR: 31.5755 Best: 31.5761]
26-03-27 01:15:05.141 : epoch:[681/1000], 平均loss: 0.0229
26-03-27 01:17:47.093 : epoch:[682/1000], 平均loss: 0.0231
26-03-27 01:20:29.009 : epoch:[683/1000], 平均loss: 0.0230
26-03-27 01:23:10.407 : epoch:[684/1000], 平均loss: 0.0229
26-03-27 01:25:52.325 : epoch:[685/1000], 平均loss: 0.0231
26-03-27 01:28:34.471 : epoch:[686/1000], 平均loss: 0.0229
26-03-27 01:31:17.225 : epoch:[687/1000], 平均loss: 0.0230
26-03-27 01:33:58.413 : epoch:[688/1000], 平均loss: 0.0229
26-03-27 01:36:39.575 : epoch:[689/1000], 平均loss: 0.0230
26-03-27 01:39:20.665 : epoch:[690/1000], 平均loss: 0.0231
26-03-27 01:42:38.623 : [epoch 690 PSNR: 31.5748 Best: 31.5761]
26-03-27 01:45:20.054 : epoch:[691/1000], 平均loss: 0.0229
26-03-27 01:48:01.370 : epoch:[692/1000], 平均loss: 0.0231
26-03-27 01:50:42.832 : epoch:[693/1000], 平均loss: 0.0229
26-03-27 01:53:24.300 : epoch:[694/1000], 平均loss: 0.0227
26-03-27 01:56:05.554 : epoch:[695/1000], 平均loss: 0.0227
26-03-27 01:58:47.013 : epoch:[696/1000], 平均loss: 0.0230
26-03-27 02:01:28.383 : epoch:[697/1000], 平均loss: 0.0230
26-03-27 02:04:10.471 : epoch:[698/1000], 平均loss: 0.0232
26-03-27 02:06:51.559 : epoch:[699/1000], 平均loss: 0.0228
26-03-27 02:09:32.828 : epoch:[700/1000], 平均loss: 0.0229
26-03-27 02:12:50.714 : [epoch 700 PSNR: 31.5763 Best: 31.5763]
26-03-27 02:15:32.276 : epoch:[701/1000], 平均loss: 0.0229
26-03-27 02:18:13.550 : epoch:[702/1000], 平均loss: 0.0229
26-03-27 02:20:55.505 : epoch:[703/1000], 平均loss: 0.0230
26-03-27 02:23:36.640 : epoch:[704/1000], 平均loss: 0.0231
26-03-27 02:26:18.765 : epoch:[705/1000], 平均loss: 0.0228
26-03-27 02:29:00.733 : epoch:[706/1000], 平均loss: 0.0229
26-03-27 02:31:43.054 : epoch:[707/1000], 平均loss: 0.0230
26-03-27 02:34:24.308 : epoch:[708/1000], 平均loss: 0.0230
26-03-27 02:37:05.558 : epoch:[709/1000], 平均loss: 0.0230
26-03-27 02:39:46.882 : epoch:[710/1000], 平均loss: 0.0230
26-03-27 02:43:05.005 : [epoch 710 PSNR: 31.5770 Best: 31.5770]
26-03-27 02:45:46.717 : epoch:[711/1000], 平均loss: 0.0229
26-03-27 02:48:27.979 : epoch:[712/1000], 平均loss: 0.0230
26-03-27 02:51:09.067 : epoch:[713/1000], 平均loss: 0.0226
26-03-27 02:53:50.173 : epoch:[714/1000], 平均loss: 0.0231
26-03-27 02:56:31.412 : epoch:[715/1000], 平均loss: 0.0230
26-03-27 02:59:12.579 : epoch:[716/1000], 平均loss: 0.0228
26-03-27 03:01:54.022 : epoch:[717/1000], 平均loss: 0.0231
26-03-27 03:04:35.161 : epoch:[718/1000], 平均loss: 0.0228
26-03-27 03:07:17.195 : epoch:[719/1000], 平均loss: 0.0229
26-03-27 03:09:59.291 : epoch:[720/1000], 平均loss: 0.0229
26-03-27 03:13:17.353 : [epoch 720 PSNR: 31.5740 Best: 31.5770]
26-03-27 03:15:59.754 : epoch:[721/1000], 平均loss: 0.0230
26-03-27 03:18:41.088 : epoch:[722/1000], 平均loss: 0.0228
26-03-27 03:21:23.326 : epoch:[723/1000], 平均loss: 0.0230
26-03-27 03:24:05.264 : epoch:[724/1000], 平均loss: 0.0231
26-03-27 03:26:46.488 : epoch:[725/1000], 平均loss: 0.0230
26-03-27 03:29:27.690 : epoch:[726/1000], 平均loss: 0.0230
26-03-27 03:32:09.974 : epoch:[727/1000], 平均loss: 0.0230
26-03-27 03:34:51.160 : epoch:[728/1000], 平均loss: 0.0230
26-03-27 03:37:32.214 : epoch:[729/1000], 平均loss: 0.0233
26-03-27 03:40:13.307 : epoch:[730/1000], 平均loss: 0.0228
26-03-27 03:43:30.870 : [epoch 730 PSNR: 31.5754 Best: 31.5770]
26-03-27 03:46:13.160 : epoch:[731/1000], 平均loss: 0.0230
26-03-27 03:48:54.948 : epoch:[732/1000], 平均loss: 0.0229
26-03-27 03:51:36.895 : epoch:[733/1000], 平均loss: 0.0230
26-03-27 03:54:18.883 : epoch:[734/1000], 平均loss: 0.0229
26-03-27 03:57:00.877 : epoch:[735/1000], 平均loss: 0.0230
26-03-27 03:59:42.948 : epoch:[736/1000], 平均loss: 0.0228
26-03-27 04:02:24.504 : epoch:[737/1000], 平均loss: 0.0228
26-03-27 04:05:05.515 : epoch:[738/1000], 平均loss: 0.0229
26-03-27 04:07:46.658 : epoch:[739/1000], 平均loss: 0.0230
26-03-27 04:10:27.949 : epoch:[740/1000], 平均loss: 0.0231
26-03-27 04:13:46.037 : [epoch 740 PSNR: 31.5747 Best: 31.5770]
26-03-27 04:16:27.260 : epoch:[741/1000], 平均loss: 0.0229
26-03-27 04:19:09.261 : epoch:[742/1000], 平均loss: 0.0229
26-03-27 04:21:50.662 : epoch:[743/1000], 平均loss: 0.0228
26-03-27 04:24:32.014 : epoch:[744/1000], 平均loss: 0.0230
26-03-27 04:27:14.128 : epoch:[745/1000], 平均loss: 0.0228
26-03-27 04:29:55.640 : epoch:[746/1000], 平均loss: 0.0228
26-03-27 04:32:38.071 : epoch:[747/1000], 平均loss: 0.0229
26-03-27 04:35:19.388 : epoch:[748/1000], 平均loss: 0.0230
26-03-27 04:38:00.809 : epoch:[749/1000], 平均loss: 0.0229
26-03-27 04:40:42.157 : epoch:[750/1000], 平均loss: 0.0229
26-03-27 04:43:59.901 : [epoch 750 PSNR: 31.5753 Best: 31.5770]
26-03-27 04:46:42.381 : epoch:[751/1000], 平均loss: 0.0228
26-03-27 04:49:24.414 : epoch:[752/1000], 平均loss: 0.0231
26-03-27 04:52:06.390 : epoch:[753/1000], 平均loss: 0.0230
26-03-27 04:54:48.492 : epoch:[754/1000], 平均loss: 0.0229
26-03-27 04:57:30.775 : epoch:[755/1000], 平均loss: 0.0228
26-03-27 05:00:13.025 : epoch:[756/1000], 平均loss: 0.0229
26-03-27 05:02:55.051 : epoch:[757/1000], 平均loss: 0.0231
26-03-27 05:05:36.417 : epoch:[758/1000], 平均loss: 0.0228
26-03-27 05:08:17.583 : epoch:[759/1000], 平均loss: 0.0229
26-03-27 05:10:58.643 : epoch:[760/1000], 平均loss: 0.0229
26-03-27 05:14:16.646 : [epoch 760 PSNR: 31.5764 Best: 31.5770]
26-03-27 05:16:59.012 : epoch:[761/1000], 平均loss: 0.0228
26-03-27 05:19:40.446 : epoch:[762/1000], 平均loss: 0.0231
26-03-27 05:22:22.423 : epoch:[763/1000], 平均loss: 0.0230
26-03-27 05:25:04.491 : epoch:[764/1000], 平均loss: 0.0228
26-03-27 05:27:45.706 : epoch:[765/1000], 平均loss: 0.0230
26-03-27 05:30:27.103 : epoch:[766/1000], 平均loss: 0.0229
26-03-27 05:33:09.392 : epoch:[767/1000], 平均loss: 0.0229
26-03-27 05:35:51.652 : epoch:[768/1000], 平均loss: 0.0229
26-03-27 05:38:33.710 : epoch:[769/1000], 平均loss: 0.0229
26-03-27 05:41:15.804 : epoch:[770/1000], 平均loss: 0.0229
26-03-27 05:44:33.952 : [epoch 770 PSNR: 31.5763 Best: 31.5770]
26-03-27 05:47:16.252 : epoch:[771/1000], 平均loss: 0.0228
26-03-27 05:49:58.583 : epoch:[772/1000], 平均loss: 0.0228
26-03-27 05:52:40.818 : epoch:[773/1000], 平均loss: 0.0229
26-03-27 05:55:23.059 : epoch:[774/1000], 平均loss: 0.0231
26-03-27 05:58:05.093 : epoch:[775/1000], 平均loss: 0.0229
26-03-27 06:00:47.539 : epoch:[776/1000], 平均loss: 0.0230
26-03-27 06:03:30.031 : epoch:[777/1000], 平均loss: 0.0231
26-03-27 06:06:11.246 : epoch:[778/1000], 平均loss: 0.0228
26-03-27 06:08:52.580 : epoch:[779/1000], 平均loss: 0.0229
26-03-27 06:11:33.979 : epoch:[780/1000], 平均loss: 0.0228
26-03-27 06:14:52.081 : [epoch 780 PSNR: 31.5760 Best: 31.5770]
26-03-27 06:17:34.284 : epoch:[781/1000], 平均loss: 0.0230
26-03-27 06:20:16.378 : epoch:[782/1000], 平均loss: 0.0230
26-03-27 06:22:57.622 : epoch:[783/1000], 平均loss: 0.0229
26-03-27 06:25:38.745 : epoch:[784/1000], 平均loss: 0.0231
26-03-27 06:28:20.706 : epoch:[785/1000], 平均loss: 0.0228
26-03-27 06:31:02.818 : epoch:[786/1000], 平均loss: 0.0232
26-03-27 06:33:43.982 : epoch:[787/1000], 平均loss: 0.0232
26-03-27 06:36:25.134 : epoch:[788/1000], 平均loss: 0.0229
26-03-27 06:39:06.681 : epoch:[789/1000], 平均loss: 0.0230
26-03-27 06:41:47.901 : epoch:[790/1000], 平均loss: 0.0230
26-03-27 06:45:05.844 : [epoch 790 PSNR: 31.5764 Best: 31.5770]
26-03-27 06:47:47.815 : epoch:[791/1000], 平均loss: 0.0228
26-03-27 06:50:29.675 : epoch:[792/1000], 平均loss: 0.0229
26-03-27 06:53:11.885 : epoch:[793/1000], 平均loss: 0.0228
26-03-27 06:55:53.861 : epoch:[794/1000], 平均loss: 0.0228
26-03-27 06:58:35.749 : epoch:[795/1000], 平均loss: 0.0229
26-03-27 07:01:18.228 : epoch:[796/1000], 平均loss: 0.0229
26-03-27 07:03:59.575 : epoch:[797/1000], 平均loss: 0.0232
26-03-27 07:06:41.917 : epoch:[798/1000], 平均loss: 0.0230
26-03-27 07:09:24.204 : epoch:[799/1000], 平均loss: 0.0230
26-03-27 07:12:06.524 : epoch:[800/1000], 平均loss: 0.0229
26-03-27 07:15:24.451 : [epoch 800 PSNR: 31.5763 Best: 31.5770]
26-03-27 07:18:05.943 : epoch:[801/1000], 平均loss: 0.0229
26-03-27 07:20:47.151 : epoch:[802/1000], 平均loss: 0.0230
26-03-27 07:23:29.278 : epoch:[803/1000], 平均loss: 0.0230
26-03-27 07:26:10.583 : epoch:[804/1000], 平均loss: 0.0230
26-03-27 07:28:51.951 : epoch:[805/1000], 平均loss: 0.0229
26-03-27 07:31:33.614 : epoch:[806/1000], 平均loss: 0.0229
26-03-27 07:34:15.853 : epoch:[807/1000], 平均loss: 0.0229
26-03-27 07:36:58.055 : epoch:[808/1000], 平均loss: 0.0229
26-03-27 07:39:40.345 : epoch:[809/1000], 平均loss: 0.0227
26-03-27 07:42:21.780 : epoch:[810/1000], 平均loss: 0.0230
26-03-27 07:45:39.825 : [epoch 810 PSNR: 31.5757 Best: 31.5770]
26-03-27 07:45:39.967 : 总训练时间: 40.79小时
