26-04-25 22:01:16.176 :   task: train
  gpu_ids: [0]
  log_path: ./log
  model_save: ./model_save
  pretained_path:[
    index: False
    path: ./model_save/model_best_mix.pth
  ]
  batch_size: 4
  nc: [16, 1]
  patch_size: [128, 128]
  stride_size: [16, 16]
  atoms: 50
  d_size: 3
  max_epoch: 1000
  stage: 1
  lr: 0.0001
  loss_function_index: 1
  n_channels: 1
  train:[
    dataroot_H: ./dataset/gray_train_all
    H_size: 128
    n_channels: 1
    blur_type: motion_defocus_mix
    motion_kernel_size_list: [3, 5, 7, 9]
    motion_angle_list: [90]
    defocus_radius_list: [0, 1, 2, 3]
  ]
  valid:[
    dataroot_H: ./dataset/gray_test
    n_channels: 1
    blur_type: motion_defocus_mix
    motion_kernel_size_list: [5, 9]
    motion_angle_list: [90]
    defocus_radius_list: [0, 2, 3]
  ]
  opt_path: ./options/train_options.json
  is_train: True
  scale: 1

26-04-25 22:01:16.245 : 训练集大小: 1120
26-04-25 22:01:16.245 : 验证集数量: 1440
26-04-25 22:01:17.235 : Number of parameter: 3.25M
26-04-25 22:01:17.235 : start training...
26-04-25 22:02:12.890 : epoch:[1/1000], 平均loss: 0.1322
26-04-25 22:03:07.719 : epoch:[2/1000], 平均loss: 0.0428
26-04-25 22:04:02.473 : epoch:[3/1000], 平均loss: 0.0333
26-04-25 22:04:57.214 : epoch:[4/1000], 平均loss: 0.0305
26-04-25 22:05:51.981 : epoch:[5/1000], 平均loss: 0.0297
26-04-25 22:06:46.616 : epoch:[6/1000], 平均loss: 0.0295
26-04-25 22:07:41.049 : epoch:[7/1000], 平均loss: 0.0287
26-04-25 22:08:35.620 : epoch:[8/1000], 平均loss: 0.0284
26-04-25 22:09:30.297 : epoch:[9/1000], 平均loss: 0.0284
26-04-25 22:10:24.773 : epoch:[10/1000], 平均loss: 0.0274
26-04-26 01:02:45.117 : [epoch 10 PSNR: 30.0317 Best: 30.0317]
26-04-26 01:03:40.249 : epoch:[11/1000], 平均loss: 0.0277
26-04-26 01:04:35.126 : epoch:[12/1000], 平均loss: 0.0266
26-04-26 01:05:29.936 : epoch:[13/1000], 平均loss: 0.0269
26-04-26 01:06:24.789 : epoch:[14/1000], 平均loss: 0.0264
26-04-26 01:07:19.744 : epoch:[15/1000], 平均loss: 0.0267
26-04-26 01:08:14.592 : epoch:[16/1000], 平均loss: 0.0262
26-04-26 01:09:09.677 : epoch:[17/1000], 平均loss: 0.0258
26-04-26 01:10:04.669 : epoch:[18/1000], 平均loss: 0.0252
26-04-26 01:10:59.724 : epoch:[19/1000], 平均loss: 0.0245
26-04-26 01:11:54.725 : epoch:[20/1000], 平均loss: 0.0247
26-04-26 04:04:13.858 : [epoch 20 PSNR: 30.9857 Best: 30.9857]
26-04-26 04:05:12.270 : epoch:[21/1000], 平均loss: 0.0243
26-04-26 04:06:07.111 : epoch:[22/1000], 平均loss: 0.0248
26-04-26 04:07:01.916 : epoch:[23/1000], 平均loss: 0.0245
26-04-26 04:07:56.947 : epoch:[24/1000], 平均loss: 0.0248
26-04-26 04:08:51.860 : epoch:[25/1000], 平均loss: 0.0239
26-04-26 04:09:46.703 : epoch:[26/1000], 平均loss: 0.0239
26-04-26 04:10:41.640 : epoch:[27/1000], 平均loss: 0.0240
26-04-26 04:11:36.442 : epoch:[28/1000], 平均loss: 0.0239
26-04-26 04:12:31.235 : epoch:[29/1000], 平均loss: 0.0235
26-04-26 04:13:25.900 : epoch:[30/1000], 平均loss: 0.0238
26-04-26 07:05:45.516 : [epoch 30 PSNR: 31.1906 Best: 31.1906]
26-04-26 07:06:43.848 : epoch:[31/1000], 平均loss: 0.0231
26-04-26 07:07:38.682 : epoch:[32/1000], 平均loss: 0.0237
26-04-26 07:08:33.544 : epoch:[33/1000], 平均loss: 0.0231
26-04-26 07:09:28.416 : epoch:[34/1000], 平均loss: 0.0237
26-04-26 07:10:23.478 : epoch:[35/1000], 平均loss: 0.0228
26-04-26 07:11:18.354 : epoch:[36/1000], 平均loss: 0.0228
26-04-26 07:12:13.270 : epoch:[37/1000], 平均loss: 0.0230
26-04-26 07:13:08.122 : epoch:[38/1000], 平均loss: 0.0225
26-04-26 07:14:03.100 : epoch:[39/1000], 平均loss: 0.0225
26-04-26 07:14:58.470 : epoch:[40/1000], 平均loss: 0.0228
26-04-26 10:07:15.334 : [epoch 40 PSNR: 31.6205 Best: 31.6205]
26-04-26 10:08:13.745 : epoch:[41/1000], 平均loss: 0.0228
26-04-26 10:09:08.609 : epoch:[42/1000], 平均loss: 0.0227
26-04-26 10:10:04.303 : epoch:[43/1000], 平均loss: 0.0224
26-04-26 10:10:59.128 : epoch:[44/1000], 平均loss: 0.0221
26-04-26 10:11:53.947 : epoch:[45/1000], 平均loss: 0.0221
26-04-26 10:12:48.916 : epoch:[46/1000], 平均loss: 0.0221
26-04-26 10:13:43.735 : epoch:[47/1000], 平均loss: 0.0219
26-04-26 10:14:38.435 : epoch:[48/1000], 平均loss: 0.0225
26-04-26 10:15:33.315 : epoch:[49/1000], 平均loss: 0.0220
26-04-26 10:16:28.130 : epoch:[50/1000], 平均loss: 0.0219
26-04-26 13:08:49.298 : [epoch 50 PSNR: 31.7615 Best: 31.7615]
26-04-26 13:09:44.332 : epoch:[51/1000], 平均loss: 0.0221
26-04-26 13:10:39.165 : epoch:[52/1000], 平均loss: 0.0226
26-04-26 13:11:34.139 : epoch:[53/1000], 平均loss: 0.0217
26-04-26 13:12:28.986 : epoch:[54/1000], 平均loss: 0.0217
26-04-26 13:13:23.956 : epoch:[55/1000], 平均loss: 0.0218
26-04-26 13:14:19.008 : epoch:[56/1000], 平均loss: 0.0222
26-04-26 13:15:14.033 : epoch:[57/1000], 平均loss: 0.0227
26-04-26 13:16:09.091 : epoch:[58/1000], 平均loss: 0.0215
26-04-26 13:17:04.064 : epoch:[59/1000], 平均loss: 0.0215
26-04-26 13:17:59.030 : epoch:[60/1000], 平均loss: 0.0216
26-04-26 16:10:20.389 : [epoch 60 PSNR: 31.9679 Best: 31.9679]
26-04-26 16:11:19.030 : epoch:[61/1000], 平均loss: 0.0221
26-04-26 16:12:13.971 : epoch:[62/1000], 平均loss: 0.0223
26-04-26 16:13:08.817 : epoch:[63/1000], 平均loss: 0.0216
26-04-26 16:14:03.617 : epoch:[64/1000], 平均loss: 0.0220
26-04-26 16:14:58.547 : epoch:[65/1000], 平均loss: 0.0219
26-04-26 16:15:53.489 : epoch:[66/1000], 平均loss: 0.0218
26-04-26 16:16:48.438 : epoch:[67/1000], 平均loss: 0.0217
26-04-26 16:17:43.459 : epoch:[68/1000], 平均loss: 0.0215
26-04-26 16:18:38.488 : epoch:[69/1000], 平均loss: 0.0217
26-04-26 16:19:33.570 : epoch:[70/1000], 平均loss: 0.0214
26-04-26 19:11:53.628 : [epoch 70 PSNR: 31.8546 Best: 31.9679]
26-04-26 19:12:48.746 : epoch:[71/1000], 平均loss: 0.0215
26-04-26 19:13:43.806 : epoch:[72/1000], 平均loss: 0.0216
26-04-26 19:14:38.714 : epoch:[73/1000], 平均loss: 0.0220
26-04-26 19:15:33.869 : epoch:[74/1000], 平均loss: 0.0221
26-04-26 19:16:28.830 : epoch:[75/1000], 平均loss: 0.0219
26-04-26 19:17:23.823 : epoch:[76/1000], 平均loss: 0.0215
26-04-26 19:18:18.749 : epoch:[77/1000], 平均loss: 0.0212
26-04-26 19:19:13.667 : epoch:[78/1000], 平均loss: 0.0209
26-04-26 19:20:08.614 : epoch:[79/1000], 平均loss: 0.0212
26-04-26 19:21:03.501 : epoch:[80/1000], 平均loss: 0.0218
26-04-26 22:13:46.584 : [epoch 80 PSNR: 31.9511 Best: 31.9679]
26-04-26 22:14:41.562 : epoch:[81/1000], 平均loss: 0.0209
26-04-26 22:15:36.439 : epoch:[82/1000], 平均loss: 0.0215
26-04-26 22:16:31.340 : epoch:[83/1000], 平均loss: 0.0211
26-04-26 22:17:26.370 : epoch:[84/1000], 平均loss: 0.0213
26-04-26 22:18:21.182 : epoch:[85/1000], 平均loss: 0.0213
26-04-26 22:19:15.982 : epoch:[86/1000], 平均loss: 0.0212
26-04-26 22:20:10.820 : epoch:[87/1000], 平均loss: 0.0216
26-04-26 22:21:05.524 : epoch:[88/1000], 平均loss: 0.0215
26-04-26 22:22:00.384 : epoch:[89/1000], 平均loss: 0.0215
26-04-26 22:22:55.194 : epoch:[90/1000], 平均loss: 0.0216
26-04-27 01:34:37.309 : [epoch 90 PSNR: 31.9965 Best: 31.9965]
26-04-27 01:35:32.394 : epoch:[91/1000], 平均loss: 0.0215
26-04-27 01:36:27.241 : epoch:[92/1000], 平均loss: 0.0210
26-04-27 01:37:22.204 : epoch:[93/1000], 平均loss: 0.0210
26-04-27 01:38:17.154 : epoch:[94/1000], 平均loss: 0.0214
26-04-27 01:39:12.027 : epoch:[95/1000], 平均loss: 0.0213
26-04-27 01:40:06.770 : epoch:[96/1000], 平均loss: 0.0214
26-04-27 01:41:01.686 : epoch:[97/1000], 平均loss: 0.0211
26-04-27 01:41:56.520 : epoch:[98/1000], 平均loss: 0.0212
26-04-27 01:42:51.459 : epoch:[99/1000], 平均loss: 0.0214
26-04-27 01:43:46.189 : epoch:[100/1000], 平均loss: 0.0206
26-04-27 04:55:25.959 : [epoch 100 PSNR: 32.0365 Best: 32.0365]
26-04-27 04:56:24.436 : epoch:[101/1000], 平均loss: 0.0213
26-04-27 04:57:19.346 : epoch:[102/1000], 平均loss: 0.0214
26-04-27 04:58:14.170 : epoch:[103/1000], 平均loss: 0.0210
26-04-27 04:59:09.088 : epoch:[104/1000], 平均loss: 0.0210
26-04-27 05:00:03.977 : epoch:[105/1000], 平均loss: 0.0211
26-04-27 05:00:58.697 : epoch:[106/1000], 平均loss: 0.0206
26-04-27 05:01:53.254 : epoch:[107/1000], 平均loss: 0.0207
26-04-27 05:02:48.102 : epoch:[108/1000], 平均loss: 0.0207
26-04-27 05:03:42.878 : epoch:[109/1000], 平均loss: 0.0212
26-04-27 05:04:37.725 : epoch:[110/1000], 平均loss: 0.0209
26-04-27 08:16:15.579 : [epoch 110 PSNR: 32.0949 Best: 32.0949]
26-04-27 08:17:14.558 : epoch:[111/1000], 平均loss: 0.0212
26-04-27 08:18:11.393 : epoch:[112/1000], 平均loss: 0.0209
26-04-27 08:19:07.301 : epoch:[113/1000], 平均loss: 0.0211
26-04-27 08:20:02.607 : epoch:[114/1000], 平均loss: 0.0210
26-04-27 08:20:57.751 : epoch:[115/1000], 平均loss: 0.0208
26-04-27 08:21:52.779 : epoch:[116/1000], 平均loss: 0.0206
26-04-27 08:22:47.930 : epoch:[117/1000], 平均loss: 0.0205
26-04-27 08:23:42.755 : epoch:[118/1000], 平均loss: 0.0208
26-04-27 08:24:37.695 : epoch:[119/1000], 平均loss: 0.0211
26-04-27 08:25:32.465 : epoch:[120/1000], 平均loss: 0.0210
26-04-27 11:37:08.681 : [epoch 120 PSNR: 32.1508 Best: 32.1508]
26-04-27 11:38:03.628 : epoch:[121/1000], 平均loss: 0.0209
26-04-27 11:38:58.571 : epoch:[122/1000], 平均loss: 0.0210
26-04-27 11:39:53.676 : epoch:[123/1000], 平均loss: 0.0210
26-04-27 11:40:48.652 : epoch:[124/1000], 平均loss: 0.0204
26-04-27 11:41:43.688 : epoch:[125/1000], 平均loss: 0.0207
26-04-27 11:42:38.596 : epoch:[126/1000], 平均loss: 0.0208
26-04-27 11:43:33.556 : epoch:[127/1000], 平均loss: 0.0211
26-04-27 11:44:28.499 : epoch:[128/1000], 平均loss: 0.0210
26-04-27 11:45:23.439 : epoch:[129/1000], 平均loss: 0.0208
26-04-27 11:46:18.341 : epoch:[130/1000], 平均loss: 0.0208
26-04-27 14:58:03.736 : [epoch 130 PSNR: 32.0292 Best: 32.1508]
26-04-27 14:59:02.044 : epoch:[131/1000], 平均loss: 0.0211
26-04-27 14:59:56.768 : epoch:[132/1000], 平均loss: 0.0209
26-04-27 15:00:51.566 : epoch:[133/1000], 平均loss: 0.0204
26-04-27 15:01:46.382 : epoch:[134/1000], 平均loss: 0.0209
26-04-27 15:02:41.008 : epoch:[135/1000], 平均loss: 0.0204
26-04-27 15:03:35.667 : epoch:[136/1000], 平均loss: 0.0208
26-04-27 15:04:30.450 : epoch:[137/1000], 平均loss: 0.0209
26-04-27 15:05:25.155 : epoch:[138/1000], 平均loss: 0.0206
26-04-27 15:06:20.150 : epoch:[139/1000], 平均loss: 0.0202
26-04-27 15:07:15.092 : epoch:[140/1000], 平均loss: 0.0205
26-04-27 18:18:57.297 : [epoch 140 PSNR: 32.1642 Best: 32.1642]
26-04-27 18:19:52.568 : epoch:[141/1000], 平均loss: 0.0204
26-04-27 18:20:47.787 : epoch:[142/1000], 平均loss: 0.0206
26-04-27 18:21:42.849 : epoch:[143/1000], 平均loss: 0.0203
26-04-27 18:22:38.211 : epoch:[144/1000], 平均loss: 0.0209
26-04-27 18:23:33.270 : epoch:[145/1000], 平均loss: 0.0205
26-04-27 18:24:28.080 : epoch:[146/1000], 平均loss: 0.0211
26-04-27 18:25:22.949 : epoch:[147/1000], 平均loss: 0.0206
26-04-27 18:26:17.701 : epoch:[148/1000], 平均loss: 0.0208
26-04-27 18:27:12.578 : epoch:[149/1000], 平均loss: 0.0203
26-04-27 18:28:07.295 : epoch:[150/1000], 平均loss: 0.0204
26-04-27 21:39:41.610 : [epoch 150 PSNR: 32.0684 Best: 32.1642]
26-04-27 21:40:40.340 : epoch:[151/1000], 平均loss: 0.0205
26-04-27 21:41:38.135 : epoch:[152/1000], 平均loss: 0.0209
26-04-27 21:42:33.770 : epoch:[153/1000], 平均loss: 0.0206
26-04-27 21:43:30.128 : epoch:[154/1000], 平均loss: 0.0209
26-04-27 21:44:25.183 : epoch:[155/1000], 平均loss: 0.0209
26-04-27 21:45:20.123 : epoch:[156/1000], 平均loss: 0.0211
26-04-27 21:46:15.320 : epoch:[157/1000], 平均loss: 0.0201
26-04-27 21:47:10.446 : epoch:[158/1000], 平均loss: 0.0208
26-04-27 21:48:05.492 : epoch:[159/1000], 平均loss: 0.0208
26-04-27 21:49:00.734 : epoch:[160/1000], 平均loss: 0.0203
26-04-28 00:57:19.913 : [epoch 160 PSNR: 32.1738 Best: 32.1738]
26-04-28 00:58:15.313 : epoch:[161/1000], 平均loss: 0.0203
26-04-28 00:59:10.371 : epoch:[162/1000], 平均loss: 0.0208
26-04-28 01:00:05.528 : epoch:[163/1000], 平均loss: 0.0206
26-04-28 01:01:00.465 : epoch:[164/1000], 平均loss: 0.0203
26-04-28 01:01:55.572 : epoch:[165/1000], 平均loss: 0.0208
26-04-28 01:02:50.481 : epoch:[166/1000], 平均loss: 0.0206
26-04-28 01:03:45.498 : epoch:[167/1000], 平均loss: 0.0200
26-04-28 01:04:40.478 : epoch:[168/1000], 平均loss: 0.0208
26-04-28 01:05:35.486 : epoch:[169/1000], 平均loss: 0.0204
26-04-28 01:06:30.457 : epoch:[170/1000], 平均loss: 0.0206
26-04-28 04:14:45.547 : [epoch 170 PSNR: 32.1488 Best: 32.1738]
26-04-28 04:15:44.227 : epoch:[171/1000], 平均loss: 0.0204
26-04-28 04:16:39.311 : epoch:[172/1000], 平均loss: 0.0206
26-04-28 04:17:34.439 : epoch:[173/1000], 平均loss: 0.0207
26-04-28 04:18:29.542 : epoch:[174/1000], 平均loss: 0.0206
26-04-28 04:19:24.567 : epoch:[175/1000], 平均loss: 0.0205
26-04-28 04:20:19.571 : epoch:[176/1000], 平均loss: 0.0206
26-04-28 04:21:14.686 : epoch:[177/1000], 平均loss: 0.0207
26-04-28 04:22:09.791 : epoch:[178/1000], 平均loss: 0.0207
26-04-28 04:23:04.790 : epoch:[179/1000], 平均loss: 0.0204
26-04-28 04:23:59.834 : epoch:[180/1000], 平均loss: 0.0204
26-04-28 07:32:08.719 : [epoch 180 PSNR: 32.1445 Best: 32.1738]
26-04-28 07:33:07.364 : epoch:[181/1000], 平均loss: 0.0203
26-04-28 07:34:02.437 : epoch:[182/1000], 平均loss: 0.0207
26-04-28 07:34:57.342 : epoch:[183/1000], 平均loss: 0.0203
26-04-28 07:35:52.115 : epoch:[184/1000], 平均loss: 0.0203
26-04-28 07:36:47.100 : epoch:[185/1000], 平均loss: 0.0203
26-04-28 07:37:42.064 : epoch:[186/1000], 平均loss: 0.0203
26-04-28 07:38:36.956 : epoch:[187/1000], 平均loss: 0.0204
26-04-28 07:39:31.989 : epoch:[188/1000], 平均loss: 0.0206
26-04-28 07:40:27.055 : epoch:[189/1000], 平均loss: 0.0201
26-04-28 07:41:22.010 : epoch:[190/1000], 平均loss: 0.0202
26-04-28 10:49:39.170 : [epoch 190 PSNR: 32.1916 Best: 32.1916]
26-04-28 10:50:34.279 : epoch:[191/1000], 平均loss: 0.0203
26-04-28 10:51:29.213 : epoch:[192/1000], 平均loss: 0.0200
26-04-28 10:52:24.126 : epoch:[193/1000], 平均loss: 0.0202
26-04-28 10:53:18.988 : epoch:[194/1000], 平均loss: 0.0202
26-04-28 10:54:14.152 : epoch:[195/1000], 平均loss: 0.0203
26-04-28 10:55:09.301 : epoch:[196/1000], 平均loss: 0.0205
26-04-28 10:56:04.371 : epoch:[197/1000], 平均loss: 0.0208
26-04-28 10:56:59.502 : epoch:[198/1000], 平均loss: 0.0208
26-04-28 10:57:54.350 : epoch:[199/1000], 平均loss: 0.0204
26-04-28 10:58:49.166 : epoch:[200/1000], 平均loss: 0.0207
26-04-28 14:18:02.426 : [epoch 200 PSNR: 32.2051 Best: 32.2051]
26-04-28 14:19:00.738 : epoch:[201/1000], 平均loss: 0.0204
26-04-28 14:19:55.837 : epoch:[202/1000], 平均loss: 0.0202
26-04-28 14:20:50.902 : epoch:[203/1000], 平均loss: 0.0203
26-04-28 14:21:45.746 : epoch:[204/1000], 平均loss: 0.0202
26-04-28 14:22:40.822 : epoch:[205/1000], 平均loss: 0.0202
26-04-28 14:23:35.889 : epoch:[206/1000], 平均loss: 0.0207
26-04-28 14:24:30.912 : epoch:[207/1000], 平均loss: 0.0203
26-04-28 14:25:25.992 : epoch:[208/1000], 平均loss: 0.0204
26-04-28 14:26:20.965 : epoch:[209/1000], 平均loss: 0.0204
26-04-28 14:27:16.004 : epoch:[210/1000], 平均loss: 0.0207
